2026-01-19T13:59:27.7137387Z Current runner version: '2.331.0'
2026-01-19T13:59:27.7171538Z ##[group]Runner Image Provisioner
2026-01-19T13:59:27.7173132Z Hosted Compute Agent
2026-01-19T13:59:27.7173981Z Version: 20251211.462
2026-01-19T13:59:27.7175022Z Commit: 6cbad8c2bb55d58165063d031ccabf57e2d2db61
2026-01-19T13:59:27.7176160Z Build Date: 2025-12-11T16:28:49Z
2026-01-19T13:59:27.7177450Z Worker ID: {2e0d9589-66f3-4dcf-8f67-a620d2ac5ff4}
2026-01-19T13:59:27.7179106Z ##[endgroup]
2026-01-19T13:59:27.7180060Z ##[group]Operating System
2026-01-19T13:59:27.7181096Z Ubuntu
2026-01-19T13:59:27.7181811Z 24.04.3
2026-01-19T13:59:27.7182794Z LTS
2026-01-19T13:59:27.7183503Z ##[endgroup]
2026-01-19T13:59:27.7184394Z ##[group]Runner Image
2026-01-19T13:59:27.7185490Z Image: ubuntu-24.04
2026-01-19T13:59:27.7186339Z Version: 20260111.209.1
2026-01-19T13:59:27.7188361Z Included Software: https://github.com/actions/runner-images/blob/ubuntu24/20260111.209/images/ubuntu/Ubuntu2404-Readme.md
2026-01-19T13:59:27.7191049Z Image Release: https://github.com/actions/runner-images/releases/tag/ubuntu24%2F20260111.209
2026-01-19T13:59:27.7192737Z ##[endgroup]
2026-01-19T13:59:27.7198017Z ##[group]GITHUB_TOKEN Permissions
2026-01-19T13:59:27.7201193Z Actions: write
2026-01-19T13:59:27.7202204Z ArtifactMetadata: write
2026-01-19T13:59:27.7203133Z Attestations: write
2026-01-19T13:59:27.7204138Z Checks: write
2026-01-19T13:59:27.7205138Z Contents: write
2026-01-19T13:59:27.7206045Z Deployments: write
2026-01-19T13:59:27.7207816Z Discussions: write
2026-01-19T13:59:27.7208712Z Issues: write
2026-01-19T13:59:27.7209514Z Metadata: read
2026-01-19T13:59:27.7210221Z Models: read
2026-01-19T13:59:27.7211122Z Packages: write
2026-01-19T13:59:27.7211944Z Pages: write
2026-01-19T13:59:27.7212802Z PullRequests: write
2026-01-19T13:59:27.7213903Z RepositoryProjects: write
2026-01-19T13:59:27.7214766Z SecurityEvents: write
2026-01-19T13:59:27.7215684Z Statuses: write
2026-01-19T13:59:27.7216524Z ##[endgroup]
2026-01-19T13:59:27.7219773Z Secret source: Actions
2026-01-19T13:59:27.7221487Z Prepare workflow directory
2026-01-19T13:59:27.7683706Z Prepare all required actions
2026-01-19T13:59:27.7739818Z Getting action download info
2026-01-19T13:59:28.0995812Z Download action repository 'actions/checkout@v4' (SHA:34e114876b0b11c390a56381ad16ebd13914f8d5)
2026-01-19T13:59:28.2003873Z Download action repository 'actions/setup-python@v5' (SHA:a26af69be951a213d495a4c3e4e4022e16d87065)
2026-01-19T13:59:28.4611677Z Complete job name: Lint
2026-01-19T13:59:28.5323441Z ##[group]Run actions/checkout@v4
2026-01-19T13:59:28.5324279Z with:
2026-01-19T13:59:28.5324725Z   repository: dreamsoft-pro/RAE-agentic-memory
2026-01-19T13:59:28.5325450Z   token: ***
2026-01-19T13:59:28.5325824Z   ssh-strict: true
2026-01-19T13:59:28.5326211Z   ssh-user: git
2026-01-19T13:59:28.5326605Z   persist-credentials: true
2026-01-19T13:59:28.5327265Z   clean: true
2026-01-19T13:59:28.5327659Z   sparse-checkout-cone-mode: true
2026-01-19T13:59:28.5328132Z   fetch-depth: 1
2026-01-19T13:59:28.5328506Z   fetch-tags: false
2026-01-19T13:59:28.5329016Z   show-progress: true
2026-01-19T13:59:28.5329427Z   lfs: false
2026-01-19T13:59:28.5329781Z   submodules: false
2026-01-19T13:59:28.5330178Z   set-safe-directory: true
2026-01-19T13:59:28.5331016Z ##[endgroup]
2026-01-19T13:59:28.6404786Z Syncing repository: dreamsoft-pro/RAE-agentic-memory
2026-01-19T13:59:28.6406933Z ##[group]Getting Git version info
2026-01-19T13:59:28.6407904Z Working directory is '/home/runner/work/RAE-agentic-memory/RAE-agentic-memory'
2026-01-19T13:59:28.6408953Z [command]/usr/bin/git version
2026-01-19T13:59:28.6495740Z git version 2.52.0
2026-01-19T13:59:28.6522477Z ##[endgroup]
2026-01-19T13:59:28.6544033Z Temporarily overriding HOME='/home/runner/work/_temp/a4af6d13-1122-4eff-a2e4-df4c9365aea3' before making global git config changes
2026-01-19T13:59:28.6546388Z Adding repository directory to the temporary git global config as a safe directory
2026-01-19T13:59:28.6551008Z [command]/usr/bin/git config --global --add safe.directory /home/runner/work/RAE-agentic-memory/RAE-agentic-memory
2026-01-19T13:59:28.6592656Z Deleting the contents of '/home/runner/work/RAE-agentic-memory/RAE-agentic-memory'
2026-01-19T13:59:28.6596457Z ##[group]Initializing the repository
2026-01-19T13:59:28.6601506Z [command]/usr/bin/git init /home/runner/work/RAE-agentic-memory/RAE-agentic-memory
2026-01-19T13:59:28.6733385Z hint: Using 'master' as the name for the initial branch. This default branch name
2026-01-19T13:59:28.6734883Z hint: will change to "main" in Git 3.0. To configure the initial branch name
2026-01-19T13:59:28.6735951Z hint: to use in all of your new repositories, which will suppress this warning,
2026-01-19T13:59:28.6737429Z hint: call:
2026-01-19T13:59:28.6737824Z hint:
2026-01-19T13:59:28.6738391Z hint: 	git config --global init.defaultBranch <name>
2026-01-19T13:59:28.6739405Z hint:
2026-01-19T13:59:28.6740388Z hint: Names commonly chosen instead of 'master' are 'main', 'trunk' and
2026-01-19T13:59:28.6742069Z hint: 'development'. The just-created branch can be renamed via this command:
2026-01-19T13:59:28.6743412Z hint:
2026-01-19T13:59:28.6744181Z hint: 	git branch -m <name>
2026-01-19T13:59:28.6744982Z hint:
2026-01-19T13:59:28.6745987Z hint: Disable this message with "git config set advice.defaultBranchName false"
2026-01-19T13:59:28.6748100Z Initialized empty Git repository in /home/runner/work/RAE-agentic-memory/RAE-agentic-memory/.git/
2026-01-19T13:59:28.6751933Z [command]/usr/bin/git remote add origin https://github.com/dreamsoft-pro/RAE-agentic-memory
2026-01-19T13:59:28.6789398Z ##[endgroup]
2026-01-19T13:59:28.6790598Z ##[group]Disabling automatic garbage collection
2026-01-19T13:59:28.6794481Z [command]/usr/bin/git config --local gc.auto 0
2026-01-19T13:59:28.6823280Z ##[endgroup]
2026-01-19T13:59:28.6824477Z ##[group]Setting up auth
2026-01-19T13:59:28.6832227Z [command]/usr/bin/git config --local --name-only --get-regexp core\.sshCommand
2026-01-19T13:59:28.6868055Z [command]/usr/bin/git submodule foreach --recursive sh -c "git config --local --name-only --get-regexp 'core\.sshCommand' && git config --local --unset-all 'core.sshCommand' || :"
2026-01-19T13:59:28.7259553Z [command]/usr/bin/git config --local --name-only --get-regexp http\.https\:\/\/github\.com\/\.extraheader
2026-01-19T13:59:28.7292754Z [command]/usr/bin/git submodule foreach --recursive sh -c "git config --local --name-only --get-regexp 'http\.https\:\/\/github\.com\/\.extraheader' && git config --local --unset-all 'http.https://github.com/.extraheader' || :"
2026-01-19T13:59:28.7543416Z [command]/usr/bin/git config --local --name-only --get-regexp ^includeIf\.gitdir:
2026-01-19T13:59:28.7588442Z [command]/usr/bin/git submodule foreach --recursive git config --local --show-origin --name-only --get-regexp remote.origin.url
2026-01-19T13:59:28.7851683Z [command]/usr/bin/git config --local http.https://github.com/.extraheader AUTHORIZATION: basic ***
2026-01-19T13:59:28.7891932Z ##[endgroup]
2026-01-19T13:59:28.7893119Z ##[group]Fetching the repository
2026-01-19T13:59:28.7904264Z [command]/usr/bin/git -c protocol.version=2 fetch --no-tags --prune --no-recurse-submodules --depth=1 origin +f2131a662578fca461b5e309d99ed3e831bb5051:refs/remotes/origin/develop
2026-01-19T13:59:35.6102483Z From https://github.com/dreamsoft-pro/RAE-agentic-memory
2026-01-19T13:59:35.6104269Z  * [new ref]         f2131a662578fca461b5e309d99ed3e831bb5051 -> origin/develop
2026-01-19T13:59:35.6136346Z ##[endgroup]
2026-01-19T13:59:35.6138050Z ##[group]Determining the checkout info
2026-01-19T13:59:35.6139506Z ##[endgroup]
2026-01-19T13:59:35.6143843Z [command]/usr/bin/git sparse-checkout disable
2026-01-19T13:59:35.6185518Z [command]/usr/bin/git config --local --unset-all extensions.worktreeConfig
2026-01-19T13:59:35.6213196Z ##[group]Checking out the ref
2026-01-19T13:59:35.6216973Z [command]/usr/bin/git checkout --progress --force -B develop refs/remotes/origin/develop
2026-01-19T13:59:36.7705340Z Updating files:  67% (2143/3196)
2026-01-19T13:59:36.7721643Z Updating files:  68% (2174/3196)
2026-01-19T13:59:36.7747725Z Updating files:  69% (2206/3196)
2026-01-19T13:59:36.7784220Z Updating files:  70% (2238/3196)
2026-01-19T13:59:36.7810439Z Updating files:  71% (2270/3196)
2026-01-19T13:59:36.7834231Z Updating files:  72% (2302/3196)
2026-01-19T13:59:36.7861985Z Updating files:  73% (2334/3196)
2026-01-19T13:59:36.7882295Z Updating files:  74% (2366/3196)
2026-01-19T13:59:36.7916211Z Updating files:  75% (2397/3196)
2026-01-19T13:59:36.7943926Z Updating files:  76% (2429/3196)
2026-01-19T13:59:36.7974804Z Updating files:  77% (2461/3196)
2026-01-19T13:59:36.7999817Z Updating files:  78% (2493/3196)
2026-01-19T13:59:36.8032077Z Updating files:  79% (2525/3196)
2026-01-19T13:59:36.8067842Z Updating files:  80% (2557/3196)
2026-01-19T13:59:36.8083610Z Updating files:  81% (2589/3196)
2026-01-19T13:59:36.8105906Z Updating files:  82% (2621/3196)
2026-01-19T13:59:36.8127668Z Updating files:  83% (2653/3196)
2026-01-19T13:59:36.8148506Z Updating files:  84% (2685/3196)
2026-01-19T13:59:36.8166582Z Updating files:  85% (2717/3196)
2026-01-19T13:59:36.8184707Z Updating files:  86% (2749/3196)
2026-01-19T13:59:36.8203757Z Updating files:  87% (2781/3196)
2026-01-19T13:59:36.8220777Z Updating files:  88% (2813/3196)
2026-01-19T13:59:36.8238045Z Updating files:  89% (2845/3196)
2026-01-19T13:59:36.8256673Z Updating files:  90% (2877/3196)
2026-01-19T13:59:36.8273574Z Updating files:  91% (2909/3196)
2026-01-19T13:59:36.8287807Z Updating files:  92% (2941/3196)
2026-01-19T13:59:36.8303183Z Updating files:  93% (2973/3196)
2026-01-19T13:59:36.8319919Z Updating files:  94% (3005/3196)
2026-01-19T13:59:36.8335548Z Updating files:  95% (3037/3196)
2026-01-19T13:59:36.8356021Z Updating files:  96% (3069/3196)
2026-01-19T13:59:36.8376351Z Updating files:  97% (3101/3196)
2026-01-19T13:59:36.8395725Z Updating files:  98% (3133/3196)
2026-01-19T13:59:36.8414254Z Updating files:  99% (3165/3196)
2026-01-19T13:59:36.8414733Z Updating files: 100% (3196/3196)
2026-01-19T13:59:36.8415193Z Updating files: 100% (3196/3196), done.
2026-01-19T13:59:36.8460419Z Switched to a new branch 'develop'
2026-01-19T13:59:36.8463589Z branch 'develop' set up to track 'origin/develop'.
2026-01-19T13:59:36.8512514Z ##[endgroup]
2026-01-19T13:59:36.8551537Z [command]/usr/bin/git log -1 --format=%H
2026-01-19T13:59:36.8573659Z f2131a662578fca461b5e309d99ed3e831bb5051
2026-01-19T13:59:36.8804958Z ##[group]Run actions/setup-python@v5
2026-01-19T13:59:36.8805441Z with:
2026-01-19T13:59:36.8805863Z   python-version: 3.12
2026-01-19T13:59:36.8806237Z   cache: pip
2026-01-19T13:59:36.8806494Z   check-latest: false
2026-01-19T13:59:36.8807019Z   token: ***
2026-01-19T13:59:36.8807251Z   update-environment: true
2026-01-19T13:59:36.8807515Z   allow-prereleases: false
2026-01-19T13:59:36.8807758Z   freethreaded: false
2026-01-19T13:59:36.8807989Z ##[endgroup]
2026-01-19T13:59:37.0523379Z ##[group]Installed versions
2026-01-19T13:59:37.1062790Z Successfully set up CPython (3.12.12)
2026-01-19T13:59:37.1063803Z ##[endgroup]
2026-01-19T13:59:37.5694392Z [command]/opt/hostedtoolcache/Python/3.12.12/x64/bin/pip cache dir
2026-01-19T13:59:38.9365460Z /home/runner/.cache/pip
2026-01-19T13:59:39.0554320Z Cache hit for: setup-python-Linux-x64-24.04-Ubuntu-python-3.12.12-pip-d3737ba3570ba44d406099d3a77a29f673e79800a8a41599ac080e52f6b44861
2026-01-19T13:59:39.4865112Z Received 65508842 of 65508842 (100.0%), 157.4 MBs/sec
2026-01-19T13:59:39.4865940Z Cache Size: ~62 MB (65508842 B)
2026-01-19T13:59:39.4893837Z [command]/usr/bin/tar -xf /home/runner/work/_temp/0b2b4bcd-34d7-437f-9acd-cfa7eb7d8b21/cache.tzst -P -C /home/runner/work/RAE-agentic-memory/RAE-agentic-memory --use-compress-program unzstd
2026-01-19T13:59:39.6292637Z Cache restored successfully
2026-01-19T13:59:39.6423008Z Cache restored from key: setup-python-Linux-x64-24.04-Ubuntu-python-3.12.12-pip-d3737ba3570ba44d406099d3a77a29f673e79800a8a41599ac080e52f6b44861
2026-01-19T13:59:39.6606668Z ##[group]Run python -m pip install --upgrade pip
2026-01-19T13:59:39.6607476Z [36;1mpython -m pip install --upgrade pip[0m
2026-01-19T13:59:39.6608086Z [36;1mpip install -r requirements-dev.txt[0m
2026-01-19T13:59:39.6646076Z shell: /usr/bin/bash -e {0}
2026-01-19T13:59:39.6646361Z env:
2026-01-19T13:59:39.6646638Z   pythonLocation: /opt/hostedtoolcache/Python/3.12.12/x64
2026-01-19T13:59:39.6647235Z   PKG_CONFIG_PATH: /opt/hostedtoolcache/Python/3.12.12/x64/lib/pkgconfig
2026-01-19T13:59:39.6647657Z   Python_ROOT_DIR: /opt/hostedtoolcache/Python/3.12.12/x64
2026-01-19T13:59:39.6648037Z   Python2_ROOT_DIR: /opt/hostedtoolcache/Python/3.12.12/x64
2026-01-19T13:59:39.6648408Z   Python3_ROOT_DIR: /opt/hostedtoolcache/Python/3.12.12/x64
2026-01-19T13:59:39.6648802Z   LD_LIBRARY_PATH: /opt/hostedtoolcache/Python/3.12.12/x64/lib
2026-01-19T13:59:39.6649116Z ##[endgroup]
2026-01-19T13:59:40.9226938Z Requirement already satisfied: pip in /opt/hostedtoolcache/Python/3.12.12/x64/lib/python3.12/site-packages (25.3)
2026-01-19T13:59:41.9986188Z Collecting pytest (from -r requirements-dev.txt (line 2))
2026-01-19T13:59:42.0000360Z   Using cached pytest-9.0.2-py3-none-any.whl.metadata (7.6 kB)
2026-01-19T13:59:42.0244880Z Collecting pytest-asyncio (from -r requirements-dev.txt (line 3))
2026-01-19T13:59:42.0257030Z   Using cached pytest_asyncio-1.3.0-py3-none-any.whl.metadata (4.1 kB)
2026-01-19T13:59:42.0444876Z Collecting pytest-cov (from -r requirements-dev.txt (line 4))
2026-01-19T13:59:42.0456211Z   Using cached pytest_cov-7.0.0-py3-none-any.whl.metadata (31 kB)
2026-01-19T13:59:42.0765693Z Collecting pytest-mock (from -r requirements-dev.txt (line 5))
2026-01-19T13:59:42.1433323Z   Downloading pytest_mock-3.15.1-py3-none-any.whl.metadata (3.9 kB)
2026-01-19T13:59:42.1622238Z Collecting pytest-timeout (from -r requirements-dev.txt (line 6))
2026-01-19T13:59:42.1694643Z   Downloading pytest_timeout-2.4.0-py3-none-any.whl.metadata (20 kB)
2026-01-19T13:59:42.1942960Z Collecting pytest-sugar (from -r requirements-dev.txt (line 7))
2026-01-19T13:59:42.2060740Z   Downloading pytest_sugar-1.1.1-py3-none-any.whl.metadata (5.2 kB)
2026-01-19T13:59:42.2322743Z Collecting pytest-html (from -r requirements-dev.txt (line 8))
2026-01-19T13:59:42.2397004Z   Downloading pytest_html-4.2.0-py3-none-any.whl.metadata (4.0 kB)
2026-01-19T13:59:42.2591256Z Collecting pytest-json-report (from -r requirements-dev.txt (line 9))
2026-01-19T13:59:42.2663759Z   Downloading pytest_json_report-1.5.0-py3-none-any.whl.metadata (15 kB)
2026-01-19T13:59:42.2929689Z Collecting pytest-xdist (from -r requirements-dev.txt (line 10))
2026-01-19T13:59:42.3014465Z   Downloading pytest_xdist-3.8.0-py3-none-any.whl.metadata (3.0 kB)
2026-01-19T13:59:42.3257164Z Collecting pytest-testmon (from -r requirements-dev.txt (line 11))
2026-01-19T13:59:42.3330633Z   Downloading pytest_testmon-2.2.0-py3-none-any.whl.metadata (2.0 kB)
2026-01-19T13:59:42.3473675Z Collecting pytest-picked (from -r requirements-dev.txt (line 12))
2026-01-19T13:59:42.3545050Z   Downloading pytest_picked-0.5.1-py3-none-any.whl.metadata (4.0 kB)
2026-01-19T13:59:42.4215174Z Collecting black (from -r requirements-dev.txt (line 13))
2026-01-19T13:59:42.4228482Z   Using cached black-26.1.0-cp312-cp312-manylinux2014_x86_64.manylinux_2_17_x86_64.manylinux_2_28_x86_64.whl.metadata (88 kB)
2026-01-19T13:59:42.4681364Z Collecting isort (from -r requirements-dev.txt (line 14))
2026-01-19T13:59:42.4752743Z   Downloading isort-7.0.0-py3-none-any.whl.metadata (11 kB)
2026-01-19T13:59:42.8382488Z Collecting ruff (from -r requirements-dev.txt (line 15))
2026-01-19T13:59:42.8396301Z   Using cached ruff-0.14.13-py3-none-manylinux_2_17_x86_64.manylinux2014_x86_64.whl.metadata (26 kB)
2026-01-19T13:59:42.9428620Z Collecting mypy (from -r requirements-dev.txt (line 16))
2026-01-19T13:59:42.9442150Z   Using cached mypy-1.19.1-cp312-cp312-manylinux2014_x86_64.manylinux_2_17_x86_64.manylinux_2_28_x86_64.whl.metadata (2.2 kB)
2026-01-19T13:59:42.9889704Z Collecting pre-commit (from -r requirements-dev.txt (line 17))
2026-01-19T13:59:42.9965115Z   Downloading pre_commit-4.5.1-py2.py3-none-any.whl.metadata (1.2 kB)
2026-01-19T13:59:43.0263745Z Collecting safety (from -r requirements-dev.txt (line 18))
2026-01-19T13:59:43.0335341Z   Downloading safety-3.7.0-py3-none-any.whl.metadata (11 kB)
2026-01-19T13:59:43.0569947Z Collecting bandit (from -r requirements-dev.txt (line 19))
2026-01-19T13:59:43.0643986Z   Downloading bandit-1.9.3-py3-none-any.whl.metadata (7.1 kB)
2026-01-19T13:59:43.1037400Z Collecting types-requests (from -r requirements-dev.txt (line 20))
2026-01-19T13:59:43.1109288Z   Downloading types_requests-2.32.4.20260107-py3-none-any.whl.metadata (2.0 kB)
2026-01-19T13:59:43.1331400Z Collecting types-PyYAML (from -r requirements-dev.txt (line 21))
2026-01-19T13:59:43.1401913Z   Downloading types_pyyaml-6.0.12.20250915-py3-none-any.whl.metadata (1.7 kB)
2026-01-19T13:59:43.1765179Z Collecting types-redis (from -r requirements-dev.txt (line 22))
2026-01-19T13:59:43.1837809Z   Downloading types_redis-4.6.0.20241004-py3-none-any.whl.metadata (2.0 kB)
2026-01-19T13:59:43.2438278Z Collecting types-setuptools (from -r requirements-dev.txt (line 23))
2026-01-19T13:59:43.2510707Z   Downloading types_setuptools-80.9.0.20251223-py3-none-any.whl.metadata (1.9 kB)
2026-01-19T13:59:43.3812423Z Collecting locust (from -r requirements-dev.txt (line 25))
2026-01-19T13:59:43.3885439Z   Downloading locust-2.43.1-py3-none-any.whl.metadata (10 kB)
2026-01-19T13:59:43.4131734Z Collecting pytest-benchmark (from -r requirements-dev.txt (line 27))
2026-01-19T13:59:43.4204333Z   Downloading pytest_benchmark-5.2.3-py3-none-any.whl.metadata (29 kB)
2026-01-19T13:59:43.4755465Z Collecting asyncpg (from -r requirements-dev.txt (line 28))
2026-01-19T13:59:43.4829332Z   Downloading asyncpg-0.31.0-cp312-cp312-manylinux_2_28_x86_64.whl.metadata (4.4 kB)
2026-01-19T13:59:43.5325770Z Collecting watchdog[watchmedo] (from -r requirements-dev.txt (line 24))
2026-01-19T13:59:43.5396948Z   Downloading watchdog-6.0.0-py3-none-manylinux2014_x86_64.whl.metadata (44 kB)
2026-01-19T13:59:43.5641394Z Collecting iniconfig>=1.0.1 (from pytest->-r requirements-dev.txt (line 2))
2026-01-19T13:59:43.5652532Z   Using cached iniconfig-2.3.0-py3-none-any.whl.metadata (2.5 kB)
2026-01-19T13:59:43.5827916Z Collecting packaging>=22 (from pytest->-r requirements-dev.txt (line 2))
2026-01-19T13:59:43.5839036Z   Using cached packaging-25.0-py3-none-any.whl.metadata (3.3 kB)
2026-01-19T13:59:43.5985192Z Collecting pluggy<2,>=1.5 (from pytest->-r requirements-dev.txt (line 2))
2026-01-19T13:59:43.5996661Z   Using cached pluggy-1.6.0-py3-none-any.whl.metadata (4.8 kB)
2026-01-19T13:59:43.6215261Z Collecting pygments>=2.7.2 (from pytest->-r requirements-dev.txt (line 2))
2026-01-19T13:59:43.6226377Z   Using cached pygments-2.19.2-py3-none-any.whl.metadata (2.5 kB)
2026-01-19T13:59:43.6527590Z Collecting typing-extensions>=4.12 (from pytest-asyncio->-r requirements-dev.txt (line 3))
2026-01-19T13:59:43.6538889Z   Using cached typing_extensions-4.15.0-py3-none-any.whl.metadata (3.3 kB)
2026-01-19T13:59:44.0349607Z Collecting coverage>=7.10.6 (from coverage[toml]>=7.10.6->pytest-cov->-r requirements-dev.txt (line 4))
2026-01-19T13:59:44.0361987Z   Using cached coverage-7.13.1-cp312-cp312-manylinux1_x86_64.manylinux_2_28_x86_64.manylinux_2_5_x86_64.whl.metadata (8.5 kB)
2026-01-19T13:59:44.0895580Z Collecting termcolor>=2.1.0 (from pytest-sugar->-r requirements-dev.txt (line 7))
2026-01-19T13:59:44.0966177Z   Downloading termcolor-3.3.0-py3-none-any.whl.metadata (6.5 kB)
2026-01-19T13:59:44.1172386Z Collecting jinja2>=3 (from pytest-html->-r requirements-dev.txt (line 8))
2026-01-19T13:59:44.1241431Z   Downloading jinja2-3.1.6-py3-none-any.whl.metadata (2.9 kB)
2026-01-19T13:59:44.1414840Z Collecting pytest-metadata>=2 (from pytest-html->-r requirements-dev.txt (line 8))
2026-01-19T13:59:44.1487087Z   Downloading pytest_metadata-3.1.1-py3-none-any.whl.metadata (8.6 kB)
2026-01-19T13:59:44.1829196Z Collecting execnet>=2.1 (from pytest-xdist->-r requirements-dev.txt (line 10))
2026-01-19T13:59:44.1906606Z   Downloading execnet-2.1.2-py3-none-any.whl.metadata (2.9 kB)
2026-01-19T13:59:44.2580503Z Collecting click>=8.0.0 (from black->-r requirements-dev.txt (line 13))
2026-01-19T13:59:44.2591721Z   Using cached click-8.3.1-py3-none-any.whl.metadata (2.6 kB)
2026-01-19T13:59:44.2711151Z Collecting mypy-extensions>=0.4.3 (from black->-r requirements-dev.txt (line 13))
2026-01-19T13:59:44.2722465Z   Using cached mypy_extensions-1.1.0-py3-none-any.whl.metadata (1.1 kB)
2026-01-19T13:59:44.2864448Z Collecting pathspec>=1.0.0 (from black->-r requirements-dev.txt (line 13))
2026-01-19T13:59:44.2875537Z   Using cached pathspec-1.0.3-py3-none-any.whl.metadata (13 kB)
2026-01-19T13:59:44.3104334Z Collecting platformdirs>=2 (from black->-r requirements-dev.txt (line 13))
2026-01-19T13:59:44.3116049Z   Using cached platformdirs-4.5.1-py3-none-any.whl.metadata (12 kB)
2026-01-19T13:59:44.3294099Z Collecting pytokens>=0.3.0 (from black->-r requirements-dev.txt (line 13))
2026-01-19T13:59:44.3372729Z   Downloading pytokens-0.4.0-cp312-cp312-manylinux2014_x86_64.manylinux_2_17_x86_64.manylinux_2_28_x86_64.whl.metadata (3.8 kB)
2026-01-19T13:59:44.4387965Z Collecting librt>=0.6.2 (from mypy->-r requirements-dev.txt (line 16))
2026-01-19T13:59:44.4401362Z   Using cached librt-0.7.8-cp312-cp312-manylinux2014_x86_64.manylinux_2_17_x86_64.manylinux_2_28_x86_64.whl.metadata (1.3 kB)
2026-01-19T13:59:44.4557784Z Collecting cfgv>=2.0.0 (from pre-commit->-r requirements-dev.txt (line 17))
2026-01-19T13:59:44.4629366Z   Downloading cfgv-3.5.0-py2.py3-none-any.whl.metadata (8.9 kB)
2026-01-19T13:59:44.5132061Z Collecting identify>=1.0.0 (from pre-commit->-r requirements-dev.txt (line 17))
2026-01-19T13:59:44.5235987Z   Downloading identify-2.6.16-py2.py3-none-any.whl.metadata (4.4 kB)
2026-01-19T13:59:44.5435270Z Collecting nodeenv>=0.11.1 (from pre-commit->-r requirements-dev.txt (line 17))
2026-01-19T13:59:44.5515859Z   Downloading nodeenv-1.10.0-py2.py3-none-any.whl.metadata (24 kB)
2026-01-19T13:59:44.5971159Z Collecting pyyaml>=5.1 (from pre-commit->-r requirements-dev.txt (line 17))
2026-01-19T13:59:44.6046585Z   Downloading pyyaml-6.0.3-cp312-cp312-manylinux2014_x86_64.manylinux_2_17_x86_64.manylinux_2_28_x86_64.whl.metadata (2.4 kB)
2026-01-19T13:59:44.6597542Z Collecting virtualenv>=20.10.0 (from pre-commit->-r requirements-dev.txt (line 17))
2026-01-19T13:59:44.6670560Z   Downloading virtualenv-20.36.1-py3-none-any.whl.metadata (4.7 kB)
2026-01-19T13:59:44.6933837Z Collecting authlib>=1.2.0 (from safety->-r requirements-dev.txt (line 18))
2026-01-19T13:59:44.7007355Z   Downloading authlib-1.6.6-py2.py3-none-any.whl.metadata (9.8 kB)
2026-01-19T13:59:44.7218614Z Collecting dparse>=0.6.4 (from safety->-r requirements-dev.txt (line 18))
2026-01-19T13:59:44.7293711Z   Downloading dparse-0.6.4-py3-none-any.whl.metadata (5.5 kB)
2026-01-19T13:59:44.7555159Z Collecting filelock<4.0,>=3.16.1 (from safety->-r requirements-dev.txt (line 18))
2026-01-19T13:59:44.7625408Z   Downloading filelock-3.20.3-py3-none-any.whl.metadata (2.1 kB)
2026-01-19T13:59:44.7860661Z Collecting httpx (from safety->-r requirements-dev.txt (line 18))
2026-01-19T13:59:44.7872348Z   Using cached httpx-0.28.1-py3-none-any.whl.metadata (7.1 kB)
2026-01-19T13:59:44.8318213Z Collecting marshmallow>=3.15.0 (from safety->-r requirements-dev.txt (line 18))
2026-01-19T13:59:44.8396398Z   Downloading marshmallow-4.2.0-py3-none-any.whl.metadata (7.4 kB)
2026-01-19T13:59:44.8620565Z Collecting nltk>=3.9 (from safety->-r requirements-dev.txt (line 18))
2026-01-19T13:59:44.8694187Z   Downloading nltk-3.9.2-py3-none-any.whl.metadata (3.2 kB)
2026-01-19T13:59:45.0021627Z Collecting pydantic>=2.6.0 (from safety->-r requirements-dev.txt (line 18))
2026-01-19T13:59:45.0035492Z   Using cached pydantic-2.12.5-py3-none-any.whl.metadata (90 kB)
2026-01-19T13:59:45.0362514Z Collecting requests (from safety->-r requirements-dev.txt (line 18))
2026-01-19T13:59:45.0435177Z   Downloading requests-2.32.5-py3-none-any.whl.metadata (4.9 kB)
2026-01-19T13:59:45.2311107Z Collecting ruamel-yaml>=0.17.21 (from safety->-r requirements-dev.txt (line 18))
2026-01-19T13:59:45.2386328Z   Downloading ruamel_yaml-0.19.1-py3-none-any.whl.metadata (16 kB)
2026-01-19T13:59:45.2567084Z Collecting safety-schemas==0.0.16 (from safety->-r requirements-dev.txt (line 18))
2026-01-19T13:59:45.2639871Z   Downloading safety_schemas-0.0.16-py3-none-any.whl.metadata (1.1 kB)
2026-01-19T13:59:45.2913958Z Collecting tenacity>=8.1.0 (from safety->-r requirements-dev.txt (line 18))
2026-01-19T13:59:45.2987231Z   Downloading tenacity-9.1.2-py3-none-any.whl.metadata (1.2 kB)
2026-01-19T13:59:45.3226396Z Collecting tomlkit (from safety->-r requirements-dev.txt (line 18))
2026-01-19T13:59:45.3299186Z   Downloading tomlkit-0.14.0-py3-none-any.whl.metadata (2.8 kB)
2026-01-19T13:59:45.3543997Z Collecting typer>=0.16.0 (from safety->-r requirements-dev.txt (line 18))
2026-01-19T13:59:45.3615619Z   Downloading typer-0.21.1-py3-none-any.whl.metadata (16 kB)
2026-01-19T13:59:45.4035457Z Collecting stevedore>=1.20.0 (from bandit->-r requirements-dev.txt (line 19))
2026-01-19T13:59:45.4108882Z   Downloading stevedore-5.6.0-py3-none-any.whl.metadata (2.3 kB)
2026-01-19T13:59:45.4583137Z Collecting rich (from bandit->-r requirements-dev.txt (line 19))
2026-01-19T13:59:45.4657948Z   Downloading rich-14.2.0-py3-none-any.whl.metadata (18 kB)
2026-01-19T13:59:45.4980617Z Collecting urllib3>=2 (from types-requests->-r requirements-dev.txt (line 20))
2026-01-19T13:59:45.5054509Z   Downloading urllib3-2.6.3-py3-none-any.whl.metadata (6.9 kB)
2026-01-19T13:59:45.5311490Z Collecting types-pyOpenSSL (from types-redis->-r requirements-dev.txt (line 22))
2026-01-19T13:59:45.5387132Z   Downloading types_pyOpenSSL-24.1.0.20240722-py3-none-any.whl.metadata (2.1 kB)
2026-01-19T13:59:45.7272012Z Collecting cryptography>=35.0.0 (from types-redis->-r requirements-dev.txt (line 22))
2026-01-19T13:59:45.7285893Z   Using cached cryptography-46.0.3-cp311-abi3-manylinux_2_34_x86_64.whl.metadata (5.7 kB)
2026-01-19T13:59:45.7545389Z Collecting configargparse>=1.7.1 (from locust->-r requirements-dev.txt (line 25))
2026-01-19T13:59:45.7621779Z   Downloading configargparse-1.7.1-py3-none-any.whl.metadata (24 kB)
2026-01-19T13:59:45.7885271Z Collecting flask-cors>=3.0.10 (from locust->-r requirements-dev.txt (line 25))
2026-01-19T13:59:45.7963145Z   Downloading flask_cors-6.0.2-py3-none-any.whl.metadata (5.3 kB)
2026-01-19T13:59:45.8126438Z Collecting flask-login>=0.6.3 (from locust->-r requirements-dev.txt (line 25))
2026-01-19T13:59:45.8200913Z   Downloading Flask_Login-0.6.3-py3-none-any.whl.metadata (5.8 kB)
2026-01-19T13:59:45.8433159Z Collecting flask>=2.0.0 (from locust->-r requirements-dev.txt (line 25))
2026-01-19T13:59:45.8507049Z   Downloading flask-3.1.2-py3-none-any.whl.metadata (3.2 kB)
2026-01-19T13:59:45.9570654Z Collecting gevent!=25.8.1,<26.0.0,>=24.10.1 (from locust->-r requirements-dev.txt (line 25))
2026-01-19T13:59:45.9645793Z   Downloading gevent-25.9.1-cp312-cp312-manylinux2014_x86_64.manylinux_2_17_x86_64.whl.metadata (14 kB)
2026-01-19T13:59:46.1359531Z Collecting geventhttpclient>=2.3.1 (from locust->-r requirements-dev.txt (line 25))
2026-01-19T13:59:46.1439251Z   Downloading geventhttpclient-2.3.7-cp312-cp312-manylinux1_x86_64.manylinux_2_28_x86_64.manylinux_2_5_x86_64.whl.metadata (8.5 kB)
2026-01-19T13:59:46.2168261Z Collecting msgpack>=1.0.0 (from locust->-r requirements-dev.txt (line 25))
2026-01-19T13:59:46.2244035Z   Downloading msgpack-1.1.2-cp312-cp312-manylinux2014_x86_64.manylinux_2_17_x86_64.manylinux_2_28_x86_64.whl.metadata (8.1 kB)
2026-01-19T13:59:46.3633338Z Collecting psutil>=5.9.1 (from locust->-r requirements-dev.txt (line 25))
2026-01-19T13:59:46.3707555Z   Downloading psutil-7.2.1-cp36-abi3-manylinux2010_x86_64.manylinux_2_12_x86_64.manylinux_2_28_x86_64.whl.metadata (22 kB)
2026-01-19T13:59:46.4268848Z Collecting python-engineio>=4.12.2 (from locust->-r requirements-dev.txt (line 25))
2026-01-19T13:59:46.4342023Z   Downloading python_engineio-4.13.0-py3-none-any.whl.metadata (2.3 kB)
2026-01-19T13:59:46.4609816Z Collecting python-socketio>=5.13.0 (from python-socketio[client]>=5.13.0->locust->-r requirements-dev.txt (line 25))
2026-01-19T13:59:46.4692172Z   Downloading python_socketio-5.16.0-py3-none-any.whl.metadata (3.2 kB)
2026-01-19T13:59:46.7066521Z Collecting pyzmq>=25.0.0 (from locust->-r requirements-dev.txt (line 25))
2026-01-19T13:59:46.7147982Z   Downloading pyzmq-27.1.0-cp312-abi3-manylinux_2_26_x86_64.manylinux_2_28_x86_64.whl.metadata (6.0 kB)
2026-01-19T13:59:46.7519429Z Collecting werkzeug>=2.0.0 (from locust->-r requirements-dev.txt (line 25))
2026-01-19T13:59:46.7594751Z   Downloading werkzeug-3.1.5-py3-none-any.whl.metadata (4.0 kB)
2026-01-19T13:59:46.8859779Z Collecting greenlet>=3.2.2 (from gevent!=25.8.1,<26.0.0,>=24.10.1->locust->-r requirements-dev.txt (line 25))
2026-01-19T13:59:46.8935802Z   Downloading greenlet-3.3.0-cp312-cp312-manylinux_2_24_x86_64.manylinux_2_28_x86_64.whl.metadata (4.1 kB)
2026-01-19T13:59:46.9105077Z Collecting zope.event (from gevent!=25.8.1,<26.0.0,>=24.10.1->locust->-r requirements-dev.txt (line 25))
2026-01-19T13:59:46.9180874Z   Downloading zope_event-6.1-py3-none-any.whl.metadata (5.1 kB)
2026-01-19T13:59:47.0270892Z Collecting zope.interface (from gevent!=25.8.1,<26.0.0,>=24.10.1->locust->-r requirements-dev.txt (line 25))
2026-01-19T13:59:47.0345520Z   Downloading zope_interface-8.2-cp312-cp312-manylinux1_x86_64.manylinux2014_x86_64.manylinux_2_17_x86_64.manylinux_2_5_x86_64.whl.metadata (45 kB)
2026-01-19T13:59:47.0814929Z Collecting py-cpuinfo (from pytest-benchmark->-r requirements-dev.txt (line 27))
2026-01-19T13:59:47.0888045Z   Downloading py_cpuinfo-9.0.0-py3-none-any.whl.metadata (794 bytes)
2026-01-19T13:59:47.2015869Z Collecting cffi>=2.0.0 (from cryptography>=35.0.0->types-redis->-r requirements-dev.txt (line 22))
2026-01-19T13:59:47.2029957Z   Using cached cffi-2.0.0-cp312-cp312-manylinux2014_x86_64.manylinux_2_17_x86_64.whl.metadata (2.6 kB)
2026-01-19T13:59:47.2191794Z Collecting pycparser (from cffi>=2.0.0->cryptography>=35.0.0->types-redis->-r requirements-dev.txt (line 22))
2026-01-19T13:59:47.2203335Z   Using cached pycparser-2.23-py3-none-any.whl.metadata (993 bytes)
2026-01-19T13:59:47.2397189Z Collecting blinker>=1.9.0 (from flask>=2.0.0->locust->-r requirements-dev.txt (line 25))
2026-01-19T13:59:47.2472185Z   Downloading blinker-1.9.0-py3-none-any.whl.metadata (1.6 kB)
2026-01-19T13:59:47.2676623Z Collecting itsdangerous>=2.2.0 (from flask>=2.0.0->locust->-r requirements-dev.txt (line 25))
2026-01-19T13:59:47.2749950Z   Downloading itsdangerous-2.2.0-py3-none-any.whl.metadata (1.9 kB)
2026-01-19T13:59:47.4100242Z Collecting markupsafe>=2.1.1 (from flask>=2.0.0->locust->-r requirements-dev.txt (line 25))
2026-01-19T13:59:47.4181327Z   Downloading markupsafe-3.0.3-cp312-cp312-manylinux2014_x86_64.manylinux_2_17_x86_64.manylinux_2_28_x86_64.whl.metadata (2.7 kB)
2026-01-19T13:59:47.4819621Z Collecting certifi (from geventhttpclient>=2.3.1->locust->-r requirements-dev.txt (line 25))
2026-01-19T13:59:47.4832222Z   Using cached certifi-2026.1.4-py3-none-any.whl.metadata (2.5 kB)
2026-01-19T13:59:47.5177922Z Collecting brotli (from geventhttpclient>=2.3.1->locust->-r requirements-dev.txt (line 25))
2026-01-19T13:59:47.5283414Z   Downloading brotli-1.2.0-cp312-cp312-manylinux2014_x86_64.manylinux_2_17_x86_64.whl.metadata (6.1 kB)
2026-01-19T13:59:47.5770158Z Collecting joblib (from nltk>=3.9->safety->-r requirements-dev.txt (line 18))
2026-01-19T13:59:47.5846973Z   Downloading joblib-1.5.3-py3-none-any.whl.metadata (5.5 kB)
2026-01-19T13:59:47.9334746Z Collecting regex>=2021.8.3 (from nltk>=3.9->safety->-r requirements-dev.txt (line 18))
2026-01-19T13:59:47.9412620Z   Downloading regex-2026.1.15-cp312-cp312-manylinux2014_x86_64.manylinux_2_17_x86_64.manylinux_2_28_x86_64.whl.metadata (40 kB)
2026-01-19T13:59:47.9875893Z Collecting tqdm (from nltk>=3.9->safety->-r requirements-dev.txt (line 18))
2026-01-19T13:59:47.9953993Z   Downloading tqdm-4.67.1-py3-none-any.whl.metadata (57 kB)
2026-01-19T13:59:48.0375940Z Collecting annotated-types>=0.6.0 (from pydantic>=2.6.0->safety->-r requirements-dev.txt (line 18))
2026-01-19T13:59:48.0387446Z   Using cached annotated_types-0.7.0-py3-none-any.whl.metadata (15 kB)
2026-01-19T13:59:48.7686457Z Collecting pydantic-core==2.41.5 (from pydantic>=2.6.0->safety->-r requirements-dev.txt (line 18))
2026-01-19T13:59:48.7700923Z   Using cached pydantic_core-2.41.5-cp312-cp312-manylinux_2_17_x86_64.manylinux2014_x86_64.whl.metadata (7.3 kB)
2026-01-19T13:59:48.7863831Z Collecting typing-inspection>=0.4.2 (from pydantic>=2.6.0->safety->-r requirements-dev.txt (line 18))
2026-01-19T13:59:48.7875855Z   Using cached typing_inspection-0.4.2-py3-none-any.whl.metadata (2.6 kB)
2026-01-19T13:59:48.8139444Z Collecting simple-websocket>=0.10.0 (from python-engineio>=4.12.2->locust->-r requirements-dev.txt (line 25))
2026-01-19T13:59:48.8211443Z   Downloading simple_websocket-1.1.0-py3-none-any.whl.metadata (1.5 kB)
2026-01-19T13:59:48.8413021Z Collecting bidict>=0.21.0 (from python-socketio>=5.13.0->python-socketio[client]>=5.13.0->locust->-r requirements-dev.txt (line 25))
2026-01-19T13:59:48.8485746Z   Downloading bidict-0.23.1-py3-none-any.whl.metadata (8.7 kB)
2026-01-19T13:59:48.8903487Z Collecting websocket-client>=0.54.0 (from python-socketio[client]>=5.13.0->locust->-r requirements-dev.txt (line 25))
2026-01-19T13:59:48.8976011Z   Downloading websocket_client-1.9.0-py3-none-any.whl.metadata (8.3 kB)
2026-01-19T13:59:48.9968070Z Collecting charset_normalizer<4,>=2 (from requests->safety->-r requirements-dev.txt (line 18))
2026-01-19T13:59:49.0047659Z   Downloading charset_normalizer-3.4.4-cp312-cp312-manylinux2014_x86_64.manylinux_2_17_x86_64.manylinux_2_28_x86_64.whl.metadata (37 kB)
2026-01-19T13:59:49.0283287Z Collecting idna<4,>=2.5 (from requests->safety->-r requirements-dev.txt (line 18))
2026-01-19T13:59:49.0295120Z   Using cached idna-3.11-py3-none-any.whl.metadata (8.4 kB)
2026-01-19T13:59:49.0745476Z Collecting wsproto (from simple-websocket>=0.10.0->python-engineio>=4.12.2->locust->-r requirements-dev.txt (line 25))
2026-01-19T13:59:49.0817647Z   Downloading wsproto-1.3.2-py3-none-any.whl.metadata (5.2 kB)
2026-01-19T13:59:49.1147845Z Collecting shellingham>=1.3.0 (from typer>=0.16.0->safety->-r requirements-dev.txt (line 18))
2026-01-19T13:59:49.1219114Z   Downloading shellingham-1.5.4-py2.py3-none-any.whl.metadata (3.5 kB)
2026-01-19T13:59:49.1566162Z Collecting markdown-it-py>=2.2.0 (from rich->bandit->-r requirements-dev.txt (line 19))
2026-01-19T13:59:49.1639791Z   Downloading markdown_it_py-4.0.0-py3-none-any.whl.metadata (7.3 kB)
2026-01-19T13:59:49.1912564Z Collecting mdurl~=0.1 (from markdown-it-py>=2.2.0->rich->bandit->-r requirements-dev.txt (line 19))
2026-01-19T13:59:49.2001966Z   Downloading mdurl-0.1.2-py3-none-any.whl.metadata (1.6 kB)
2026-01-19T13:59:49.2306091Z Collecting distlib<1,>=0.3.7 (from virtualenv>=20.10.0->pre-commit->-r requirements-dev.txt (line 17))
2026-01-19T13:59:49.2378771Z   Downloading distlib-0.4.0-py2.py3-none-any.whl.metadata (5.2 kB)
2026-01-19T13:59:49.2831499Z Collecting anyio (from httpx->safety->-r requirements-dev.txt (line 18))
2026-01-19T13:59:49.2843293Z   Using cached anyio-4.12.1-py3-none-any.whl.metadata (4.3 kB)
2026-01-19T13:59:49.3066397Z Collecting httpcore==1.* (from httpx->safety->-r requirements-dev.txt (line 18))
2026-01-19T13:59:49.3078507Z   Using cached httpcore-1.0.9-py3-none-any.whl.metadata (21 kB)
2026-01-19T13:59:49.3261682Z Collecting h11>=0.16 (from httpcore==1.*->httpx->safety->-r requirements-dev.txt (line 18))
2026-01-19T13:59:49.3274443Z   Using cached h11-0.16.0-py3-none-any.whl.metadata (8.3 kB)
2026-01-19T13:59:49.3730713Z Collecting types-cffi (from types-pyOpenSSL->types-redis->-r requirements-dev.txt (line 22))
2026-01-19T13:59:49.3803201Z   Downloading types_cffi-1.17.0.20250915-py3-none-any.whl.metadata (1.7 kB)
2026-01-19T13:59:49.3998595Z Using cached pytest-9.0.2-py3-none-any.whl (374 kB)
2026-01-19T13:59:49.4012479Z Using cached pluggy-1.6.0-py3-none-any.whl (20 kB)
2026-01-19T13:59:49.4024135Z Using cached pytest_asyncio-1.3.0-py3-none-any.whl (15 kB)
2026-01-19T13:59:49.4035230Z Using cached pytest_cov-7.0.0-py3-none-any.whl (22 kB)
2026-01-19T13:59:49.4110119Z Downloading pytest_mock-3.15.1-py3-none-any.whl (10 kB)
2026-01-19T13:59:49.4199862Z Downloading pytest_timeout-2.4.0-py3-none-any.whl (14 kB)
2026-01-19T13:59:49.4288686Z Downloading pytest_sugar-1.1.1-py3-none-any.whl (11 kB)
2026-01-19T13:59:49.4377332Z Downloading pytest_html-4.2.0-py3-none-any.whl (23 kB)
2026-01-19T13:59:49.4478630Z Downloading pytest_json_report-1.5.0-py3-none-any.whl (13 kB)
2026-01-19T13:59:49.4565605Z Downloading pytest_xdist-3.8.0-py3-none-any.whl (46 kB)
2026-01-19T13:59:49.4709600Z Downloading pytest_testmon-2.2.0-py3-none-any.whl (25 kB)
2026-01-19T13:59:49.4753957Z Using cached coverage-7.13.1-cp312-cp312-manylinux1_x86_64.manylinux_2_28_x86_64.manylinux_2_5_x86_64.whl (253 kB)
2026-01-19T13:59:49.4836048Z Downloading pytest_picked-0.5.1-py3-none-any.whl (6.6 kB)
2026-01-19T13:59:49.4868651Z Using cached black-26.1.0-cp312-cp312-manylinux2014_x86_64.manylinux_2_17_x86_64.manylinux_2_28_x86_64.whl (1.8 MB)
2026-01-19T13:59:49.4955390Z Downloading isort-7.0.0-py3-none-any.whl (94 kB)
2026-01-19T13:59:49.5107278Z Using cached ruff-0.14.13-py3-none-manylinux_2_17_x86_64.manylinux2014_x86_64.whl (13.9 MB)
2026-01-19T13:59:49.5220793Z Using cached mypy-1.19.1-cp312-cp312-manylinux2014_x86_64.manylinux_2_17_x86_64.manylinux_2_28_x86_64.whl (13.6 MB)
2026-01-19T13:59:49.5388967Z Downloading pre_commit-4.5.1-py2.py3-none-any.whl (226 kB)
2026-01-19T13:59:49.5755199Z Downloading safety-3.7.0-py3-none-any.whl (312 kB)
2026-01-19T13:59:49.6085691Z Downloading safety_schemas-0.0.16-py3-none-any.whl (39 kB)
2026-01-19T13:59:49.6188992Z Downloading filelock-3.20.3-py3-none-any.whl (16 kB)
2026-01-19T13:59:49.6294460Z Downloading bandit-1.9.3-py3-none-any.whl (134 kB)
2026-01-19T13:59:49.6461682Z Downloading types_requests-2.32.4.20260107-py3-none-any.whl (20 kB)
2026-01-19T13:59:49.6554076Z Downloading types_pyyaml-6.0.12.20250915-py3-none-any.whl (20 kB)
2026-01-19T13:59:49.6647799Z Downloading types_redis-4.6.0.20241004-py3-none-any.whl (58 kB)
2026-01-19T13:59:49.6760516Z Downloading types_setuptools-80.9.0.20251223-py3-none-any.whl (64 kB)
2026-01-19T13:59:49.6866144Z Downloading watchdog-6.0.0-py3-none-manylinux2014_x86_64.whl (79 kB)
2026-01-19T13:59:49.6998435Z Downloading locust-2.43.1-py3-none-any.whl (1.5 MB)
2026-01-19T13:59:49.7752502Z    ━━━━━━━━━━━━━━━━━━━━━━━━━━━━━━━━━━━━━━━━ 1.5/1.5 MB 21.0 MB/s  0:00:00
2026-01-19T13:59:49.7894488Z Downloading gevent-25.9.1-cp312-cp312-manylinux2014_x86_64.manylinux_2_17_x86_64.whl (2.1 MB)
2026-01-19T13:59:49.8548555Z    ━━━━━━━━━━━━━━━━━━━━━━━━━━━━━━━━━━━━━━━━ 2.1/2.1 MB 33.8 MB/s  0:00:00
2026-01-19T13:59:49.8619831Z Downloading pytest_benchmark-5.2.3-py3-none-any.whl (45 kB)
2026-01-19T13:59:49.8751057Z Downloading asyncpg-0.31.0-cp312-cp312-manylinux_2_28_x86_64.whl (3.5 MB)
2026-01-19T13:59:49.9404606Z    ━━━━━━━━━━━━━━━━━━━━━━━━━━━━━━━━━━━━━━━━ 3.5/3.5 MB 56.5 MB/s  0:00:00
2026-01-19T13:59:49.9477688Z Downloading authlib-1.6.6-py2.py3-none-any.whl (244 kB)
2026-01-19T13:59:49.9588092Z Downloading cfgv-3.5.0-py2.py3-none-any.whl (7.4 kB)
2026-01-19T13:59:49.9619129Z Using cached click-8.3.1-py3-none-any.whl (108 kB)
2026-01-19T13:59:49.9689487Z Downloading configargparse-1.7.1-py3-none-any.whl (25 kB)
2026-01-19T13:59:49.9722533Z Using cached cryptography-46.0.3-cp311-abi3-manylinux_2_34_x86_64.whl (4.5 MB)
2026-01-19T13:59:49.9765980Z Using cached cffi-2.0.0-cp312-cp312-manylinux2014_x86_64.manylinux_2_17_x86_64.whl (219 kB)
2026-01-19T13:59:49.9839440Z Downloading dparse-0.6.4-py3-none-any.whl (11 kB)
2026-01-19T13:59:49.9939990Z Downloading execnet-2.1.2-py3-none-any.whl (40 kB)
2026-01-19T13:59:50.0033210Z Downloading flask-3.1.2-py3-none-any.whl (103 kB)
2026-01-19T13:59:50.0128033Z Downloading blinker-1.9.0-py3-none-any.whl (8.5 kB)
2026-01-19T13:59:50.0218494Z Downloading flask_cors-6.0.2-py3-none-any.whl (13 kB)
2026-01-19T13:59:50.0306104Z Downloading Flask_Login-0.6.3-py3-none-any.whl (17 kB)
2026-01-19T13:59:50.0404660Z Downloading geventhttpclient-2.3.7-cp312-cp312-manylinux1_x86_64.manylinux_2_28_x86_64.manylinux_2_5_x86_64.whl (114 kB)
2026-01-19T13:59:50.0503743Z Downloading greenlet-3.3.0-cp312-cp312-manylinux_2_24_x86_64.manylinux_2_28_x86_64.whl (609 kB)
2026-01-19T13:59:50.0621702Z    ━━━━━━━━━━━━━━━━━━━━━━━━━━━━━━━━━━━━━━━━ 609.9/609.9 kB 42.6 MB/s  0:00:00
2026-01-19T13:59:50.0693253Z Downloading identify-2.6.16-py2.py3-none-any.whl (99 kB)
2026-01-19T13:59:50.0726456Z Using cached iniconfig-2.3.0-py3-none-any.whl (7.5 kB)
2026-01-19T13:59:50.0798592Z Downloading itsdangerous-2.2.0-py3-none-any.whl (16 kB)
2026-01-19T13:59:50.0891393Z Downloading jinja2-3.1.6-py3-none-any.whl (134 kB)
2026-01-19T13:59:50.0932823Z Using cached librt-0.7.8-cp312-cp312-manylinux2014_x86_64.manylinux_2_17_x86_64.manylinux_2_28_x86_64.whl (192 kB)
2026-01-19T13:59:50.1007572Z Downloading markupsafe-3.0.3-cp312-cp312-manylinux2014_x86_64.manylinux_2_17_x86_64.manylinux_2_28_x86_64.whl (22 kB)
2026-01-19T13:59:50.1109580Z Downloading marshmallow-4.2.0-py3-none-any.whl (48 kB)
2026-01-19T13:59:50.1200082Z Downloading msgpack-1.1.2-cp312-cp312-manylinux2014_x86_64.manylinux_2_17_x86_64.manylinux_2_28_x86_64.whl (427 kB)
2026-01-19T13:59:50.1275349Z Using cached mypy_extensions-1.1.0-py3-none-any.whl (5.0 kB)
2026-01-19T13:59:50.1345306Z Downloading nltk-3.9.2-py3-none-any.whl (1.5 MB)
2026-01-19T13:59:50.1568468Z    ━━━━━━━━━━━━━━━━━━━━━━━━━━━━━━━━━━━━━━━━ 1.5/1.5 MB 68.1 MB/s  0:00:00
2026-01-19T13:59:50.1639519Z Downloading nodeenv-1.10.0-py2.py3-none-any.whl (23 kB)
2026-01-19T13:59:50.1670639Z Using cached packaging-25.0-py3-none-any.whl (66 kB)
2026-01-19T13:59:50.1682403Z Using cached pathspec-1.0.3-py3-none-any.whl (55 kB)
2026-01-19T13:59:50.1694099Z Using cached platformdirs-4.5.1-py3-none-any.whl (18 kB)
2026-01-19T13:59:50.1765053Z Downloading psutil-7.2.1-cp36-abi3-manylinux2010_x86_64.manylinux_2_12_x86_64.manylinux_2_28_x86_64.whl (154 kB)
2026-01-19T13:59:50.1801499Z Using cached pydantic-2.12.5-py3-none-any.whl (463 kB)
2026-01-19T13:59:50.1816266Z Using cached pydantic_core-2.41.5-cp312-cp312-manylinux_2_17_x86_64.manylinux2014_x86_64.whl (2.1 MB)
2026-01-19T13:59:50.1842429Z Using cached annotated_types-0.7.0-py3-none-any.whl (13 kB)
2026-01-19T13:59:50.1853769Z Using cached pygments-2.19.2-py3-none-any.whl (1.2 MB)
2026-01-19T13:59:50.1937273Z Downloading pytest_metadata-3.1.1-py3-none-any.whl (11 kB)
2026-01-19T13:59:50.2043339Z Downloading python_engineio-4.13.0-py3-none-any.whl (59 kB)
2026-01-19T13:59:50.2136653Z Downloading python_socketio-5.16.0-py3-none-any.whl (79 kB)
2026-01-19T13:59:50.2232719Z Downloading bidict-0.23.1-py3-none-any.whl (32 kB)
2026-01-19T13:59:50.2339659Z Downloading pytokens-0.4.0-cp312-cp312-manylinux2014_x86_64.manylinux_2_17_x86_64.manylinux_2_28_x86_64.whl (268 kB)
2026-01-19T13:59:50.2448426Z Downloading pyyaml-6.0.3-cp312-cp312-manylinux2014_x86_64.manylinux_2_17_x86_64.manylinux_2_28_x86_64.whl (807 kB)
2026-01-19T13:59:50.2569901Z    ━━━━━━━━━━━━━━━━━━━━━━━━━━━━━━━━━━━━━━━━ 807.9/807.9 kB 62.7 MB/s  0:00:00
2026-01-19T13:59:50.2642537Z Downloading pyzmq-27.1.0-cp312-abi3-manylinux_2_26_x86_64.manylinux_2_28_x86_64.whl (840 kB)
2026-01-19T13:59:50.2760876Z    ━━━━━━━━━━━━━━━━━━━━━━━━━━━━━━━━━━━━━━━━ 841.0/841.0 kB 65.8 MB/s  0:00:00
2026-01-19T13:59:50.2837709Z Downloading regex-2026.1.15-cp312-cp312-manylinux2014_x86_64.manylinux_2_17_x86_64.manylinux_2_28_x86_64.whl (803 kB)
2026-01-19T13:59:50.2951132Z    ━━━━━━━━━━━━━━━━━━━━━━━━━━━━━━━━━━━━━━━━ 803.6/803.6 kB 62.3 MB/s  0:00:00
2026-01-19T13:59:50.3027657Z Downloading requests-2.32.5-py3-none-any.whl (64 kB)
2026-01-19T13:59:50.3129521Z Downloading charset_normalizer-3.4.4-cp312-cp312-manylinux2014_x86_64.manylinux_2_17_x86_64.manylinux_2_28_x86_64.whl (153 kB)
2026-01-19T13:59:50.3165876Z Using cached idna-3.11-py3-none-any.whl (71 kB)
2026-01-19T13:59:50.3238178Z Downloading urllib3-2.6.3-py3-none-any.whl (131 kB)
2026-01-19T13:59:50.3277558Z Using cached certifi-2026.1.4-py3-none-any.whl (152 kB)
2026-01-19T13:59:50.3350012Z Downloading ruamel_yaml-0.19.1-py3-none-any.whl (118 kB)
2026-01-19T13:59:50.3449069Z Downloading simple_websocket-1.1.0-py3-none-any.whl (13 kB)
2026-01-19T13:59:50.3539282Z Downloading stevedore-5.6.0-py3-none-any.whl (54 kB)
2026-01-19T13:59:50.3634687Z Downloading tenacity-9.1.2-py3-none-any.whl (28 kB)
2026-01-19T13:59:50.3727583Z Downloading termcolor-3.3.0-py3-none-any.whl (7.7 kB)
2026-01-19T13:59:50.3818897Z Downloading typer-0.21.1-py3-none-any.whl (47 kB)
2026-01-19T13:59:50.3911232Z Downloading rich-14.2.0-py3-none-any.whl (243 kB)
2026-01-19T13:59:50.4019135Z Downloading markdown_it_py-4.0.0-py3-none-any.whl (87 kB)
2026-01-19T13:59:50.4112866Z Downloading mdurl-0.1.2-py3-none-any.whl (10.0 kB)
2026-01-19T13:59:50.4211105Z Downloading shellingham-1.5.4-py2.py3-none-any.whl (9.8 kB)
2026-01-19T13:59:50.4248079Z Using cached typing_extensions-4.15.0-py3-none-any.whl (44 kB)
2026-01-19T13:59:50.4259316Z Using cached typing_inspection-0.4.2-py3-none-any.whl (14 kB)
2026-01-19T13:59:50.4328636Z Downloading virtualenv-20.36.1-py3-none-any.whl (6.0 MB)
2026-01-19T13:59:50.4861530Z    ━━━━━━━━━━━━━━━━━━━━━━━━━━━━━━━━━━━━━━━━ 6.0/6.0 MB 114.7 MB/s  0:00:00
2026-01-19T13:59:50.4935404Z Downloading distlib-0.4.0-py2.py3-none-any.whl (469 kB)
2026-01-19T13:59:50.5046242Z Downloading websocket_client-1.9.0-py3-none-any.whl (82 kB)
2026-01-19T13:59:50.5144603Z Downloading werkzeug-3.1.5-py3-none-any.whl (225 kB)
2026-01-19T13:59:50.5250254Z Downloading brotli-1.2.0-cp312-cp312-manylinux2014_x86_64.manylinux_2_17_x86_64.whl (1.4 MB)
2026-01-19T13:59:50.5385836Z    ━━━━━━━━━━━━━━━━━━━━━━━━━━━━━━━━━━━━━━━━ 1.4/1.4 MB 112.6 MB/s  0:00:00
2026-01-19T13:59:50.5398082Z Using cached httpx-0.28.1-py3-none-any.whl (73 kB)
2026-01-19T13:59:50.5410104Z Using cached httpcore-1.0.9-py3-none-any.whl (78 kB)
2026-01-19T13:59:50.5422210Z Using cached h11-0.16.0-py3-none-any.whl (37 kB)
2026-01-19T13:59:50.5433931Z Using cached anyio-4.12.1-py3-none-any.whl (113 kB)
2026-01-19T13:59:50.5510618Z Downloading joblib-1.5.3-py3-none-any.whl (309 kB)
2026-01-19T13:59:50.5624915Z Downloading py_cpuinfo-9.0.0-py3-none-any.whl (22 kB)
2026-01-19T13:59:50.5658483Z Using cached pycparser-2.23-py3-none-any.whl (118 kB)
2026-01-19T13:59:50.5733612Z Downloading tomlkit-0.14.0-py3-none-any.whl (39 kB)
2026-01-19T13:59:50.5831962Z Downloading tqdm-4.67.1-py3-none-any.whl (78 kB)
2026-01-19T13:59:50.5932213Z Downloading types_pyOpenSSL-24.1.0.20240722-py3-none-any.whl (7.5 kB)
2026-01-19T13:59:50.6024966Z Downloading types_cffi-1.17.0.20250915-py3-none-any.whl (20 kB)
2026-01-19T13:59:50.6127768Z Downloading wsproto-1.3.2-py3-none-any.whl (24 kB)
2026-01-19T13:59:50.6223508Z Downloading zope_event-6.1-py3-none-any.whl (6.4 kB)
2026-01-19T13:59:50.6324984Z Downloading zope_interface-8.2-cp312-cp312-manylinux1_x86_64.manylinux2014_x86_64.manylinux_2_17_x86_64.manylinux_2_5_x86_64.whl (264 kB)
2026-01-19T13:59:50.9579107Z Installing collected packages: py-cpuinfo, distlib, brotli, zope.interface, zope.event, websocket-client, watchdog, urllib3, typing-extensions, types-setuptools, types-PyYAML, tqdm, tomlkit, termcolor, tenacity, stevedore, shellingham, ruff, ruamel-yaml, regex, pyzmq, pyyaml, pytokens, pygments, pycparser, psutil, pluggy, platformdirs, pathspec, packaging, nodeenv, mypy-extensions, msgpack, mdurl, marshmallow, markupsafe, librt, joblib, itsdangerous, isort, iniconfig, idna, identify, h11, greenlet, filelock, execnet, coverage, configargparse, click, charset_normalizer, cfgv, certifi, blinker, bidict, asyncpg, annotated-types, wsproto, werkzeug, virtualenv, typing-inspection, types-requests, types-cffi, requests, pytest, pydantic-core, nltk, mypy, markdown-it-py, jinja2, httpcore, gevent, dparse, cffi, black, anyio, simple-websocket, rich, pytest-xdist, pytest-timeout, pytest-testmon, pytest-sugar, pytest-picked, pytest-mock, pytest-metadata, pytest-cov, pytest-benchmark, pytest-asyncio, pydantic, pre-commit, httpx, geventhttpclient, flask, cryptography, types-pyOpenSSL, typer, safety-schemas, python-engineio, pytest-json-report, pytest-html, flask-login, flask-cors, bandit, authlib, types-redis, safety, python-socketio, locust
2026-01-19T13:59:59.9254419Z 
2026-01-19T13:59:59.9354641Z Successfully installed annotated-types-0.7.0 anyio-4.12.1 asyncpg-0.31.0 authlib-1.6.6 bandit-1.9.3 bidict-0.23.1 black-26.1.0 blinker-1.9.0 brotli-1.2.0 certifi-2026.1.4 cffi-2.0.0 cfgv-3.5.0 charset_normalizer-3.4.4 click-8.3.1 configargparse-1.7.1 coverage-7.13.1 cryptography-46.0.3 distlib-0.4.0 dparse-0.6.4 execnet-2.1.2 filelock-3.20.3 flask-3.1.2 flask-cors-6.0.2 flask-login-0.6.3 gevent-25.9.1 geventhttpclient-2.3.7 greenlet-3.3.0 h11-0.16.0 httpcore-1.0.9 httpx-0.28.1 identify-2.6.16 idna-3.11 iniconfig-2.3.0 isort-7.0.0 itsdangerous-2.2.0 jinja2-3.1.6 joblib-1.5.3 librt-0.7.8 locust-2.43.1 markdown-it-py-4.0.0 markupsafe-3.0.3 marshmallow-4.2.0 mdurl-0.1.2 msgpack-1.1.2 mypy-1.19.1 mypy-extensions-1.1.0 nltk-3.9.2 nodeenv-1.10.0 packaging-25.0 pathspec-1.0.3 platformdirs-4.5.1 pluggy-1.6.0 pre-commit-4.5.1 psutil-7.2.1 py-cpuinfo-9.0.0 pycparser-2.23 pydantic-2.12.5 pydantic-core-2.41.5 pygments-2.19.2 pytest-9.0.2 pytest-asyncio-1.3.0 pytest-benchmark-5.2.3 pytest-cov-7.0.0 pytest-html-4.2.0 pytest-json-report-1.5.0 pytest-metadata-3.1.1 pytest-mock-3.15.1 pytest-picked-0.5.1 pytest-sugar-1.1.1 pytest-testmon-2.2.0 pytest-timeout-2.4.0 pytest-xdist-3.8.0 python-engineio-4.13.0 python-socketio-5.16.0 pytokens-0.4.0 pyyaml-6.0.3 pyzmq-27.1.0 regex-2026.1.15 requests-2.32.5 rich-14.2.0 ruamel-yaml-0.19.1 ruff-0.14.13 safety-3.7.0 safety-schemas-0.0.16 shellingham-1.5.4 simple-websocket-1.1.0 stevedore-5.6.0 tenacity-9.1.2 termcolor-3.3.0 tomlkit-0.14.0 tqdm-4.67.1 typer-0.21.1 types-PyYAML-6.0.12.20250915 types-cffi-1.17.0.20250915 types-pyOpenSSL-24.1.0.20240722 types-redis-4.6.0.20241004 types-requests-2.32.4.20260107 types-setuptools-80.9.0.20251223 typing-extensions-4.15.0 typing-inspection-0.4.2 urllib3-2.6.3 virtualenv-20.36.1 watchdog-6.0.0 websocket-client-1.9.0 werkzeug-3.1.5 wsproto-1.3.2 zope.event-6.1 zope.interface-8.2
2026-01-19T14:00:00.7990621Z ##[group]Run black --check apps/ sdk/ integrations/
2026-01-19T14:00:00.7991017Z [36;1mblack --check apps/ sdk/ integrations/[0m
2026-01-19T14:00:00.8025187Z shell: /usr/bin/bash -e {0}
2026-01-19T14:00:00.8025438Z env:
2026-01-19T14:00:00.8025689Z   pythonLocation: /opt/hostedtoolcache/Python/3.12.12/x64
2026-01-19T14:00:00.8026114Z   PKG_CONFIG_PATH: /opt/hostedtoolcache/Python/3.12.12/x64/lib/pkgconfig
2026-01-19T14:00:00.8026515Z   Python_ROOT_DIR: /opt/hostedtoolcache/Python/3.12.12/x64
2026-01-19T14:00:00.8027144Z   Python2_ROOT_DIR: /opt/hostedtoolcache/Python/3.12.12/x64
2026-01-19T14:00:00.8027518Z   Python3_ROOT_DIR: /opt/hostedtoolcache/Python/3.12.12/x64
2026-01-19T14:00:00.8027881Z   LD_LIBRARY_PATH: /opt/hostedtoolcache/Python/3.12.12/x64/lib
2026-01-19T14:00:00.8028178Z ##[endgroup]
2026-01-19T14:00:02.7905181Z would reformat /home/runner/work/RAE-agentic-memory/RAE-agentic-memory/apps/memory_api/middleware/rls_context.py
2026-01-19T14:00:03.7038042Z would reformat /home/runner/work/RAE-agentic-memory/RAE-agentic-memory/apps/memory_api/repositories/node_repository.py
2026-01-19T14:00:03.7717190Z would reformat /home/runner/work/RAE-agentic-memory/RAE-agentic-memory/apps/memory_api/repositories/metrics_repository.py
2026-01-19T14:00:05.2311852Z would reformat /home/runner/work/RAE-agentic-memory/RAE-agentic-memory/apps/memory_api/services/compliance_service.py
2026-01-19T14:00:06.5934438Z would reformat /home/runner/work/RAE-agentic-memory/RAE-agentic-memory/apps/memory_api/tests/conftest.py
2026-01-19T14:00:08.9026009Z 
2026-01-19T14:00:08.9026915Z Oh no! 💥 💔 💥
2026-01-19T14:00:08.9027411Z 5 files would be reformatted, 368 files would be left unchanged.
2026-01-19T14:00:08.9303924Z ##[error]Process completed with exit code 1.
2026-01-19T14:00:08.9417566Z Post job cleanup.
2026-01-19T14:00:09.0376520Z [command]/usr/bin/git version
2026-01-19T14:00:09.0413797Z git version 2.52.0
2026-01-19T14:00:09.0459359Z Temporarily overriding HOME='/home/runner/work/_temp/20b78ac9-43a3-4703-8da0-5b3668565102' before making global git config changes
2026-01-19T14:00:09.0460751Z Adding repository directory to the temporary git global config as a safe directory
2026-01-19T14:00:09.0466210Z [command]/usr/bin/git config --global --add safe.directory /home/runner/work/RAE-agentic-memory/RAE-agentic-memory
2026-01-19T14:00:09.0504464Z [command]/usr/bin/git config --local --name-only --get-regexp core\.sshCommand
2026-01-19T14:00:09.0539180Z [command]/usr/bin/git submodule foreach --recursive sh -c "git config --local --name-only --get-regexp 'core\.sshCommand' && git config --local --unset-all 'core.sshCommand' || :"
2026-01-19T14:00:09.0781200Z [command]/usr/bin/git config --local --name-only --get-regexp http\.https\:\/\/github\.com\/\.extraheader
2026-01-19T14:00:09.0804383Z http.https://github.com/.extraheader
2026-01-19T14:00:09.0817708Z [command]/usr/bin/git config --local --unset-all http.https://github.com/.extraheader
2026-01-19T14:00:09.0849936Z [command]/usr/bin/git submodule foreach --recursive sh -c "git config --local --name-only --get-regexp 'http\.https\:\/\/github\.com\/\.extraheader' && git config --local --unset-all 'http.https://github.com/.extraheader' || :"
2026-01-19T14:00:09.1088799Z [command]/usr/bin/git config --local --name-only --get-regexp ^includeIf\.gitdir:
2026-01-19T14:00:09.1123207Z [command]/usr/bin/git submodule foreach --recursive git config --local --show-origin --name-only --get-regexp remote.origin.url
2026-01-19T14:00:09.1483797Z Cleaning up orphan processes
