2025-11-28T17:38:27.8872525Z Current runner version: '2.329.0'
2025-11-28T17:38:27.8896926Z ##[group]Runner Image Provisioner
2025-11-28T17:38:27.8897847Z Hosted Compute Agent
2025-11-28T17:38:27.8898504Z Version: 20251016.436
2025-11-28T17:38:27.8899197Z Commit: 8ab8ac8bfd662a3739dab9fe09456aba92132568
2025-11-28T17:38:27.8899916Z Build Date: 2025-10-15T20:44:12Z
2025-11-28T17:38:27.8900506Z ##[endgroup]
2025-11-28T17:38:27.8901036Z ##[group]Operating System
2025-11-28T17:38:27.8901610Z Ubuntu
2025-11-28T17:38:27.8902051Z 24.04.3
2025-11-28T17:38:27.8902585Z LTS
2025-11-28T17:38:27.8903078Z ##[endgroup]
2025-11-28T17:38:27.8903584Z ##[group]Runner Image
2025-11-28T17:38:27.8904184Z Image: ubuntu-24.04
2025-11-28T17:38:27.8904707Z Version: 20251112.124.1
2025-11-28T17:38:27.8905737Z Included Software: https://github.com/actions/runner-images/blob/ubuntu24/20251112.124/images/ubuntu/Ubuntu2404-Readme.md
2025-11-28T17:38:27.8907826Z Image Release: https://github.com/actions/runner-images/releases/tag/ubuntu24%2F20251112.124
2025-11-28T17:38:27.8908919Z ##[endgroup]
2025-11-28T17:38:27.8911754Z ##[group]GITHUB_TOKEN Permissions
2025-11-28T17:38:27.8913707Z Actions: write
2025-11-28T17:38:27.8914290Z ArtifactMetadata: write
2025-11-28T17:38:27.8914988Z Attestations: write
2025-11-28T17:38:27.8915491Z Checks: write
2025-11-28T17:38:27.8915965Z Contents: write
2025-11-28T17:38:27.8916518Z Deployments: write
2025-11-28T17:38:27.8917053Z Discussions: write
2025-11-28T17:38:27.8917545Z Issues: write
2025-11-28T17:38:27.8918903Z Metadata: read
2025-11-28T17:38:27.8919418Z Models: read
2025-11-28T17:38:27.8919944Z Packages: write
2025-11-28T17:38:27.8920510Z Pages: write
2025-11-28T17:38:27.8921047Z PullRequests: write
2025-11-28T17:38:27.8921635Z RepositoryProjects: write
2025-11-28T17:38:27.8922377Z SecurityEvents: write
2025-11-28T17:38:27.8922902Z Statuses: write
2025-11-28T17:38:27.8923401Z ##[endgroup]
2025-11-28T17:38:27.8925591Z Secret source: Actions
2025-11-28T17:38:27.8926258Z Prepare workflow directory
2025-11-28T17:38:27.9249924Z Prepare all required actions
2025-11-28T17:38:27.9288176Z Getting action download info
2025-11-28T17:38:28.2210932Z Download action repository 'actions/checkout@v4' (SHA:34e114876b0b11c390a56381ad16ebd13914f8d5)
2025-11-28T17:38:28.5076851Z Download action repository 'docker/setup-buildx-action@v3' (SHA:e468171a9de216ec08956ac3ada2f0791b6bd435)
2025-11-28T17:38:28.8358909Z Download action repository 'docker/build-push-action@v5' (SHA:ca052bb54ab0790a636c9b5f226502c73d547a25)
2025-11-28T17:38:29.2431317Z Complete job name: Docker Build
2025-11-28T17:38:29.3211278Z ##[group]Run actions/checkout@v4
2025-11-28T17:38:29.3212594Z with:
2025-11-28T17:38:29.3213490Z   repository: dreamsoft-pro/RAE-agentic-memory
2025-11-28T17:38:29.3214891Z   token: ***
2025-11-28T17:38:29.3215644Z   ssh-strict: true
2025-11-28T17:38:29.3216449Z   ssh-user: git
2025-11-28T17:38:29.3217261Z   persist-credentials: true
2025-11-28T17:38:29.3218326Z   clean: true
2025-11-28T17:38:29.3219135Z   sparse-checkout-cone-mode: true
2025-11-28T17:38:29.3220151Z   fetch-depth: 1
2025-11-28T17:38:29.3220922Z   fetch-tags: false
2025-11-28T17:38:29.3221723Z   show-progress: true
2025-11-28T17:38:29.3222538Z   lfs: false
2025-11-28T17:38:29.3223296Z   submodules: false
2025-11-28T17:38:29.3224117Z   set-safe-directory: true
2025-11-28T17:38:29.3225249Z ##[endgroup]
2025-11-28T17:38:29.4315914Z Syncing repository: dreamsoft-pro/RAE-agentic-memory
2025-11-28T17:38:29.4319111Z ##[group]Getting Git version info
2025-11-28T17:38:29.4320820Z Working directory is '/home/runner/work/RAE-agentic-memory/RAE-agentic-memory'
2025-11-28T17:38:29.4323081Z [command]/usr/bin/git version
2025-11-28T17:38:29.4427612Z git version 2.51.2
2025-11-28T17:38:29.4455375Z ##[endgroup]
2025-11-28T17:38:29.4470981Z Temporarily overriding HOME='/home/runner/work/_temp/b6319821-70d2-4740-910d-5c1f64605060' before making global git config changes
2025-11-28T17:38:29.4475674Z Adding repository directory to the temporary git global config as a safe directory
2025-11-28T17:38:29.4478400Z [command]/usr/bin/git config --global --add safe.directory /home/runner/work/RAE-agentic-memory/RAE-agentic-memory
2025-11-28T17:38:29.4516411Z Deleting the contents of '/home/runner/work/RAE-agentic-memory/RAE-agentic-memory'
2025-11-28T17:38:29.4519925Z ##[group]Initializing the repository
2025-11-28T17:38:29.4523934Z [command]/usr/bin/git init /home/runner/work/RAE-agentic-memory/RAE-agentic-memory
2025-11-28T17:38:29.4650403Z hint: Using 'master' as the name for the initial branch. This default branch name
2025-11-28T17:38:29.4652513Z hint: is subject to change. To configure the initial branch name to use in all
2025-11-28T17:38:29.4654996Z hint: of your new repositories, which will suppress this warning, call:
2025-11-28T17:38:29.4656370Z hint:
2025-11-28T17:38:29.4657298Z hint: 	git config --global init.defaultBranch <name>
2025-11-28T17:38:29.4658731Z hint:
2025-11-28T17:38:29.4660077Z hint: Names commonly chosen instead of 'master' are 'main', 'trunk' and
2025-11-28T17:38:29.4661921Z hint: 'development'. The just-created branch can be renamed via this command:
2025-11-28T17:38:29.4663378Z hint:
2025-11-28T17:38:29.4664141Z hint: 	git branch -m <name>
2025-11-28T17:38:29.4665433Z hint:
2025-11-28T17:38:29.4666658Z hint: Disable this message with "git config set advice.defaultBranchName false"
2025-11-28T17:38:29.4669044Z Initialized empty Git repository in /home/runner/work/RAE-agentic-memory/RAE-agentic-memory/.git/
2025-11-28T17:38:29.4672672Z [command]/usr/bin/git remote add origin https://github.com/dreamsoft-pro/RAE-agentic-memory
2025-11-28T17:38:29.4704326Z ##[endgroup]
2025-11-28T17:38:29.4705744Z ##[group]Disabling automatic garbage collection
2025-11-28T17:38:29.4707843Z [command]/usr/bin/git config --local gc.auto 0
2025-11-28T17:38:29.4736851Z ##[endgroup]
2025-11-28T17:38:29.4738450Z ##[group]Setting up auth
2025-11-28T17:38:29.4743924Z [command]/usr/bin/git config --local --name-only --get-regexp core\.sshCommand
2025-11-28T17:38:29.4774708Z [command]/usr/bin/git submodule foreach --recursive sh -c "git config --local --name-only --get-regexp 'core\.sshCommand' && git config --local --unset-all 'core.sshCommand' || :"
2025-11-28T17:38:29.5140653Z [command]/usr/bin/git config --local --name-only --get-regexp http\.https\:\/\/github\.com\/\.extraheader
2025-11-28T17:38:29.5174014Z [command]/usr/bin/git submodule foreach --recursive sh -c "git config --local --name-only --get-regexp 'http\.https\:\/\/github\.com\/\.extraheader' && git config --local --unset-all 'http.https://github.com/.extraheader' || :"
2025-11-28T17:38:29.5395187Z [command]/usr/bin/git config --local --name-only --get-regexp ^includeIf\.gitdir:
2025-11-28T17:38:29.5427229Z [command]/usr/bin/git submodule foreach --recursive git config --local --show-origin --name-only --get-regexp remote.origin.url
2025-11-28T17:38:29.5648687Z [command]/usr/bin/git config --local http.https://github.com/.extraheader AUTHORIZATION: basic ***
2025-11-28T17:38:29.5683530Z ##[endgroup]
2025-11-28T17:38:29.5686056Z ##[group]Fetching the repository
2025-11-28T17:38:29.5695556Z [command]/usr/bin/git -c protocol.version=2 fetch --no-tags --prune --no-recurse-submodules --depth=1 origin +fbac3ab396c08da0f089066e2301ab6ad011004c:refs/remotes/origin/main
2025-11-28T17:38:29.9504406Z From https://github.com/dreamsoft-pro/RAE-agentic-memory
2025-11-28T17:38:29.9505004Z  * [new ref]         fbac3ab396c08da0f089066e2301ab6ad011004c -> origin/main
2025-11-28T17:38:29.9542446Z ##[endgroup]
2025-11-28T17:38:29.9542918Z ##[group]Determining the checkout info
2025-11-28T17:38:29.9545050Z ##[endgroup]
2025-11-28T17:38:29.9550075Z [command]/usr/bin/git sparse-checkout disable
2025-11-28T17:38:29.9589819Z [command]/usr/bin/git config --local --unset-all extensions.worktreeConfig
2025-11-28T17:38:29.9615229Z ##[group]Checking out the ref
2025-11-28T17:38:29.9620296Z [command]/usr/bin/git checkout --progress --force -B main refs/remotes/origin/main
2025-11-28T17:38:29.9991094Z Switched to a new branch 'main'
2025-11-28T17:38:29.9992203Z branch 'main' set up to track 'origin/main'.
2025-11-28T17:38:30.0000387Z ##[endgroup]
2025-11-28T17:38:30.0039850Z [command]/usr/bin/git log -1 --format=%H
2025-11-28T17:38:30.0062211Z fbac3ab396c08da0f089066e2301ab6ad011004c
2025-11-28T17:38:30.0266975Z ##[group]Run docker/setup-buildx-action@v3
2025-11-28T17:38:30.0267317Z with:
2025-11-28T17:38:30.0267538Z   driver: docker-container
2025-11-28T17:38:30.0267978Z   install: false
2025-11-28T17:38:30.0268196Z   use: true
2025-11-28T17:38:30.0268406Z   keep-state: false
2025-11-28T17:38:30.0268632Z   cache-binary: true
2025-11-28T17:38:30.0268859Z   cleanup: true
2025-11-28T17:38:30.0269073Z ##[endgroup]
2025-11-28T17:38:30.3242219Z ##[group]Docker info
2025-11-28T17:38:30.3269650Z [command]/usr/bin/docker version
2025-11-28T17:38:31.6932158Z Client: Docker Engine - Community
2025-11-28T17:38:31.6935090Z  Version:           28.0.4
2025-11-28T17:38:31.6935588Z  API version:       1.48
2025-11-28T17:38:31.6943425Z  Go version:        go1.23.7
2025-11-28T17:38:31.6943865Z  Git commit:        b8034c0
2025-11-28T17:38:31.6944320Z  Built:             Tue Mar 25 15:07:16 2025
2025-11-28T17:38:31.6944737Z  OS/Arch:           linux/amd64
2025-11-28T17:38:31.6945334Z  Context:           default
2025-11-28T17:38:31.6945606Z 
2025-11-28T17:38:31.6945793Z Server: Docker Engine - Community
2025-11-28T17:38:31.6946216Z  Engine:
2025-11-28T17:38:31.6946520Z   Version:          28.0.4
2025-11-28T17:38:31.6946934Z   API version:      1.48 (minimum version 1.24)
2025-11-28T17:38:31.6947406Z   Go version:       go1.23.7
2025-11-28T17:38:31.6947994Z   Git commit:       6430e49
2025-11-28T17:38:31.6948417Z   Built:            Tue Mar 25 15:07:16 2025
2025-11-28T17:38:31.6948873Z   OS/Arch:          linux/amd64
2025-11-28T17:38:31.6949275Z   Experimental:     false
2025-11-28T17:38:31.6949623Z  containerd:
2025-11-28T17:38:31.6949944Z   Version:          v2.1.5
2025-11-28T17:38:31.6950427Z   GitCommit:        fcd43222d6b07379a4be9786bda52438f0dd16a1
2025-11-28T17:38:31.6950940Z  runc:
2025-11-28T17:38:31.6951256Z   Version:          1.3.3
2025-11-28T17:38:31.6951654Z   GitCommit:        v1.3.3-0-gd842d771
2025-11-28T17:38:31.6952084Z  docker-init:
2025-11-28T17:38:31.6952396Z   Version:          0.19.0
2025-11-28T17:38:31.6952785Z   GitCommit:        de40ad0
2025-11-28T17:38:31.6986070Z [command]/usr/bin/docker info
2025-11-28T17:38:34.4034753Z Client: Docker Engine - Community
2025-11-28T17:38:34.4036568Z  Version:    28.0.4
2025-11-28T17:38:34.4036920Z  Context:    default
2025-11-28T17:38:34.4037464Z  Debug Mode: false
2025-11-28T17:38:34.4037932Z  Plugins:
2025-11-28T17:38:34.4038233Z   buildx: Docker Buildx (Docker Inc.)
2025-11-28T17:38:34.4038629Z     Version:  v0.29.1
2025-11-28T17:38:34.4039025Z     Path:     /usr/libexec/docker/cli-plugins/docker-buildx
2025-11-28T17:38:34.4039528Z   compose: Docker Compose (Docker Inc.)
2025-11-28T17:38:34.4039992Z     Version:  v2.38.2
2025-11-28T17:38:34.4040512Z     Path:     /usr/libexec/docker/cli-plugins/docker-compose
2025-11-28T17:38:34.4040884Z 
2025-11-28T17:38:34.4041337Z Server:
2025-11-28T17:38:34.4041777Z  Containers: 0
2025-11-28T17:38:34.4042175Z   Running: 0
2025-11-28T17:38:34.4042586Z   Paused: 0
2025-11-28T17:38:34.4042990Z   Stopped: 0
2025-11-28T17:38:34.4043349Z  Images: 0
2025-11-28T17:38:34.4043814Z  Server Version: 28.0.4
2025-11-28T17:38:34.4044350Z  Storage Driver: overlay2
2025-11-28T17:38:34.4044777Z   Backing Filesystem: extfs
2025-11-28T17:38:34.4045300Z   Supports d_type: true
2025-11-28T17:38:34.4045737Z   Using metacopy: false
2025-11-28T17:38:34.4046192Z   Native Overlay Diff: false
2025-11-28T17:38:34.4046594Z   userxattr: false
2025-11-28T17:38:34.4047154Z  Logging Driver: json-file
2025-11-28T17:38:34.4047606Z  Cgroup Driver: systemd
2025-11-28T17:38:34.4048244Z  Cgroup Version: 2
2025-11-28T17:38:34.4048748Z  Plugins:
2025-11-28T17:38:34.4049164Z   Volume: local
2025-11-28T17:38:34.4049654Z   Network: bridge host ipvlan macvlan null overlay
2025-11-28T17:38:34.4050414Z   Log: awslogs fluentd gcplogs gelf journald json-file local splunk syslog
2025-11-28T17:38:34.4051285Z  Swarm: inactive
2025-11-28T17:38:34.4051548Z  Runtimes: runc io.containerd.runc.v2
2025-11-28T17:38:34.4051954Z  Default Runtime: runc
2025-11-28T17:38:34.4052428Z  Init Binary: docker-init
2025-11-28T17:38:34.4052854Z  containerd version: fcd43222d6b07379a4be9786bda52438f0dd16a1
2025-11-28T17:38:34.4053404Z  runc version: v1.3.3-0-gd842d771
2025-11-28T17:38:34.4053866Z  init version: de40ad0
2025-11-28T17:38:34.4054257Z  Security Options:
2025-11-28T17:38:34.4054586Z   apparmor
2025-11-28T17:38:34.4055062Z   seccomp
2025-11-28T17:38:34.4055610Z    Profile: builtin
2025-11-28T17:38:34.4056496Z   cgroupns
2025-11-28T17:38:34.4056800Z  Kernel Version: 6.11.0-1018-azure
2025-11-28T17:38:34.4057142Z  Operating System: Ubuntu 24.04.3 LTS
2025-11-28T17:38:34.4057423Z  OSType: linux
2025-11-28T17:38:34.4058001Z  Architecture: x86_64
2025-11-28T17:38:34.4058358Z  CPUs: 4
2025-11-28T17:38:34.4058564Z  Total Memory: 15.62GiB
2025-11-28T17:38:34.4058937Z  Name: runnervmg1sw1
2025-11-28T17:38:34.4059217Z  ID: 25309008-d3b6-4795-9b53-5704e2dd5a06
2025-11-28T17:38:34.4059547Z  Docker Root Dir: /var/lib/docker
2025-11-28T17:38:34.4059882Z  Debug Mode: false
2025-11-28T17:38:34.4060208Z  Username: githubactions
2025-11-28T17:38:34.4060470Z  Experimental: false
2025-11-28T17:38:34.4060797Z  Insecure Registries:
2025-11-28T17:38:34.4064498Z   ::1/128
2025-11-28T17:38:34.4064856Z   127.0.0.0/8
2025-11-28T17:38:34.4065235Z  Live Restore Enabled: false
2025-11-28T17:38:34.4065475Z 
2025-11-28T17:38:34.4066127Z ##[endgroup]
2025-11-28T17:38:34.5436707Z ##[group]Buildx version
2025-11-28T17:38:34.5457936Z [command]/usr/bin/docker buildx version
2025-11-28T17:38:34.6155870Z github.com/docker/buildx v0.29.1 a32761aeb3debd39be1eca514af3693af0db334b
2025-11-28T17:38:34.6205050Z ##[endgroup]
2025-11-28T17:38:34.6378487Z ##[group]Inspecting default docker context
2025-11-28T17:38:34.6518425Z [
2025-11-28T17:38:34.6518737Z   {
2025-11-28T17:38:34.6518945Z     "Name": "default",
2025-11-28T17:38:34.6519380Z     "Metadata": {},
2025-11-28T17:38:34.6519647Z     "Endpoints": {
2025-11-28T17:38:34.6519894Z       "docker": {
2025-11-28T17:38:34.6520266Z         "Host": "unix:///var/run/docker.sock",
2025-11-28T17:38:34.6520638Z         "SkipTLSVerify": false
2025-11-28T17:38:34.6520901Z       }
2025-11-28T17:38:34.6521281Z     },
2025-11-28T17:38:34.6521592Z     "TLSMaterial": {},
2025-11-28T17:38:34.6521836Z     "Storage": {
2025-11-28T17:38:34.6522271Z       "MetadataPath": "<IN MEMORY>",
2025-11-28T17:38:34.6522615Z       "TLSPath": "<IN MEMORY>"
2025-11-28T17:38:34.6523010Z     }
2025-11-28T17:38:34.6596810Z   }
2025-11-28T17:38:34.6597150Z ]
2025-11-28T17:38:34.6598113Z ##[endgroup]
2025-11-28T17:38:34.6598662Z ##[group]Creating a new builder instance
2025-11-28T17:38:34.7885819Z [command]/usr/bin/docker buildx create --name builder-6bae44df-b621-42e9-9f37-445a2b50fc9e --driver docker-container --buildkitd-flags --allow-insecure-entitlement security.insecure --allow-insecure-entitlement network.host --use
2025-11-28T17:38:34.8445997Z builder-6bae44df-b621-42e9-9f37-445a2b50fc9e
2025-11-28T17:38:34.8480970Z ##[endgroup]
2025-11-28T17:38:34.8490161Z ##[group]Booting builder
2025-11-28T17:38:34.8516311Z [command]/usr/bin/docker buildx inspect --bootstrap --builder builder-6bae44df-b621-42e9-9f37-445a2b50fc9e
2025-11-28T17:38:34.9146617Z #1 [internal] booting buildkit
2025-11-28T17:38:35.0653316Z #1 pulling image moby/buildkit:buildx-stable-1
2025-11-28T17:38:37.9951133Z #1 pulling image moby/buildkit:buildx-stable-1 3.1s done
2025-11-28T17:38:38.1453134Z #1 creating container buildx_buildkit_builder-6bae44df-b621-42e9-9f37-445a2b50fc9e0
2025-11-28T17:38:38.8345509Z #1 creating container buildx_buildkit_builder-6bae44df-b621-42e9-9f37-445a2b50fc9e0 0.8s done
2025-11-28T17:38:38.8362612Z #1 DONE 3.9s
2025-11-28T17:38:38.8661777Z Name:          builder-6bae44df-b621-42e9-9f37-445a2b50fc9e
2025-11-28T17:38:38.8662598Z Driver:        docker-container
2025-11-28T17:38:38.8663092Z Last Activity: 2025-11-28 17:38:34 +0000 UTC
2025-11-28T17:38:38.8663879Z 
2025-11-28T17:38:38.8664284Z Nodes:
2025-11-28T17:38:38.8664689Z Name:                  builder-6bae44df-b621-42e9-9f37-445a2b50fc9e0
2025-11-28T17:38:38.8665548Z Endpoint:              unix:///var/run/docker.sock
2025-11-28T17:38:38.8666018Z Status:                running
2025-11-28T17:38:38.8666796Z BuildKit daemon flags: --allow-insecure-entitlement security.insecure --allow-insecure-entitlement network.host
2025-11-28T17:38:38.8667590Z BuildKit version:      v0.26.2
2025-11-28T17:38:38.8668281Z Platforms:             linux/amd64, linux/amd64/v2, linux/amd64/v3, linux/386
2025-11-28T17:38:38.8668798Z Labels:
2025-11-28T17:38:38.8669156Z  org.mobyproject.buildkit.worker.executor:         oci
2025-11-28T17:38:38.8669779Z  org.mobyproject.buildkit.worker.hostname:         f7b6127cddcc
2025-11-28T17:38:38.8670371Z  org.mobyproject.buildkit.worker.network:          host
2025-11-28T17:38:38.8670876Z  org.mobyproject.buildkit.worker.oci.process-mode: sandbox
2025-11-28T17:38:38.8671278Z  org.mobyproject.buildkit.worker.selinux.enabled:  false
2025-11-28T17:38:38.8671658Z  org.mobyproject.buildkit.worker.snapshotter:      overlayfs
2025-11-28T17:38:38.8671968Z GC Policy rule#0:
2025-11-28T17:38:38.8672152Z  All:            false
2025-11-28T17:38:38.8672459Z  Filters:        type==source.local,type==exec.cachemount,type==source.git.checkout
2025-11-28T17:38:38.8672804Z  Keep Duration:  48h0m0s
2025-11-28T17:38:38.8673010Z  Max Used Space: 488.3MiB
2025-11-28T17:38:38.8673217Z GC Policy rule#1:
2025-11-28T17:38:38.8673379Z  All:            false
2025-11-28T17:38:38.8673563Z  Keep Duration:  1440h0m0s
2025-11-28T17:38:38.8673751Z  Reserved Space: 7.451GiB
2025-11-28T17:38:38.8673945Z  Max Used Space: 54.02GiB
2025-11-28T17:38:38.8674121Z  Min Free Space: 13.97GiB
2025-11-28T17:38:38.8674301Z GC Policy rule#2:
2025-11-28T17:38:38.8674463Z  All:            false
2025-11-28T17:38:38.8674636Z  Reserved Space: 7.451GiB
2025-11-28T17:38:38.8674815Z  Max Used Space: 54.02GiB
2025-11-28T17:38:38.8674998Z  Min Free Space: 13.97GiB
2025-11-28T17:38:38.8675182Z GC Policy rule#3:
2025-11-28T17:38:38.8675349Z  All:            true
2025-11-28T17:38:38.8675529Z  Reserved Space: 7.451GiB
2025-11-28T17:38:38.8675716Z  Max Used Space: 54.02GiB
2025-11-28T17:38:38.8675902Z  Min Free Space: 13.97GiB
2025-11-28T17:38:38.8722103Z ##[endgroup]
2025-11-28T17:38:38.9591002Z ##[group]Inspect builder
2025-11-28T17:38:38.9593491Z {
2025-11-28T17:38:38.9593770Z   "nodes": [
2025-11-28T17:38:38.9594166Z     {
2025-11-28T17:38:38.9594874Z       "name": "builder-6bae44df-b621-42e9-9f37-445a2b50fc9e0",
2025-11-28T17:38:38.9595473Z       "endpoint": "unix:///var/run/docker.sock",
2025-11-28T17:38:38.9595929Z       "status": "running",
2025-11-28T17:38:38.9596570Z       "buildkitd-flags": "--allow-insecure-entitlement security.insecure --allow-insecure-entitlement network.host",
2025-11-28T17:38:38.9597087Z       "buildkit": "v0.26.2",
2025-11-28T17:38:38.9597387Z       "platforms": "linux/amd64,linux/amd64/v2,linux/amd64/v3,linux/386",
2025-11-28T17:38:38.9598063Z       "features": {
2025-11-28T17:38:38.9598510Z         "Automatically load images to the Docker Engine image store": true,
2025-11-28T17:38:38.9598867Z         "Cache export": true,
2025-11-28T17:38:38.9599086Z         "Direct push": true,
2025-11-28T17:38:38.9599301Z         "Docker exporter": true,
2025-11-28T17:38:38.9599656Z         "Multi-platform build": true,
2025-11-28T17:38:38.9599987Z         "OCI exporter": true
2025-11-28T17:38:38.9600186Z       },
2025-11-28T17:38:38.9600335Z       "labels": {
2025-11-28T17:38:38.9600571Z         "org.mobyproject.buildkit.worker.executor": "oci",
2025-11-28T17:38:38.9600929Z         "org.mobyproject.buildkit.worker.hostname": "f7b6127cddcc",
2025-11-28T17:38:38.9601283Z         "org.mobyproject.buildkit.worker.network": "host",
2025-11-28T17:38:38.9601886Z         "org.mobyproject.buildkit.worker.oci.process-mode": "sandbox",
2025-11-28T17:38:38.9602321Z         "org.mobyproject.buildkit.worker.selinux.enabled": "false",
2025-11-28T17:38:38.9603026Z         "org.mobyproject.buildkit.worker.snapshotter": "overlayfs"
2025-11-28T17:38:38.9603317Z       },
2025-11-28T17:38:38.9603480Z       "gcPolicy": [
2025-11-28T17:38:38.9603780Z         {
2025-11-28T17:38:38.9603945Z           "all": false,
2025-11-28T17:38:38.9604123Z           "filter": [
2025-11-28T17:38:38.9604316Z             "type==source.local",
2025-11-28T17:38:38.9604541Z             "type==exec.cachemount",
2025-11-28T17:38:38.9604781Z             "type==source.git.checkout"
2025-11-28T17:38:38.9605003Z           ],
2025-11-28T17:38:38.9605174Z           "keepDuration": "48h0m0s",
2025-11-28T17:38:38.9605395Z           "maxUsedSpace": "488.3MiB"
2025-11-28T17:38:38.9605594Z         },
2025-11-28T17:38:38.9605742Z         {
2025-11-28T17:38:38.9605888Z           "all": false,
2025-11-28T17:38:38.9606083Z           "keepDuration": "1440h0m0s",
2025-11-28T17:38:38.9606309Z           "reservedSpace": "7.451GiB",
2025-11-28T17:38:38.9606534Z           "maxUsedSpace": "54.02GiB",
2025-11-28T17:38:38.9606756Z           "minFreeSpace": "13.97GiB"
2025-11-28T17:38:38.9606966Z         },
2025-11-28T17:38:38.9607115Z         {
2025-11-28T17:38:38.9607263Z           "all": false,
2025-11-28T17:38:38.9607455Z           "reservedSpace": "7.451GiB",
2025-11-28T17:38:38.9607920Z           "maxUsedSpace": "54.02GiB",
2025-11-28T17:38:38.9608292Z           "minFreeSpace": "13.97GiB"
2025-11-28T17:38:38.9608498Z         },
2025-11-28T17:38:38.9608646Z         {
2025-11-28T17:38:38.9608792Z           "all": true,
2025-11-28T17:38:38.9608981Z           "reservedSpace": "7.451GiB",
2025-11-28T17:38:38.9609200Z           "maxUsedSpace": "54.02GiB",
2025-11-28T17:38:38.9609424Z           "minFreeSpace": "13.97GiB"
2025-11-28T17:38:38.9609626Z         }
2025-11-28T17:38:38.9609763Z       ]
2025-11-28T17:38:38.9609908Z     }
2025-11-28T17:38:38.9610040Z   ],
2025-11-28T17:38:38.9610246Z   "name": "builder-6bae44df-b621-42e9-9f37-445a2b50fc9e",
2025-11-28T17:38:38.9610525Z   "driver": "docker-container",
2025-11-28T17:38:38.9610761Z   "lastActivity": "2025-11-28T17:38:34.000Z"
2025-11-28T17:38:38.9610979Z }
2025-11-28T17:38:38.9611390Z ##[endgroup]
2025-11-28T17:38:38.9611745Z ##[group]BuildKit version
2025-11-28T17:38:38.9612050Z builder-6bae44df-b621-42e9-9f37-445a2b50fc9e0: v0.26.2
2025-11-28T17:38:38.9612792Z ##[endgroup]
2025-11-28T17:38:38.9828196Z ##[group]Run docker/build-push-action@v5
2025-11-28T17:38:38.9828491Z with:
2025-11-28T17:38:38.9828651Z   context: .
2025-11-28T17:38:38.9828823Z   push: false
2025-11-28T17:38:38.9828993Z   tags: rae-api:test
2025-11-28T17:38:38.9829188Z   cache-from: type=gha
2025-11-28T17:38:38.9829391Z   cache-to: type=gha,mode=max
2025-11-28T17:38:38.9829603Z   load: false
2025-11-28T17:38:38.9829769Z   no-cache: false
2025-11-28T17:38:38.9829944Z   pull: false
2025-11-28T17:38:38.9830247Z   github-token: ***
2025-11-28T17:38:38.9830426Z ##[endgroup]
2025-11-28T17:38:39.2082100Z ##[group]GitHub Actions runtime token ACs
2025-11-28T17:38:39.2093775Z refs/heads/main: read/write
2025-11-28T17:38:39.2095027Z ##[endgroup]
2025-11-28T17:38:39.2095511Z ##[group]Docker info
2025-11-28T17:38:39.2139332Z [command]/usr/bin/docker version
2025-11-28T17:38:39.2339133Z Client: Docker Engine - Community
2025-11-28T17:38:39.2343406Z  Version:           28.0.4
2025-11-28T17:38:39.2343875Z  API version:       1.48
2025-11-28T17:38:39.2344210Z  Go version:        go1.23.7
2025-11-28T17:38:39.2344437Z  Git commit:        b8034c0
2025-11-28T17:38:39.2344662Z  Built:             Tue Mar 25 15:07:16 2025
2025-11-28T17:38:39.2344923Z  OS/Arch:           linux/amd64
2025-11-28T17:38:39.2345132Z  Context:           default
2025-11-28T17:38:39.2345270Z 
2025-11-28T17:38:39.2345362Z Server: Docker Engine - Community
2025-11-28T17:38:39.2345582Z  Engine:
2025-11-28T17:38:39.2345743Z   Version:          28.0.4
2025-11-28T17:38:39.2345970Z   API version:      1.48 (minimum version 1.24)
2025-11-28T17:38:39.2346218Z   Go version:       go1.23.7
2025-11-28T17:38:39.2346421Z   Git commit:       6430e49
2025-11-28T17:38:39.2346979Z   Built:            Tue Mar 25 15:07:16 2025
2025-11-28T17:38:39.2347225Z   OS/Arch:          linux/amd64
2025-11-28T17:38:39.2347432Z   Experimental:     false
2025-11-28T17:38:39.2347844Z  containerd:
2025-11-28T17:38:39.2348117Z   Version:          v2.1.5
2025-11-28T17:38:39.2348446Z   GitCommit:        fcd43222d6b07379a4be9786bda52438f0dd16a1
2025-11-28T17:38:39.2348720Z  runc:
2025-11-28T17:38:39.2348875Z   Version:          1.3.3
2025-11-28T17:38:39.2349127Z   GitCommit:        v1.3.3-0-gd842d771
2025-11-28T17:38:39.2349508Z  docker-init:
2025-11-28T17:38:39.2349755Z   Version:          0.19.0
2025-11-28T17:38:39.2349945Z   GitCommit:        de40ad0
2025-11-28T17:38:39.2388812Z [command]/usr/bin/docker info
2025-11-28T17:38:39.2940807Z Client: Docker Engine - Community
2025-11-28T17:38:39.2941320Z  Version:    28.0.4
2025-11-28T17:38:39.2941624Z  Context:    default
2025-11-28T17:38:39.2941933Z  Debug Mode: false
2025-11-28T17:38:39.2942216Z  Plugins:
2025-11-28T17:38:39.2942519Z   buildx: Docker Buildx (Docker Inc.)
2025-11-28T17:38:39.2942944Z     Version:  v0.29.1
2025-11-28T17:38:39.2943347Z     Path:     /usr/libexec/docker/cli-plugins/docker-buildx
2025-11-28T17:38:39.2943825Z   compose: Docker Compose (Docker Inc.)
2025-11-28T17:38:39.2944184Z     Version:  v2.38.2
2025-11-28T17:38:39.2944566Z     Path:     /usr/libexec/docker/cli-plugins/docker-compose
2025-11-28T17:38:39.2944919Z 
2025-11-28T17:38:39.2945024Z Server:
2025-11-28T17:38:39.2945285Z  Containers: 1
2025-11-28T17:38:39.2945557Z   Running: 1
2025-11-28T17:38:39.2945826Z   Paused: 0
2025-11-28T17:38:39.2946080Z   Stopped: 0
2025-11-28T17:38:39.2946334Z  Images: 1
2025-11-28T17:38:39.2946596Z  Server Version: 28.0.4
2025-11-28T17:38:39.2946902Z  Storage Driver: overlay2
2025-11-28T17:38:39.2947231Z   Backing Filesystem: extfs
2025-11-28T17:38:39.2947583Z   Supports d_type: true
2025-11-28T17:38:39.2948085Z   Using metacopy: false
2025-11-28T17:38:39.2948396Z   Native Overlay Diff: false
2025-11-28T17:38:39.2948727Z   userxattr: false
2025-11-28T17:38:39.2949021Z  Logging Driver: json-file
2025-11-28T17:38:39.2949361Z  Cgroup Driver: systemd
2025-11-28T17:38:39.2949667Z  Cgroup Version: 2
2025-11-28T17:38:39.2949962Z  Plugins:
2025-11-28T17:38:39.2950226Z   Volume: local
2025-11-28T17:38:39.2951043Z   Network: bridge host ipvlan macvlan null overlay
2025-11-28T17:38:39.2951690Z   Log: awslogs fluentd gcplogs gelf journald json-file local splunk syslog
2025-11-28T17:38:39.2952258Z  Swarm: inactive
2025-11-28T17:38:39.2952574Z  Runtimes: io.containerd.runc.v2 runc
2025-11-28T17:38:39.2952938Z  Default Runtime: runc
2025-11-28T17:38:39.2953246Z  Init Binary: docker-init
2025-11-28T17:38:39.2953700Z  containerd version: fcd43222d6b07379a4be9786bda52438f0dd16a1
2025-11-28T17:38:39.2954102Z  runc version: v1.3.3-0-gd842d771
2025-11-28T17:38:39.2954334Z  init version: de40ad0
2025-11-28T17:38:39.2954601Z  Security Options:
2025-11-28T17:38:39.2954817Z   apparmor
2025-11-28T17:38:39.2955007Z   seccomp
2025-11-28T17:38:39.2955164Z    Profile: builtin
2025-11-28T17:38:39.2955352Z   cgroupns
2025-11-28T17:38:39.2955515Z  Kernel Version: 6.11.0-1018-azure
2025-11-28T17:38:39.2955761Z  Operating System: Ubuntu 24.04.3 LTS
2025-11-28T17:38:39.2955984Z  OSType: linux
2025-11-28T17:38:39.2956160Z  Architecture: x86_64
2025-11-28T17:38:39.2956345Z  CPUs: 4
2025-11-28T17:38:39.2956511Z  Total Memory: 15.62GiB
2025-11-28T17:38:39.2956699Z  Name: runnervmg1sw1
2025-11-28T17:38:39.2956900Z  ID: 25309008-d3b6-4795-9b53-5704e2dd5a06
2025-11-28T17:38:39.2957138Z  Docker Root Dir: /var/lib/docker
2025-11-28T17:38:39.2957349Z  Debug Mode: false
2025-11-28T17:38:39.2957531Z  Username: githubactions
2025-11-28T17:38:39.2958009Z  Experimental: false
2025-11-28T17:38:39.2958273Z  Insecure Registries:
2025-11-28T17:38:39.2958600Z   ::1/128
2025-11-28T17:38:39.2958846Z   127.0.0.0/8
2025-11-28T17:38:39.2959126Z  Live Restore Enabled: false
2025-11-28T17:38:39.2959361Z 
2025-11-28T17:38:39.2959720Z ##[endgroup]
2025-11-28T17:38:39.2960032Z ##[group]Proxy configuration
2025-11-28T17:38:39.2962756Z No proxy configuration found
2025-11-28T17:38:39.2963376Z ##[endgroup]
2025-11-28T17:38:39.3568618Z ##[group]Buildx version
2025-11-28T17:38:39.3590530Z [command]/usr/bin/docker buildx version
2025-11-28T17:38:39.4111934Z github.com/docker/buildx v0.29.1 a32761aeb3debd39be1eca514af3693af0db334b
2025-11-28T17:38:39.4151948Z ##[endgroup]
2025-11-28T17:38:39.4152553Z ##[group]Builder info
2025-11-28T17:38:39.5129065Z {
2025-11-28T17:38:39.5129611Z   "nodes": [
2025-11-28T17:38:39.5129923Z     {
2025-11-28T17:38:39.5130320Z       "name": "builder-6bae44df-b621-42e9-9f37-445a2b50fc9e0",
2025-11-28T17:38:39.5130877Z       "endpoint": "unix:///var/run/docker.sock",
2025-11-28T17:38:39.5131324Z       "status": "running",
2025-11-28T17:38:39.5132145Z       "buildkitd-flags": "--allow-insecure-entitlement security.insecure --allow-insecure-entitlement network.host",
2025-11-28T17:38:39.5133097Z       "buildkit": "v0.26.2",
2025-11-28T17:38:39.5133633Z       "platforms": "linux/amd64,linux/amd64/v2,linux/amd64/v3,linux/386",
2025-11-28T17:38:39.5134251Z       "features": {
2025-11-28T17:38:39.5134689Z         "Automatically load images to the Docker Engine image store": true,
2025-11-28T17:38:39.5135277Z         "Cache export": true,
2025-11-28T17:38:39.5135648Z         "Direct push": true,
2025-11-28T17:38:39.5136032Z         "Docker exporter": true,
2025-11-28T17:38:39.5136440Z         "Multi-platform build": true,
2025-11-28T17:38:39.5136851Z         "OCI exporter": true
2025-11-28T17:38:39.5137209Z       },
2025-11-28T17:38:39.5137472Z       "labels": {
2025-11-28T17:38:39.5138107Z         "org.mobyproject.buildkit.worker.executor": "oci",
2025-11-28T17:38:39.5138746Z         "org.mobyproject.buildkit.worker.hostname": "f7b6127cddcc",
2025-11-28T17:38:39.5139355Z         "org.mobyproject.buildkit.worker.network": "host",
2025-11-28T17:38:39.5140048Z         "org.mobyproject.buildkit.worker.oci.process-mode": "sandbox",
2025-11-28T17:38:39.5140796Z         "org.mobyproject.buildkit.worker.selinux.enabled": "false",
2025-11-28T17:38:39.5141536Z         "org.mobyproject.buildkit.worker.snapshotter": "overlayfs"
2025-11-28T17:38:39.5142101Z       },
2025-11-28T17:38:39.5142377Z       "gcPolicy": [
2025-11-28T17:38:39.5142668Z         {
2025-11-28T17:38:39.5142918Z           "all": false,
2025-11-28T17:38:39.5143608Z           "filter": [
2025-11-28T17:38:39.5143956Z             "type==source.local",
2025-11-28T17:38:39.5144345Z             "type==exec.cachemount",
2025-11-28T17:38:39.5144760Z             "type==source.git.checkout"
2025-11-28T17:38:39.5145135Z           ],
2025-11-28T17:38:39.5145438Z           "keepDuration": "48h0m0s"
2025-11-28T17:38:39.5145823Z         },
2025-11-28T17:38:39.5146087Z         {
2025-11-28T17:38:39.5146389Z           "all": false,
2025-11-28T17:38:39.5146738Z           "keepDuration": "1440h0m0s"
2025-11-28T17:38:39.5147118Z         },
2025-11-28T17:38:39.5147377Z         {
2025-11-28T17:38:39.5148266Z           "all": false
2025-11-28T17:38:39.5148584Z         },
2025-11-28T17:38:39.5148868Z         {
2025-11-28T17:38:39.5149137Z           "all": true
2025-11-28T17:38:39.5149447Z         }
2025-11-28T17:38:39.5149701Z       ]
2025-11-28T17:38:39.5149948Z     }
2025-11-28T17:38:39.5150203Z   ],
2025-11-28T17:38:39.5150578Z   "name": "builder-6bae44df-b621-42e9-9f37-445a2b50fc9e",
2025-11-28T17:38:39.5151083Z   "driver": "docker-container",
2025-11-28T17:38:39.5151509Z   "lastActivity": "2025-11-28T17:38:34.000Z"
2025-11-28T17:38:39.5151935Z }
2025-11-28T17:38:39.5152532Z ##[endgroup]
2025-11-28T17:38:39.6976353Z [command]/usr/bin/docker buildx build --cache-from type=gha --cache-to type=gha,mode=max --iidfile /home/runner/work/_temp/docker-actions-toolkit-qINJlj/build-iidfile-79c35aca66.txt --attest type=provenance,mode=max,builder-id=https://github.com/dreamsoft-pro/RAE-agentic-memory/actions/runs/19770607902 --tag rae-api:test --metadata-file /home/runner/work/_temp/docker-actions-toolkit-qINJlj/build-metadata-d20f048307.json .
2025-11-28T17:38:40.0487591Z #0 building with "builder-6bae44df-b621-42e9-9f37-445a2b50fc9e" instance using docker-container driver
2025-11-28T17:38:40.0488530Z 
2025-11-28T17:38:40.0488677Z #1 [internal] load build definition from Dockerfile
2025-11-28T17:38:40.0489026Z #1 transferring dockerfile: 1.14kB done
2025-11-28T17:38:40.0489439Z #1 WARN: FromAsCasing: 'as' and 'FROM' keywords' casing do not match (line 2)
2025-11-28T17:38:40.0489820Z #1 DONE 0.0s
2025-11-28T17:38:40.0489930Z 
2025-11-28T17:38:40.0490087Z #2 [auth] library/python:pull token for registry-1.docker.io
2025-11-28T17:38:40.0490409Z #2 DONE 0.0s
2025-11-28T17:38:40.0490517Z 
2025-11-28T17:38:40.0490693Z #3 [internal] load metadata for docker.io/library/python:3.11-slim
2025-11-28T17:38:40.1990754Z #3 DONE 0.3s
2025-11-28T17:38:40.3008331Z 
2025-11-28T17:38:40.3009025Z #4 [internal] load .dockerignore
2025-11-28T17:38:40.3009551Z #4 transferring context: 2B done
2025-11-28T17:38:40.3009916Z #4 DONE 0.0s
2025-11-28T17:38:40.3010079Z 
2025-11-28T17:38:40.3010658Z #5 [ 1/10] FROM docker.io/library/python:3.11-slim@sha256:193fdd0bbcb3d2ae612bd6cc3548d2f7c78d65b549fcaa8af75624c47474444d
2025-11-28T17:38:40.3011724Z #5 resolve docker.io/library/python:3.11-slim@sha256:193fdd0bbcb3d2ae612bd6cc3548d2f7c78d65b549fcaa8af75624c47474444d done
2025-11-28T17:38:40.3012231Z #5 DONE 0.0s
2025-11-28T17:38:40.3012348Z 
2025-11-28T17:38:40.3012506Z #6 importing cache manifest from gha:9910820885584056574
2025-11-28T17:38:40.3013007Z #6 DONE 0.1s
2025-11-28T17:38:40.3013187Z 
2025-11-28T17:38:40.3013338Z #7 [internal] load build context
2025-11-28T17:38:40.4842093Z #7 transferring context: 1.52MB 0.0s done
2025-11-28T17:38:40.4842592Z #7 DONE 0.0s
2025-11-28T17:38:40.4842764Z 
2025-11-28T17:38:40.4843321Z #8 [ 2/10] RUN apt-get update && apt-get install -y     gcc     g++     postgresql-client     && rm -rf /var/lib/apt/lists/*
2025-11-28T17:38:40.4844046Z #8 CACHED
2025-11-28T17:38:40.4844199Z 
2025-11-28T17:38:40.4844315Z #9 [ 3/10] WORKDIR /app
2025-11-28T17:38:40.4844632Z #9 CACHED
2025-11-28T17:38:40.4844803Z 
2025-11-28T17:38:40.4845143Z #10 [ 6/10] COPY apps/memory_api/requirements-base.txt /app/requirements-base.txt
2025-11-28T17:38:40.4845723Z #10 CACHED
2025-11-28T17:38:40.4845880Z 
2025-11-28T17:38:40.4846792Z #11 [ 8/10] RUN pip install --no-cache-dir -r /app/requirements-base.txt &&     pip install --no-cache-dir -r /app/requirements.txt
2025-11-28T17:38:40.4847827Z #11 CACHED
2025-11-28T17:38:40.4848012Z 
2025-11-28T17:38:40.4848162Z #12 [ 9/10] COPY apps/memory_api /app
2025-11-28T17:38:40.4848573Z #12 CACHED
2025-11-28T17:38:40.4848730Z 
2025-11-28T17:38:40.4849011Z #13 [ 7/10] COPY apps/memory_api/requirements.txt /app/requirements.txt
2025-11-28T17:38:40.4849588Z #13 CACHED
2025-11-28T17:38:40.4849751Z 
2025-11-28T17:38:40.4850050Z #14 [ 4/10] COPY sdk/python/rae_memory_sdk /app/sdk/python/rae_memory_sdk
2025-11-28T17:38:40.4850620Z #14 CACHED
2025-11-28T17:38:40.4850792Z 
2025-11-28T17:38:40.4851019Z #15 [ 5/10] RUN pip install --no-cache-dir -e /app/sdk/python/rae_memory_sdk
2025-11-28T17:38:40.4851549Z #15 CACHED
2025-11-28T17:38:40.4851716Z 
2025-11-28T17:38:40.4851916Z #16 [10/10] RUN useradd -m -u 1000 appuser && chown -R appuser:appuser /app
2025-11-28T17:38:40.4852256Z #16 CACHED
2025-11-28T17:38:40.6358434Z 
2025-11-28T17:38:40.6358881Z #17 exporting to GitHub Actions Cache
2025-11-28T17:38:40.6359274Z #17 preparing build cache for export
2025-11-28T17:38:41.0556069Z #17 preparing build cache for export 0.6s done
2025-11-28T17:38:41.0556827Z #17 DONE 0.6s
2025-11-28T17:38:41.0869978Z 
2025-11-28T17:38:41.0870461Z #18 resolving provenance for metadata file
2025-11-28T17:38:41.0870941Z #18 DONE 0.0s
2025-11-28T17:38:41.0871720Z WARNING: No output specified with docker-container driver. Build result will only remain in the build cache. To push result image into registry use --push or to load image into docker use --load
2025-11-28T17:38:41.0872844Z 
2025-11-28T17:38:41.0873385Z  [33m1 warning found (use docker --debug to expand):
2025-11-28T17:38:41.0874132Z [0m - FromAsCasing: 'as' and 'FROM' keywords' casing do not match (line 2)
2025-11-28T17:38:41.0952836Z ##[group]Metadata
2025-11-28T17:38:41.0953643Z {
2025-11-28T17:38:41.0953934Z   "buildx.build.provenance": {
2025-11-28T17:38:41.0954335Z     "builder": {
2025-11-28T17:38:41.0954915Z       "id": "https://github.com/dreamsoft-pro/RAE-agentic-memory/actions/runs/19770607902"
2025-11-28T17:38:41.0955543Z     },
2025-11-28T17:38:41.0955909Z     "buildType": "https://mobyproject.org/buildkit@v1",
2025-11-28T17:38:41.0956365Z     "materials": [
2025-11-28T17:38:41.0956632Z       {
2025-11-28T17:38:41.0957115Z         "uri": "pkg:docker/python@3.11-slim?platform=linux%2Famd64",
2025-11-28T17:38:41.0957587Z         "digest": {
2025-11-28T17:38:41.0958306Z           "sha256": "193fdd0bbcb3d2ae612bd6cc3548d2f7c78d65b549fcaa8af75624c47474444d"
2025-11-28T17:38:41.0958839Z         }
2025-11-28T17:38:41.0958991Z       }
2025-11-28T17:38:41.0959131Z     ],
2025-11-28T17:38:41.0959280Z     "invocation": {
2025-11-28T17:38:41.0959462Z       "configSource": {
2025-11-28T17:38:41.0959666Z         "entryPoint": "Dockerfile"
2025-11-28T17:38:41.0959876Z       },
2025-11-28T17:38:41.0960024Z       "parameters": {
2025-11-28T17:38:41.0960223Z         "frontend": "dockerfile.v0",
2025-11-28T17:38:41.0960432Z         "locals": [
2025-11-28T17:38:41.0960597Z           {
2025-11-28T17:38:41.0960750Z             "name": "context"
2025-11-28T17:38:41.0960940Z           },
2025-11-28T17:38:41.0961083Z           {
2025-11-28T17:38:41.0961241Z             "name": "dockerfile"
2025-11-28T17:38:41.0961427Z           }
2025-11-28T17:38:41.0961569Z         ]
2025-11-28T17:38:41.0961711Z       },
2025-11-28T17:38:41.0961856Z       "environment": {
2025-11-28T17:38:41.0962044Z         "platform": "linux/amd64",
2025-11-28T17:38:41.0962265Z         "ProvenanceCustomEnv": null
2025-11-28T17:38:41.0962475Z       }
2025-11-28T17:38:41.0962608Z     }
2025-11-28T17:38:41.0962750Z   },
2025-11-28T17:38:41.0963257Z   "buildx.build.ref": "builder-6bae44df-b621-42e9-9f37-445a2b50fc9e/builder-6bae44df-b621-42e9-9f37-445a2b50fc9e0/vlkd2jfil7k85iw6fhh2olreg"
2025-11-28T17:38:41.0963845Z }
2025-11-28T17:38:41.0964159Z ##[endgroup]
2025-11-28T17:38:41.1082166Z Post job cleanup.
2025-11-28T17:38:41.3262464Z ##[group]Removing temp folder /home/runner/work/_temp/docker-actions-toolkit-qINJlj
2025-11-28T17:38:41.3275405Z ##[endgroup]
2025-11-28T17:38:41.3276174Z ##[group]Post cache
2025-11-28T17:38:41.3278386Z State not set
2025-11-28T17:38:41.3278989Z ##[endgroup]
2025-11-28T17:38:41.3409069Z Post job cleanup.
2025-11-28T17:38:41.6309880Z ##[group]Removing builder
2025-11-28T17:38:41.7281614Z [command]/usr/bin/docker buildx rm builder-6bae44df-b621-42e9-9f37-445a2b50fc9e
2025-11-28T17:38:41.8824763Z builder-6bae44df-b621-42e9-9f37-445a2b50fc9e removed
2025-11-28T17:38:41.8862911Z ##[endgroup]
2025-11-28T17:38:41.8864527Z ##[group]Cleaning up certificates
2025-11-28T17:38:41.8871125Z ##[endgroup]
2025-11-28T17:38:41.8871700Z ##[group]Post cache
2025-11-28T17:38:41.8873816Z State not set
2025-11-28T17:38:41.8874761Z ##[endgroup]
2025-11-28T17:38:41.9001958Z Post job cleanup.
2025-11-28T17:38:41.9950328Z [command]/usr/bin/git version
2025-11-28T17:38:41.9986661Z git version 2.51.2
2025-11-28T17:38:42.0036884Z Temporarily overriding HOME='/home/runner/work/_temp/11676e77-1f57-4e79-8d50-9b9883dd8260' before making global git config changes
2025-11-28T17:38:42.0037827Z Adding repository directory to the temporary git global config as a safe directory
2025-11-28T17:38:42.0042324Z [command]/usr/bin/git config --global --add safe.directory /home/runner/work/RAE-agentic-memory/RAE-agentic-memory
2025-11-28T17:38:42.0076151Z [command]/usr/bin/git config --local --name-only --get-regexp core\.sshCommand
2025-11-28T17:38:42.0107864Z [command]/usr/bin/git submodule foreach --recursive sh -c "git config --local --name-only --get-regexp 'core\.sshCommand' && git config --local --unset-all 'core.sshCommand' || :"
2025-11-28T17:38:42.0337601Z [command]/usr/bin/git config --local --name-only --get-regexp http\.https\:\/\/github\.com\/\.extraheader
2025-11-28T17:38:42.0358769Z http.https://github.com/.extraheader
2025-11-28T17:38:42.0371355Z [command]/usr/bin/git config --local --unset-all http.https://github.com/.extraheader
2025-11-28T17:38:42.0401248Z [command]/usr/bin/git submodule foreach --recursive sh -c "git config --local --name-only --get-regexp 'http\.https\:\/\/github\.com\/\.extraheader' && git config --local --unset-all 'http.https://github.com/.extraheader' || :"
2025-11-28T17:38:42.0620784Z [command]/usr/bin/git config --local --name-only --get-regexp ^includeIf\.gitdir:
2025-11-28T17:38:42.0653018Z [command]/usr/bin/git submodule foreach --recursive git config --local --show-origin --name-only --get-regexp remote.origin.url
2025-11-28T17:38:42.0985090Z Cleaning up orphan processes
