2025-11-28T17:38:27.8667968Z Current runner version: '2.329.0'
2025-11-28T17:38:27.8694313Z ##[group]Runner Image Provisioner
2025-11-28T17:38:27.8695253Z Hosted Compute Agent
2025-11-28T17:38:27.8695809Z Version: 20251016.436
2025-11-28T17:38:27.8696425Z Commit: 8ab8ac8bfd662a3739dab9fe09456aba92132568
2025-11-28T17:38:27.8697079Z Build Date: 2025-10-15T20:44:12Z
2025-11-28T17:38:27.8697766Z ##[endgroup]
2025-11-28T17:38:27.8698342Z ##[group]Operating System
2025-11-28T17:38:27.8699236Z Ubuntu
2025-11-28T17:38:27.8699789Z 24.04.3
2025-11-28T17:38:27.8700238Z LTS
2025-11-28T17:38:27.8700757Z ##[endgroup]
2025-11-28T17:38:27.8701236Z ##[group]Runner Image
2025-11-28T17:38:27.8701819Z Image: ubuntu-24.04
2025-11-28T17:38:27.8702288Z Version: 20251112.124.1
2025-11-28T17:38:27.8703409Z Included Software: https://github.com/actions/runner-images/blob/ubuntu24/20251112.124/images/ubuntu/Ubuntu2404-Readme.md
2025-11-28T17:38:27.8704946Z Image Release: https://github.com/actions/runner-images/releases/tag/ubuntu24%2F20251112.124
2025-11-28T17:38:27.8706385Z ##[endgroup]
2025-11-28T17:38:27.8709385Z ##[group]GITHUB_TOKEN Permissions
2025-11-28T17:38:27.8711736Z Actions: write
2025-11-28T17:38:27.8712277Z ArtifactMetadata: write
2025-11-28T17:38:27.8712912Z Attestations: write
2025-11-28T17:38:27.8713415Z Checks: write
2025-11-28T17:38:27.8713919Z Contents: write
2025-11-28T17:38:27.8714469Z Deployments: write
2025-11-28T17:38:27.8714999Z Discussions: write
2025-11-28T17:38:27.8715517Z Issues: write
2025-11-28T17:38:27.8715951Z Metadata: read
2025-11-28T17:38:27.8716519Z Models: read
2025-11-28T17:38:27.8717016Z Packages: write
2025-11-28T17:38:27.8717607Z Pages: write
2025-11-28T17:38:27.8718168Z PullRequests: write
2025-11-28T17:38:27.8718869Z RepositoryProjects: write
2025-11-28T17:38:27.8719611Z SecurityEvents: write
2025-11-28T17:38:27.8720145Z Statuses: write
2025-11-28T17:38:27.8720655Z ##[endgroup]
2025-11-28T17:38:27.8722877Z Secret source: Actions
2025-11-28T17:38:27.8723950Z Prepare workflow directory
2025-11-28T17:38:27.9035759Z Prepare all required actions
2025-11-28T17:38:27.9072957Z Getting action download info
2025-11-28T17:38:28.2132698Z Download action repository 'actions/checkout@v4' (SHA:34e114876b0b11c390a56381ad16ebd13914f8d5)
2025-11-28T17:38:28.8359284Z Download action repository 'actions/setup-python@v5' (SHA:a26af69be951a213d495a4c3e4e4022e16d87065)
2025-11-28T17:38:29.0353810Z Complete job name: Lint
2025-11-28T17:38:29.1064501Z ##[group]Run actions/checkout@v4
2025-11-28T17:38:29.1065396Z with:
2025-11-28T17:38:29.1065893Z   repository: dreamsoft-pro/RAE-agentic-memory
2025-11-28T17:38:29.1066664Z   token: ***
2025-11-28T17:38:29.1067083Z   ssh-strict: true
2025-11-28T17:38:29.1067515Z   ssh-user: git
2025-11-28T17:38:29.1067960Z   persist-credentials: true
2025-11-28T17:38:29.1068542Z   clean: true
2025-11-28T17:38:29.1069203Z   sparse-checkout-cone-mode: true
2025-11-28T17:38:29.1069731Z   fetch-depth: 1
2025-11-28T17:38:29.1070150Z   fetch-tags: false
2025-11-28T17:38:29.1070580Z   show-progress: true
2025-11-28T17:38:29.1071056Z   lfs: false
2025-11-28T17:38:29.1071476Z   submodules: false
2025-11-28T17:38:29.1071915Z   set-safe-directory: true
2025-11-28T17:38:29.1072670Z ##[endgroup]
2025-11-28T17:38:29.2136468Z Syncing repository: dreamsoft-pro/RAE-agentic-memory
2025-11-28T17:38:29.2138334Z ##[group]Getting Git version info
2025-11-28T17:38:29.2139562Z Working directory is '/home/runner/work/RAE-agentic-memory/RAE-agentic-memory'
2025-11-28T17:38:29.2140732Z [command]/usr/bin/git version
2025-11-28T17:38:29.2934699Z git version 2.51.2
2025-11-28T17:38:29.2962260Z ##[endgroup]
2025-11-28T17:38:29.2976988Z Temporarily overriding HOME='/home/runner/work/_temp/072e6df4-c8f3-41e0-8f80-dd414f34f5ac' before making global git config changes
2025-11-28T17:38:29.2978474Z Adding repository directory to the temporary git global config as a safe directory
2025-11-28T17:38:29.2983064Z [command]/usr/bin/git config --global --add safe.directory /home/runner/work/RAE-agentic-memory/RAE-agentic-memory
2025-11-28T17:38:29.3138843Z Deleting the contents of '/home/runner/work/RAE-agentic-memory/RAE-agentic-memory'
2025-11-28T17:38:29.3142282Z ##[group]Initializing the repository
2025-11-28T17:38:29.3146758Z [command]/usr/bin/git init /home/runner/work/RAE-agentic-memory/RAE-agentic-memory
2025-11-28T17:38:29.3690132Z hint: Using 'master' as the name for the initial branch. This default branch name
2025-11-28T17:38:29.3691221Z hint: is subject to change. To configure the initial branch name to use in all
2025-11-28T17:38:29.3692149Z hint: of your new repositories, which will suppress this warning, call:
2025-11-28T17:38:29.3692858Z hint:
2025-11-28T17:38:29.3693384Z hint: 	git config --global init.defaultBranch <name>
2025-11-28T17:38:29.3694002Z hint:
2025-11-28T17:38:29.3694579Z hint: Names commonly chosen instead of 'master' are 'main', 'trunk' and
2025-11-28T17:38:29.3695569Z hint: 'development'. The just-created branch can be renamed via this command:
2025-11-28T17:38:29.3696309Z hint:
2025-11-28T17:38:29.3696722Z hint: 	git branch -m <name>
2025-11-28T17:38:29.3697210Z hint:
2025-11-28T17:38:29.3697828Z hint: Disable this message with "git config set advice.defaultBranchName false"
2025-11-28T17:38:29.3724185Z Initialized empty Git repository in /home/runner/work/RAE-agentic-memory/RAE-agentic-memory/.git/
2025-11-28T17:38:29.3735938Z [command]/usr/bin/git remote add origin https://github.com/dreamsoft-pro/RAE-agentic-memory
2025-11-28T17:38:29.3815363Z ##[endgroup]
2025-11-28T17:38:29.3816168Z ##[group]Disabling automatic garbage collection
2025-11-28T17:38:29.3819584Z [command]/usr/bin/git config --local gc.auto 0
2025-11-28T17:38:29.3848364Z ##[endgroup]
2025-11-28T17:38:29.3849367Z ##[group]Setting up auth
2025-11-28T17:38:29.3855301Z [command]/usr/bin/git config --local --name-only --get-regexp core\.sshCommand
2025-11-28T17:38:29.3884543Z [command]/usr/bin/git submodule foreach --recursive sh -c "git config --local --name-only --get-regexp 'core\.sshCommand' && git config --local --unset-all 'core.sshCommand' || :"
2025-11-28T17:38:29.5422169Z [command]/usr/bin/git config --local --name-only --get-regexp http\.https\:\/\/github\.com\/\.extraheader
2025-11-28T17:38:29.5451669Z [command]/usr/bin/git submodule foreach --recursive sh -c "git config --local --name-only --get-regexp 'http\.https\:\/\/github\.com\/\.extraheader' && git config --local --unset-all 'http.https://github.com/.extraheader' || :"
2025-11-28T17:38:29.5667511Z [command]/usr/bin/git config --local --name-only --get-regexp ^includeIf\.gitdir:
2025-11-28T17:38:29.5695852Z [command]/usr/bin/git submodule foreach --recursive git config --local --show-origin --name-only --get-regexp remote.origin.url
2025-11-28T17:38:29.5911795Z [command]/usr/bin/git config --local http.https://github.com/.extraheader AUTHORIZATION: basic ***
2025-11-28T17:38:29.5980289Z ##[endgroup]
2025-11-28T17:38:29.5981171Z ##[group]Fetching the repository
2025-11-28T17:38:29.5982503Z [command]/usr/bin/git -c protocol.version=2 fetch --no-tags --prune --no-recurse-submodules --depth=1 origin +fbac3ab396c08da0f089066e2301ab6ad011004c:refs/remotes/origin/main
2025-11-28T17:38:30.0553912Z From https://github.com/dreamsoft-pro/RAE-agentic-memory
2025-11-28T17:38:30.0556396Z  * [new ref]         fbac3ab396c08da0f089066e2301ab6ad011004c -> origin/main
2025-11-28T17:38:30.0627306Z ##[endgroup]
2025-11-28T17:38:30.0629025Z ##[group]Determining the checkout info
2025-11-28T17:38:30.0630475Z ##[endgroup]
2025-11-28T17:38:30.0633825Z [command]/usr/bin/git sparse-checkout disable
2025-11-28T17:38:30.0707948Z [command]/usr/bin/git config --local --unset-all extensions.worktreeConfig
2025-11-28T17:38:30.0733009Z ##[group]Checking out the ref
2025-11-28T17:38:30.0736234Z [command]/usr/bin/git checkout --progress --force -B main refs/remotes/origin/main
2025-11-28T17:38:30.1131257Z Switched to a new branch 'main'
2025-11-28T17:38:30.1134049Z branch 'main' set up to track 'origin/main'.
2025-11-28T17:38:30.1142261Z ##[endgroup]
2025-11-28T17:38:30.1174607Z [command]/usr/bin/git log -1 --format=%H
2025-11-28T17:38:30.1196536Z fbac3ab396c08da0f089066e2301ab6ad011004c
2025-11-28T17:38:30.1504913Z ##[group]Run actions/setup-python@v5
2025-11-28T17:38:30.1506081Z with:
2025-11-28T17:38:30.1506915Z   python-version: 3.11
2025-11-28T17:38:30.1507859Z   cache: pip
2025-11-28T17:38:30.1508941Z   check-latest: false
2025-11-28T17:38:30.1510250Z   token: ***
2025-11-28T17:38:30.1511123Z   update-environment: true
2025-11-28T17:38:30.1512178Z   allow-prereleases: false
2025-11-28T17:38:30.1513217Z   freethreaded: false
2025-11-28T17:38:30.1514128Z ##[endgroup]
2025-11-28T17:38:30.3157557Z ##[group]Installed versions
2025-11-28T17:38:30.4422641Z Successfully set up CPython (3.11.14)
2025-11-28T17:38:30.4425466Z ##[endgroup]
2025-11-28T17:38:30.5593122Z [command]/opt/hostedtoolcache/Python/3.11.14/x64/bin/pip cache dir
2025-11-28T17:38:32.1681323Z /home/runner/.cache/pip
2025-11-28T17:38:32.3785577Z Cache hit for: setup-python-Linux-x64-24.04-Ubuntu-python-3.11.14-pip-95ebd838ea30dfa2c987f9bac75f820c290461fa42ed4bab22d8dee29c03de2a
2025-11-28T17:38:33.3772605Z Received 197132083 of 197132083 (100.0%), 194.6 MBs/sec
2025-11-28T17:38:33.3773399Z Cache Size: ~188 MB (197132083 B)
2025-11-28T17:38:33.3812655Z [command]/usr/bin/tar -xf /home/runner/work/_temp/2f5acda7-1e61-409a-8038-9616ad979a88/cache.tzst -P -C /home/runner/work/RAE-agentic-memory/RAE-agentic-memory --use-compress-program unzstd
2025-11-28T17:38:33.7589687Z Cache restored successfully
2025-11-28T17:38:33.7970669Z Cache restored from key: setup-python-Linux-x64-24.04-Ubuntu-python-3.11.14-pip-95ebd838ea30dfa2c987f9bac75f820c290461fa42ed4bab22d8dee29c03de2a
2025-11-28T17:38:33.8142285Z ##[group]Run pip install black isort ruff mypy
2025-11-28T17:38:33.8142686Z [36;1mpip install black isort ruff mypy[0m
2025-11-28T17:38:33.8183093Z shell: /usr/bin/bash -e {0}
2025-11-28T17:38:33.8183345Z env:
2025-11-28T17:38:33.8183596Z   pythonLocation: /opt/hostedtoolcache/Python/3.11.14/x64
2025-11-28T17:38:33.8184028Z   PKG_CONFIG_PATH: /opt/hostedtoolcache/Python/3.11.14/x64/lib/pkgconfig
2025-11-28T17:38:33.8184475Z   Python_ROOT_DIR: /opt/hostedtoolcache/Python/3.11.14/x64
2025-11-28T17:38:33.8184835Z   Python2_ROOT_DIR: /opt/hostedtoolcache/Python/3.11.14/x64
2025-11-28T17:38:33.8185188Z   Python3_ROOT_DIR: /opt/hostedtoolcache/Python/3.11.14/x64
2025-11-28T17:38:33.8185551Z   LD_LIBRARY_PATH: /opt/hostedtoolcache/Python/3.11.14/x64/lib
2025-11-28T17:38:33.8185847Z ##[endgroup]
2025-11-28T17:38:35.2101532Z Collecting black
2025-11-28T17:38:35.2118978Z   Using cached black-25.11.0-cp311-cp311-manylinux2014_x86_64.manylinux_2_17_x86_64.manylinux_2_28_x86_64.whl.metadata (85 kB)
2025-11-28T17:38:35.2552484Z Collecting isort
2025-11-28T17:38:35.2568566Z   Using cached isort-7.0.0-py3-none-any.whl.metadata (11 kB)
2025-11-28T17:38:35.6021420Z Collecting ruff
2025-11-28T17:38:35.6045938Z   Using cached ruff-0.14.6-py3-none-manylinux_2_17_x86_64.manylinux2014_x86_64.whl.metadata (25 kB)
2025-11-28T17:38:35.7532274Z Collecting mypy
2025-11-28T17:38:35.8323511Z   Downloading mypy-1.19.0-cp311-cp311-manylinux2014_x86_64.manylinux_2_17_x86_64.manylinux_2_28_x86_64.whl.metadata (2.2 kB)
2025-11-28T17:38:35.8635612Z Collecting click>=8.0.0 (from black)
2025-11-28T17:38:35.8649707Z   Using cached click-8.3.1-py3-none-any.whl.metadata (2.6 kB)
2025-11-28T17:38:35.8805153Z Collecting mypy-extensions>=0.4.3 (from black)
2025-11-28T17:38:35.8819356Z   Using cached mypy_extensions-1.1.0-py3-none-any.whl.metadata (1.1 kB)
2025-11-28T17:38:35.8994547Z Collecting packaging>=22.0 (from black)
2025-11-28T17:38:35.9008150Z   Using cached packaging-25.0-py3-none-any.whl.metadata (3.3 kB)
2025-11-28T17:38:35.9156294Z Collecting pathspec>=0.9.0 (from black)
2025-11-28T17:38:35.9170458Z   Using cached pathspec-0.12.1-py3-none-any.whl.metadata (21 kB)
2025-11-28T17:38:35.9380315Z Collecting platformdirs>=2 (from black)
2025-11-28T17:38:35.9394402Z   Using cached platformdirs-4.5.0-py3-none-any.whl.metadata (12 kB)
2025-11-28T17:38:35.9567865Z Collecting pytokens>=0.3.0 (from black)
2025-11-28T17:38:35.9581775Z   Using cached pytokens-0.3.0-py3-none-any.whl.metadata (2.0 kB)
2025-11-28T17:38:35.9792894Z Collecting typing_extensions>=4.6.0 (from mypy)
2025-11-28T17:38:35.9806605Z   Using cached typing_extensions-4.15.0-py3-none-any.whl.metadata (3.3 kB)
2025-11-28T17:38:36.0485012Z Collecting librt>=0.6.2 (from mypy)
2025-11-28T17:38:36.0562954Z   Downloading librt-0.6.2-cp311-cp311-manylinux2014_x86_64.manylinux_2_17_x86_64.manylinux_2_28_x86_64.whl.metadata (1.3 kB)
2025-11-28T17:38:36.0647455Z Using cached black-25.11.0-cp311-cp311-manylinux2014_x86_64.manylinux_2_17_x86_64.manylinux_2_28_x86_64.whl (1.6 MB)
2025-11-28T17:38:36.0671970Z Using cached isort-7.0.0-py3-none-any.whl (94 kB)
2025-11-28T17:38:36.0685790Z Using cached ruff-0.14.6-py3-none-manylinux_2_17_x86_64.manylinux2014_x86_64.whl (13.9 MB)
2025-11-28T17:38:36.0871956Z Downloading mypy-1.19.0-cp311-cp311-manylinux2014_x86_64.manylinux_2_17_x86_64.manylinux_2_28_x86_64.whl (13.4 MB)
2025-11-28T17:38:36.4416566Z    ━━━━━━━━━━━━━━━━━━━━━━━━━━━━━━━━━━━━━━━━ 13.4/13.4 MB 42.3 MB/s  0:00:00
2025-11-28T17:38:36.4431736Z Using cached click-8.3.1-py3-none-any.whl (108 kB)
2025-11-28T17:38:36.4512104Z Downloading librt-0.6.2-cp311-cp311-manylinux2014_x86_64.manylinux_2_17_x86_64.manylinux_2_28_x86_64.whl (86 kB)
2025-11-28T17:38:36.4576679Z Using cached mypy_extensions-1.1.0-py3-none-any.whl (5.0 kB)
2025-11-28T17:38:36.4589336Z Using cached packaging-25.0-py3-none-any.whl (66 kB)
2025-11-28T17:38:36.4602294Z Using cached pathspec-0.12.1-py3-none-any.whl (31 kB)
2025-11-28T17:38:36.4615055Z Using cached platformdirs-4.5.0-py3-none-any.whl (18 kB)
2025-11-28T17:38:36.4627855Z Using cached pytokens-0.3.0-py3-none-any.whl (12 kB)
2025-11-28T17:38:36.4640202Z Using cached typing_extensions-4.15.0-py3-none-any.whl (44 kB)
2025-11-28T17:38:36.5578934Z Installing collected packages: typing_extensions, ruff, pytokens, platformdirs, pathspec, packaging, mypy-extensions, librt, isort, click, mypy, black
2025-11-28T17:38:38.3749696Z 
2025-11-28T17:38:38.3764579Z Successfully installed black-25.11.0 click-8.3.1 isort-7.0.0 librt-0.6.2 mypy-1.19.0 mypy-extensions-1.1.0 packaging-25.0 pathspec-0.12.1 platformdirs-4.5.0 pytokens-0.3.0 ruff-0.14.6 typing_extensions-4.15.0
2025-11-28T17:38:38.4918452Z ##[group]Run black --check apps/ sdk/ integrations/
2025-11-28T17:38:38.4919331Z [36;1mblack --check apps/ sdk/ integrations/[0m
2025-11-28T17:38:38.4952802Z shell: /usr/bin/bash -e {0}
2025-11-28T17:38:38.4953031Z env:
2025-11-28T17:38:38.4953272Z   pythonLocation: /opt/hostedtoolcache/Python/3.11.14/x64
2025-11-28T17:38:38.4953684Z   PKG_CONFIG_PATH: /opt/hostedtoolcache/Python/3.11.14/x64/lib/pkgconfig
2025-11-28T17:38:38.4954071Z   Python_ROOT_DIR: /opt/hostedtoolcache/Python/3.11.14/x64
2025-11-28T17:38:38.4954421Z   Python2_ROOT_DIR: /opt/hostedtoolcache/Python/3.11.14/x64
2025-11-28T17:38:38.4954765Z   Python3_ROOT_DIR: /opt/hostedtoolcache/Python/3.11.14/x64
2025-11-28T17:38:38.4955118Z   LD_LIBRARY_PATH: /opt/hostedtoolcache/Python/3.11.14/x64/lib
2025-11-28T17:38:38.4955410Z ##[endgroup]
2025-11-28T17:38:42.3043074Z All done! ✨ 🍰 ✨
2025-11-28T17:38:42.3044485Z 190 files would be left unchanged.
2025-11-28T17:38:42.3290173Z ##[group]Run isort --check apps/ sdk/ integrations/
2025-11-28T17:38:42.3290592Z [36;1misort --check apps/ sdk/ integrations/[0m
2025-11-28T17:38:42.3323251Z shell: /usr/bin/bash -e {0}
2025-11-28T17:38:42.3323504Z env:
2025-11-28T17:38:42.3323773Z   pythonLocation: /opt/hostedtoolcache/Python/3.11.14/x64
2025-11-28T17:38:42.3324211Z   PKG_CONFIG_PATH: /opt/hostedtoolcache/Python/3.11.14/x64/lib/pkgconfig
2025-11-28T17:38:42.3324632Z   Python_ROOT_DIR: /opt/hostedtoolcache/Python/3.11.14/x64
2025-11-28T17:38:42.3325003Z   Python2_ROOT_DIR: /opt/hostedtoolcache/Python/3.11.14/x64
2025-11-28T17:38:42.3325381Z   Python3_ROOT_DIR: /opt/hostedtoolcache/Python/3.11.14/x64
2025-11-28T17:38:42.3325753Z   LD_LIBRARY_PATH: /opt/hostedtoolcache/Python/3.11.14/x64/lib
2025-11-28T17:38:42.3326062Z ##[endgroup]
2025-11-28T17:38:42.7888022Z ##[group]Run ruff check apps/ sdk/ integrations/
2025-11-28T17:38:42.7889134Z [36;1mruff check apps/ sdk/ integrations/[0m
2025-11-28T17:38:42.7936741Z shell: /usr/bin/bash -e {0}
2025-11-28T17:38:42.7937122Z env:
2025-11-28T17:38:42.7937545Z   pythonLocation: /opt/hostedtoolcache/Python/3.11.14/x64
2025-11-28T17:38:42.7938244Z   PKG_CONFIG_PATH: /opt/hostedtoolcache/Python/3.11.14/x64/lib/pkgconfig
2025-11-28T17:38:42.7939144Z   Python_ROOT_DIR: /opt/hostedtoolcache/Python/3.11.14/x64
2025-11-28T17:38:42.7939755Z   Python2_ROOT_DIR: /opt/hostedtoolcache/Python/3.11.14/x64
2025-11-28T17:38:42.7940376Z   Python3_ROOT_DIR: /opt/hostedtoolcache/Python/3.11.14/x64
2025-11-28T17:38:42.7940994Z   LD_LIBRARY_PATH: /opt/hostedtoolcache/Python/3.11.14/x64/lib
2025-11-28T17:38:42.7941505Z ##[endgroup]
2025-11-28T17:38:42.8335969Z All checks passed!
2025-11-28T17:38:42.8373088Z ##[group]Run mypy apps/ sdk/ || true
2025-11-28T17:38:42.8373403Z [36;1mmypy apps/ sdk/ || true[0m
2025-11-28T17:38:42.8405793Z shell: /usr/bin/bash -e {0}
2025-11-28T17:38:42.8406008Z env:
2025-11-28T17:38:42.8406267Z   pythonLocation: /opt/hostedtoolcache/Python/3.11.14/x64
2025-11-28T17:38:42.8406672Z   PKG_CONFIG_PATH: /opt/hostedtoolcache/Python/3.11.14/x64/lib/pkgconfig
2025-11-28T17:38:42.8407065Z   Python_ROOT_DIR: /opt/hostedtoolcache/Python/3.11.14/x64
2025-11-28T17:38:42.8407408Z   Python2_ROOT_DIR: /opt/hostedtoolcache/Python/3.11.14/x64
2025-11-28T17:38:42.8407749Z   Python3_ROOT_DIR: /opt/hostedtoolcache/Python/3.11.14/x64
2025-11-28T17:38:42.8408087Z   LD_LIBRARY_PATH: /opt/hostedtoolcache/Python/3.11.14/x64/lib
2025-11-28T17:38:42.8408370Z ##[endgroup]
2025-11-28T17:38:43.0179493Z reranker-service is not a valid Python package name
2025-11-28T17:38:43.0403040Z Post job cleanup.
2025-11-28T17:38:43.1907337Z Cache hit occurred on the primary key setup-python-Linux-x64-24.04-Ubuntu-python-3.11.14-pip-95ebd838ea30dfa2c987f9bac75f820c290461fa42ed4bab22d8dee29c03de2a, not saving cache.
2025-11-28T17:38:43.2038550Z Post job cleanup.
2025-11-28T17:38:43.2997549Z [command]/usr/bin/git version
2025-11-28T17:38:43.3034936Z git version 2.51.2
2025-11-28T17:38:43.3076987Z Temporarily overriding HOME='/home/runner/work/_temp/37dc4743-1bf7-4426-87c8-cf113a7d6d27' before making global git config changes
2025-11-28T17:38:43.3078162Z Adding repository directory to the temporary git global config as a safe directory
2025-11-28T17:38:43.3089390Z [command]/usr/bin/git config --global --add safe.directory /home/runner/work/RAE-agentic-memory/RAE-agentic-memory
2025-11-28T17:38:43.3123118Z [command]/usr/bin/git config --local --name-only --get-regexp core\.sshCommand
2025-11-28T17:38:43.3154344Z [command]/usr/bin/git submodule foreach --recursive sh -c "git config --local --name-only --get-regexp 'core\.sshCommand' && git config --local --unset-all 'core.sshCommand' || :"
2025-11-28T17:38:43.3381512Z [command]/usr/bin/git config --local --name-only --get-regexp http\.https\:\/\/github\.com\/\.extraheader
2025-11-28T17:38:43.3402414Z http.https://github.com/.extraheader
2025-11-28T17:38:43.3414842Z [command]/usr/bin/git config --local --unset-all http.https://github.com/.extraheader
2025-11-28T17:38:43.3445059Z [command]/usr/bin/git submodule foreach --recursive sh -c "git config --local --name-only --get-regexp 'http\.https\:\/\/github\.com\/\.extraheader' && git config --local --unset-all 'http.https://github.com/.extraheader' || :"
2025-11-28T17:38:43.3667031Z [command]/usr/bin/git config --local --name-only --get-regexp ^includeIf\.gitdir:
2025-11-28T17:38:43.3700363Z [command]/usr/bin/git submodule foreach --recursive git config --local --show-origin --name-only --get-regexp remote.origin.url
2025-11-28T17:38:43.4024953Z Cleaning up orphan processes
