2025-11-24T21:21:31.4103211Z Current runner version: '2.329.0'
2025-11-24T21:21:31.4131130Z ##[group]Runner Image Provisioner
2025-11-24T21:21:31.4132092Z Hosted Compute Agent
2025-11-24T21:21:31.4132582Z Version: 20251016.436
2025-11-24T21:21:31.4133281Z Commit: 8ab8ac8bfd662a3739dab9fe09456aba92132568
2025-11-24T21:21:31.4134108Z Build Date: 2025-10-15T20:44:12Z
2025-11-24T21:21:31.4134680Z ##[endgroup]
2025-11-24T21:21:31.4135242Z ##[group]Operating System
2025-11-24T21:21:31.4135832Z Ubuntu
2025-11-24T21:21:31.4136272Z 24.04.3
2025-11-24T21:21:31.4136785Z LTS
2025-11-24T21:21:31.4137234Z ##[endgroup]
2025-11-24T21:21:31.4137684Z ##[group]Runner Image
2025-11-24T21:21:31.4138292Z Image: ubuntu-24.04
2025-11-24T21:21:31.4138758Z Version: 20251112.124.1
2025-11-24T21:21:31.4139759Z Included Software: https://github.com/actions/runner-images/blob/ubuntu24/20251112.124/images/ubuntu/Ubuntu2404-Readme.md
2025-11-24T21:21:31.4141340Z Image Release: https://github.com/actions/runner-images/releases/tag/ubuntu24%2F20251112.124
2025-11-24T21:21:31.4142284Z ##[endgroup]
2025-11-24T21:21:31.4145028Z ##[group]GITHUB_TOKEN Permissions
2025-11-24T21:21:31.4147342Z Actions: write
2025-11-24T21:21:31.4147938Z ArtifactMetadata: write
2025-11-24T21:21:31.4148506Z Attestations: write
2025-11-24T21:21:31.4148975Z Checks: write
2025-11-24T21:21:31.4149487Z Contents: write
2025-11-24T21:21:31.4149965Z Deployments: write
2025-11-24T21:21:31.4150502Z Discussions: write
2025-11-24T21:21:31.4150945Z Issues: write
2025-11-24T21:21:31.4151494Z Metadata: read
2025-11-24T21:21:31.4151982Z Models: read
2025-11-24T21:21:31.4152414Z Packages: write
2025-11-24T21:21:31.4152976Z Pages: write
2025-11-24T21:21:31.4153467Z PullRequests: write
2025-11-24T21:21:31.4154391Z RepositoryProjects: write
2025-11-24T21:21:31.4155149Z SecurityEvents: write
2025-11-24T21:21:31.4155687Z Statuses: write
2025-11-24T21:21:31.4156155Z ##[endgroup]
2025-11-24T21:21:31.4158462Z Secret source: Actions
2025-11-24T21:21:31.4159204Z Prepare workflow directory
2025-11-24T21:21:31.4561767Z Prepare all required actions
2025-11-24T21:21:31.4600897Z Getting action download info
2025-11-24T21:21:31.9464103Z Download action repository 'actions/checkout@v4' (SHA:34e114876b0b11c390a56381ad16ebd13914f8d5)
2025-11-24T21:21:32.5325278Z Download action repository 'docker/setup-buildx-action@v3' (SHA:e468171a9de216ec08956ac3ada2f0791b6bd435)
2025-11-24T21:21:33.2829551Z Download action repository 'docker/build-push-action@v5' (SHA:ca052bb54ab0790a636c9b5f226502c73d547a25)
2025-11-24T21:21:33.9759864Z Complete job name: Docker Build
2025-11-24T21:21:34.0511415Z ##[group]Run actions/checkout@v4
2025-11-24T21:21:34.0512116Z with:
2025-11-24T21:21:34.0512468Z   repository: dreamsoft-pro/RAE-agentic-memory
2025-11-24T21:21:34.0513046Z   token: ***
2025-11-24T21:21:34.0513300Z   ssh-strict: true
2025-11-24T21:21:34.0513912Z   ssh-user: git
2025-11-24T21:21:34.0514252Z   persist-credentials: true
2025-11-24T21:21:34.0514548Z   clean: true
2025-11-24T21:21:34.0514816Z   sparse-checkout-cone-mode: true
2025-11-24T21:21:34.0515164Z   fetch-depth: 1
2025-11-24T21:21:34.0515417Z   fetch-tags: false
2025-11-24T21:21:34.0515682Z   show-progress: true
2025-11-24T21:21:34.0515967Z   lfs: false
2025-11-24T21:21:34.0516233Z   submodules: false
2025-11-24T21:21:34.0516511Z   set-safe-directory: true
2025-11-24T21:21:34.0517155Z ##[endgroup]
2025-11-24T21:21:34.1697569Z Syncing repository: dreamsoft-pro/RAE-agentic-memory
2025-11-24T21:21:34.1700584Z ##[group]Getting Git version info
2025-11-24T21:21:34.1705784Z Working directory is '/home/runner/work/RAE-agentic-memory/RAE-agentic-memory'
2025-11-24T21:21:34.1712813Z [command]/usr/bin/git version
2025-11-24T21:21:34.1789969Z git version 2.51.2
2025-11-24T21:21:34.1824282Z ##[endgroup]
2025-11-24T21:21:34.1837671Z Temporarily overriding HOME='/home/runner/work/_temp/823ff9db-6e9d-4ba1-961f-dd9992a1d855' before making global git config changes
2025-11-24T21:21:34.1840871Z Adding repository directory to the temporary git global config as a safe directory
2025-11-24T21:21:34.1845589Z [command]/usr/bin/git config --global --add safe.directory /home/runner/work/RAE-agentic-memory/RAE-agentic-memory
2025-11-24T21:21:34.1886183Z Deleting the contents of '/home/runner/work/RAE-agentic-memory/RAE-agentic-memory'
2025-11-24T21:21:34.1890558Z ##[group]Initializing the repository
2025-11-24T21:21:34.1896507Z [command]/usr/bin/git init /home/runner/work/RAE-agentic-memory/RAE-agentic-memory
2025-11-24T21:21:34.2008448Z hint: Using 'master' as the name for the initial branch. This default branch name
2025-11-24T21:21:34.2011630Z hint: is subject to change. To configure the initial branch name to use in all
2025-11-24T21:21:34.2012741Z hint: of your new repositories, which will suppress this warning, call:
2025-11-24T21:21:34.2013833Z hint:
2025-11-24T21:21:34.2014414Z hint: 	git config --global init.defaultBranch <name>
2025-11-24T21:21:34.2015066Z hint:
2025-11-24T21:21:34.2015709Z hint: Names commonly chosen instead of 'master' are 'main', 'trunk' and
2025-11-24T21:21:34.2016793Z hint: 'development'. The just-created branch can be renamed via this command:
2025-11-24T21:21:34.2017699Z hint:
2025-11-24T21:21:34.2018228Z hint: 	git branch -m <name>
2025-11-24T21:21:34.2018810Z hint:
2025-11-24T21:21:34.2019575Z hint: Disable this message with "git config set advice.defaultBranchName false"
2025-11-24T21:21:34.2021769Z Initialized empty Git repository in /home/runner/work/RAE-agentic-memory/RAE-agentic-memory/.git/
2025-11-24T21:21:34.2030352Z [command]/usr/bin/git remote add origin https://github.com/dreamsoft-pro/RAE-agentic-memory
2025-11-24T21:21:34.2071918Z ##[endgroup]
2025-11-24T21:21:34.2075180Z ##[group]Disabling automatic garbage collection
2025-11-24T21:21:34.2076136Z [command]/usr/bin/git config --local gc.auto 0
2025-11-24T21:21:34.2111587Z ##[endgroup]
2025-11-24T21:21:34.2114089Z ##[group]Setting up auth
2025-11-24T21:21:34.2118354Z [command]/usr/bin/git config --local --name-only --get-regexp core\.sshCommand
2025-11-24T21:21:34.2151560Z [command]/usr/bin/git submodule foreach --recursive sh -c "git config --local --name-only --get-regexp 'core\.sshCommand' && git config --local --unset-all 'core.sshCommand' || :"
2025-11-24T21:21:34.2535283Z [command]/usr/bin/git config --local --name-only --get-regexp http\.https\:\/\/github\.com\/\.extraheader
2025-11-24T21:21:34.2569037Z [command]/usr/bin/git submodule foreach --recursive sh -c "git config --local --name-only --get-regexp 'http\.https\:\/\/github\.com\/\.extraheader' && git config --local --unset-all 'http.https://github.com/.extraheader' || :"
2025-11-24T21:21:34.2812142Z [command]/usr/bin/git config --local --name-only --get-regexp ^includeIf\.gitdir:
2025-11-24T21:21:34.2852918Z [command]/usr/bin/git submodule foreach --recursive git config --local --show-origin --name-only --get-regexp remote.origin.url
2025-11-24T21:21:34.3111385Z [command]/usr/bin/git config --local http.https://github.com/.extraheader AUTHORIZATION: basic ***
2025-11-24T21:21:34.3170220Z ##[endgroup]
2025-11-24T21:21:34.3171738Z ##[group]Fetching the repository
2025-11-24T21:21:34.3185204Z [command]/usr/bin/git -c protocol.version=2 fetch --no-tags --prune --no-recurse-submodules --depth=1 origin +0320178eff75bbb04ffeabf43eb667b77d745a65:refs/remotes/origin/main
2025-11-24T21:21:34.9484775Z From https://github.com/dreamsoft-pro/RAE-agentic-memory
2025-11-24T21:21:34.9486534Z  * [new ref]         0320178eff75bbb04ffeabf43eb667b77d745a65 -> origin/main
2025-11-24T21:21:34.9527311Z ##[endgroup]
2025-11-24T21:21:34.9528045Z ##[group]Determining the checkout info
2025-11-24T21:21:34.9528876Z ##[endgroup]
2025-11-24T21:21:34.9530279Z [command]/usr/bin/git sparse-checkout disable
2025-11-24T21:21:34.9573258Z [command]/usr/bin/git config --local --unset-all extensions.worktreeConfig
2025-11-24T21:21:34.9602207Z ##[group]Checking out the ref
2025-11-24T21:21:34.9605800Z [command]/usr/bin/git checkout --progress --force -B main refs/remotes/origin/main
2025-11-24T21:21:34.9948799Z Switched to a new branch 'main'
2025-11-24T21:21:34.9951462Z branch 'main' set up to track 'origin/main'.
2025-11-24T21:21:34.9961777Z ##[endgroup]
2025-11-24T21:21:35.0009478Z [command]/usr/bin/git log -1 --format=%H
2025-11-24T21:21:35.0047994Z 0320178eff75bbb04ffeabf43eb667b77d745a65
2025-11-24T21:21:35.0270223Z ##[group]Run docker/setup-buildx-action@v3
2025-11-24T21:21:35.0270580Z with:
2025-11-24T21:21:35.0270820Z   driver: docker-container
2025-11-24T21:21:35.0271060Z   install: false
2025-11-24T21:21:35.0271270Z   use: true
2025-11-24T21:21:35.0271479Z   keep-state: false
2025-11-24T21:21:35.0271702Z   cache-binary: true
2025-11-24T21:21:35.0271921Z   cleanup: true
2025-11-24T21:21:35.0272131Z ##[endgroup]
2025-11-24T21:21:35.3653146Z ##[group]Docker info
2025-11-24T21:21:35.3677695Z [command]/usr/bin/docker version
2025-11-24T21:21:35.4824482Z Client: Docker Engine - Community
2025-11-24T21:21:35.4825541Z  Version:           28.0.4
2025-11-24T21:21:35.4826393Z  API version:       1.48
2025-11-24T21:21:35.4833340Z  Go version:        go1.23.7
2025-11-24T21:21:35.4892770Z  Git commit:        b8034c0
2025-11-24T21:21:35.4893417Z  Built:             Tue Mar 25 15:07:16 2025
2025-11-24T21:21:35.4894186Z  OS/Arch:           linux/amd64
2025-11-24T21:21:35.4894723Z  Context:           default
2025-11-24T21:21:35.4895027Z 
2025-11-24T21:21:35.4895237Z Server: Docker Engine - Community
2025-11-24T21:21:35.4895733Z  Engine:
2025-11-24T21:21:35.4896114Z   Version:          28.0.4
2025-11-24T21:21:35.4896637Z   API version:      1.48 (minimum version 1.24)
2025-11-24T21:21:35.4897213Z   Go version:       go1.23.7
2025-11-24T21:21:35.4897682Z   Git commit:       6430e49
2025-11-24T21:21:35.4898179Z   Built:            Tue Mar 25 15:07:16 2025
2025-11-24T21:21:35.4898717Z   OS/Arch:          linux/amd64
2025-11-24T21:21:35.4899216Z   Experimental:     false
2025-11-24T21:21:35.4899668Z  containerd:
2025-11-24T21:21:35.4900129Z   Version:          v2.1.5
2025-11-24T21:21:35.4900661Z   GitCommit:        fcd43222d6b07379a4be9786bda52438f0dd16a1
2025-11-24T21:21:35.4901262Z  runc:
2025-11-24T21:21:35.4901645Z   Version:          1.3.3
2025-11-24T21:21:35.4902131Z   GitCommit:        v1.3.3-0-gd842d771
2025-11-24T21:21:35.4902623Z  docker-init:
2025-11-24T21:21:35.4903031Z   Version:          0.19.0
2025-11-24T21:21:35.4903746Z   GitCommit:        de40ad0
2025-11-24T21:21:35.4914529Z [command]/usr/bin/docker info
2025-11-24T21:21:35.7400597Z Client: Docker Engine - Community
2025-11-24T21:21:35.7401191Z  Version:    28.0.4
2025-11-24T21:21:35.7401586Z  Context:    default
2025-11-24T21:21:35.7401978Z  Debug Mode: false
2025-11-24T21:21:35.7402340Z  Plugins:
2025-11-24T21:21:35.7402713Z   buildx: Docker Buildx (Docker Inc.)
2025-11-24T21:21:35.7403181Z     Version:  v0.29.1
2025-11-24T21:21:35.7403997Z     Path:     /usr/libexec/docker/cli-plugins/docker-buildx
2025-11-24T21:21:35.7404620Z   compose: Docker Compose (Docker Inc.)
2025-11-24T21:21:35.7405113Z     Version:  v2.38.2
2025-11-24T21:21:35.7405618Z     Path:     /usr/libexec/docker/cli-plugins/docker-compose
2025-11-24T21:21:35.7406045Z 
2025-11-24T21:21:35.7406202Z Server:
2025-11-24T21:21:35.7406581Z  Containers: 0
2025-11-24T21:21:35.7406960Z   Running: 0
2025-11-24T21:21:35.7407314Z   Paused: 0
2025-11-24T21:21:35.7407679Z   Stopped: 0
2025-11-24T21:21:35.7408037Z  Images: 0
2025-11-24T21:21:35.7408399Z  Server Version: 28.0.4
2025-11-24T21:21:35.7408797Z  Storage Driver: overlay2
2025-11-24T21:21:35.7409225Z   Backing Filesystem: extfs
2025-11-24T21:21:35.7411368Z   Supports d_type: true
2025-11-24T21:21:35.7417208Z   Using metacopy: false
2025-11-24T21:21:35.7417638Z   Native Overlay Diff: false
2025-11-24T21:21:35.7418077Z   userxattr: false
2025-11-24T21:21:35.7420776Z  Logging Driver: json-file
2025-11-24T21:21:35.7424778Z  Cgroup Driver: systemd
2025-11-24T21:21:35.7426842Z  Cgroup Version: 2
2025-11-24T21:21:35.7428903Z  Plugins:
2025-11-24T21:21:35.7430765Z   Volume: local
2025-11-24T21:21:35.7431975Z   Network: bridge host ipvlan macvlan null overlay
2025-11-24T21:21:35.7434739Z   Log: awslogs fluentd gcplogs gelf journald json-file local splunk syslog
2025-11-24T21:21:35.7436852Z  Swarm: inactive
2025-11-24T21:21:35.7438861Z  Runtimes: io.containerd.runc.v2 runc
2025-11-24T21:21:35.7440703Z  Default Runtime: runc
2025-11-24T21:21:35.7441727Z  Init Binary: docker-init
2025-11-24T21:21:35.7442649Z  containerd version: fcd43222d6b07379a4be9786bda52438f0dd16a1
2025-11-24T21:21:35.7443436Z  runc version: v1.3.3-0-gd842d771
2025-11-24T21:21:35.7454165Z  init version: de40ad0
2025-11-24T21:21:35.7454790Z  Security Options:
2025-11-24T21:21:35.7455380Z   apparmor
2025-11-24T21:21:35.7456067Z   seccomp
2025-11-24T21:21:35.7456620Z    Profile: builtin
2025-11-24T21:21:35.7457213Z   cgroupns
2025-11-24T21:21:35.7457712Z  Kernel Version: 6.11.0-1018-azure
2025-11-24T21:21:35.7458558Z  Operating System: Ubuntu 24.04.3 LTS
2025-11-24T21:21:35.7459196Z  OSType: linux
2025-11-24T21:21:35.7459760Z  Architecture: x86_64
2025-11-24T21:21:35.7460515Z  CPUs: 2
2025-11-24T21:21:35.7461101Z  Total Memory: 7.758GiB
2025-11-24T21:21:35.7461657Z  Name: runnervmg1sw1
2025-11-24T21:21:35.7462382Z  ID: 25309008-d3b6-4795-9b53-5704e2dd5a06
2025-11-24T21:21:35.7463102Z  Docker Root Dir: /var/lib/docker
2025-11-24T21:21:35.7463919Z  Debug Mode: false
2025-11-24T21:21:35.7464729Z  Username: githubactions
2025-11-24T21:21:35.7465340Z  Experimental: false
2025-11-24T21:21:35.7465948Z  Insecure Registries:
2025-11-24T21:21:35.7472273Z   ::1/128
2025-11-24T21:21:35.7472867Z   127.0.0.0/8
2025-11-24T21:21:35.7473336Z  Live Restore Enabled: false
2025-11-24T21:21:35.7473946Z 
2025-11-24T21:21:35.7474710Z ##[endgroup]
2025-11-24T21:21:35.8105261Z ##[group]Buildx version
2025-11-24T21:21:35.8135598Z [command]/usr/bin/docker buildx version
2025-11-24T21:21:35.8662131Z github.com/docker/buildx v0.29.1 a32761aeb3debd39be1eca514af3693af0db334b
2025-11-24T21:21:35.8696968Z ##[endgroup]
2025-11-24T21:21:35.8871615Z ##[group]Inspecting default docker context
2025-11-24T21:21:35.9036577Z [
2025-11-24T21:21:35.9040634Z   {
2025-11-24T21:21:35.9042365Z     "Name": "default",
2025-11-24T21:21:35.9042832Z     "Metadata": {},
2025-11-24T21:21:35.9043741Z     "Endpoints": {
2025-11-24T21:21:35.9044194Z       "docker": {
2025-11-24T21:21:35.9044722Z         "Host": "unix:///var/run/docker.sock",
2025-11-24T21:21:35.9045442Z         "SkipTLSVerify": false
2025-11-24T21:21:35.9045958Z       }
2025-11-24T21:21:35.9046306Z     },
2025-11-24T21:21:35.9046803Z     "TLSMaterial": {},
2025-11-24T21:21:35.9047221Z     "Storage": {
2025-11-24T21:21:35.9047749Z       "MetadataPath": "<IN MEMORY>",
2025-11-24T21:21:35.9048376Z       "TLSPath": "<IN MEMORY>"
2025-11-24T21:21:35.9048817Z     }
2025-11-24T21:21:35.9049217Z   }
2025-11-24T21:21:35.9049650Z ]
2025-11-24T21:21:35.9050559Z ##[endgroup]
2025-11-24T21:21:35.9051448Z ##[group]Creating a new builder instance
2025-11-24T21:21:36.1010527Z [command]/usr/bin/docker buildx create --name builder-0c44304d-38a3-427d-940c-8f12bfc863fe --driver docker-container --buildkitd-flags --allow-insecure-entitlement security.insecure --allow-insecure-entitlement network.host --use
2025-11-24T21:21:36.1593048Z builder-0c44304d-38a3-427d-940c-8f12bfc863fe
2025-11-24T21:21:36.1631052Z ##[endgroup]
2025-11-24T21:21:36.1633091Z ##[group]Booting builder
2025-11-24T21:21:36.1671487Z [command]/usr/bin/docker buildx inspect --bootstrap --builder builder-0c44304d-38a3-427d-940c-8f12bfc863fe
2025-11-24T21:21:36.2212593Z #1 [internal] booting buildkit
2025-11-24T21:21:36.3723984Z #1 pulling image moby/buildkit:buildx-stable-1
2025-11-24T21:21:42.5625833Z #1 pulling image moby/buildkit:buildx-stable-1 6.3s done
2025-11-24T21:21:42.7128437Z #1 creating container buildx_buildkit_builder-0c44304d-38a3-427d-940c-8f12bfc863fe0
2025-11-24T21:21:42.9341221Z #1 creating container buildx_buildkit_builder-0c44304d-38a3-427d-940c-8f12bfc863fe0 0.4s done
2025-11-24T21:21:42.9369674Z #1 DONE 6.7s
2025-11-24T21:21:42.9769113Z Name:          builder-0c44304d-38a3-427d-940c-8f12bfc863fe
2025-11-24T21:21:42.9774169Z Driver:        docker-container
2025-11-24T21:21:42.9774607Z Last Activity: 2025-11-24 21:21:36 +0000 UTC
2025-11-24T21:21:42.9775327Z 
2025-11-24T21:21:42.9775438Z Nodes:
2025-11-24T21:21:42.9775827Z Name:                  builder-0c44304d-38a3-427d-940c-8f12bfc863fe0
2025-11-24T21:21:42.9776606Z Endpoint:              unix:///var/run/docker.sock
2025-11-24T21:21:42.9777056Z Status:                running
2025-11-24T21:21:42.9777881Z BuildKit daemon flags: --allow-insecure-entitlement security.insecure --allow-insecure-entitlement network.host
2025-11-24T21:21:42.9778729Z BuildKit version:      v0.26.2
2025-11-24T21:21:42.9779236Z Platforms:             linux/amd64, linux/amd64/v2, linux/amd64/v3, linux/386
2025-11-24T21:21:42.9779769Z Labels:
2025-11-24T21:21:42.9780136Z  org.mobyproject.buildkit.worker.executor:         oci
2025-11-24T21:21:42.9780783Z  org.mobyproject.buildkit.worker.hostname:         a8dfd0f11991
2025-11-24T21:21:42.9781422Z  org.mobyproject.buildkit.worker.network:          host
2025-11-24T21:21:42.9782056Z  org.mobyproject.buildkit.worker.oci.process-mode: sandbox
2025-11-24T21:21:42.9782701Z  org.mobyproject.buildkit.worker.selinux.enabled:  false
2025-11-24T21:21:42.9783361Z  org.mobyproject.buildkit.worker.snapshotter:      overlayfs
2025-11-24T21:21:42.9784053Z GC Policy rule#0:
2025-11-24T21:21:42.9784353Z  All:            false
2025-11-24T21:21:42.9784860Z  Filters:        type==source.local,type==exec.cachemount,type==source.git.checkout
2025-11-24T21:21:42.9785448Z  Keep Duration:  48h0m0s
2025-11-24T21:21:42.9785786Z  Max Used Space: 488.3MiB
2025-11-24T21:21:42.9786108Z GC Policy rule#1:
2025-11-24T21:21:42.9786404Z  All:            false
2025-11-24T21:21:42.9786714Z  Keep Duration:  1440h0m0s
2025-11-24T21:21:42.9787045Z  Reserved Space: 7.451GiB
2025-11-24T21:21:42.9787365Z  Max Used Space: 54.02GiB
2025-11-24T21:21:42.9787702Z  Min Free Space: 13.97GiB
2025-11-24T21:21:42.9788026Z GC Policy rule#2:
2025-11-24T21:21:42.9788315Z  All:            false
2025-11-24T21:21:42.9788636Z  Reserved Space: 7.451GiB
2025-11-24T21:21:42.9788954Z  Max Used Space: 54.02GiB
2025-11-24T21:21:42.9789263Z  Min Free Space: 13.97GiB
2025-11-24T21:21:42.9789563Z GC Policy rule#3:
2025-11-24T21:21:42.9789826Z  All:            true
2025-11-24T21:21:42.9790116Z  Reserved Space: 7.451GiB
2025-11-24T21:21:42.9790436Z  Max Used Space: 54.02GiB
2025-11-24T21:21:42.9790740Z  Min Free Space: 13.97GiB
2025-11-24T21:21:42.9861358Z ##[endgroup]
2025-11-24T21:21:43.0838572Z ##[group]Inspect builder
2025-11-24T21:21:43.0854535Z {
2025-11-24T21:21:43.0855145Z   "nodes": [
2025-11-24T21:21:43.0855635Z     {
2025-11-24T21:21:43.0856220Z       "name": "builder-0c44304d-38a3-427d-940c-8f12bfc863fe0",
2025-11-24T21:21:43.0857777Z       "endpoint": "unix:///var/run/docker.sock",
2025-11-24T21:21:43.0859746Z       "status": "running",
2025-11-24T21:21:43.0860559Z       "buildkitd-flags": "--allow-insecure-entitlement security.insecure --allow-insecure-entitlement network.host",
2025-11-24T21:21:43.0861390Z       "buildkit": "v0.26.2",
2025-11-24T21:21:43.0861885Z       "platforms": "linux/amd64,linux/amd64/v2,linux/amd64/v3,linux/386",
2025-11-24T21:21:43.0862478Z       "features": {
2025-11-24T21:21:43.0862946Z         "Automatically load images to the Docker Engine image store": true,
2025-11-24T21:21:43.0869837Z         "Cache export": true,
2025-11-24T21:21:43.0870236Z         "Direct push": true,
2025-11-24T21:21:43.0870578Z         "Docker exporter": true,
2025-11-24T21:21:43.0870938Z         "Multi-platform build": true,
2025-11-24T21:21:43.0871305Z         "OCI exporter": true
2025-11-24T21:21:43.0871613Z       },
2025-11-24T21:21:43.0871837Z       "labels": {
2025-11-24T21:21:43.0872197Z         "org.mobyproject.buildkit.worker.executor": "oci",
2025-11-24T21:21:43.0872768Z         "org.mobyproject.buildkit.worker.hostname": "a8dfd0f11991",
2025-11-24T21:21:43.0873358Z         "org.mobyproject.buildkit.worker.network": "host",
2025-11-24T21:21:43.0874210Z         "org.mobyproject.buildkit.worker.oci.process-mode": "sandbox",
2025-11-24T21:21:43.0874909Z         "org.mobyproject.buildkit.worker.selinux.enabled": "false",
2025-11-24T21:21:43.0875960Z         "org.mobyproject.buildkit.worker.snapshotter": "overlayfs"
2025-11-24T21:21:43.0876585Z       },
2025-11-24T21:21:43.0876848Z       "gcPolicy": [
2025-11-24T21:21:43.0877305Z         {
2025-11-24T21:21:43.0877592Z           "all": false,
2025-11-24T21:21:43.0877892Z           "filter": [
2025-11-24T21:21:43.0878182Z             "type==source.local",
2025-11-24T21:21:43.0878540Z             "type==exec.cachemount",
2025-11-24T21:21:43.0878910Z             "type==source.git.checkout"
2025-11-24T21:21:43.0879272Z           ],
2025-11-24T21:21:43.0879516Z           "keepDuration": "48h0m0s",
2025-11-24T21:21:43.0879855Z           "maxUsedSpace": "488.3MiB"
2025-11-24T21:21:43.0880193Z         },
2025-11-24T21:21:43.0880438Z         {
2025-11-24T21:21:43.0880685Z           "all": false,
2025-11-24T21:21:43.0881036Z           "keepDuration": "1440h0m0s",
2025-11-24T21:21:43.0881421Z           "reservedSpace": "7.451GiB",
2025-11-24T21:21:43.0881804Z           "maxUsedSpace": "54.02GiB",
2025-11-24T21:21:43.0882204Z           "minFreeSpace": "13.97GiB"
2025-11-24T21:21:43.0882550Z         },
2025-11-24T21:21:43.0882803Z         {
2025-11-24T21:21:43.0883062Z           "all": false,
2025-11-24T21:21:43.0883387Z           "reservedSpace": "7.451GiB",
2025-11-24T21:21:43.0885737Z           "maxUsedSpace": "54.02GiB",
2025-11-24T21:21:43.0886155Z           "minFreeSpace": "13.97GiB"
2025-11-24T21:21:43.0886512Z         },
2025-11-24T21:21:43.0886773Z         {
2025-11-24T21:21:43.0887026Z           "all": true,
2025-11-24T21:21:43.0887355Z           "reservedSpace": "7.451GiB",
2025-11-24T21:21:43.0887752Z           "maxUsedSpace": "54.02GiB",
2025-11-24T21:21:43.0888139Z           "minFreeSpace": "13.97GiB"
2025-11-24T21:21:43.0888495Z         }
2025-11-24T21:21:43.0888736Z       ]
2025-11-24T21:21:43.0888978Z     }
2025-11-24T21:21:43.0889214Z   ],
2025-11-24T21:21:43.0889557Z   "name": "builder-0c44304d-38a3-427d-940c-8f12bfc863fe",
2025-11-24T21:21:43.0890050Z   "driver": "docker-container",
2025-11-24T21:21:43.0890454Z   "lastActivity": "2025-11-24T21:21:36.000Z"
2025-11-24T21:21:43.0890829Z }
2025-11-24T21:21:43.0891444Z ##[endgroup]
2025-11-24T21:21:43.0891958Z ##[group]BuildKit version
2025-11-24T21:21:43.0892542Z builder-0c44304d-38a3-427d-940c-8f12bfc863fe0: v0.26.2
2025-11-24T21:21:43.0893196Z ##[endgroup]
2025-11-24T21:21:43.1062441Z ##[group]Run docker/build-push-action@v5
2025-11-24T21:21:43.1062721Z with:
2025-11-24T21:21:43.1062890Z   context: .
2025-11-24T21:21:43.1063052Z   push: false
2025-11-24T21:21:43.1063226Z   tags: rae-api:test
2025-11-24T21:21:43.1063415Z   cache-from: type=gha
2025-11-24T21:21:43.1063796Z   cache-to: type=gha,mode=max
2025-11-24T21:21:43.1064007Z   load: false
2025-11-24T21:21:43.1064173Z   no-cache: false
2025-11-24T21:21:43.1064350Z   pull: false
2025-11-24T21:21:43.1064652Z   github-token: ***
2025-11-24T21:21:43.1064846Z ##[endgroup]
2025-11-24T21:21:43.3394298Z ##[group]GitHub Actions runtime token ACs
2025-11-24T21:21:43.3406772Z refs/heads/main: read/write
2025-11-24T21:21:43.3407773Z ##[endgroup]
2025-11-24T21:21:43.3421559Z ##[group]Docker info
2025-11-24T21:21:43.3456119Z [command]/usr/bin/docker version
2025-11-24T21:21:43.3663788Z Client: Docker Engine - Community
2025-11-24T21:21:43.3668195Z  Version:           28.0.4
2025-11-24T21:21:43.3669908Z  API version:       1.48
2025-11-24T21:21:43.3670274Z  Go version:        go1.23.7
2025-11-24T21:21:43.3670635Z  Git commit:        b8034c0
2025-11-24T21:21:43.3670995Z  Built:             Tue Mar 25 15:07:16 2025
2025-11-24T21:21:43.3671406Z  OS/Arch:           linux/amd64
2025-11-24T21:21:43.3671749Z  Context:           default
2025-11-24T21:21:43.3671973Z 
2025-11-24T21:21:43.3672120Z Server: Docker Engine - Community
2025-11-24T21:21:43.3672485Z  Engine:
2025-11-24T21:21:43.3672750Z   Version:          28.0.4
2025-11-24T21:21:43.3673125Z   API version:      1.48 (minimum version 1.24)
2025-11-24T21:21:43.3673857Z   Go version:       go1.23.7
2025-11-24T21:21:43.3674213Z   Git commit:       6430e49
2025-11-24T21:21:43.3674837Z   Built:            Tue Mar 25 15:07:16 2025
2025-11-24T21:21:43.3675246Z   OS/Arch:          linux/amd64
2025-11-24T21:21:43.3675597Z   Experimental:     false
2025-11-24T21:21:43.3675925Z  containerd:
2025-11-24T21:21:43.3676194Z   Version:          v2.1.5
2025-11-24T21:21:43.3676609Z   GitCommit:        fcd43222d6b07379a4be9786bda52438f0dd16a1
2025-11-24T21:21:43.3677061Z  runc:
2025-11-24T21:21:43.3677311Z   Version:          1.3.3
2025-11-24T21:21:43.3677651Z   GitCommit:        v1.3.3-0-gd842d771
2025-11-24T21:21:43.3678024Z  docker-init:
2025-11-24T21:21:43.3678299Z   Version:          0.19.0
2025-11-24T21:21:43.3678625Z   GitCommit:        de40ad0
2025-11-24T21:21:43.3724269Z [command]/usr/bin/docker info
2025-11-24T21:21:43.4631023Z Client: Docker Engine - Community
2025-11-24T21:21:43.4638138Z  Version:    28.0.4
2025-11-24T21:21:43.4656217Z  Context:    default
2025-11-24T21:21:43.4658289Z  Debug Mode: false
2025-11-24T21:21:43.4658781Z  Plugins:
2025-11-24T21:21:43.4663782Z   buildx: Docker Buildx (Docker Inc.)
2025-11-24T21:21:43.4665894Z     Version:  v0.29.1
2025-11-24T21:21:43.4667939Z     Path:     /usr/libexec/docker/cli-plugins/docker-buildx
2025-11-24T21:21:43.4670067Z   compose: Docker Compose (Docker Inc.)
2025-11-24T21:21:43.4672051Z     Version:  v2.38.2
2025-11-24T21:21:43.4674350Z     Path:     /usr/libexec/docker/cli-plugins/docker-compose
2025-11-24T21:21:43.4681095Z 
2025-11-24T21:21:43.4681248Z Server:
2025-11-24T21:21:43.4681550Z  Containers: 1
2025-11-24T21:21:43.4681872Z   Running: 1
2025-11-24T21:21:43.4682172Z   Paused: 0
2025-11-24T21:21:43.4685549Z   Stopped: 0
2025-11-24T21:21:43.4687240Z  Images: 1
2025-11-24T21:21:43.4687568Z  Server Version: 28.0.4
2025-11-24T21:21:43.4687935Z  Storage Driver: overlay2
2025-11-24T21:21:43.4688321Z   Backing Filesystem: extfs
2025-11-24T21:21:43.4688677Z   Supports d_type: true
2025-11-24T21:21:43.4689011Z   Using metacopy: false
2025-11-24T21:21:43.4689347Z   Native Overlay Diff: false
2025-11-24T21:21:43.4689730Z   userxattr: false
2025-11-24T21:21:43.4690088Z  Logging Driver: json-file
2025-11-24T21:21:43.4690447Z  Cgroup Driver: systemd
2025-11-24T21:21:43.4690773Z  Cgroup Version: 2
2025-11-24T21:21:43.4691064Z  Plugins:
2025-11-24T21:21:43.4691346Z   Volume: local
2025-11-24T21:21:43.4692196Z   Network: bridge host ipvlan macvlan null overlay
2025-11-24T21:21:43.4692912Z   Log: awslogs fluentd gcplogs gelf journald json-file local splunk syslog
2025-11-24T21:21:43.4693993Z  Swarm: inactive
2025-11-24T21:21:43.4714884Z  Runtimes: io.containerd.runc.v2 runc
2025-11-24T21:21:43.4715341Z  Default Runtime: runc
2025-11-24T21:21:43.4715684Z  Init Binary: docker-init
2025-11-24T21:21:43.4716176Z  containerd version: fcd43222d6b07379a4be9786bda52438f0dd16a1
2025-11-24T21:21:43.4716723Z  runc version: v1.3.3-0-gd842d771
2025-11-24T21:21:43.4717121Z  init version: de40ad0
2025-11-24T21:21:43.4717454Z  Security Options:
2025-11-24T21:21:43.4717761Z   apparmor
2025-11-24T21:21:43.4718021Z   seccomp
2025-11-24T21:21:43.4718290Z    Profile: builtin
2025-11-24T21:21:43.4718595Z   cgroupns
2025-11-24T21:21:43.4718880Z  Kernel Version: 6.11.0-1018-azure
2025-11-24T21:21:43.4719284Z  Operating System: Ubuntu 24.04.3 LTS
2025-11-24T21:21:43.4719686Z  OSType: linux
2025-11-24T21:21:43.4719986Z  Architecture: x86_64
2025-11-24T21:21:43.4720289Z  CPUs: 2
2025-11-24T21:21:43.4720558Z  Total Memory: 7.758GiB
2025-11-24T21:21:43.4720871Z  Name: runnervmg1sw1
2025-11-24T21:21:43.4721207Z  ID: 25309008-d3b6-4795-9b53-5704e2dd5a06
2025-11-24T21:21:43.4721608Z  Docker Root Dir: /var/lib/docker
2025-11-24T21:21:43.4721926Z  Debug Mode: false
2025-11-24T21:21:43.4722212Z  Username: githubactions
2025-11-24T21:21:43.4722545Z  Experimental: false
2025-11-24T21:21:43.4722851Z  Insecure Registries:
2025-11-24T21:21:43.4723209Z   ::1/128
2025-11-24T21:21:43.4723445Z   127.0.0.0/8
2025-11-24T21:21:43.4724379Z  Live Restore Enabled: false
2025-11-24T21:21:43.4724628Z 
2025-11-24T21:21:43.4725100Z ##[endgroup]
2025-11-24T21:21:43.4725625Z ##[group]Proxy configuration
2025-11-24T21:21:43.4726235Z No proxy configuration found
2025-11-24T21:21:43.4726783Z ##[endgroup]
2025-11-24T21:21:43.5693049Z ##[group]Buildx version
2025-11-24T21:21:43.5735081Z [command]/usr/bin/docker buildx version
2025-11-24T21:21:43.6321145Z github.com/docker/buildx v0.29.1 a32761aeb3debd39be1eca514af3693af0db334b
2025-11-24T21:21:43.6353456Z ##[endgroup]
2025-11-24T21:21:43.6355816Z ##[group]Builder info
2025-11-24T21:21:43.7320932Z {
2025-11-24T21:21:43.7321906Z   "nodes": [
2025-11-24T21:21:43.7322192Z     {
2025-11-24T21:21:43.7322588Z       "name": "builder-0c44304d-38a3-427d-940c-8f12bfc863fe0",
2025-11-24T21:21:43.7323146Z       "endpoint": "unix:///var/run/docker.sock",
2025-11-24T21:21:43.7323732Z       "status": "running",
2025-11-24T21:21:43.7324526Z       "buildkitd-flags": "--allow-insecure-entitlement security.insecure --allow-insecure-entitlement network.host",
2025-11-24T21:21:43.7325371Z       "buildkit": "v0.26.2",
2025-11-24T21:21:43.7325891Z       "platforms": "linux/amd64,linux/amd64/v2,linux/amd64/v3,linux/386",
2025-11-24T21:21:43.7326505Z       "features": {
2025-11-24T21:21:43.7326993Z         "Automatically load images to the Docker Engine image store": true,
2025-11-24T21:21:43.7327572Z         "Cache export": true,
2025-11-24T21:21:43.7327942Z         "Direct push": true,
2025-11-24T21:21:43.7328338Z         "Docker exporter": true,
2025-11-24T21:21:43.7328727Z         "Multi-platform build": true,
2025-11-24T21:21:43.7329152Z         "OCI exporter": true
2025-11-24T21:21:43.7329495Z       },
2025-11-24T21:21:43.7329788Z       "labels": {
2025-11-24T21:21:43.7330195Z         "org.mobyproject.buildkit.worker.executor": "oci",
2025-11-24T21:21:43.7330890Z         "org.mobyproject.buildkit.worker.hostname": "a8dfd0f11991",
2025-11-24T21:21:43.7331600Z         "org.mobyproject.buildkit.worker.network": "host",
2025-11-24T21:21:43.7332299Z         "org.mobyproject.buildkit.worker.oci.process-mode": "sandbox",
2025-11-24T21:21:43.7333083Z         "org.mobyproject.buildkit.worker.selinux.enabled": "false",
2025-11-24T21:21:43.7336862Z         "org.mobyproject.buildkit.worker.snapshotter": "overlayfs"
2025-11-24T21:21:43.7337549Z       },
2025-11-24T21:21:43.7337834Z       "gcPolicy": [
2025-11-24T21:21:43.7338141Z         {
2025-11-24T21:21:43.7338419Z           "all": false,
2025-11-24T21:21:43.7339168Z           "filter": [
2025-11-24T21:21:43.7339537Z             "type==source.local",
2025-11-24T21:21:43.7339929Z             "type==exec.cachemount",
2025-11-24T21:21:43.7340328Z             "type==source.git.checkout"
2025-11-24T21:21:43.7340705Z           ],
2025-11-24T21:21:43.7341021Z           "keepDuration": "48h0m0s"
2025-11-24T21:21:43.7341405Z         },
2025-11-24T21:21:43.7341662Z         {
2025-11-24T21:21:43.7341928Z           "all": false,
2025-11-24T21:21:43.7342276Z           "keepDuration": "1440h0m0s"
2025-11-24T21:21:43.7342642Z         },
2025-11-24T21:21:43.7342907Z         {
2025-11-24T21:21:43.7343167Z           "all": false
2025-11-24T21:21:43.7344951Z         },
2025-11-24T21:21:43.7345560Z         {
2025-11-24T21:21:43.7345825Z           "all": true
2025-11-24T21:21:43.7346141Z         }
2025-11-24T21:21:43.7346398Z       ]
2025-11-24T21:21:43.7346652Z     }
2025-11-24T21:21:43.7346891Z   ],
2025-11-24T21:21:43.7347269Z   "name": "builder-0c44304d-38a3-427d-940c-8f12bfc863fe",
2025-11-24T21:21:43.7347777Z   "driver": "docker-container",
2025-11-24T21:21:43.7348190Z   "lastActivity": "2025-11-24T21:21:36.000Z"
2025-11-24T21:21:43.7348591Z }
2025-11-24T21:21:43.7349349Z ##[endgroup]
2025-11-24T21:21:43.8987744Z [command]/usr/bin/docker buildx build --cache-from type=gha --cache-to type=gha,mode=max --iidfile /home/runner/work/_temp/docker-actions-toolkit-LvjqgH/build-iidfile-2e65ba86e2.txt --attest type=provenance,mode=min,inline-only=true,builder-id=https://github.com/dreamsoft-pro/RAE-agentic-memory/actions/runs/19649649598 --tag rae-api:test --metadata-file /home/runner/work/_temp/docker-actions-toolkit-LvjqgH/build-metadata-28493a3a3c.json .
2025-11-24T21:21:44.1810199Z #0 building with "builder-0c44304d-38a3-427d-940c-8f12bfc863fe" instance using docker-container driver
2025-11-24T21:21:44.1811064Z 
2025-11-24T21:21:44.1811273Z #1 [internal] load build definition from Dockerfile
2025-11-24T21:21:44.1811783Z #1 transferring dockerfile: 1.14kB done
2025-11-24T21:21:44.1812445Z #1 WARN: FromAsCasing: 'as' and 'FROM' keywords' casing do not match (line 2)
2025-11-24T21:21:44.1813057Z #1 DONE 0.0s
2025-11-24T21:21:44.1813237Z 
2025-11-24T21:21:44.1813752Z #2 [internal] load metadata for docker.io/library/python:3.11-slim
2025-11-24T21:21:44.4210471Z #2 ...
2025-11-24T21:21:44.4211188Z 
2025-11-24T21:21:44.4213111Z #3 [auth] library/python:pull token for registry-1.docker.io
2025-11-24T21:21:44.4216045Z #3 DONE 0.0s
2025-11-24T21:21:44.5702175Z 
2025-11-24T21:21:44.5702934Z #2 [internal] load metadata for docker.io/library/python:3.11-slim
2025-11-24T21:21:45.0324604Z #2 DONE 1.0s
2025-11-24T21:21:45.2056000Z 
2025-11-24T21:21:45.2056817Z #4 [internal] load .dockerignore
2025-11-24T21:21:45.2057319Z #4 transferring context: 2B done
2025-11-24T21:21:45.2057667Z #4 DONE 0.0s
2025-11-24T21:21:45.2057841Z 
2025-11-24T21:21:45.2057940Z #5 [internal] load build context
2025-11-24T21:21:45.2058149Z #5 DONE 0.0s
2025-11-24T21:21:45.2058239Z 
2025-11-24T21:21:45.2058597Z #6 [ 1/10] FROM docker.io/library/python:3.11-slim@sha256:193fdd0bbcb3d2ae612bd6cc3548d2f7c78d65b549fcaa8af75624c47474444d
2025-11-24T21:21:45.2059363Z #6 resolve docker.io/library/python:3.11-slim@sha256:193fdd0bbcb3d2ae612bd6cc3548d2f7c78d65b549fcaa8af75624c47474444d done
2025-11-24T21:21:45.2059839Z #6 DONE 0.0s
2025-11-24T21:21:45.2059938Z 
2025-11-24T21:21:45.2060065Z #7 importing cache manifest from gha:5014465979969595920
2025-11-24T21:21:45.6694985Z #7 DONE 0.6s
2025-11-24T21:21:45.8787196Z 
2025-11-24T21:21:45.8787921Z #5 [internal] load build context
2025-11-24T21:21:45.8788695Z #5 transferring context: 1.39MB 0.0s done
2025-11-24T21:21:45.8789135Z #5 DONE 0.1s
2025-11-24T21:21:45.8789323Z 
2025-11-24T21:21:45.8789486Z #8 [ 3/10] WORKDIR /app
2025-11-24T21:21:45.8789836Z #8 CACHED
2025-11-24T21:21:45.8790007Z 
2025-11-24T21:21:45.8790306Z #9 [ 4/10] COPY sdk/python/rae_memory_sdk /app/sdk/python/rae_memory_sdk
2025-11-24T21:21:45.8790877Z #9 CACHED
2025-11-24T21:21:45.8791045Z 
2025-11-24T21:21:45.8791747Z #10 [ 5/10] RUN pip install --no-cache-dir -e /app/sdk/python/rae_memory_sdk
2025-11-24T21:21:45.8792342Z #10 CACHED
2025-11-24T21:21:45.8792508Z 
2025-11-24T21:21:45.8792856Z #11 [ 6/10] COPY apps/memory_api/requirements-base.txt /app/requirements-base.txt
2025-11-24T21:21:45.8793698Z #11 CACHED
2025-11-24T21:21:45.8793868Z 
2025-11-24T21:21:45.8794098Z #12 [ 7/10] COPY apps/memory_api/requirements.txt /app/requirements.txt
2025-11-24T21:21:45.8794483Z #12 CACHED
2025-11-24T21:21:45.8794595Z 
2025-11-24T21:21:45.8794930Z #13 [ 2/10] RUN apt-get update && apt-get install -y     gcc     g++     postgresql-client     && rm -rf /var/lib/apt/lists/*
2025-11-24T21:21:45.8795436Z #13 CACHED
2025-11-24T21:21:45.8795550Z 
2025-11-24T21:21:45.8795947Z #14 [ 8/10] RUN pip install --no-cache-dir -r /app/requirements-base.txt &&     pip install --no-cache-dir -r /app/requirements.txt
2025-11-24T21:21:45.9669640Z #14 CACHED
2025-11-24T21:21:46.1213192Z 
2025-11-24T21:21:46.1214441Z #14 [ 8/10] RUN pip install --no-cache-dir -r /app/requirements-base.txt &&     pip install --no-cache-dir -r /app/requirements.txt
2025-11-24T21:21:46.1215774Z #14 sha256:c2633b74ea0ae3d8c8780c75e1de4b568b4b9c3767e9b2f0f37a418d4ec1d9cd 698B / 698B 0.1s done
2025-11-24T21:21:46.1216799Z #14 sha256:dc8b0f218e0313961c2d8c5ab4781eb1276418c293221f6a6a826248645bbb97 0B / 117.16MB 0.2s
2025-11-24T21:21:46.2624433Z #14 sha256:51adc2b0dcb2bb7698db0c5c8bd900a1f428d8389a87d363d6b537bcc506d5c4 493B / 493B 0.3s done
2025-11-24T21:21:46.2625663Z #14 sha256:10cebb1762bb964f3e5cb78318bec152508d309ea38bac8049c065729c66e907 0B / 10.37MB 0.2s
2025-11-24T21:21:46.2626719Z #14 sha256:1bb701f1805412430b867463f7a7951cb47aabb939cd570b43871e6dfadd8492 0B / 14.43kB 0.2s
2025-11-24T21:21:46.4215482Z #14 sha256:1bb701f1805412430b867463f7a7951cb47aabb939cd570b43871e6dfadd8492 14.43kB / 14.43kB 0.3s done
2025-11-24T21:21:46.4216654Z #14 sha256:cbb9907c77db31c369c2ba365d144a5cc1a60c7cd264cca9f23b15958b02e50f 92B / 92B 0.1s done
2025-11-24T21:21:46.5718439Z #14 sha256:05d15e3da811dc793ae036d5635fd166b63054739e4c9f2adeba145d30fe0d61 0B / 109.08MB 0.2s
2025-11-24T21:21:46.5719590Z #14 sha256:1771569cc1299abc9cc762fc4419523e721b11a3927ef968ae63ba0a4a88f2da 0B / 251B 0.2s
2025-11-24T21:21:46.7219520Z #14 sha256:1771569cc1299abc9cc762fc4419523e721b11a3927ef968ae63ba0a4a88f2da 251B / 251B 0.3s done
2025-11-24T21:21:46.8726445Z #14 sha256:10cebb1762bb964f3e5cb78318bec152508d309ea38bac8049c065729c66e907 1.05MB / 10.37MB 0.8s
2025-11-24T21:21:46.8727787Z #14 sha256:b3dd773c329649f22e467ae63d1c612a039a0559dec99ffb9ada904ab5c60c55 0B / 14.36MB 0.2s
2025-11-24T21:21:47.1715660Z #14 sha256:10cebb1762bb964f3e5cb78318bec152508d309ea38bac8049c065729c66e907 2.10MB / 10.37MB 1.1s
2025-11-24T21:21:47.3219698Z #14 sha256:10cebb1762bb964f3e5cb78318bec152508d309ea38bac8049c065729c66e907 4.19MB / 10.37MB 1.2s
2025-11-24T21:21:47.4513230Z #14 sha256:10cebb1762bb964f3e5cb78318bec152508d309ea38bac8049c065729c66e907 10.37MB / 10.37MB 1.5s done
2025-11-24T21:21:47.4514842Z #14 sha256:b3dd773c329649f22e467ae63d1c612a039a0559dec99ffb9ada904ab5c60c55 1.05MB / 14.36MB 0.8s
2025-11-24T21:21:47.5663937Z #14 sha256:b3dd773c329649f22e467ae63d1c612a039a0559dec99ffb9ada904ab5c60c55 3.15MB / 14.36MB 0.9s
2025-11-24T21:21:47.5667016Z #14 sha256:22b63e76fde1e200371ed9f3cee91161d192063bcff65c9ab6bf63819810a974 1.29MB / 1.29MB 0.1s done
2025-11-24T21:21:47.6696672Z #14 sha256:dc8b0f218e0313961c2d8c5ab4781eb1276418c293221f6a6a826248645bbb97 7.34MB / 117.16MB 1.7s
2025-11-24T21:21:47.6698201Z #14 sha256:b3dd773c329649f22e467ae63d1c612a039a0559dec99ffb9ada904ab5c60c55 5.24MB / 14.36MB 1.1s
2025-11-24T21:21:47.7715082Z #14 sha256:0e4bc2bd6656e6e004e3c749af70e5650bac2258243eb0949dea51cb8b7863db 0B / 29.78MB 0.2s
2025-11-24T21:21:47.9219863Z #14 sha256:05d15e3da811dc793ae036d5635fd166b63054739e4c9f2adeba145d30fe0d61 7.34MB / 109.08MB 1.5s
2025-11-24T21:21:47.9221095Z #14 sha256:b3dd773c329649f22e467ae63d1c612a039a0559dec99ffb9ada904ab5c60c55 8.39MB / 14.36MB 1.2s
2025-11-24T21:21:48.0556108Z #14 sha256:b3dd773c329649f22e467ae63d1c612a039a0559dec99ffb9ada904ab5c60c55 14.36MB / 14.36MB 1.4s done
2025-11-24T21:21:48.1672405Z #14 sha256:dc8b0f218e0313961c2d8c5ab4781eb1276418c293221f6a6a826248645bbb97 13.63MB / 117.16MB 2.1s
2025-11-24T21:21:48.2868341Z #14 sha256:05d15e3da811dc793ae036d5635fd166b63054739e4c9f2adeba145d30fe0d61 15.73MB / 109.08MB 2.0s
2025-11-24T21:21:48.5859807Z #14 sha256:dc8b0f218e0313961c2d8c5ab4781eb1276418c293221f6a6a826248645bbb97 19.92MB / 117.16MB 2.6s
2025-11-24T21:21:48.5861080Z #14 sha256:05d15e3da811dc793ae036d5635fd166b63054739e4c9f2adeba145d30fe0d61 24.12MB / 109.08MB 2.3s
2025-11-24T21:21:48.7362600Z #14 sha256:0e4bc2bd6656e6e004e3c749af70e5650bac2258243eb0949dea51cb8b7863db 3.15MB / 29.78MB 1.1s
2025-11-24T21:21:48.8864483Z #14 sha256:05d15e3da811dc793ae036d5635fd166b63054739e4c9f2adeba145d30fe0d61 30.41MB / 109.08MB 2.6s
2025-11-24T21:21:48.8865629Z #14 sha256:0e4bc2bd6656e6e004e3c749af70e5650bac2258243eb0949dea51cb8b7863db 5.24MB / 29.78MB 1.2s
2025-11-24T21:21:49.0362388Z #14 sha256:dc8b0f218e0313961c2d8c5ab4781eb1276418c293221f6a6a826248645bbb97 26.21MB / 117.16MB 3.0s
2025-11-24T21:21:49.0367136Z #14 sha256:0e4bc2bd6656e6e004e3c749af70e5650bac2258243eb0949dea51cb8b7863db 8.39MB / 29.78MB 1.4s
2025-11-24T21:21:49.1860919Z #14 sha256:05d15e3da811dc793ae036d5635fd166b63054739e4c9f2adeba145d30fe0d61 36.70MB / 109.08MB 2.9s
2025-11-24T21:21:49.1864458Z #14 sha256:0e4bc2bd6656e6e004e3c749af70e5650bac2258243eb0949dea51cb8b7863db 11.53MB / 29.78MB 1.5s
2025-11-24T21:21:49.3357576Z #14 sha256:0e4bc2bd6656e6e004e3c749af70e5650bac2258243eb0949dea51cb8b7863db 15.73MB / 29.78MB 1.7s
2025-11-24T21:21:49.4861245Z #14 sha256:dc8b0f218e0313961c2d8c5ab4781eb1276418c293221f6a6a826248645bbb97 32.51MB / 117.16MB 3.5s
2025-11-24T21:21:49.4863393Z #14 sha256:05d15e3da811dc793ae036d5635fd166b63054739e4c9f2adeba145d30fe0d61 45.09MB / 109.08MB 3.2s
2025-11-24T21:21:49.4864786Z #14 sha256:0e4bc2bd6656e6e004e3c749af70e5650bac2258243eb0949dea51cb8b7863db 19.92MB / 29.78MB 1.8s
2025-11-24T21:21:49.6369670Z #14 sha256:0e4bc2bd6656e6e004e3c749af70e5650bac2258243eb0949dea51cb8b7863db 27.26MB / 29.78MB 2.0s
2025-11-24T21:21:49.7858332Z #14 sha256:05d15e3da811dc793ae036d5635fd166b63054739e4c9f2adeba145d30fe0d61 53.48MB / 109.08MB 3.5s
2025-11-24T21:21:49.7859557Z #14 sha256:0e4bc2bd6656e6e004e3c749af70e5650bac2258243eb0949dea51cb8b7863db 29.78MB / 29.78MB 2.1s done
2025-11-24T21:21:49.7864923Z #14 extracting sha256:0e4bc2bd6656e6e004e3c749af70e5650bac2258243eb0949dea51cb8b7863db
2025-11-24T21:21:50.0864675Z #14 sha256:dc8b0f218e0313961c2d8c5ab4781eb1276418c293221f6a6a826248645bbb97 39.85MB / 117.16MB 4.1s
2025-11-24T21:21:50.0868188Z #14 sha256:05d15e3da811dc793ae036d5635fd166b63054739e4c9f2adeba145d30fe0d61 61.87MB / 109.08MB 3.8s
2025-11-24T21:21:50.3860641Z #14 sha256:05d15e3da811dc793ae036d5635fd166b63054739e4c9f2adeba145d30fe0d61 68.16MB / 109.08MB 4.1s
2025-11-24T21:21:50.5357458Z #14 sha256:dc8b0f218e0313961c2d8c5ab4781eb1276418c293221f6a6a826248645bbb97 46.14MB / 117.16MB 4.5s
2025-11-24T21:21:50.5358779Z #14 extracting sha256:0e4bc2bd6656e6e004e3c749af70e5650bac2258243eb0949dea51cb8b7863db 0.8s done
2025-11-24T21:21:50.5359936Z #14 extracting sha256:22b63e76fde1e200371ed9f3cee91161d192063bcff65c9ab6bf63819810a974
2025-11-24T21:21:50.6865797Z #14 sha256:05d15e3da811dc793ae036d5635fd166b63054739e4c9f2adeba145d30fe0d61 74.45MB / 109.08MB 4.4s
2025-11-24T21:21:50.6871545Z #14 extracting sha256:22b63e76fde1e200371ed9f3cee91161d192063bcff65c9ab6bf63819810a974 0.1s done
2025-11-24T21:21:50.6872591Z #14 extracting sha256:b3dd773c329649f22e467ae63d1c612a039a0559dec99ffb9ada904ab5c60c55
2025-11-24T21:21:50.9863074Z #14 sha256:dc8b0f218e0313961c2d8c5ab4781eb1276418c293221f6a6a826248645bbb97 52.43MB / 117.16MB 5.0s
2025-11-24T21:21:50.9864388Z #14 sha256:05d15e3da811dc793ae036d5635fd166b63054739e4c9f2adeba145d30fe0d61 82.84MB / 109.08MB 4.7s
2025-11-24T21:21:51.1320680Z #14 extracting sha256:b3dd773c329649f22e467ae63d1c612a039a0559dec99ffb9ada904ab5c60c55 0.6s done
2025-11-24T21:21:51.2856813Z #14 sha256:05d15e3da811dc793ae036d5635fd166b63054739e4c9f2adeba145d30fe0d61 91.23MB / 109.08MB 5.0s
2025-11-24T21:21:51.2858014Z #14 extracting sha256:1771569cc1299abc9cc762fc4419523e721b11a3927ef968ae63ba0a4a88f2da done
2025-11-24T21:21:51.4358204Z #14 sha256:dc8b0f218e0313961c2d8c5ab4781eb1276418c293221f6a6a826248645bbb97 58.72MB / 117.16MB 5.4s
2025-11-24T21:21:51.5873092Z #14 sha256:05d15e3da811dc793ae036d5635fd166b63054739e4c9f2adeba145d30fe0d61 99.61MB / 109.08MB 5.3s
2025-11-24T21:21:51.8865009Z #14 sha256:dc8b0f218e0313961c2d8c5ab4781eb1276418c293221f6a6a826248645bbb97 65.01MB / 117.16MB 5.9s
2025-11-24T21:21:51.8866198Z #14 sha256:05d15e3da811dc793ae036d5635fd166b63054739e4c9f2adeba145d30fe0d61 105.91MB / 109.08MB 5.6s
2025-11-24T21:21:52.4214629Z #14 sha256:dc8b0f218e0313961c2d8c5ab4781eb1276418c293221f6a6a826248645bbb97 73.40MB / 117.16MB 6.5s
2025-11-24T21:21:52.4217176Z #14 sha256:05d15e3da811dc793ae036d5635fd166b63054739e4c9f2adeba145d30fe0d61 109.08MB / 109.08MB 5.9s done
2025-11-24T21:21:52.4219026Z #14 extracting sha256:05d15e3da811dc793ae036d5635fd166b63054739e4c9f2adeba145d30fe0d61
2025-11-24T21:21:52.8722748Z #14 sha256:dc8b0f218e0313961c2d8c5ab4781eb1276418c293221f6a6a826248645bbb97 79.69MB / 117.16MB 6.9s
2025-11-24T21:21:53.4715205Z #14 sha256:dc8b0f218e0313961c2d8c5ab4781eb1276418c293221f6a6a826248645bbb97 87.03MB / 117.16MB 7.5s
2025-11-24T21:21:53.9211944Z #14 sha256:dc8b0f218e0313961c2d8c5ab4781eb1276418c293221f6a6a826248645bbb97 93.32MB / 117.16MB 8.0s
2025-11-24T21:21:54.3715666Z #14 sha256:dc8b0f218e0313961c2d8c5ab4781eb1276418c293221f6a6a826248645bbb97 99.61MB / 117.16MB 8.4s
2025-11-24T21:21:54.8215430Z #14 sha256:dc8b0f218e0313961c2d8c5ab4781eb1276418c293221f6a6a826248645bbb97 105.91MB / 117.16MB 8.9s
2025-11-24T21:21:54.8219253Z #14 extracting sha256:05d15e3da811dc793ae036d5635fd166b63054739e4c9f2adeba145d30fe0d61 2.5s done
2025-11-24T21:21:54.8220612Z #14 extracting sha256:cbb9907c77db31c369c2ba365d144a5cc1a60c7cd264cca9f23b15958b02e50f done
2025-11-24T21:21:54.8221615Z #14 extracting sha256:1bb701f1805412430b867463f7a7951cb47aabb939cd570b43871e6dfadd8492 done
2025-11-24T21:21:54.8222553Z #14 extracting sha256:10cebb1762bb964f3e5cb78318bec152508d309ea38bac8049c065729c66e907
2025-11-24T21:21:55.0855476Z #14 extracting sha256:10cebb1762bb964f3e5cb78318bec152508d309ea38bac8049c065729c66e907 0.3s done
2025-11-24T21:21:55.2715267Z #14 sha256:dc8b0f218e0313961c2d8c5ab4781eb1276418c293221f6a6a826248645bbb97 112.20MB / 117.16MB 9.3s
2025-11-24T21:21:55.2716548Z #14 extracting sha256:c2633b74ea0ae3d8c8780c75e1de4b568b4b9c3767e9b2f0f37a418d4ec1d9cd done
2025-11-24T21:21:55.2717755Z #14 extracting sha256:51adc2b0dcb2bb7698db0c5c8bd900a1f428d8389a87d363d6b537bcc506d5c4 done
2025-11-24T21:21:56.0633795Z #14 sha256:dc8b0f218e0313961c2d8c5ab4781eb1276418c293221f6a6a826248645bbb97 117.16MB / 117.16MB 9.9s done
2025-11-24T21:21:56.0635526Z #14 extracting sha256:dc8b0f218e0313961c2d8c5ab4781eb1276418c293221f6a6a826248645bbb97
2025-11-24T21:22:01.4556544Z #14 extracting sha256:dc8b0f218e0313961c2d8c5ab4781eb1276418c293221f6a6a826248645bbb97 5.5s done
2025-11-24T21:22:01.4557429Z #14 DONE 15.7s
2025-11-24T21:22:01.7040357Z 
2025-11-24T21:22:01.7040829Z #15 [ 9/10] COPY apps/memory_api /app
2025-11-24T21:22:03.0624712Z #15 DONE 1.5s
2025-11-24T21:22:03.2138910Z 
2025-11-24T21:22:03.2139754Z #16 [10/10] RUN useradd -m -u 1000 appuser && chown -R appuser:appuser /app
2025-11-24T21:22:03.2351563Z #16 DONE 0.2s
2025-11-24T21:22:03.3883882Z 
2025-11-24T21:22:03.3884645Z #17 exporting to GitHub Actions Cache
2025-11-24T21:22:03.3885158Z #17 preparing build cache for export
2025-11-24T21:22:04.0186298Z #17 writing layer sha256:2d1c2190e2adce5c326e14d5c00b66e9e16cbebb8924ed237f6d3cc2323e10a0
2025-11-24T21:22:04.6677360Z #17 writing layer sha256:2d1c2190e2adce5c326e14d5c00b66e9e16cbebb8924ed237f6d3cc2323e10a0 0.6s done
2025-11-24T21:22:04.8482308Z #17 writing layer sha256:7a5c27c65744ee0ec25af3434be3b6c3ec39658477f9e8382696b722b57139c4
2025-11-24T21:22:05.6919704Z #17 writing layer sha256:7a5c27c65744ee0ec25af3434be3b6c3ec39658477f9e8382696b722b57139c4 0.8s done
2025-11-24T21:22:06.6099858Z #17 preparing build cache for export 3.4s done
2025-11-24T21:22:06.6106479Z #17 DONE 3.4s
2025-11-24T21:22:06.6347603Z 
2025-11-24T21:22:06.6350882Z #18 resolving provenance for metadata file
2025-11-24T21:22:06.6351389Z #18 DONE 0.0s
2025-11-24T21:22:06.6352140Z WARNING: No output specified with docker-container driver. Build result will only remain in the build cache. To push result image into registry use --push or to load image into docker use --load
2025-11-24T21:22:06.6352858Z 
2025-11-24T21:22:06.6353296Z  [33m1 warning found (use docker --debug to expand):
2025-11-24T21:22:06.6354003Z [0m - FromAsCasing: 'as' and 'FROM' keywords' casing do not match (line 2)
2025-11-24T21:22:06.6471183Z ##[group]Metadata
2025-11-24T21:22:06.6472543Z {
2025-11-24T21:22:06.6473432Z   "buildx.build.provenance": {
2025-11-24T21:22:06.6475032Z     "builder": {
2025-11-24T21:22:06.6476400Z       "id": "https://github.com/dreamsoft-pro/RAE-agentic-memory/actions/runs/19649649598"
2025-11-24T21:22:06.6477862Z     },
2025-11-24T21:22:06.6478824Z     "buildType": "https://mobyproject.org/buildkit@v1",
2025-11-24T21:22:06.6479829Z     "materials": [
2025-11-24T21:22:06.6480613Z       {
2025-11-24T21:22:06.6481620Z         "uri": "pkg:docker/python@3.11-slim?platform=linux%2Famd64",
2025-11-24T21:22:06.6482883Z         "digest": {
2025-11-24T21:22:06.6484358Z           "sha256": "193fdd0bbcb3d2ae612bd6cc3548d2f7c78d65b549fcaa8af75624c47474444d"
2025-11-24T21:22:06.6485851Z         }
2025-11-24T21:22:06.6486546Z       }
2025-11-24T21:22:06.6487277Z     ],
2025-11-24T21:22:06.6488518Z     "invocation": {
2025-11-24T21:22:06.6489302Z       "configSource": {
2025-11-24T21:22:06.6490253Z         "entryPoint": "Dockerfile"
2025-11-24T21:22:06.6492008Z       },
2025-11-24T21:22:06.6492272Z       "parameters": {
2025-11-24T21:22:06.6492589Z         "frontend": "dockerfile.v0",
2025-11-24T21:22:06.6492956Z         "locals": [
2025-11-24T21:22:06.6493226Z           {
2025-11-24T21:22:06.6493673Z             "name": "context"
2025-11-24T21:22:06.6494011Z           },
2025-11-24T21:22:06.6494266Z           {
2025-11-24T21:22:06.6494533Z             "name": "dockerfile"
2025-11-24T21:22:06.6494872Z           }
2025-11-24T21:22:06.6495110Z         ]
2025-11-24T21:22:06.6495350Z       },
2025-11-24T21:22:06.6495611Z       "environment": {
2025-11-24T21:22:06.6495924Z         "platform": "linux/amd64",
2025-11-24T21:22:06.6496317Z         "ProvenanceCustomEnv": null
2025-11-24T21:22:06.6496671Z       }
2025-11-24T21:22:06.6496912Z     }
2025-11-24T21:22:06.6497143Z   },
2025-11-24T21:22:06.6497963Z   "buildx.build.ref": "builder-0c44304d-38a3-427d-940c-8f12bfc863fe/builder-0c44304d-38a3-427d-940c-8f12bfc863fe0/mnoaan7vy29w417ua7akawb5s"
2025-11-24T21:22:06.6498890Z }
2025-11-24T21:22:06.6499402Z ##[endgroup]
2025-11-24T21:22:06.6621745Z Post job cleanup.
2025-11-24T21:22:06.9018031Z ##[group]Removing temp folder /home/runner/work/_temp/docker-actions-toolkit-LvjqgH
2025-11-24T21:22:06.9018965Z ##[endgroup]
2025-11-24T21:22:06.9019508Z ##[group]Post cache
2025-11-24T21:22:06.9019817Z State not set
2025-11-24T21:22:06.9020307Z ##[endgroup]
2025-11-24T21:22:06.9130359Z Post job cleanup.
2025-11-24T21:22:07.2199506Z ##[group]Removing builder
2025-11-24T21:22:07.3380650Z [command]/usr/bin/docker buildx rm builder-0c44304d-38a3-427d-940c-8f12bfc863fe
2025-11-24T21:22:08.6041298Z builder-0c44304d-38a3-427d-940c-8f12bfc863fe removed
2025-11-24T21:22:08.6071914Z ##[endgroup]
2025-11-24T21:22:08.6074970Z ##[group]Cleaning up certificates
2025-11-24T21:22:08.6082506Z ##[endgroup]
2025-11-24T21:22:08.6084856Z ##[group]Post cache
2025-11-24T21:22:08.6087675Z State not set
2025-11-24T21:22:08.6089709Z ##[endgroup]
2025-11-24T21:22:08.6237279Z Post job cleanup.
2025-11-24T21:22:08.7215743Z [command]/usr/bin/git version
2025-11-24T21:22:08.7282230Z git version 2.51.2
2025-11-24T21:22:08.7359381Z Temporarily overriding HOME='/home/runner/work/_temp/f9ce7ca9-32c9-4aa1-8d0d-c7cb5ff5d959' before making global git config changes
2025-11-24T21:22:08.7374700Z Adding repository directory to the temporary git global config as a safe directory
2025-11-24T21:22:08.7383217Z [command]/usr/bin/git config --global --add safe.directory /home/runner/work/RAE-agentic-memory/RAE-agentic-memory
2025-11-24T21:22:08.7433923Z [command]/usr/bin/git config --local --name-only --get-regexp core\.sshCommand
2025-11-24T21:22:08.7471430Z [command]/usr/bin/git submodule foreach --recursive sh -c "git config --local --name-only --get-regexp 'core\.sshCommand' && git config --local --unset-all 'core.sshCommand' || :"
2025-11-24T21:22:08.7723291Z [command]/usr/bin/git config --local --name-only --get-regexp http\.https\:\/\/github\.com\/\.extraheader
2025-11-24T21:22:08.7749847Z http.https://github.com/.extraheader
2025-11-24T21:22:08.7765163Z [command]/usr/bin/git config --local --unset-all http.https://github.com/.extraheader
2025-11-24T21:22:08.7799886Z [command]/usr/bin/git submodule foreach --recursive sh -c "git config --local --name-only --get-regexp 'http\.https\:\/\/github\.com\/\.extraheader' && git config --local --unset-all 'http.https://github.com/.extraheader' || :"
2025-11-24T21:22:08.8085729Z [command]/usr/bin/git config --local --name-only --get-regexp ^includeIf\.gitdir:
2025-11-24T21:22:08.8150626Z [command]/usr/bin/git submodule foreach --recursive git config --local --show-origin --name-only --get-regexp remote.origin.url
2025-11-24T21:22:08.8585362Z Cleaning up orphan processes
