2025-11-24T21:21:30.2960334Z Current runner version: '2.329.0'
2025-11-24T21:21:30.2993783Z ##[group]Runner Image Provisioner
2025-11-24T21:21:30.2995004Z Hosted Compute Agent
2025-11-24T21:21:30.2995922Z Version: 20251016.436
2025-11-24T21:21:30.2996971Z Commit: 8ab8ac8bfd662a3739dab9fe09456aba92132568
2025-11-24T21:21:30.2998140Z Build Date: 2025-10-15T20:44:12Z
2025-11-24T21:21:30.2999161Z ##[endgroup]
2025-11-24T21:21:30.3000369Z ##[group]Operating System
2025-11-24T21:21:30.3001286Z Ubuntu
2025-11-24T21:21:30.3002155Z 24.04.3
2025-11-24T21:21:30.3002904Z LTS
2025-11-24T21:21:30.3003679Z ##[endgroup]
2025-11-24T21:21:30.3004447Z ##[group]Runner Image
2025-11-24T21:21:30.3005527Z Image: ubuntu-24.04
2025-11-24T21:21:30.3006371Z Version: 20251112.124.1
2025-11-24T21:21:30.3008022Z Included Software: https://github.com/actions/runner-images/blob/ubuntu24/20251112.124/images/ubuntu/Ubuntu2404-Readme.md
2025-11-24T21:21:30.3011077Z Image Release: https://github.com/actions/runner-images/releases/tag/ubuntu24%2F20251112.124
2025-11-24T21:21:30.3012793Z ##[endgroup]
2025-11-24T21:21:30.3017233Z ##[group]GITHUB_TOKEN Permissions
2025-11-24T21:21:30.3020518Z Actions: write
2025-11-24T21:21:30.3021334Z ArtifactMetadata: write
2025-11-24T21:21:30.3022182Z Attestations: write
2025-11-24T21:21:30.3023067Z Checks: write
2025-11-24T21:21:30.3023837Z Contents: write
2025-11-24T21:21:30.3024621Z Deployments: write
2025-11-24T21:21:30.3025388Z Discussions: write
2025-11-24T21:21:30.3026333Z Issues: write
2025-11-24T21:21:30.3027056Z Metadata: read
2025-11-24T21:21:30.3027756Z Models: read
2025-11-24T21:21:30.3029105Z Packages: write
2025-11-24T21:21:30.3030249Z Pages: write
2025-11-24T21:21:30.3031170Z PullRequests: write
2025-11-24T21:21:30.3032056Z RepositoryProjects: write
2025-11-24T21:21:30.3033143Z SecurityEvents: write
2025-11-24T21:21:30.3034008Z Statuses: write
2025-11-24T21:21:30.3034949Z ##[endgroup]
2025-11-24T21:21:30.3038136Z Secret source: Actions
2025-11-24T21:21:30.3039465Z Prepare workflow directory
2025-11-24T21:21:30.3656880Z Prepare all required actions
2025-11-24T21:21:30.3775144Z Getting action download info
2025-11-24T21:21:30.7821581Z Download action repository 'actions/checkout@v4' (SHA:34e114876b0b11c390a56381ad16ebd13914f8d5)
2025-11-24T21:21:31.7158872Z Download action repository 'actions/setup-python@v5' (SHA:a26af69be951a213d495a4c3e4e4022e16d87065)
2025-11-24T21:21:31.8987575Z Complete job name: Lint
2025-11-24T21:21:31.9667618Z ##[group]Run actions/checkout@v4
2025-11-24T21:21:31.9668578Z with:
2025-11-24T21:21:31.9669075Z   repository: dreamsoft-pro/RAE-agentic-memory
2025-11-24T21:21:31.9670184Z   token: ***
2025-11-24T21:21:31.9670639Z   ssh-strict: true
2025-11-24T21:21:31.9671068Z   ssh-user: git
2025-11-24T21:21:31.9671500Z   persist-credentials: true
2025-11-24T21:21:31.9671981Z   clean: true
2025-11-24T21:21:31.9672410Z   sparse-checkout-cone-mode: true
2025-11-24T21:21:31.9672928Z   fetch-depth: 1
2025-11-24T21:21:31.9673344Z   fetch-tags: false
2025-11-24T21:21:31.9673781Z   show-progress: true
2025-11-24T21:21:31.9674246Z   lfs: false
2025-11-24T21:21:31.9674654Z   submodules: false
2025-11-24T21:21:31.9675091Z   set-safe-directory: true
2025-11-24T21:21:31.9676145Z ##[endgroup]
2025-11-24T21:21:32.0815449Z Syncing repository: dreamsoft-pro/RAE-agentic-memory
2025-11-24T21:21:32.0818187Z ##[group]Getting Git version info
2025-11-24T21:21:32.0819607Z Working directory is '/home/runner/work/RAE-agentic-memory/RAE-agentic-memory'
2025-11-24T21:21:32.0821779Z [command]/usr/bin/git version
2025-11-24T21:21:32.0951008Z git version 2.51.2
2025-11-24T21:21:32.0973683Z ##[endgroup]
2025-11-24T21:21:32.0990484Z Temporarily overriding HOME='/home/runner/work/_temp/27649f8a-dc14-4a47-8fdb-430fa2d40e80' before making global git config changes
2025-11-24T21:21:32.0993844Z Adding repository directory to the temporary git global config as a safe directory
2025-11-24T21:21:32.0998210Z [command]/usr/bin/git config --global --add safe.directory /home/runner/work/RAE-agentic-memory/RAE-agentic-memory
2025-11-24T21:21:32.1043628Z Deleting the contents of '/home/runner/work/RAE-agentic-memory/RAE-agentic-memory'
2025-11-24T21:21:32.1046653Z ##[group]Initializing the repository
2025-11-24T21:21:32.1049480Z [command]/usr/bin/git init /home/runner/work/RAE-agentic-memory/RAE-agentic-memory
2025-11-24T21:21:32.1196505Z hint: Using 'master' as the name for the initial branch. This default branch name
2025-11-24T21:21:32.1200045Z hint: is subject to change. To configure the initial branch name to use in all
2025-11-24T21:21:32.1202573Z hint: of your new repositories, which will suppress this warning, call:
2025-11-24T21:21:32.1203969Z hint:
2025-11-24T21:21:32.1204843Z hint: 	git config --global init.defaultBranch <name>
2025-11-24T21:21:32.1205957Z hint:
2025-11-24T21:21:32.1207394Z hint: Names commonly chosen instead of 'master' are 'main', 'trunk' and
2025-11-24T21:21:32.1209301Z hint: 'development'. The just-created branch can be renamed via this command:
2025-11-24T21:21:32.1211027Z hint:
2025-11-24T21:21:32.1211770Z hint: 	git branch -m <name>
2025-11-24T21:21:32.1212625Z hint:
2025-11-24T21:21:32.1213672Z hint: Disable this message with "git config set advice.defaultBranchName false"
2025-11-24T21:21:32.1215676Z Initialized empty Git repository in /home/runner/work/RAE-agentic-memory/RAE-agentic-memory/.git/
2025-11-24T21:21:32.1219954Z [command]/usr/bin/git remote add origin https://github.com/dreamsoft-pro/RAE-agentic-memory
2025-11-24T21:21:32.1251371Z ##[endgroup]
2025-11-24T21:21:32.1252777Z ##[group]Disabling automatic garbage collection
2025-11-24T21:21:32.1255552Z [command]/usr/bin/git config --local gc.auto 0
2025-11-24T21:21:32.1288104Z ##[endgroup]
2025-11-24T21:21:32.1289495Z ##[group]Setting up auth
2025-11-24T21:21:32.1295900Z [command]/usr/bin/git config --local --name-only --get-regexp core\.sshCommand
2025-11-24T21:21:32.1329178Z [command]/usr/bin/git submodule foreach --recursive sh -c "git config --local --name-only --get-regexp 'core\.sshCommand' && git config --local --unset-all 'core.sshCommand' || :"
2025-11-24T21:21:32.1714757Z [command]/usr/bin/git config --local --name-only --get-regexp http\.https\:\/\/github\.com\/\.extraheader
2025-11-24T21:21:32.1749176Z [command]/usr/bin/git submodule foreach --recursive sh -c "git config --local --name-only --get-regexp 'http\.https\:\/\/github\.com\/\.extraheader' && git config --local --unset-all 'http.https://github.com/.extraheader' || :"
2025-11-24T21:21:32.1981106Z [command]/usr/bin/git config --local --name-only --get-regexp ^includeIf\.gitdir:
2025-11-24T21:21:32.2028360Z [command]/usr/bin/git submodule foreach --recursive git config --local --show-origin --name-only --get-regexp remote.origin.url
2025-11-24T21:21:32.2261622Z [command]/usr/bin/git config --local http.https://github.com/.extraheader AUTHORIZATION: basic ***
2025-11-24T21:21:32.2296216Z ##[endgroup]
2025-11-24T21:21:32.2299314Z ##[group]Fetching the repository
2025-11-24T21:21:32.2306598Z [command]/usr/bin/git -c protocol.version=2 fetch --no-tags --prune --no-recurse-submodules --depth=1 origin +0320178eff75bbb04ffeabf43eb667b77d745a65:refs/remotes/origin/main
2025-11-24T21:21:32.6032067Z From https://github.com/dreamsoft-pro/RAE-agentic-memory
2025-11-24T21:21:32.6034028Z  * [new ref]         0320178eff75bbb04ffeabf43eb667b77d745a65 -> origin/main
2025-11-24T21:21:32.6106916Z ##[endgroup]
2025-11-24T21:21:32.6108714Z ##[group]Determining the checkout info
2025-11-24T21:21:32.6111228Z ##[endgroup]
2025-11-24T21:21:32.6112653Z [command]/usr/bin/git sparse-checkout disable
2025-11-24T21:21:32.6152330Z [command]/usr/bin/git config --local --unset-all extensions.worktreeConfig
2025-11-24T21:21:32.6208027Z ##[group]Checking out the ref
2025-11-24T21:21:32.6212783Z [command]/usr/bin/git checkout --progress --force -B main refs/remotes/origin/main
2025-11-24T21:21:32.6661682Z Switched to a new branch 'main'
2025-11-24T21:21:32.6672170Z branch 'main' set up to track 'origin/main'.
2025-11-24T21:21:32.6686270Z ##[endgroup]
2025-11-24T21:21:32.6744653Z [command]/usr/bin/git log -1 --format=%H
2025-11-24T21:21:32.6782538Z 0320178eff75bbb04ffeabf43eb667b77d745a65
2025-11-24T21:21:32.7294332Z ##[group]Run actions/setup-python@v5
2025-11-24T21:21:32.7295654Z with:
2025-11-24T21:21:32.7296962Z   python-version: 3.11
2025-11-24T21:21:32.7298450Z   cache: pip
2025-11-24T21:21:32.7299974Z   check-latest: false
2025-11-24T21:21:32.7301868Z   token: ***
2025-11-24T21:21:32.7303244Z   update-environment: true
2025-11-24T21:21:32.7304903Z   allow-prereleases: false
2025-11-24T21:21:32.7306506Z   freethreaded: false
2025-11-24T21:21:32.7307951Z ##[endgroup]
2025-11-24T21:21:32.9124999Z ##[group]Installed versions
2025-11-24T21:21:32.9277652Z Successfully set up CPython (3.11.14)
2025-11-24T21:21:32.9281505Z ##[endgroup]
2025-11-24T21:21:33.0518496Z [command]/opt/hostedtoolcache/Python/3.11.14/x64/bin/pip cache dir
2025-11-24T21:21:33.5356396Z /home/runner/.cache/pip
2025-11-24T21:21:33.6593025Z pip cache is not found
2025-11-24T21:21:33.6714257Z ##[group]Run pip install black isort ruff mypy
2025-11-24T21:21:33.6714634Z [36;1mpip install black isort ruff mypy[0m
2025-11-24T21:21:33.6754579Z shell: /usr/bin/bash -e {0}
2025-11-24T21:21:33.6754819Z env:
2025-11-24T21:21:33.6755068Z   pythonLocation: /opt/hostedtoolcache/Python/3.11.14/x64
2025-11-24T21:21:33.6755481Z   PKG_CONFIG_PATH: /opt/hostedtoolcache/Python/3.11.14/x64/lib/pkgconfig
2025-11-24T21:21:33.6755878Z   Python_ROOT_DIR: /opt/hostedtoolcache/Python/3.11.14/x64
2025-11-24T21:21:33.6756220Z   Python2_ROOT_DIR: /opt/hostedtoolcache/Python/3.11.14/x64
2025-11-24T21:21:33.6756562Z   Python3_ROOT_DIR: /opt/hostedtoolcache/Python/3.11.14/x64
2025-11-24T21:21:33.6756927Z   LD_LIBRARY_PATH: /opt/hostedtoolcache/Python/3.11.14/x64/lib
2025-11-24T21:21:33.6757209Z ##[endgroup]
2025-11-24T21:21:34.5461295Z Collecting black
2025-11-24T21:21:34.6233776Z   Downloading black-25.11.0-cp311-cp311-manylinux2014_x86_64.manylinux_2_17_x86_64.manylinux_2_28_x86_64.whl.metadata (85 kB)
2025-11-24T21:21:34.6940093Z Collecting isort
2025-11-24T21:21:34.7054858Z   Downloading isort-7.0.0-py3-none-any.whl.metadata (11 kB)
2025-11-24T21:21:35.1080084Z Collecting ruff
2025-11-24T21:21:35.1162729Z   Downloading ruff-0.14.6-py3-none-manylinux_2_17_x86_64.manylinux2014_x86_64.whl.metadata (25 kB)
2025-11-24T21:21:35.2426727Z Collecting mypy
2025-11-24T21:21:35.2508320Z   Downloading mypy-1.18.2-cp311-cp311-manylinux2014_x86_64.manylinux_2_17_x86_64.manylinux_2_28_x86_64.whl.metadata (2.2 kB)
2025-11-24T21:21:35.2771090Z Collecting click>=8.0.0 (from black)
2025-11-24T21:21:35.2850440Z   Downloading click-8.3.1-py3-none-any.whl.metadata (2.6 kB)
2025-11-24T21:21:35.3004736Z Collecting mypy-extensions>=0.4.3 (from black)
2025-11-24T21:21:35.3080500Z   Downloading mypy_extensions-1.1.0-py3-none-any.whl.metadata (1.1 kB)
2025-11-24T21:21:35.3336685Z Collecting packaging>=22.0 (from black)
2025-11-24T21:21:35.3415033Z   Downloading packaging-25.0-py3-none-any.whl.metadata (3.3 kB)
2025-11-24T21:21:35.3600137Z Collecting pathspec>=0.9.0 (from black)
2025-11-24T21:21:35.3676775Z   Downloading pathspec-0.12.1-py3-none-any.whl.metadata (21 kB)
2025-11-24T21:21:35.3931359Z Collecting platformdirs>=2 (from black)
2025-11-24T21:21:35.4008814Z   Downloading platformdirs-4.5.0-py3-none-any.whl.metadata (12 kB)
2025-11-24T21:21:35.4178103Z Collecting pytokens>=0.3.0 (from black)
2025-11-24T21:21:35.4250112Z   Downloading pytokens-0.3.0-py3-none-any.whl.metadata (2.0 kB)
2025-11-24T21:21:35.4484992Z Collecting typing_extensions>=4.6.0 (from mypy)
2025-11-24T21:21:35.4560603Z   Downloading typing_extensions-4.15.0-py3-none-any.whl.metadata (3.3 kB)
2025-11-24T21:21:35.4711946Z Downloading black-25.11.0-cp311-cp311-manylinux2014_x86_64.manylinux_2_17_x86_64.manylinux_2_28_x86_64.whl (1.6 MB)
2025-11-24T21:21:35.5889214Z    ━━━━━━━━━━━━━━━━━━━━━━━━━━━━━━━━━━━━━━━━ 1.6/1.6 MB 15.4 MB/s  0:00:00
2025-11-24T21:21:35.5966924Z Downloading isort-7.0.0-py3-none-any.whl (94 kB)
2025-11-24T21:21:35.6104344Z Downloading ruff-0.14.6-py3-none-manylinux_2_17_x86_64.manylinux2014_x86_64.whl (13.9 MB)
2025-11-24T21:21:35.8501626Z    ━━━━━━━━━━━━━━━━━━━━━━━━━━━━━━━━━━━━━━━━ 13.9/13.9 MB 59.8 MB/s  0:00:00
2025-11-24T21:21:35.8589963Z Downloading mypy-1.18.2-cp311-cp311-manylinux2014_x86_64.manylinux_2_17_x86_64.manylinux_2_28_x86_64.whl (13.2 MB)
2025-11-24T21:21:35.9651964Z    ━━━━━━━━━━━━━━━━━━━━━━━━━━━━━━━━━━━━━━━━ 13.2/13.2 MB 125.8 MB/s  0:00:00
2025-11-24T21:21:35.9730042Z Downloading click-8.3.1-py3-none-any.whl (108 kB)
2025-11-24T21:21:35.9851231Z Downloading mypy_extensions-1.1.0-py3-none-any.whl (5.0 kB)
2025-11-24T21:21:35.9981409Z Downloading packaging-25.0-py3-none-any.whl (66 kB)
2025-11-24T21:21:36.0093763Z Downloading pathspec-0.12.1-py3-none-any.whl (31 kB)
2025-11-24T21:21:36.0217095Z Downloading platformdirs-4.5.0-py3-none-any.whl (18 kB)
2025-11-24T21:21:36.0314663Z Downloading pytokens-0.3.0-py3-none-any.whl (12 kB)
2025-11-24T21:21:36.0412144Z Downloading typing_extensions-4.15.0-py3-none-any.whl (44 kB)
2025-11-24T21:21:36.1124258Z Installing collected packages: typing_extensions, ruff, pytokens, platformdirs, pathspec, packaging, mypy-extensions, isort, click, mypy, black
2025-11-24T21:21:37.8797634Z 
2025-11-24T21:21:37.8812206Z Successfully installed black-25.11.0 click-8.3.1 isort-7.0.0 mypy-1.18.2 mypy-extensions-1.1.0 packaging-25.0 pathspec-0.12.1 platformdirs-4.5.0 pytokens-0.3.0 ruff-0.14.6 typing_extensions-4.15.0
2025-11-24T21:21:38.1062699Z ##[group]Run black --check apps/ sdk/ integrations/
2025-11-24T21:21:38.1063087Z [36;1mblack --check apps/ sdk/ integrations/[0m
2025-11-24T21:21:38.1095724Z shell: /usr/bin/bash -e {0}
2025-11-24T21:21:38.1095948Z env:
2025-11-24T21:21:38.1096185Z   pythonLocation: /opt/hostedtoolcache/Python/3.11.14/x64
2025-11-24T21:21:38.1096603Z   PKG_CONFIG_PATH: /opt/hostedtoolcache/Python/3.11.14/x64/lib/pkgconfig
2025-11-24T21:21:38.1096992Z   Python_ROOT_DIR: /opt/hostedtoolcache/Python/3.11.14/x64
2025-11-24T21:21:38.1097336Z   Python2_ROOT_DIR: /opt/hostedtoolcache/Python/3.11.14/x64
2025-11-24T21:21:38.1097679Z   Python3_ROOT_DIR: /opt/hostedtoolcache/Python/3.11.14/x64
2025-11-24T21:21:38.1098040Z   LD_LIBRARY_PATH: /opt/hostedtoolcache/Python/3.11.14/x64/lib
2025-11-24T21:21:38.1098329Z ##[endgroup]
2025-11-24T21:21:44.3120635Z All done! ✨ 🍰 ✨
2025-11-24T21:21:44.3124676Z 169 files would be left unchanged.
2025-11-24T21:21:44.3374445Z ##[group]Run isort --check apps/ sdk/ integrations/
2025-11-24T21:21:44.3374822Z [36;1misort --check apps/ sdk/ integrations/[0m
2025-11-24T21:21:44.3407274Z shell: /usr/bin/bash -e {0}
2025-11-24T21:21:44.3407498Z env:
2025-11-24T21:21:44.3407730Z   pythonLocation: /opt/hostedtoolcache/Python/3.11.14/x64
2025-11-24T21:21:44.3408137Z   PKG_CONFIG_PATH: /opt/hostedtoolcache/Python/3.11.14/x64/lib/pkgconfig
2025-11-24T21:21:44.3408515Z   Python_ROOT_DIR: /opt/hostedtoolcache/Python/3.11.14/x64
2025-11-24T21:21:44.3408843Z   Python2_ROOT_DIR: /opt/hostedtoolcache/Python/3.11.14/x64
2025-11-24T21:21:44.3409183Z   Python3_ROOT_DIR: /opt/hostedtoolcache/Python/3.11.14/x64
2025-11-24T21:21:44.3409511Z   LD_LIBRARY_PATH: /opt/hostedtoolcache/Python/3.11.14/x64/lib
2025-11-24T21:21:44.3410075Z ##[endgroup]
2025-11-24T21:21:44.8348870Z ##[group]Run ruff check apps/ sdk/ integrations/
2025-11-24T21:21:44.8349451Z [36;1mruff check apps/ sdk/ integrations/[0m
2025-11-24T21:21:44.8396784Z shell: /usr/bin/bash -e {0}
2025-11-24T21:21:44.8397161Z env:
2025-11-24T21:21:44.8397563Z   pythonLocation: /opt/hostedtoolcache/Python/3.11.14/x64
2025-11-24T21:21:44.8398275Z   PKG_CONFIG_PATH: /opt/hostedtoolcache/Python/3.11.14/x64/lib/pkgconfig
2025-11-24T21:21:44.8398974Z   Python_ROOT_DIR: /opt/hostedtoolcache/Python/3.11.14/x64
2025-11-24T21:21:44.8399602Z   Python2_ROOT_DIR: /opt/hostedtoolcache/Python/3.11.14/x64
2025-11-24T21:21:44.8400508Z   Python3_ROOT_DIR: /opt/hostedtoolcache/Python/3.11.14/x64
2025-11-24T21:21:44.8401133Z   LD_LIBRARY_PATH: /opt/hostedtoolcache/Python/3.11.14/x64/lib
2025-11-24T21:21:44.8401652Z ##[endgroup]
2025-11-24T21:21:44.9025021Z E402 Module level import not at top of file
2025-11-24T21:21:44.9025672Z   --> apps/memory_api/models/__init__.py:31:1
2025-11-24T21:21:44.9026659Z    |
2025-11-24T21:21:44.9039394Z 29 | AgentExecuteResponse = models_legacy.AgentExecuteResponse
2025-11-24T21:21:44.9040289Z 30 |
2025-11-24T21:21:44.9040733Z 31 | from apps.memory_api.models.rbac import Permission, Role, UserRole
2025-11-24T21:21:44.9041338Z    | ^^^^^^^^^^^^^^^^^^^^^^^^^^^^^^^^^^^^^^^^^^^^^^^^^^^^^^^^^^^^^^^^^^
2025-11-24T21:21:44.9041758Z 32 |
2025-11-24T21:21:44.9042061Z 33 | # Import Phase 2 models from submodules
2025-11-24T21:21:44.9042482Z    |
2025-11-24T21:21:44.9042623Z 
2025-11-24T21:21:44.9042801Z E402 Module level import not at top of file
2025-11-24T21:21:44.9043247Z   --> apps/memory_api/models/__init__.py:34:1
2025-11-24T21:21:44.9043674Z    |
2025-11-24T21:21:44.9043960Z 33 | # Import Phase 2 models from submodules
2025-11-24T21:21:44.9044566Z 34 | from apps.memory_api.models.tenant import Tenant, TenantConfig, TenantTier
2025-11-24T21:21:44.9045175Z    | ^^^^^^^^^^^^^^^^^^^^^^^^^^^^^^^^^^^^^^^^^^^^^^^^^^^^^^^^^^^^^^^^^^^^^^^^^^
2025-11-24T21:21:44.9045745Z 35 |
2025-11-24T21:21:44.9046004Z 36 | __all__ = [
2025-11-24T21:21:44.9046348Z    |
2025-11-24T21:21:44.9046514Z 
2025-11-24T21:21:44.9046682Z E402 Module level import not at top of file
2025-11-24T21:21:44.9047221Z   --> apps/memory_api/tests/test_graph_extraction.py:18:1
2025-11-24T21:21:44.9047682Z    |
2025-11-24T21:21:44.9047936Z 16 |   )
2025-11-24T21:21:44.9048199Z 17 |
2025-11-24T21:21:44.9048593Z 18 | / from apps.memory_api.services.graph_extraction import (
2025-11-24T21:21:44.9049182Z 19 | |     GraphExtractionResult,
2025-11-24T21:21:44.9049593Z 20 | |     GraphExtractionService,
2025-11-24T21:21:44.9050209Z 21 | |     GraphTriple,
2025-11-24T21:21:44.9050562Z 22 | |     _normalize_entity_name,
2025-11-24T21:21:44.9050915Z 23 | | )
2025-11-24T21:21:44.9051191Z    | |_^
2025-11-24T21:21:44.9051432Z    |
2025-11-24T21:21:44.9051568Z 
2025-11-24T21:21:44.9051724Z E402 Module level import not at top of file
2025-11-24T21:21:44.9052288Z   --> apps/memory_api/tests/test_graph_extraction_integration.py:23:1
2025-11-24T21:21:44.9053082Z    |
2025-11-24T21:21:44.9053319Z 21 | )
2025-11-24T21:21:44.9053593Z 22 |
2025-11-24T21:21:44.9054031Z 23 | from apps.memory_api.repositories.graph_repository import GraphRepository
2025-11-24T21:21:44.9054653Z    | ^^^^^^^^^^^^^^^^^^^^^^^^^^^^^^^^^^^^^^^^^^^^^^^^^^^^^^^^^^^^^^^^^^^^^^^^^
2025-11-24T21:21:44.9055123Z 24 | from apps.memory_api.repositories.memory_repository import MemoryRepository
2025-11-24T21:21:44.9055559Z 25 | from apps.memory_api.services.graph_extraction import (
2025-11-24T21:21:44.9055831Z    |
2025-11-24T21:21:44.9055917Z 
2025-11-24T21:21:44.9056014Z E402 Module level import not at top of file
2025-11-24T21:21:44.9056358Z   --> apps/memory_api/tests/test_graph_extraction_integration.py:24:1
2025-11-24T21:21:44.9056655Z    |
2025-11-24T21:21:44.9056928Z 23 | from apps.memory_api.repositories.graph_repository import GraphRepository
2025-11-24T21:21:44.9057433Z 24 | from apps.memory_api.repositories.memory_repository import MemoryRepository
2025-11-24T21:21:44.9058069Z    | ^^^^^^^^^^^^^^^^^^^^^^^^^^^^^^^^^^^^^^^^^^^^^^^^^^^^^^^^^^^^^^^^^^^^^^^^^^^
2025-11-24T21:21:44.9058395Z 25 | from apps.memory_api.services.graph_extraction import (
2025-11-24T21:21:44.9058688Z 26 |     GraphExtractionService,
2025-11-24T21:21:44.9058897Z    |
2025-11-24T21:21:44.9058979Z 
2025-11-24T21:21:44.9059075Z E402 Module level import not at top of file
2025-11-24T21:21:44.9059412Z   --> apps/memory_api/tests/test_graph_extraction_integration.py:25:1
2025-11-24T21:21:44.9059972Z    |
2025-11-24T21:21:44.9060327Z 23 |   from apps.memory_api.repositories.graph_repository import GraphRepository
2025-11-24T21:21:44.9060857Z 24 |   from apps.memory_api.repositories.memory_repository import MemoryRepository
2025-11-24T21:21:44.9061278Z 25 | / from apps.memory_api.services.graph_extraction import (
2025-11-24T21:21:44.9061588Z 26 | |     GraphExtractionService,
2025-11-24T21:21:44.9061843Z 27 | |     GraphTriple,
2025-11-24T21:21:44.9062034Z 28 | | )
2025-11-24T21:21:44.9062353Z    | |_^
2025-11-24T21:21:44.9062501Z    |
2025-11-24T21:21:44.9062582Z 
2025-11-24T21:21:44.9062685Z E402 Module level import not at top of file
2025-11-24T21:21:44.9062986Z   --> apps/memory_api/tests/test_hybrid_search.py:17:1
2025-11-24T21:21:44.9063249Z    |
2025-11-24T21:21:44.9063386Z 15 | )
2025-11-24T21:21:44.9063572Z 16 |
2025-11-24T21:21:44.9063784Z 17 | from apps.memory_api.models import ScoredMemoryRecord
2025-11-24T21:21:44.9064122Z    | ^^^^^^^^^^^^^^^^^^^^^^^^^^^^^^^^^^^^^^^^^^^^^^^^^^^^^
2025-11-24T21:21:44.9064512Z 18 | from apps.memory_api.models.graph import GraphEdge, GraphNode, TraversalStrategy
2025-11-24T21:21:44.9064995Z 19 | from apps.memory_api.repositories.graph_repository import GraphRepository
2025-11-24T21:21:44.9065332Z    |
2025-11-24T21:21:44.9065414Z 
2025-11-24T21:21:44.9065507Z E402 Module level import not at top of file
2025-11-24T21:21:44.9065793Z   --> apps/memory_api/tests/test_hybrid_search.py:18:1
2025-11-24T21:21:44.9066041Z    |
2025-11-24T21:21:44.9066284Z 17 | from apps.memory_api.models import ScoredMemoryRecord
2025-11-24T21:21:44.9066708Z 18 | from apps.memory_api.models.graph import GraphEdge, GraphNode, TraversalStrategy
2025-11-24T21:21:44.9067074Z    | ^^^^^^^^^^^^^^^^^^^^^^^^^^^^^^^^^^^^^^^^^^^^^^^^^^^^^^^^^^^^^^^^^^^^^^^^^^^^^^^^
2025-11-24T21:21:44.9067437Z 19 | from apps.memory_api.repositories.graph_repository import GraphRepository
2025-11-24T21:21:44.9067830Z 20 | from apps.memory_api.services.hybrid_search import (
2025-11-24T21:21:44.9068095Z    |
2025-11-24T21:21:44.9068174Z 
2025-11-24T21:21:44.9068266Z E402 Module level import not at top of file
2025-11-24T21:21:44.9068548Z   --> apps/memory_api/tests/test_hybrid_search.py:19:1
2025-11-24T21:21:44.9068798Z    |
2025-11-24T21:21:44.9068993Z 17 | from apps.memory_api.models import ScoredMemoryRecord
2025-11-24T21:21:44.9069430Z 18 | from apps.memory_api.models.graph import GraphEdge, GraphNode, TraversalStrategy
2025-11-24T21:21:44.9070315Z 19 | from apps.memory_api.repositories.graph_repository import GraphRepository
2025-11-24T21:21:44.9070697Z    | ^^^^^^^^^^^^^^^^^^^^^^^^^^^^^^^^^^^^^^^^^^^^^^^^^^^^^^^^^^^^^^^^^^^^^^^^^
2025-11-24T21:21:44.9070986Z 20 | from apps.memory_api.services.hybrid_search import (
2025-11-24T21:21:44.9071269Z 21 |     HybridSearchService,
2025-11-24T21:21:44.9071504Z    |
2025-11-24T21:21:44.9071592Z 
2025-11-24T21:21:44.9071684Z E402 Module level import not at top of file
2025-11-24T21:21:44.9071973Z   --> apps/memory_api/tests/test_hybrid_search.py:20:1
2025-11-24T21:21:44.9072224Z    |
2025-11-24T21:21:44.9072512Z 18 |   from apps.memory_api.models.graph import GraphEdge, GraphNode, TraversalStrategy
2025-11-24T21:21:44.9072988Z 19 |   from apps.memory_api.repositories.graph_repository import GraphRepository
2025-11-24T21:21:44.9073385Z 20 | / from apps.memory_api.services.hybrid_search import (
2025-11-24T21:21:44.9073698Z 21 | |     HybridSearchService,
2025-11-24T21:21:44.9073905Z 22 | | )
2025-11-24T21:21:44.9074052Z    | |_^
2025-11-24T21:21:44.9074190Z    |
2025-11-24T21:21:44.9074274Z 
2025-11-24T21:21:44.9074517Z E402 Module level import not at top of file
2025-11-24T21:21:44.9074815Z   --> apps/memory_api/tests/test_pii_scrubber.py:25:1
2025-11-24T21:21:44.9075068Z    |
2025-11-24T21:21:44.9075202Z 23 | )
2025-11-24T21:21:44.9075347Z 24 |
2025-11-24T21:21:44.9075570Z 25 | from apps.memory_api.services.pii_scrubber import scrub_text
2025-11-24T21:21:44.9075878Z    | ^^^^^^^^^^^^^^^^^^^^^^^^^^^^^^^^^^^^^^^^^^^^^^^^^^^^^^^^^^^^
2025-11-24T21:21:44.9076133Z    |
2025-11-24T21:21:44.9076216Z 
2025-11-24T21:21:44.9076307Z E402 Module level import not at top of file
2025-11-24T21:21:44.9076607Z   --> apps/memory_api/tests/test_reflection_simple.py:20:1
2025-11-24T21:21:44.9076871Z    |
2025-11-24T21:21:44.9077012Z 18 |   )
2025-11-24T21:21:44.9077150Z 19 |
2025-11-24T21:21:44.9077369Z 20 | / from apps.memory_api.models.reflection_models import (
2025-11-24T21:21:44.9077666Z 21 | |     GenerateReflectionRequest,
2025-11-24T21:21:44.9077901Z 22 | |     ReflectionType,
2025-11-24T21:21:44.9078241Z 23 | | )
2025-11-24T21:21:44.9078398Z    | |_^
2025-11-24T21:21:44.9078682Z 24 |   from apps.memory_api.services.reflection_pipeline import ReflectionPipeline
2025-11-24T21:21:44.9079015Z    |
2025-11-24T21:21:44.9079097Z 
2025-11-24T21:21:44.9079195Z E402 Module level import not at top of file
2025-11-24T21:21:44.9079490Z   --> apps/memory_api/tests/test_reflection_simple.py:24:1
2025-11-24T21:21:44.9079943Z    |
2025-11-24T21:21:44.9080104Z 22 |     ReflectionType,
2025-11-24T21:21:44.9080296Z 23 | )
2025-11-24T21:21:44.9080580Z 24 | from apps.memory_api.services.reflection_pipeline import ReflectionPipeline
2025-11-24T21:21:44.9080987Z    | ^^^^^^^^^^^^^^^^^^^^^^^^^^^^^^^^^^^^^^^^^^^^^^^^^^^^^^^^^^^^^^^^^^^^^^^^^^^
2025-11-24T21:21:44.9081224Z    |
2025-11-24T21:21:44.9081305Z 
2025-11-24T21:21:44.9081398Z E402 Module level import not at top of file
2025-11-24T21:21:44.9081705Z   --> apps/memory_api/tests/test_semantic_memory.py:24:1
2025-11-24T21:21:44.9081963Z    |
2025-11-24T21:21:44.9082110Z 22 | )
2025-11-24T21:21:44.9082250Z 23 |
2025-11-24T21:21:44.9082518Z 24 | from apps.memory_api.services.semantic_extractor import SemanticExtractor
2025-11-24T21:21:44.9082868Z    | ^^^^^^^^^^^^^^^^^^^^^^^^^^^^^^^^^^^^^^^^^^^^^^^^^^^^^^^^^^^^^^^^^^^^^^^^^
2025-11-24T21:21:44.9083264Z 25 | from apps.memory_api.services.semantic_search import SemanticSearchPipeline
2025-11-24T21:21:44.9083605Z    |
2025-11-24T21:21:44.9083686Z 
2025-11-24T21:21:44.9083777Z E402 Module level import not at top of file
2025-11-24T21:21:44.9084079Z   --> apps/memory_api/tests/test_semantic_memory.py:25:1
2025-11-24T21:21:44.9084332Z    |
2025-11-24T21:21:44.9084594Z 24 | from apps.memory_api.services.semantic_extractor import SemanticExtractor
2025-11-24T21:21:44.9085042Z 25 | from apps.memory_api.services.semantic_search import SemanticSearchPipeline
2025-11-24T21:21:44.9085400Z    | ^^^^^^^^^^^^^^^^^^^^^^^^^^^^^^^^^^^^^^^^^^^^^^^^^^^^^^^^^^^^^^^^^^^^^^^^^^^
2025-11-24T21:21:44.9085666Z    |
2025-11-24T21:21:44.9085753Z 
2025-11-24T21:21:44.9085848Z E402 Module level import not at top of file
2025-11-24T21:21:44.9086130Z   --> apps/memory_api/tests/test_vector_store.py:26:1
2025-11-24T21:21:44.9086373Z    |
2025-11-24T21:21:44.9086516Z 24 | )
2025-11-24T21:21:44.9086654Z 25 |
2025-11-24T21:21:44.9086903Z 26 | from apps.memory_api.models import MemoryRecord, ScoredMemoryRecord
2025-11-24T21:21:44.9087246Z    | ^^^^^^^^^^^^^^^^^^^^^^^^^^^^^^^^^^^^^^^^^^^^^^^^^^^^^^^^^^^^^^^^^^^
2025-11-24T21:21:44.9087626Z 27 | from apps.memory_api.services.vector_store.pgvector_store import PGVectorStore
2025-11-24T21:21:44.9088010Z    |
2025-11-24T21:21:44.9088092Z 
2025-11-24T21:21:44.9088183Z E402 Module level import not at top of file
2025-11-24T21:21:44.9088466Z   --> apps/memory_api/tests/test_vector_store.py:27:1
2025-11-24T21:21:44.9088712Z    |
2025-11-24T21:21:44.9088957Z 26 | from apps.memory_api.models import MemoryRecord, ScoredMemoryRecord
2025-11-24T21:21:44.9089399Z 27 | from apps.memory_api.services.vector_store.pgvector_store import PGVectorStore
2025-11-24T21:21:44.9090142Z    | ^^^^^^^^^^^^^^^^^^^^^^^^^^^^^^^^^^^^^^^^^^^^^^^^^^^^^^^^^^^^^^^^^^^^^^^^^^^^^^
2025-11-24T21:21:44.9090435Z 28 |
2025-11-24T21:21:44.9090607Z 29 | # =============================================================================
2025-11-24T21:21:44.9090854Z    |
2025-11-24T21:21:44.9090938Z 
2025-11-24T21:21:44.9091005Z Found 17 errors.
2025-11-24T21:21:44.9100655Z ##[error]Process completed with exit code 1.
2025-11-24T21:21:44.9197472Z Post job cleanup.
2025-11-24T21:21:45.0191944Z [command]/usr/bin/git version
2025-11-24T21:21:45.0233466Z git version 2.51.2
2025-11-24T21:21:45.0299135Z Temporarily overriding HOME='/home/runner/work/_temp/ed57f834-0f59-4832-8a02-589a0d31f4f2' before making global git config changes
2025-11-24T21:21:45.0301637Z Adding repository directory to the temporary git global config as a safe directory
2025-11-24T21:21:45.0307940Z [command]/usr/bin/git config --global --add safe.directory /home/runner/work/RAE-agentic-memory/RAE-agentic-memory
2025-11-24T21:21:45.0353668Z [command]/usr/bin/git config --local --name-only --get-regexp core\.sshCommand
2025-11-24T21:21:45.0396127Z [command]/usr/bin/git submodule foreach --recursive sh -c "git config --local --name-only --get-regexp 'core\.sshCommand' && git config --local --unset-all 'core.sshCommand' || :"
2025-11-24T21:21:45.0682959Z [command]/usr/bin/git config --local --name-only --get-regexp http\.https\:\/\/github\.com\/\.extraheader
2025-11-24T21:21:45.0706892Z http.https://github.com/.extraheader
2025-11-24T21:21:45.0724147Z [command]/usr/bin/git config --local --unset-all http.https://github.com/.extraheader
2025-11-24T21:21:45.0755732Z [command]/usr/bin/git submodule foreach --recursive sh -c "git config --local --name-only --get-regexp 'http\.https\:\/\/github\.com\/\.extraheader' && git config --local --unset-all 'http.https://github.com/.extraheader' || :"
2025-11-24T21:21:45.0989453Z [command]/usr/bin/git config --local --name-only --get-regexp ^includeIf\.gitdir:
2025-11-24T21:21:45.1023581Z [command]/usr/bin/git submodule foreach --recursive git config --local --show-origin --name-only --get-regexp remote.origin.url
2025-11-24T21:21:45.1359838Z Cleaning up orphan processes
