2025-11-24T21:21:34.2264285Z Current runner version: '2.329.0'
2025-11-24T21:21:34.2302678Z ##[group]Runner Image Provisioner
2025-11-24T21:21:34.2303972Z Hosted Compute Agent
2025-11-24T21:21:34.2304958Z Version: 20251016.436
2025-11-24T21:21:34.2305965Z Commit: 8ab8ac8bfd662a3739dab9fe09456aba92132568
2025-11-24T21:21:34.2307165Z Build Date: 2025-10-15T20:44:12Z
2025-11-24T21:21:34.2308178Z ##[endgroup]
2025-11-24T21:21:34.2309445Z ##[group]Operating System
2025-11-24T21:21:34.2310512Z Ubuntu
2025-11-24T21:21:34.2311232Z 24.04.3
2025-11-24T21:21:34.2312009Z LTS
2025-11-24T21:21:34.2312836Z ##[endgroup]
2025-11-24T21:21:34.2313632Z ##[group]Runner Image
2025-11-24T21:21:34.2314556Z Image: ubuntu-24.04
2025-11-24T21:21:34.2315524Z Version: 20251112.124.1
2025-11-24T21:21:34.2317337Z Included Software: https://github.com/actions/runner-images/blob/ubuntu24/20251112.124/images/ubuntu/Ubuntu2404-Readme.md
2025-11-24T21:21:34.2320416Z Image Release: https://github.com/actions/runner-images/releases/tag/ubuntu24%2F20251112.124
2025-11-24T21:21:34.2322091Z ##[endgroup]
2025-11-24T21:21:34.2326692Z ##[group]GITHUB_TOKEN Permissions
2025-11-24T21:21:34.2329974Z Actions: write
2025-11-24T21:21:34.2330821Z ArtifactMetadata: write
2025-11-24T21:21:34.2331877Z Attestations: write
2025-11-24T21:21:34.2332706Z Checks: write
2025-11-24T21:21:34.2333619Z Contents: write
2025-11-24T21:21:34.2334391Z Deployments: write
2025-11-24T21:21:34.2335256Z Discussions: write
2025-11-24T21:21:34.2336050Z Issues: write
2025-11-24T21:21:34.2336942Z Metadata: read
2025-11-24T21:21:34.2337675Z Models: read
2025-11-24T21:21:34.2338650Z Packages: write
2025-11-24T21:21:34.2339766Z Pages: write
2025-11-24T21:21:34.2340570Z PullRequests: write
2025-11-24T21:21:34.2341495Z RepositoryProjects: write
2025-11-24T21:21:34.2342642Z SecurityEvents: write
2025-11-24T21:21:34.2343525Z Statuses: write
2025-11-24T21:21:34.2344243Z ##[endgroup]
2025-11-24T21:21:34.2347606Z Secret source: Actions
2025-11-24T21:21:34.2348722Z Prepare workflow directory
2025-11-24T21:21:34.2976879Z Prepare all required actions
2025-11-24T21:21:34.3033876Z Getting action download info
2025-11-24T21:21:34.6399909Z Download action repository 'actions/checkout@v4' (SHA:34e114876b0b11c390a56381ad16ebd13914f8d5)
2025-11-24T21:21:34.9472082Z Download action repository 'actions/setup-python@v5' (SHA:a26af69be951a213d495a4c3e4e4022e16d87065)
2025-11-24T21:21:35.0369192Z Download action repository 'codecov/codecov-action@v4' (SHA:b9fd7d16f6d7d1b5d2bec1a2887e65ceed900238)
2025-11-24T21:21:35.3915076Z Complete job name: Test (Python 3.10)
2025-11-24T21:21:35.4326841Z ##[group]Checking docker version
2025-11-24T21:21:35.4340255Z ##[command]/usr/bin/docker version --format '{{.Server.APIVersion}}'
2025-11-24T21:21:35.5384858Z '1.48'
2025-11-24T21:21:35.5396685Z Docker daemon API version: '1.48'
2025-11-24T21:21:35.5397480Z ##[command]/usr/bin/docker version --format '{{.Client.APIVersion}}'
2025-11-24T21:21:35.5580977Z '1.48'
2025-11-24T21:21:35.5586348Z Docker client API version: '1.48'
2025-11-24T21:21:35.5592377Z ##[endgroup]
2025-11-24T21:21:35.5595431Z ##[group]Clean up resources from previous jobs
2025-11-24T21:21:35.5601346Z ##[command]/usr/bin/docker ps --all --quiet --no-trunc --filter "label=b90ef8"
2025-11-24T21:21:35.5757623Z ##[command]/usr/bin/docker network prune --force --filter "label=b90ef8"
2025-11-24T21:21:35.5903343Z ##[endgroup]
2025-11-24T21:21:35.5903879Z ##[group]Create local container network
2025-11-24T21:21:35.5913925Z ##[command]/usr/bin/docker network create --label b90ef8 github_network_d8b5b1629fdb4ec2826eaf8e528c911e
2025-11-24T21:21:35.6676831Z a7edb67d3ae2f913581a161e1e5f85e49f99adc942243e44432df755f5083413
2025-11-24T21:21:35.6691669Z ##[endgroup]
2025-11-24T21:21:35.6716089Z ##[group]Starting postgres service container
2025-11-24T21:21:35.6736383Z ##[command]/usr/bin/docker pull ankane/pgvector:latest
2025-11-24T21:21:35.9651013Z latest: Pulling from ankane/pgvector
2025-11-24T21:21:36.0420471Z a803e7c4b030: Pulling fs layer
2025-11-24T21:21:36.0421188Z 12dd3b657e91: Pulling fs layer
2025-11-24T21:21:36.0422560Z 147adba297eb: Pulling fs layer
2025-11-24T21:21:36.0423575Z 56ee7c0dd616: Pulling fs layer
2025-11-24T21:21:36.0424551Z f9aacf30f429: Pulling fs layer
2025-11-24T21:21:36.0425566Z 7ad57b8030eb: Pulling fs layer
2025-11-24T21:21:36.0426539Z 786562b3be85: Pulling fs layer
2025-11-24T21:21:36.0427566Z 04efcdd3a2a4: Pulling fs layer
2025-11-24T21:21:36.0428549Z 2c35234636c9: Pulling fs layer
2025-11-24T21:21:36.0429981Z 6e662fa63f18: Pulling fs layer
2025-11-24T21:21:36.0431118Z f1a157d7d7b0: Pulling fs layer
2025-11-24T21:21:36.0432080Z bb153abf3802: Pulling fs layer
2025-11-24T21:21:36.0433074Z 7077e54346e0: Pulling fs layer
2025-11-24T21:21:36.0434050Z 2e3723549f11: Pulling fs layer
2025-11-24T21:21:36.0435044Z c5f09b500022: Pulling fs layer
2025-11-24T21:21:36.0436023Z 56ee7c0dd616: Waiting
2025-11-24T21:21:36.0436935Z f9aacf30f429: Waiting
2025-11-24T21:21:36.0437863Z 7ad57b8030eb: Waiting
2025-11-24T21:21:36.0438768Z 786562b3be85: Waiting
2025-11-24T21:21:36.0439964Z 04efcdd3a2a4: Waiting
2025-11-24T21:21:36.0440987Z 2c35234636c9: Waiting
2025-11-24T21:21:36.0441870Z 6e662fa63f18: Waiting
2025-11-24T21:21:36.0442775Z f1a157d7d7b0: Waiting
2025-11-24T21:21:36.0443668Z bb153abf3802: Waiting
2025-11-24T21:21:36.0444582Z 7077e54346e0: Waiting
2025-11-24T21:21:36.0445474Z 2e3723549f11: Waiting
2025-11-24T21:21:36.0446369Z c5f09b500022: Waiting
2025-11-24T21:21:36.1432164Z 12dd3b657e91: Verifying Checksum
2025-11-24T21:21:36.1433639Z 12dd3b657e91: Download complete
2025-11-24T21:21:36.2099015Z 147adba297eb: Verifying Checksum
2025-11-24T21:21:36.2217425Z 147adba297eb: Download complete
2025-11-24T21:21:36.2840409Z 56ee7c0dd616: Verifying Checksum
2025-11-24T21:21:36.2841656Z 56ee7c0dd616: Download complete
2025-11-24T21:21:36.4160348Z a803e7c4b030: Verifying Checksum
2025-11-24T21:21:36.4161483Z a803e7c4b030: Download complete
2025-11-24T21:21:36.4375454Z f9aacf30f429: Verifying Checksum
2025-11-24T21:21:36.4377535Z f9aacf30f429: Download complete
2025-11-24T21:21:36.4461466Z 7ad57b8030eb: Verifying Checksum
2025-11-24T21:21:36.4463526Z 7ad57b8030eb: Download complete
2025-11-24T21:21:36.5032219Z 786562b3be85: Verifying Checksum
2025-11-24T21:21:36.5034753Z 786562b3be85: Download complete
2025-11-24T21:21:36.5317138Z 04efcdd3a2a4: Verifying Checksum
2025-11-24T21:21:36.5318146Z 04efcdd3a2a4: Download complete
2025-11-24T21:21:36.6067493Z 6e662fa63f18: Verifying Checksum
2025-11-24T21:21:36.6070890Z 6e662fa63f18: Download complete
2025-11-24T21:21:36.6257355Z f1a157d7d7b0: Verifying Checksum
2025-11-24T21:21:36.6265094Z f1a157d7d7b0: Download complete
2025-11-24T21:21:36.6995461Z bb153abf3802: Verifying Checksum
2025-11-24T21:21:36.6999473Z bb153abf3802: Download complete
2025-11-24T21:21:36.7313746Z 7077e54346e0: Verifying Checksum
2025-11-24T21:21:36.7314773Z 7077e54346e0: Download complete
2025-11-24T21:21:36.8105604Z 2e3723549f11: Verifying Checksum
2025-11-24T21:21:36.8122431Z 2e3723549f11: Download complete
2025-11-24T21:21:37.0595806Z c5f09b500022: Download complete
2025-11-24T21:21:38.0600009Z 2c35234636c9: Verifying Checksum
2025-11-24T21:21:38.0603733Z 2c35234636c9: Download complete
2025-11-24T21:21:38.2538834Z a803e7c4b030: Pull complete
2025-11-24T21:21:40.1494953Z 12dd3b657e91: Pull complete
2025-11-24T21:21:40.3091198Z 147adba297eb: Pull complete
2025-11-24T21:21:40.3672219Z 56ee7c0dd616: Pull complete
2025-11-24T21:21:40.7268544Z f9aacf30f429: Pull complete
2025-11-24T21:21:40.8577553Z 7ad57b8030eb: Pull complete
2025-11-24T21:21:40.8713824Z 786562b3be85: Pull complete
2025-11-24T21:21:40.8927490Z 04efcdd3a2a4: Pull complete
2025-11-24T21:21:44.8954188Z 2c35234636c9: Pull complete
2025-11-24T21:21:44.9239860Z 6e662fa63f18: Pull complete
2025-11-24T21:21:44.9414317Z f1a157d7d7b0: Pull complete
2025-11-24T21:21:44.9672766Z bb153abf3802: Pull complete
2025-11-24T21:21:44.9822234Z 7077e54346e0: Pull complete
2025-11-24T21:21:45.0282769Z 2e3723549f11: Pull complete
2025-11-24T21:21:45.4653535Z c5f09b500022: Pull complete
2025-11-24T21:21:45.4703076Z Digest: sha256:956744bd14e9cbdf639c61c2a2a7c7c2c48a9c8cdd42f7de4ac034f4e96b90f8
2025-11-24T21:21:45.4721405Z Status: Downloaded newer image for ankane/pgvector:latest
2025-11-24T21:21:45.4738541Z docker.io/ankane/pgvector:latest
2025-11-24T21:21:45.4803719Z ##[command]/usr/bin/docker create --name fdb4c5452d474983a7f9e8196262c7ad_ankanepgvectorlatest_b881e7 --label b90ef8 --network github_network_d8b5b1629fdb4ec2826eaf8e528c911e --network-alias postgres -p 5432:5432 --health-cmd pg_isready --health-interval 10s --health-timeout 5s --health-retries 5 -e "POSTGRES_PASSWORD=postgres" -e "POSTGRES_USER=postgres" -e "POSTGRES_DB=test_rae" -e GITHUB_ACTIONS=true -e CI=true ankane/pgvector:latest
2025-11-24T21:21:45.5136121Z c080b10e56316c5513f515ae7b57de4a478554a101cde672c199e39142b1596e
2025-11-24T21:21:45.5166508Z ##[command]/usr/bin/docker start c080b10e56316c5513f515ae7b57de4a478554a101cde672c199e39142b1596e
2025-11-24T21:21:45.7783012Z c080b10e56316c5513f515ae7b57de4a478554a101cde672c199e39142b1596e
2025-11-24T21:21:45.7811564Z ##[command]/usr/bin/docker ps --all --filter id=c080b10e56316c5513f515ae7b57de4a478554a101cde672c199e39142b1596e --filter status=running --no-trunc --format "{{.ID}} {{.Status}}"
2025-11-24T21:21:45.8021787Z c080b10e56316c5513f515ae7b57de4a478554a101cde672c199e39142b1596e Up Less than a second (health: starting)
2025-11-24T21:21:45.8061749Z ##[command]/usr/bin/docker port c080b10e56316c5513f515ae7b57de4a478554a101cde672c199e39142b1596e
2025-11-24T21:21:45.8256894Z 5432/tcp -> 0.0.0.0:5432
2025-11-24T21:21:45.8258796Z 5432/tcp -> [::]:5432
2025-11-24T21:21:45.8328379Z ##[endgroup]
2025-11-24T21:21:45.8330389Z ##[group]Starting redis service container
2025-11-24T21:21:45.8332160Z ##[command]/usr/bin/docker pull redis:7-alpine
2025-11-24T21:21:46.0443163Z 7-alpine: Pulling from library/redis
2025-11-24T21:21:46.1103141Z f637881d1138: Pulling fs layer
2025-11-24T21:21:46.1117101Z 60c57c0072ef: Pulling fs layer
2025-11-24T21:21:46.1120199Z fc4343b4accd: Pulling fs layer
2025-11-24T21:21:46.1120626Z 380e8aa8b1fd: Pulling fs layer
2025-11-24T21:21:46.1121059Z c70aae7b5e0d: Pulling fs layer
2025-11-24T21:21:46.1121440Z 232f7549c9b0: Pulling fs layer
2025-11-24T21:21:46.1121827Z 4f4fb700ef54: Pulling fs layer
2025-11-24T21:21:46.1122206Z d75b3becd998: Pulling fs layer
2025-11-24T21:21:46.1122584Z 380e8aa8b1fd: Waiting
2025-11-24T21:21:46.1122906Z c70aae7b5e0d: Waiting
2025-11-24T21:21:46.1123212Z 232f7549c9b0: Waiting
2025-11-24T21:21:46.1123521Z 4f4fb700ef54: Waiting
2025-11-24T21:21:46.1123817Z d75b3becd998: Waiting
2025-11-24T21:21:46.2006994Z 60c57c0072ef: Verifying Checksum
2025-11-24T21:21:46.2029784Z 60c57c0072ef: Download complete
2025-11-24T21:21:46.2146411Z fc4343b4accd: Verifying Checksum
2025-11-24T21:21:46.2146956Z fc4343b4accd: Download complete
2025-11-24T21:21:46.2684094Z f637881d1138: Verifying Checksum
2025-11-24T21:21:46.2697421Z f637881d1138: Download complete
2025-11-24T21:21:46.3216234Z 380e8aa8b1fd: Verifying Checksum
2025-11-24T21:21:46.3227112Z 380e8aa8b1fd: Download complete
2025-11-24T21:21:46.3858151Z 232f7549c9b0: Verifying Checksum
2025-11-24T21:21:46.3864034Z 232f7549c9b0: Download complete
2025-11-24T21:21:46.4390913Z 4f4fb700ef54: Verifying Checksum
2025-11-24T21:21:46.4412413Z 4f4fb700ef54: Download complete
2025-11-24T21:21:46.4590265Z c70aae7b5e0d: Verifying Checksum
2025-11-24T21:21:46.4624425Z c70aae7b5e0d: Download complete
2025-11-24T21:21:46.4991351Z d75b3becd998: Verifying Checksum
2025-11-24T21:21:46.4997242Z d75b3becd998: Download complete
2025-11-24T21:21:46.5082222Z f637881d1138: Pull complete
2025-11-24T21:21:46.5490842Z 60c57c0072ef: Pull complete
2025-11-24T21:21:46.7517957Z fc4343b4accd: Pull complete
2025-11-24T21:21:46.8116097Z 380e8aa8b1fd: Pull complete
2025-11-24T21:21:47.1819935Z c70aae7b5e0d: Pull complete
2025-11-24T21:21:47.2038459Z 232f7549c9b0: Pull complete
2025-11-24T21:21:47.2442881Z 4f4fb700ef54: Pull complete
2025-11-24T21:21:47.2583469Z d75b3becd998: Pull complete
2025-11-24T21:21:47.2636023Z Digest: sha256:ee64a64eaab618d88051c3ade8f6352d11531fcf79d9a4818b9b183d8c1d18ba
2025-11-24T21:21:47.2653382Z Status: Downloaded newer image for redis:7-alpine
2025-11-24T21:21:47.2661137Z docker.io/library/redis:7-alpine
2025-11-24T21:21:47.2683428Z ##[command]/usr/bin/docker create --name 36f878fcb641471b84264a133e4cea24_redis7alpine_c287b4 --label b90ef8 --network github_network_d8b5b1629fdb4ec2826eaf8e528c911e --network-alias redis -p 6379:6379 --health-cmd "redis-cli ping" --health-interval 10s --health-timeout 5s --health-retries 5 -e GITHUB_ACTIONS=true -e CI=true redis:7-alpine
2025-11-24T21:21:47.2979387Z 225a5b64009ec6b4fefbbb104e5efa596cfa42c53af9509654d8d7c5fccb19c5
2025-11-24T21:21:47.2997784Z ##[command]/usr/bin/docker start 225a5b64009ec6b4fefbbb104e5efa596cfa42c53af9509654d8d7c5fccb19c5
2025-11-24T21:21:47.4745208Z 225a5b64009ec6b4fefbbb104e5efa596cfa42c53af9509654d8d7c5fccb19c5
2025-11-24T21:21:47.4770298Z ##[command]/usr/bin/docker ps --all --filter id=225a5b64009ec6b4fefbbb104e5efa596cfa42c53af9509654d8d7c5fccb19c5 --filter status=running --no-trunc --format "{{.ID}} {{.Status}}"
2025-11-24T21:21:47.4947103Z 225a5b64009ec6b4fefbbb104e5efa596cfa42c53af9509654d8d7c5fccb19c5 Up Less than a second (health: starting)
2025-11-24T21:21:47.4960443Z ##[command]/usr/bin/docker port 225a5b64009ec6b4fefbbb104e5efa596cfa42c53af9509654d8d7c5fccb19c5
2025-11-24T21:21:47.5107928Z 6379/tcp -> 0.0.0.0:6379
2025-11-24T21:21:47.5108347Z 6379/tcp -> [::]:6379
2025-11-24T21:21:47.5124204Z ##[endgroup]
2025-11-24T21:21:47.5125377Z ##[group]Starting qdrant service container
2025-11-24T21:21:47.5126338Z ##[command]/usr/bin/docker pull qdrant/qdrant:latest
2025-11-24T21:21:47.7280983Z latest: Pulling from qdrant/qdrant
2025-11-24T21:21:47.7971782Z d7ecded7702a: Pulling fs layer
2025-11-24T21:21:47.7974020Z 4f4fb700ef54: Pulling fs layer
2025-11-24T21:21:47.7975126Z cabbfa1730ef: Pulling fs layer
2025-11-24T21:21:47.7978230Z 97209c113d4d: Pulling fs layer
2025-11-24T21:21:47.7978639Z ab2619f9591f: Pulling fs layer
2025-11-24T21:21:47.7979259Z cd1e37ac7918: Pulling fs layer
2025-11-24T21:21:47.7979641Z 521f6bd0cd40: Pulling fs layer
2025-11-24T21:21:47.7980043Z 627517a2547a: Pulling fs layer
2025-11-24T21:21:47.7980373Z 97209c113d4d: Waiting
2025-11-24T21:21:47.7980672Z 627517a2547a: Waiting
2025-11-24T21:21:47.7981393Z ab2619f9591f: Waiting
2025-11-24T21:21:47.7981724Z cd1e37ac7918: Waiting
2025-11-24T21:21:47.7982032Z 521f6bd0cd40: Waiting
2025-11-24T21:21:47.8772313Z 4f4fb700ef54: Verifying Checksum
2025-11-24T21:21:47.8772816Z 4f4fb700ef54: Download complete
2025-11-24T21:21:47.9457929Z cabbfa1730ef: Verifying Checksum
2025-11-24T21:21:47.9458763Z cabbfa1730ef: Download complete
2025-11-24T21:21:48.0373668Z ab2619f9591f: Verifying Checksum
2025-11-24T21:21:48.0389469Z ab2619f9591f: Download complete
2025-11-24T21:21:48.1231924Z cd1e37ac7918: Verifying Checksum
2025-11-24T21:21:48.1242124Z cd1e37ac7918: Download complete
2025-11-24T21:21:48.2257597Z 521f6bd0cd40: Verifying Checksum
2025-11-24T21:21:48.2263343Z 521f6bd0cd40: Download complete
2025-11-24T21:21:48.2630465Z d7ecded7702a: Verifying Checksum
2025-11-24T21:21:48.2633301Z d7ecded7702a: Download complete
2025-11-24T21:21:48.5059054Z 627517a2547a: Verifying Checksum
2025-11-24T21:21:48.5062303Z 627517a2547a: Download complete
2025-11-24T21:21:48.5404829Z 97209c113d4d: Verifying Checksum
2025-11-24T21:21:48.5409803Z 97209c113d4d: Download complete
2025-11-24T21:21:49.4414665Z d7ecded7702a: Pull complete
2025-11-24T21:21:49.8455208Z 4f4fb700ef54: Pull complete
2025-11-24T21:21:50.0451896Z cabbfa1730ef: Pull complete
2025-11-24T21:21:50.7613146Z 97209c113d4d: Pull complete
2025-11-24T21:21:50.7847306Z ab2619f9591f: Pull complete
2025-11-24T21:21:50.8127787Z cd1e37ac7918: Pull complete
2025-11-24T21:21:50.8297174Z 521f6bd0cd40: Pull complete
2025-11-24T21:21:50.9954665Z 627517a2547a: Pull complete
2025-11-24T21:21:51.0130070Z Digest: sha256:1005201498cf927d835383d0f918b17d8c9da7db58550f169f694455e42d78f4
2025-11-24T21:21:51.0144153Z Status: Downloaded newer image for qdrant/qdrant:latest
2025-11-24T21:21:51.0157623Z docker.io/qdrant/qdrant:latest
2025-11-24T21:21:51.0177040Z ##[command]/usr/bin/docker create --name 1628a7d0b0a5496fbd35a1381a98bc1e_qdrantqdrantlatest_d9f119 --label b90ef8 --network github_network_d8b5b1629fdb4ec2826eaf8e528c911e --network-alias qdrant -p 6333:6333  -e GITHUB_ACTIONS=true -e CI=true qdrant/qdrant:latest
2025-11-24T21:21:51.0486602Z 7be5e14956ed84ccfed65fffdfe8981ff8a2b4c97ad72fb65e4f1c6ab29626e3
2025-11-24T21:21:51.0489613Z ##[command]/usr/bin/docker start 7be5e14956ed84ccfed65fffdfe8981ff8a2b4c97ad72fb65e4f1c6ab29626e3
2025-11-24T21:21:51.2143655Z 7be5e14956ed84ccfed65fffdfe8981ff8a2b4c97ad72fb65e4f1c6ab29626e3
2025-11-24T21:21:51.2168196Z ##[command]/usr/bin/docker ps --all --filter id=7be5e14956ed84ccfed65fffdfe8981ff8a2b4c97ad72fb65e4f1c6ab29626e3 --filter status=running --no-trunc --format "{{.ID}} {{.Status}}"
2025-11-24T21:21:51.2506958Z 7be5e14956ed84ccfed65fffdfe8981ff8a2b4c97ad72fb65e4f1c6ab29626e3 Up Less than a second
2025-11-24T21:21:51.2563642Z ##[command]/usr/bin/docker port 7be5e14956ed84ccfed65fffdfe8981ff8a2b4c97ad72fb65e4f1c6ab29626e3
2025-11-24T21:21:51.2741188Z 6333/tcp -> 0.0.0.0:6333
2025-11-24T21:21:51.2741620Z 6333/tcp -> [::]:6333
2025-11-24T21:21:51.2755934Z ##[endgroup]
2025-11-24T21:21:51.2768348Z ##[group]Waiting for all services to be ready
2025-11-24T21:21:51.2782993Z ##[command]/usr/bin/docker inspect --format="{{if .Config.Healthcheck}}{{print .State.Health.Status}}{{end}}" c080b10e56316c5513f515ae7b57de4a478554a101cde672c199e39142b1596e
2025-11-24T21:21:51.2919639Z starting
2025-11-24T21:21:51.2944145Z postgres service is starting, waiting 2 seconds before checking again.
2025-11-24T21:21:53.2951074Z ##[command]/usr/bin/docker inspect --format="{{if .Config.Healthcheck}}{{print .State.Health.Status}}{{end}}" c080b10e56316c5513f515ae7b57de4a478554a101cde672c199e39142b1596e
2025-11-24T21:21:53.3075322Z starting
2025-11-24T21:21:53.3090269Z postgres service is starting, waiting 4 seconds before checking again.
2025-11-24T21:21:57.3880103Z ##[command]/usr/bin/docker inspect --format="{{if .Config.Healthcheck}}{{print .State.Health.Status}}{{end}}" c080b10e56316c5513f515ae7b57de4a478554a101cde672c199e39142b1596e
2025-11-24T21:21:57.4009419Z healthy
2025-11-24T21:21:57.4028038Z postgres service is healthy.
2025-11-24T21:21:57.4028824Z ##[command]/usr/bin/docker inspect --format="{{if .Config.Healthcheck}}{{print .State.Health.Status}}{{end}}" 225a5b64009ec6b4fefbbb104e5efa596cfa42c53af9509654d8d7c5fccb19c5
2025-11-24T21:21:57.4157281Z starting
2025-11-24T21:21:57.4171187Z redis service is starting, waiting 2 seconds before checking again.
2025-11-24T21:21:59.4177120Z ##[command]/usr/bin/docker inspect --format="{{if .Config.Healthcheck}}{{print .State.Health.Status}}{{end}}" 225a5b64009ec6b4fefbbb104e5efa596cfa42c53af9509654d8d7c5fccb19c5
2025-11-24T21:21:59.4312116Z healthy
2025-11-24T21:21:59.4326508Z redis service is healthy.
2025-11-24T21:21:59.4327416Z ##[command]/usr/bin/docker inspect --format="{{if .Config.Healthcheck}}{{print .State.Health.Status}}{{end}}" 7be5e14956ed84ccfed65fffdfe8981ff8a2b4c97ad72fb65e4f1c6ab29626e3
2025-11-24T21:21:59.4473250Z qdrant service is healthy.
2025-11-24T21:21:59.4474175Z ##[endgroup]
2025-11-24T21:21:59.4723114Z ##[group]Run actions/checkout@v4
2025-11-24T21:21:59.4723666Z with:
2025-11-24T21:21:59.4723895Z   repository: dreamsoft-pro/RAE-agentic-memory
2025-11-24T21:21:59.4724339Z   token: ***
2025-11-24T21:21:59.4724522Z   ssh-strict: true
2025-11-24T21:21:59.4724714Z   ssh-user: git
2025-11-24T21:21:59.4724906Z   persist-credentials: true
2025-11-24T21:21:59.4725120Z   clean: true
2025-11-24T21:21:59.4725314Z   sparse-checkout-cone-mode: true
2025-11-24T21:21:59.4725539Z   fetch-depth: 1
2025-11-24T21:21:59.4725718Z   fetch-tags: false
2025-11-24T21:21:59.4725896Z   show-progress: true
2025-11-24T21:21:59.4726089Z   lfs: false
2025-11-24T21:21:59.4726256Z   submodules: false
2025-11-24T21:21:59.4726448Z   set-safe-directory: true
2025-11-24T21:21:59.4726840Z ##[endgroup]
2025-11-24T21:21:59.5909743Z Syncing repository: dreamsoft-pro/RAE-agentic-memory
2025-11-24T21:21:59.5911557Z ##[group]Getting Git version info
2025-11-24T21:21:59.5912055Z Working directory is '/home/runner/work/RAE-agentic-memory/RAE-agentic-memory'
2025-11-24T21:21:59.5912648Z [command]/usr/bin/git version
2025-11-24T21:21:59.6040492Z git version 2.51.2
2025-11-24T21:21:59.6077245Z ##[endgroup]
2025-11-24T21:21:59.6103097Z Temporarily overriding HOME='/home/runner/work/_temp/bf21743e-6ba7-4164-a369-3d09daa2b925' before making global git config changes
2025-11-24T21:21:59.6106383Z Adding repository directory to the temporary git global config as a safe directory
2025-11-24T21:21:59.6110402Z [command]/usr/bin/git config --global --add safe.directory /home/runner/work/RAE-agentic-memory/RAE-agentic-memory
2025-11-24T21:21:59.6154506Z Deleting the contents of '/home/runner/work/RAE-agentic-memory/RAE-agentic-memory'
2025-11-24T21:21:59.6159389Z ##[group]Initializing the repository
2025-11-24T21:21:59.6164829Z [command]/usr/bin/git init /home/runner/work/RAE-agentic-memory/RAE-agentic-memory
2025-11-24T21:21:59.6340550Z hint: Using 'master' as the name for the initial branch. This default branch name
2025-11-24T21:21:59.6343311Z hint: is subject to change. To configure the initial branch name to use in all
2025-11-24T21:21:59.6344470Z hint: of your new repositories, which will suppress this warning, call:
2025-11-24T21:21:59.6346909Z hint:
2025-11-24T21:21:59.6347361Z hint: 	git config --global init.defaultBranch <name>
2025-11-24T21:21:59.6347852Z hint:
2025-11-24T21:21:59.6351181Z hint: Names commonly chosen instead of 'master' are 'main', 'trunk' and
2025-11-24T21:21:59.6352016Z hint: 'development'. The just-created branch can be renamed via this command:
2025-11-24T21:21:59.6352621Z hint:
2025-11-24T21:21:59.6352939Z hint: 	git branch -m <name>
2025-11-24T21:21:59.6353323Z hint:
2025-11-24T21:21:59.6353855Z hint: Disable this message with "git config set advice.defaultBranchName false"
2025-11-24T21:21:59.6354895Z Initialized empty Git repository in /home/runner/work/RAE-agentic-memory/RAE-agentic-memory/.git/
2025-11-24T21:21:59.6364237Z [command]/usr/bin/git remote add origin https://github.com/dreamsoft-pro/RAE-agentic-memory
2025-11-24T21:21:59.6411709Z ##[endgroup]
2025-11-24T21:21:59.6412334Z ##[group]Disabling automatic garbage collection
2025-11-24T21:21:59.6412888Z [command]/usr/bin/git config --local gc.auto 0
2025-11-24T21:21:59.6447156Z ##[endgroup]
2025-11-24T21:21:59.6448099Z ##[group]Setting up auth
2025-11-24T21:21:59.6456327Z [command]/usr/bin/git config --local --name-only --get-regexp core\.sshCommand
2025-11-24T21:21:59.6489932Z [command]/usr/bin/git submodule foreach --recursive sh -c "git config --local --name-only --get-regexp 'core\.sshCommand' && git config --local --unset-all 'core.sshCommand' || :"
2025-11-24T21:21:59.6891780Z [command]/usr/bin/git config --local --name-only --get-regexp http\.https\:\/\/github\.com\/\.extraheader
2025-11-24T21:21:59.6926841Z [command]/usr/bin/git submodule foreach --recursive sh -c "git config --local --name-only --get-regexp 'http\.https\:\/\/github\.com\/\.extraheader' && git config --local --unset-all 'http.https://github.com/.extraheader' || :"
2025-11-24T21:21:59.7171116Z [command]/usr/bin/git config --local --name-only --get-regexp ^includeIf\.gitdir:
2025-11-24T21:21:59.7217396Z [command]/usr/bin/git submodule foreach --recursive git config --local --show-origin --name-only --get-regexp remote.origin.url
2025-11-24T21:21:59.7546121Z [command]/usr/bin/git config --local http.https://github.com/.extraheader AUTHORIZATION: basic ***
2025-11-24T21:21:59.7617213Z ##[endgroup]
2025-11-24T21:21:59.7618061Z ##[group]Fetching the repository
2025-11-24T21:21:59.7633481Z [command]/usr/bin/git -c protocol.version=2 fetch --no-tags --prune --no-recurse-submodules --depth=1 origin +0320178eff75bbb04ffeabf43eb667b77d745a65:refs/remotes/origin/main
2025-11-24T21:22:00.1526889Z From https://github.com/dreamsoft-pro/RAE-agentic-memory
2025-11-24T21:22:00.1529349Z  * [new ref]         0320178eff75bbb04ffeabf43eb667b77d745a65 -> origin/main
2025-11-24T21:22:00.1565756Z ##[endgroup]
2025-11-24T21:22:00.1567725Z ##[group]Determining the checkout info
2025-11-24T21:22:00.1569632Z ##[endgroup]
2025-11-24T21:22:00.1575722Z [command]/usr/bin/git sparse-checkout disable
2025-11-24T21:22:00.1629827Z [command]/usr/bin/git config --local --unset-all extensions.worktreeConfig
2025-11-24T21:22:00.1655305Z ##[group]Checking out the ref
2025-11-24T21:22:00.1659853Z [command]/usr/bin/git checkout --progress --force -B main refs/remotes/origin/main
2025-11-24T21:22:00.2198539Z Switched to a new branch 'main'
2025-11-24T21:22:00.2215346Z branch 'main' set up to track 'origin/main'.
2025-11-24T21:22:00.2216844Z ##[endgroup]
2025-11-24T21:22:00.2304008Z [command]/usr/bin/git log -1 --format=%H
2025-11-24T21:22:00.2351188Z 0320178eff75bbb04ffeabf43eb667b77d745a65
2025-11-24T21:22:00.2603067Z ##[group]Run actions/setup-python@v5
2025-11-24T21:22:00.2603495Z with:
2025-11-24T21:22:00.2603789Z   python-version: 3.10
2025-11-24T21:22:00.2604001Z   cache: pip
2025-11-24T21:22:00.2604178Z   check-latest: false
2025-11-24T21:22:00.2604506Z   token: ***
2025-11-24T21:22:00.2604694Z   update-environment: true
2025-11-24T21:22:00.2604926Z   allow-prereleases: false
2025-11-24T21:22:00.2605143Z   freethreaded: false
2025-11-24T21:22:00.2605343Z ##[endgroup]
2025-11-24T21:22:00.4321940Z ##[group]Installed versions
2025-11-24T21:22:00.4511302Z Successfully set up CPython (3.10.19)
2025-11-24T21:22:00.4517585Z ##[endgroup]
2025-11-24T21:22:00.6206863Z [command]/opt/hostedtoolcache/Python/3.10.19/x64/bin/pip cache dir
2025-11-24T21:22:01.0203453Z /home/runner/.cache/pip
2025-11-24T21:22:01.1341678Z pip cache is not found
2025-11-24T21:22:01.1485396Z ##[group]Run python -m pip install --upgrade pip
2025-11-24T21:22:01.1485835Z [36;1mpython -m pip install --upgrade pip[0m
2025-11-24T21:22:01.1486173Z [36;1mpip install -r requirements-dev.txt[0m
2025-11-24T21:22:01.1486567Z [36;1mpip install -r apps/memory_api/requirements-base.txt[0m
2025-11-24T21:22:01.1486988Z [36;1mpip install -r apps/memory_api/requirements-test.txt[0m
2025-11-24T21:22:01.1487378Z [36;1mpip install -e sdk/python/rae_memory_sdk[0m
2025-11-24T21:22:01.1526916Z shell: /usr/bin/bash -e {0}
2025-11-24T21:22:01.1527171Z env:
2025-11-24T21:22:01.1527434Z   pythonLocation: /opt/hostedtoolcache/Python/3.10.19/x64
2025-11-24T21:22:01.1527897Z   PKG_CONFIG_PATH: /opt/hostedtoolcache/Python/3.10.19/x64/lib/pkgconfig
2025-11-24T21:22:01.1528332Z   Python_ROOT_DIR: /opt/hostedtoolcache/Python/3.10.19/x64
2025-11-24T21:22:01.1528712Z   Python2_ROOT_DIR: /opt/hostedtoolcache/Python/3.10.19/x64
2025-11-24T21:22:01.1529426Z   Python3_ROOT_DIR: /opt/hostedtoolcache/Python/3.10.19/x64
2025-11-24T21:22:01.1529822Z   LD_LIBRARY_PATH: /opt/hostedtoolcache/Python/3.10.19/x64/lib
2025-11-24T21:22:01.1530144Z ##[endgroup]
2025-11-24T21:22:01.8810257Z Requirement already satisfied: pip in /opt/hostedtoolcache/Python/3.10.19/x64/lib/python3.10/site-packages (25.3)
2025-11-24T21:22:03.1475853Z Collecting ruff (from -r requirements-dev.txt (line 2))
2025-11-24T21:22:03.2171458Z   Downloading ruff-0.14.6-py3-none-manylinux_2_17_x86_64.manylinux2014_x86_64.whl.metadata (25 kB)
2025-11-24T21:22:03.2765621Z Collecting pytest (from -r requirements-dev.txt (line 3))
2025-11-24T21:22:03.2847507Z   Downloading pytest-9.0.1-py3-none-any.whl.metadata (7.6 kB)
2025-11-24T21:22:03.3173947Z Collecting pytest-asyncio (from -r requirements-dev.txt (line 4))
2025-11-24T21:22:03.3254996Z   Downloading pytest_asyncio-1.3.0-py3-none-any.whl.metadata (4.1 kB)
2025-11-24T21:22:03.3513196Z Collecting pytest-cov (from -r requirements-dev.txt (line 5))
2025-11-24T21:22:03.3591336Z   Downloading pytest_cov-7.0.0-py3-none-any.whl.metadata (31 kB)
2025-11-24T21:22:03.5309247Z Collecting mypy (from -r requirements-dev.txt (line 6))
2025-11-24T21:22:03.5391177Z   Downloading mypy-1.18.2-cp310-cp310-manylinux2014_x86_64.manylinux_2_17_x86_64.manylinux_2_28_x86_64.whl.metadata (2.2 kB)
2025-11-24T21:22:03.5631013Z Collecting exceptiongroup>=1 (from pytest->-r requirements-dev.txt (line 3))
2025-11-24T21:22:03.5711298Z   Downloading exceptiongroup-1.3.1-py3-none-any.whl.metadata (6.7 kB)
2025-11-24T21:22:03.5959251Z Collecting iniconfig>=1.0.1 (from pytest->-r requirements-dev.txt (line 3))
2025-11-24T21:22:03.6037149Z   Downloading iniconfig-2.3.0-py3-none-any.whl.metadata (2.5 kB)
2025-11-24T21:22:03.6349109Z Collecting packaging>=22 (from pytest->-r requirements-dev.txt (line 3))
2025-11-24T21:22:03.6425430Z   Downloading packaging-25.0-py3-none-any.whl.metadata (3.3 kB)
2025-11-24T21:22:03.6659129Z Collecting pluggy<2,>=1.5 (from pytest->-r requirements-dev.txt (line 3))
2025-11-24T21:22:03.6738208Z   Downloading pluggy-1.6.0-py3-none-any.whl.metadata (4.8 kB)
2025-11-24T21:22:03.7037814Z Collecting pygments>=2.7.2 (from pytest->-r requirements-dev.txt (line 3))
2025-11-24T21:22:03.7113954Z   Downloading pygments-2.19.2-py3-none-any.whl.metadata (2.5 kB)
2025-11-24T21:22:03.7375223Z Collecting tomli>=1 (from pytest->-r requirements-dev.txt (line 3))
2025-11-24T21:22:03.7452278Z   Downloading tomli-2.3.0-py3-none-any.whl.metadata (10 kB)
2025-11-24T21:22:03.7650490Z Collecting backports-asyncio-runner<2,>=1.1 (from pytest-asyncio->-r requirements-dev.txt (line 4))
2025-11-24T21:22:03.7731822Z   Downloading backports_asyncio_runner-1.2.0-py3-none-any.whl.metadata (7.5 kB)
2025-11-24T21:22:03.8154500Z Collecting typing-extensions>=4.12 (from pytest-asyncio->-r requirements-dev.txt (line 4))
2025-11-24T21:22:03.8236328Z   Downloading typing_extensions-4.15.0-py3-none-any.whl.metadata (3.3 kB)
2025-11-24T21:22:04.3246043Z Collecting coverage>=7.10.6 (from coverage[toml]>=7.10.6->pytest-cov->-r requirements-dev.txt (line 5))
2025-11-24T21:22:04.3365991Z   Downloading coverage-7.12.0-cp310-cp310-manylinux1_x86_64.manylinux_2_28_x86_64.manylinux_2_5_x86_64.whl.metadata (9.1 kB)
2025-11-24T21:22:04.3788230Z Collecting mypy_extensions>=1.0.0 (from mypy->-r requirements-dev.txt (line 6))
2025-11-24T21:22:04.3867084Z   Downloading mypy_extensions-1.1.0-py3-none-any.whl.metadata (1.1 kB)
2025-11-24T21:22:04.4056408Z Collecting pathspec>=0.9.0 (from mypy->-r requirements-dev.txt (line 6))
2025-11-24T21:22:04.4128714Z   Downloading pathspec-0.12.1-py3-none-any.whl.metadata (21 kB)
2025-11-24T21:22:04.4384745Z Downloading ruff-0.14.6-py3-none-manylinux_2_17_x86_64.manylinux2014_x86_64.whl (13.9 MB)
2025-11-24T21:22:04.7755952Z    ━━━━━━━━━━━━━━━━━━━━━━━━━━━━━━━━━━━━━━━━ 13.9/13.9 MB 44.6 MB/s  0:00:00
2025-11-24T21:22:04.7836319Z Downloading pytest-9.0.1-py3-none-any.whl (373 kB)
2025-11-24T21:22:04.7967641Z Downloading pluggy-1.6.0-py3-none-any.whl (20 kB)
2025-11-24T21:22:04.8066971Z Downloading pytest_asyncio-1.3.0-py3-none-any.whl (15 kB)
2025-11-24T21:22:04.8168208Z Downloading backports_asyncio_runner-1.2.0-py3-none-any.whl (12 kB)
2025-11-24T21:22:04.8268723Z Downloading pytest_cov-7.0.0-py3-none-any.whl (22 kB)
2025-11-24T21:22:04.8375100Z Downloading mypy-1.18.2-cp310-cp310-manylinux2014_x86_64.manylinux_2_17_x86_64.manylinux_2_28_x86_64.whl (13.2 MB)
2025-11-24T21:22:04.9776179Z    ━━━━━━━━━━━━━━━━━━━━━━━━━━━━━━━━━━━━━━━━ 13.2/13.2 MB 96.0 MB/s  0:00:00
2025-11-24T21:22:04.9857121Z Downloading coverage-7.12.0-cp310-cp310-manylinux1_x86_64.manylinux_2_28_x86_64.manylinux_2_5_x86_64.whl (246 kB)
2025-11-24T21:22:04.9975703Z Downloading exceptiongroup-1.3.1-py3-none-any.whl (16 kB)
2025-11-24T21:22:05.0077393Z Downloading iniconfig-2.3.0-py3-none-any.whl (7.5 kB)
2025-11-24T21:22:05.0175458Z Downloading mypy_extensions-1.1.0-py3-none-any.whl (5.0 kB)
2025-11-24T21:22:05.0363751Z Downloading packaging-25.0-py3-none-any.whl (66 kB)
2025-11-24T21:22:05.0467918Z Downloading pathspec-0.12.1-py3-none-any.whl (31 kB)
2025-11-24T21:22:05.0573090Z Downloading pygments-2.19.2-py3-none-any.whl (1.2 MB)
2025-11-24T21:22:05.0710293Z    ━━━━━━━━━━━━━━━━━━━━━━━━━━━━━━━━━━━━━━━━ 1.2/1.2 MB 100.0 MB/s  0:00:00
2025-11-24T21:22:05.0787423Z Downloading tomli-2.3.0-py3-none-any.whl (14 kB)
2025-11-24T21:22:05.0944343Z Downloading typing_extensions-4.15.0-py3-none-any.whl (44 kB)
2025-11-24T21:22:05.1885135Z Installing collected packages: typing-extensions, tomli, ruff, pygments, pluggy, pathspec, packaging, mypy_extensions, iniconfig, coverage, backports-asyncio-runner, mypy, exceptiongroup, pytest, pytest-cov, pytest-asyncio
2025-11-24T21:22:07.8677467Z 
2025-11-24T21:22:07.8714041Z Successfully installed backports-asyncio-runner-1.2.0 coverage-7.12.0 exceptiongroup-1.3.1 iniconfig-2.3.0 mypy-1.18.2 mypy_extensions-1.1.0 packaging-25.0 pathspec-0.12.1 pluggy-1.6.0 pygments-2.19.2 pytest-9.0.1 pytest-asyncio-1.3.0 pytest-cov-7.0.0 ruff-0.14.6 tomli-2.3.0 typing-extensions-4.15.0
2025-11-24T21:22:08.5614999Z Collecting fastapi==0.115.0 (from -r apps/memory_api/requirements-base.txt (line 6))
2025-11-24T21:22:08.6300890Z   Downloading fastapi-0.115.0-py3-none-any.whl.metadata (27 kB)
2025-11-24T21:22:08.6848464Z Collecting uvicorn==0.38.0 (from -r apps/memory_api/requirements-base.txt (line 7))
2025-11-24T21:22:08.6968073Z   Downloading uvicorn-0.38.0-py3-none-any.whl.metadata (6.8 kB)
2025-11-24T21:22:08.8687159Z Collecting pydantic==2.12.4 (from -r apps/memory_api/requirements-base.txt (line 8))
2025-11-24T21:22:08.8809389Z   Downloading pydantic-2.12.4-py3-none-any.whl.metadata (89 kB)
2025-11-24T21:22:08.9189717Z Collecting pydantic-settings==2.12.0 (from -r apps/memory_api/requirements-base.txt (line 9))
2025-11-24T21:22:08.9269708Z   Downloading pydantic_settings-2.12.0-py3-none-any.whl.metadata (3.4 kB)
2025-11-24T21:22:08.9906145Z Collecting asyncpg==0.30.0 (from -r apps/memory_api/requirements-base.txt (line 12))
2025-11-24T21:22:08.9987154Z   Downloading asyncpg-0.30.0-cp310-cp310-manylinux_2_17_x86_64.manylinux2014_x86_64.whl.metadata (5.0 kB)
2025-11-24T21:22:09.0396566Z Collecting qdrant-client==1.10.1 (from -r apps/memory_api/requirements-base.txt (line 13))
2025-11-24T21:22:09.0490266Z   Downloading qdrant_client-1.10.1-py3-none-any.whl.metadata (10 kB)
2025-11-24T21:22:09.0704593Z Collecting pgvector==0.4.1 (from -r apps/memory_api/requirements-base.txt (line 14))
2025-11-24T21:22:09.0799649Z   Downloading pgvector-0.4.1-py3-none-any.whl.metadata (18 kB)
2025-11-24T21:22:09.1138020Z Collecting alembic==1.17.2 (from -r apps/memory_api/requirements-base.txt (line 15))
2025-11-24T21:22:09.1221869Z   Downloading alembic-1.17.2-py3-none-any.whl.metadata (7.2 kB)
2025-11-24T21:22:09.1507080Z Collecting httpx==0.27.2 (from -r apps/memory_api/requirements-base.txt (line 18))
2025-11-24T21:22:09.1616602Z   Downloading httpx-0.27.2-py3-none-any.whl.metadata (7.1 kB)
2025-11-24T21:22:09.2088395Z Collecting celery==5.5.3 (from -r apps/memory_api/requirements-base.txt (line 21))
2025-11-24T21:22:09.2216268Z   Downloading celery-5.5.3-py3-none-any.whl.metadata (22 kB)
2025-11-24T21:22:09.2932014Z Collecting redis==7.1.0 (from -r apps/memory_api/requirements-base.txt (line 22))
2025-11-24T21:22:09.3011126Z   Downloading redis-7.1.0-py3-none-any.whl.metadata (12 kB)
2025-11-24T21:22:09.3304031Z Collecting opentelemetry-sdk==1.27.0 (from -r apps/memory_api/requirements-base.txt (line 25))
2025-11-24T21:22:09.3383705Z   Downloading opentelemetry_sdk-1.27.0-py3-none-any.whl.metadata (1.5 kB)
2025-11-24T21:22:09.3666124Z Collecting opentelemetry-instrumentation-fastapi==0.48b0 (from -r apps/memory_api/requirements-base.txt (line 26))
2025-11-24T21:22:09.3764287Z   Downloading opentelemetry_instrumentation_fastapi-0.48b0-py3-none-any.whl.metadata (2.1 kB)
2025-11-24T21:22:09.4015166Z Collecting prometheus-fastapi-instrumentator==7.1.0 (from -r apps/memory_api/requirements-base.txt (line 27))
2025-11-24T21:22:09.4107428Z   Downloading prometheus_fastapi_instrumentator-7.1.0-py3-none-any.whl.metadata (13 kB)
2025-11-24T21:22:09.4332900Z Collecting prometheus_client==0.23.1 (from -r apps/memory_api/requirements-base.txt (line 28))
2025-11-24T21:22:09.4415584Z   Downloading prometheus_client-0.23.1-py3-none-any.whl.metadata (1.9 kB)
2025-11-24T21:22:09.4673605Z Collecting structlog==25.5.0 (from -r apps/memory_api/requirements-base.txt (line 29))
2025-11-24T21:22:09.4755612Z   Downloading structlog-25.5.0-py3-none-any.whl.metadata (9.5 kB)
2025-11-24T21:22:09.7347377Z Collecting litellm==1.80.0 (from -r apps/memory_api/requirements-base.txt (line 32))
2025-11-24T21:22:09.7443229Z   Downloading litellm-1.80.0-py3-none-any.whl.metadata (30 kB)
2025-11-24T21:22:09.8338763Z Collecting openai==2.8.1 (from -r apps/memory_api/requirements-base.txt (line 33))
2025-11-24T21:22:09.8419601Z   Downloading openai-2.8.1-py3-none-any.whl.metadata (29 kB)
2025-11-24T21:22:09.8883423Z Collecting anthropic==0.74.1 (from -r apps/memory_api/requirements-base.txt (line 34))
2025-11-24T21:22:09.8969194Z   Downloading anthropic-0.74.1-py3-none-any.whl.metadata (28 kB)
2025-11-24T21:22:09.9190740Z Collecting google-generativeai==0.8.5 (from -r apps/memory_api/requirements-base.txt (line 35))
2025-11-24T21:22:09.9273245Z   Downloading google_generativeai-0.8.5-py3-none-any.whl.metadata (3.9 kB)
2025-11-24T21:22:09.9531606Z Collecting tenacity==9.1.2 (from -r apps/memory_api/requirements-base.txt (line 38))
2025-11-24T21:22:09.9616130Z   Downloading tenacity-9.1.2-py3-none-any.whl.metadata (1.2 kB)
2025-11-24T21:22:09.9834912Z Collecting python-jose==3.5.0 (from python-jose[cryptography]==3.5.0->-r apps/memory_api/requirements-base.txt (line 39))
2025-11-24T21:22:09.9916003Z   Downloading python_jose-3.5.0-py2.py3-none-any.whl.metadata (5.5 kB)
2025-11-24T21:22:10.0998362Z Collecting zstandard==0.25.0 (from -r apps/memory_api/requirements-base.txt (line 40))
2025-11-24T21:22:10.1078484Z   Downloading zstandard-0.25.0-cp310-cp310-manylinux2014_x86_64.manylinux_2_17_x86_64.whl.metadata (3.3 kB)
2025-11-24T21:22:10.1502449Z Collecting starlette<0.39.0,>=0.37.2 (from fastapi==0.115.0->-r apps/memory_api/requirements-base.txt (line 6))
2025-11-24T21:22:10.1583765Z   Downloading starlette-0.38.6-py3-none-any.whl.metadata (6.0 kB)
2025-11-24T21:22:10.2061633Z Requirement already satisfied: typing-extensions>=4.8.0 in /opt/hostedtoolcache/Python/3.10.19/x64/lib/python3.10/site-packages (from fastapi==0.115.0->-r apps/memory_api/requirements-base.txt (line 6)) (4.15.0)
2025-11-24T21:22:10.2212708Z Collecting annotated-types>=0.6.0 (from pydantic==2.12.4->-r apps/memory_api/requirements-base.txt (line 8))
2025-11-24T21:22:10.2294554Z   Downloading annotated_types-0.7.0-py3-none-any.whl.metadata (15 kB)
2025-11-24T21:22:11.1995188Z Collecting pydantic-core==2.41.5 (from pydantic==2.12.4->-r apps/memory_api/requirements-base.txt (line 8))
2025-11-24T21:22:11.2080771Z   Downloading pydantic_core-2.41.5-cp310-cp310-manylinux_2_17_x86_64.manylinux2014_x86_64.whl.metadata (7.3 kB)
2025-11-24T21:22:11.2259992Z Collecting typing-inspection>=0.4.2 (from pydantic==2.12.4->-r apps/memory_api/requirements-base.txt (line 8))
2025-11-24T21:22:11.2339262Z   Downloading typing_inspection-0.4.2-py3-none-any.whl.metadata (2.6 kB)
2025-11-24T21:22:11.2644600Z Collecting click>=7.0 (from uvicorn==0.38.0->-r apps/memory_api/requirements-base.txt (line 7))
2025-11-24T21:22:11.2725317Z   Downloading click-8.3.1-py3-none-any.whl.metadata (2.6 kB)
2025-11-24T21:22:11.2926283Z Collecting h11>=0.8 (from uvicorn==0.38.0->-r apps/memory_api/requirements-base.txt (line 7))
2025-11-24T21:22:11.3003673Z   Downloading h11-0.16.0-py3-none-any.whl.metadata (8.3 kB)
2025-11-24T21:22:11.3678604Z Collecting python-dotenv>=0.21.0 (from pydantic-settings==2.12.0->-r apps/memory_api/requirements-base.txt (line 9))
2025-11-24T21:22:11.3759838Z   Downloading python_dotenv-1.2.1-py3-none-any.whl.metadata (25 kB)
2025-11-24T21:22:11.3996444Z Collecting async-timeout>=4.0.3 (from asyncpg==0.30.0->-r apps/memory_api/requirements-base.txt (line 12))
2025-11-24T21:22:11.4080097Z   Downloading async_timeout-5.0.1-py3-none-any.whl.metadata (5.1 kB)
2025-11-24T21:22:12.1067786Z Collecting grpcio>=1.41.0 (from qdrant-client==1.10.1->-r apps/memory_api/requirements-base.txt (line 13))
2025-11-24T21:22:12.1183317Z   Downloading grpcio-1.76.0-cp310-cp310-manylinux2014_x86_64.manylinux_2_17_x86_64.whl.metadata (3.7 kB)
2025-11-24T21:22:12.8540131Z Collecting grpcio-tools>=1.41.0 (from qdrant-client==1.10.1->-r apps/memory_api/requirements-base.txt (line 13))
2025-11-24T21:22:12.8639059Z   Downloading grpcio_tools-1.76.0-cp310-cp310-manylinux2014_x86_64.manylinux_2_17_x86_64.whl.metadata (5.3 kB)
2025-11-24T21:22:13.1780984Z Collecting numpy>=1.21 (from qdrant-client==1.10.1->-r apps/memory_api/requirements-base.txt (line 13))
2025-11-24T21:22:13.1861899Z   Downloading numpy-2.2.6-cp310-cp310-manylinux_2_17_x86_64.manylinux2014_x86_64.whl.metadata (62 kB)
2025-11-24T21:22:13.2189594Z Collecting portalocker<3.0.0,>=2.7.0 (from qdrant-client==1.10.1->-r apps/memory_api/requirements-base.txt (line 13))
2025-11-24T21:22:13.2274045Z   Downloading portalocker-2.10.1-py3-none-any.whl.metadata (8.5 kB)
2025-11-24T21:22:13.3081039Z Collecting urllib3<3,>=1.26.14 (from qdrant-client==1.10.1->-r apps/memory_api/requirements-base.txt (line 13))
2025-11-24T21:22:13.3159578Z   Downloading urllib3-2.5.0-py3-none-any.whl.metadata (6.5 kB)
2025-11-24T21:22:13.6665307Z Collecting SQLAlchemy>=1.4.0 (from alembic==1.17.2->-r apps/memory_api/requirements-base.txt (line 15))
2025-11-24T21:22:13.6744278Z   Downloading sqlalchemy-2.0.44-cp310-cp310-manylinux_2_17_x86_64.manylinux2014_x86_64.whl.metadata (9.5 kB)
2025-11-24T21:22:13.7125302Z Collecting Mako (from alembic==1.17.2->-r apps/memory_api/requirements-base.txt (line 15))
2025-11-24T21:22:13.7203219Z   Downloading mako-1.3.10-py3-none-any.whl.metadata (2.9 kB)
2025-11-24T21:22:13.7253634Z Requirement already satisfied: tomli in /opt/hostedtoolcache/Python/3.10.19/x64/lib/python3.10/site-packages (from alembic==1.17.2->-r apps/memory_api/requirements-base.txt (line 15)) (2.3.0)
2025-11-24T21:22:13.7532138Z Collecting anyio (from httpx==0.27.2->-r apps/memory_api/requirements-base.txt (line 18))
2025-11-24T21:22:13.7614349Z   Downloading anyio-4.11.0-py3-none-any.whl.metadata (4.1 kB)
2025-11-24T21:22:13.7899524Z Collecting certifi (from httpx==0.27.2->-r apps/memory_api/requirements-base.txt (line 18))
2025-11-24T21:22:13.7978555Z   Downloading certifi-2025.11.12-py3-none-any.whl.metadata (2.5 kB)
2025-11-24T21:22:13.8261380Z Collecting httpcore==1.* (from httpx==0.27.2->-r apps/memory_api/requirements-base.txt (line 18))
2025-11-24T21:22:13.8494583Z   Downloading httpcore-1.0.9-py3-none-any.whl.metadata (21 kB)
2025-11-24T21:22:13.8727330Z Collecting idna (from httpx==0.27.2->-r apps/memory_api/requirements-base.txt (line 18))
2025-11-24T21:22:13.8857986Z   Downloading idna-3.11-py3-none-any.whl.metadata (8.4 kB)
2025-11-24T21:22:13.9042673Z Collecting sniffio (from httpx==0.27.2->-r apps/memory_api/requirements-base.txt (line 18))
2025-11-24T21:22:13.9117646Z   Downloading sniffio-1.3.1-py3-none-any.whl.metadata (3.9 kB)
2025-11-24T21:22:13.9414210Z Collecting billiard<5.0,>=4.2.1 (from celery==5.5.3->-r apps/memory_api/requirements-base.txt (line 21))
2025-11-24T21:22:13.9497767Z   Downloading billiard-4.2.3-py3-none-any.whl.metadata (4.8 kB)
2025-11-24T21:22:13.9921491Z Collecting kombu<5.6,>=5.5.2 (from celery==5.5.3->-r apps/memory_api/requirements-base.txt (line 21))
2025-11-24T21:22:14.0038061Z   Downloading kombu-5.5.4-py3-none-any.whl.metadata (3.5 kB)
2025-11-24T21:22:14.0320156Z Collecting vine<6.0,>=5.1.0 (from celery==5.5.3->-r apps/memory_api/requirements-base.txt (line 21))
2025-11-24T21:22:14.0444634Z   Downloading vine-5.1.0-py3-none-any.whl.metadata (2.7 kB)
2025-11-24T21:22:14.0698019Z Collecting click-didyoumean>=0.3.0 (from celery==5.5.3->-r apps/memory_api/requirements-base.txt (line 21))
2025-11-24T21:22:14.0780014Z   Downloading click_didyoumean-0.3.1-py3-none-any.whl.metadata (3.9 kB)
2025-11-24T21:22:14.0955252Z Collecting click-repl>=0.2.0 (from celery==5.5.3->-r apps/memory_api/requirements-base.txt (line 21))
2025-11-24T21:22:14.1033604Z   Downloading click_repl-0.3.0-py3-none-any.whl.metadata (3.6 kB)
2025-11-24T21:22:14.1216986Z Collecting click-plugins>=1.1.1 (from celery==5.5.3->-r apps/memory_api/requirements-base.txt (line 21))
2025-11-24T21:22:14.1301610Z   Downloading click_plugins-1.1.1.2-py2.py3-none-any.whl.metadata (6.5 kB)
2025-11-24T21:22:14.1526465Z Collecting python-dateutil>=2.8.2 (from celery==5.5.3->-r apps/memory_api/requirements-base.txt (line 21))
2025-11-24T21:22:14.1605822Z   Downloading python_dateutil-2.9.0.post0-py2.py3-none-any.whl.metadata (8.4 kB)
2025-11-24T21:22:14.1911752Z Collecting opentelemetry-api==1.27.0 (from opentelemetry-sdk==1.27.0->-r apps/memory_api/requirements-base.txt (line 25))
2025-11-24T21:22:14.1992294Z   Downloading opentelemetry_api-1.27.0-py3-none-any.whl.metadata (1.4 kB)
2025-11-24T21:22:14.2249891Z Collecting opentelemetry-semantic-conventions==0.48b0 (from opentelemetry-sdk==1.27.0->-r apps/memory_api/requirements-base.txt (line 25))
2025-11-24T21:22:14.2330427Z   Downloading opentelemetry_semantic_conventions-0.48b0-py3-none-any.whl.metadata (2.4 kB)
2025-11-24T21:22:14.2715279Z Collecting opentelemetry-instrumentation-asgi==0.48b0 (from opentelemetry-instrumentation-fastapi==0.48b0->-r apps/memory_api/requirements-base.txt (line 26))
2025-11-24T21:22:14.2807445Z   Downloading opentelemetry_instrumentation_asgi-0.48b0-py3-none-any.whl.metadata (2.0 kB)
2025-11-24T21:22:14.3102577Z Collecting opentelemetry-instrumentation==0.48b0 (from opentelemetry-instrumentation-fastapi==0.48b0->-r apps/memory_api/requirements-base.txt (line 26))
2025-11-24T21:22:14.3181986Z   Downloading opentelemetry_instrumentation-0.48b0-py3-none-any.whl.metadata (6.1 kB)
2025-11-24T21:22:14.3443265Z Collecting opentelemetry-util-http==0.48b0 (from opentelemetry-instrumentation-fastapi==0.48b0->-r apps/memory_api/requirements-base.txt (line 26))
2025-11-24T21:22:14.3530195Z   Downloading opentelemetry_util_http-0.48b0-py3-none-any.whl.metadata (2.5 kB)
2025-11-24T21:22:14.3823846Z Collecting deprecated>=1.2.6 (from opentelemetry-api==1.27.0->opentelemetry-sdk==1.27.0->-r apps/memory_api/requirements-base.txt (line 25))
2025-11-24T21:22:14.3902169Z   Downloading deprecated-1.3.1-py2.py3-none-any.whl.metadata (5.9 kB)
2025-11-24T21:22:14.4331754Z Collecting importlib-metadata<=8.4.0,>=6.0 (from opentelemetry-api==1.27.0->opentelemetry-sdk==1.27.0->-r apps/memory_api/requirements-base.txt (line 25))
2025-11-24T21:22:14.4409377Z   Downloading importlib_metadata-8.4.0-py3-none-any.whl.metadata (4.7 kB)
2025-11-24T21:22:15.2087603Z Collecting aiohttp>=3.10 (from litellm==1.80.0->-r apps/memory_api/requirements-base.txt (line 32))
2025-11-24T21:22:15.2169409Z   Downloading aiohttp-3.13.2-cp310-cp310-manylinux2014_x86_64.manylinux_2_17_x86_64.manylinux_2_28_x86_64.whl.metadata (8.1 kB)
2025-11-24T21:22:15.2623716Z Collecting fastuuid>=0.13.0 (from litellm==1.80.0->-r apps/memory_api/requirements-base.txt (line 32))
2025-11-24T21:22:15.2727739Z   Downloading fastuuid-0.14.0-cp310-cp310-manylinux_2_17_x86_64.manylinux2014_x86_64.whl.metadata (1.1 kB)
2025-11-24T21:22:15.3126836Z Collecting jinja2<4.0.0,>=3.1.2 (from litellm==1.80.0->-r apps/memory_api/requirements-base.txt (line 32))
2025-11-24T21:22:15.3206395Z   Downloading jinja2-3.1.6-py3-none-any.whl.metadata (2.9 kB)
2025-11-24T21:22:15.3562266Z Collecting jsonschema<5.0.0,>=4.22.0 (from litellm==1.80.0->-r apps/memory_api/requirements-base.txt (line 32))
2025-11-24T21:22:15.3652211Z   Downloading jsonschema-4.25.1-py3-none-any.whl.metadata (7.6 kB)
2025-11-24T21:22:15.4787659Z Collecting tiktoken>=0.7.0 (from litellm==1.80.0->-r apps/memory_api/requirements-base.txt (line 32))
2025-11-24T21:22:15.4875234Z   Downloading tiktoken-0.12.0-cp310-cp310-manylinux_2_28_x86_64.whl.metadata (6.7 kB)
2025-11-24T21:22:15.6872199Z Collecting tokenizers (from litellm==1.80.0->-r apps/memory_api/requirements-base.txt (line 32))
2025-11-24T21:22:15.6954404Z   Downloading tokenizers-0.22.1-cp39-abi3-manylinux_2_17_x86_64.manylinux2014_x86_64.whl.metadata (6.8 kB)
2025-11-24T21:22:15.7253175Z Collecting distro<2,>=1.7.0 (from openai==2.8.1->-r apps/memory_api/requirements-base.txt (line 33))
2025-11-24T21:22:15.7329611Z   Downloading distro-1.9.0-py3-none-any.whl.metadata (6.8 kB)
2025-11-24T21:22:15.8341840Z Collecting jiter<1,>=0.10.0 (from openai==2.8.1->-r apps/memory_api/requirements-base.txt (line 33))
2025-11-24T21:22:15.8424778Z   Downloading jiter-0.12.0-cp310-cp310-manylinux_2_17_x86_64.manylinux2014_x86_64.whl.metadata (5.2 kB)
2025-11-24T21:22:15.9249628Z Collecting tqdm>4 (from openai==2.8.1->-r apps/memory_api/requirements-base.txt (line 33))
2025-11-24T21:22:15.9339506Z   Downloading tqdm-4.67.1-py3-none-any.whl.metadata (57 kB)
2025-11-24T21:22:15.9645182Z Collecting docstring-parser<1,>=0.15 (from anthropic==0.74.1->-r apps/memory_api/requirements-base.txt (line 34))
2025-11-24T21:22:15.9726120Z   Downloading docstring_parser-0.17.0-py3-none-any.whl.metadata (3.5 kB)
2025-11-24T21:22:16.0261275Z Collecting google-ai-generativelanguage==0.6.15 (from google-generativeai==0.8.5->-r apps/memory_api/requirements-base.txt (line 35))
2025-11-24T21:22:16.0336930Z   Downloading google_ai_generativelanguage-0.6.15-py3-none-any.whl.metadata (5.7 kB)
2025-11-24T21:22:16.1056948Z Collecting google-api-core (from google-generativeai==0.8.5->-r apps/memory_api/requirements-base.txt (line 35))
2025-11-24T21:22:16.1135683Z   Downloading google_api_core-2.28.1-py3-none-any.whl.metadata (3.3 kB)
2025-11-24T21:22:16.1889665Z Collecting google-api-python-client (from google-generativeai==0.8.5->-r apps/memory_api/requirements-base.txt (line 35))
2025-11-24T21:22:16.1971324Z   Downloading google_api_python_client-2.187.0-py3-none-any.whl.metadata (7.0 kB)
2025-11-24T21:22:16.2482717Z Collecting google-auth>=2.15.0 (from google-generativeai==0.8.5->-r apps/memory_api/requirements-base.txt (line 35))
2025-11-24T21:22:16.2562950Z   Downloading google_auth-2.43.0-py2.py3-none-any.whl.metadata (6.6 kB)
2025-11-24T21:22:16.5918400Z Collecting protobuf (from google-generativeai==0.8.5->-r apps/memory_api/requirements-base.txt (line 35))
2025-11-24T21:22:16.5997964Z   Downloading protobuf-6.33.1-cp39-abi3-manylinux2014_x86_64.whl.metadata (593 bytes)
2025-11-24T21:22:16.6281277Z Collecting ecdsa!=0.15 (from python-jose==3.5.0->python-jose[cryptography]==3.5.0->-r apps/memory_api/requirements-base.txt (line 39))
2025-11-24T21:22:16.6363345Z   Downloading ecdsa-0.19.1-py2.py3-none-any.whl.metadata (29 kB)
2025-11-24T21:22:16.6644108Z Collecting rsa!=4.1.1,!=4.4,<5.0,>=4.0 (from python-jose==3.5.0->python-jose[cryptography]==3.5.0->-r apps/memory_api/requirements-base.txt (line 39))
2025-11-24T21:22:16.6726793Z   Downloading rsa-4.9.1-py3-none-any.whl.metadata (5.6 kB)
2025-11-24T21:22:16.7025949Z Collecting pyasn1>=0.5.0 (from python-jose==3.5.0->python-jose[cryptography]==3.5.0->-r apps/memory_api/requirements-base.txt (line 39))
2025-11-24T21:22:16.7104023Z   Downloading pyasn1-0.6.1-py3-none-any.whl.metadata (8.4 kB)
2025-11-24T21:22:16.8662403Z Collecting proto-plus<2.0.0dev,>=1.22.3 (from google-ai-generativelanguage==0.6.15->google-generativeai==0.8.5->-r apps/memory_api/requirements-base.txt (line 35))
2025-11-24T21:22:16.8741349Z   Downloading proto_plus-1.26.1-py3-none-any.whl.metadata (2.2 kB)
2025-11-24T21:22:16.9685027Z Collecting protobuf (from google-generativeai==0.8.5->-r apps/memory_api/requirements-base.txt (line 35))
2025-11-24T21:22:16.9778692Z   Downloading protobuf-5.29.5-cp38-abi3-manylinux2014_x86_64.whl.metadata (592 bytes)
2025-11-24T21:22:16.9988049Z Requirement already satisfied: setuptools>=16.0 in /opt/hostedtoolcache/Python/3.10.19/x64/lib/python3.10/site-packages (from opentelemetry-instrumentation==0.48b0->opentelemetry-instrumentation-fastapi==0.48b0->-r apps/memory_api/requirements-base.txt (line 26)) (79.0.1)
2025-11-24T21:22:17.1792217Z Collecting wrapt<2.0.0,>=1.0.0 (from opentelemetry-instrumentation==0.48b0->opentelemetry-instrumentation-fastapi==0.48b0->-r apps/memory_api/requirements-base.txt (line 26))
2025-11-24T21:22:17.1875536Z   Downloading wrapt-1.17.3-cp310-cp310-manylinux1_x86_64.manylinux_2_28_x86_64.manylinux_2_5_x86_64.whl.metadata (6.4 kB)
2025-11-24T21:22:17.2229361Z Collecting asgiref~=3.0 (from opentelemetry-instrumentation-asgi==0.48b0->opentelemetry-instrumentation-fastapi==0.48b0->-r apps/memory_api/requirements-base.txt (line 26))
2025-11-24T21:22:17.2307536Z   Downloading asgiref-3.11.0-py3-none-any.whl.metadata (9.3 kB)
2025-11-24T21:22:17.5041216Z Collecting cryptography>=3.4.0 (from python-jose[cryptography]==3.5.0->-r apps/memory_api/requirements-base.txt (line 39))
2025-11-24T21:22:17.5129933Z   Downloading cryptography-46.0.3-cp38-abi3-manylinux_2_34_x86_64.whl.metadata (5.7 kB)
2025-11-24T21:22:17.5284680Z Requirement already satisfied: exceptiongroup>=1.0.2 in /opt/hostedtoolcache/Python/3.10.19/x64/lib/python3.10/site-packages (from anyio->httpx==0.27.2->-r apps/memory_api/requirements-base.txt (line 18)) (1.3.1)
2025-11-24T21:22:17.5720248Z Collecting googleapis-common-protos<2.0.0,>=1.56.2 (from google-api-core->google-generativeai==0.8.5->-r apps/memory_api/requirements-base.txt (line 35))
2025-11-24T21:22:17.5806374Z   Downloading googleapis_common_protos-1.72.0-py3-none-any.whl.metadata (9.4 kB)
2025-11-24T21:22:17.8025521Z Collecting requests<3.0.0,>=2.18.0 (from google-api-core->google-generativeai==0.8.5->-r apps/memory_api/requirements-base.txt (line 35))
2025-11-24T21:22:17.8209293Z   Downloading requests-2.32.5-py3-none-any.whl.metadata (4.9 kB)
2025-11-24T21:22:17.9010242Z Collecting grpcio-status<2.0.0,>=1.33.2 (from google-api-core[grpc]!=2.0.*,!=2.1.*,!=2.10.*,!=2.2.*,!=2.3.*,!=2.4.*,!=2.5.*,!=2.6.*,!=2.7.*,!=2.8.*,!=2.9.*,<3.0.0dev,>=1.34.1->google-ai-generativelanguage==0.6.15->google-generativeai==0.8.5->-r apps/memory_api/requirements-base.txt (line 35))
2025-11-24T21:22:17.9092974Z   Downloading grpcio_status-1.76.0-py3-none-any.whl.metadata (1.1 kB)
2025-11-24T21:22:17.9432274Z Collecting cachetools<7.0,>=2.0.0 (from google-auth>=2.15.0->google-generativeai==0.8.5->-r apps/memory_api/requirements-base.txt (line 35))
2025-11-24T21:22:17.9526222Z   Downloading cachetools-6.2.2-py3-none-any.whl.metadata (5.6 kB)
2025-11-24T21:22:17.9803830Z Collecting pyasn1-modules>=0.2.1 (from google-auth>=2.15.0->google-generativeai==0.8.5->-r apps/memory_api/requirements-base.txt (line 35))
2025-11-24T21:22:17.9879999Z   Downloading pyasn1_modules-0.4.2-py3-none-any.whl.metadata (3.5 kB)
2025-11-24T21:22:18.0431549Z INFO: pip is looking at multiple versions of grpcio-status to determine which version is compatible with other requirements. This could take a while.
2025-11-24T21:22:18.0441694Z Collecting grpcio-status<2.0.0,>=1.33.2 (from google-api-core[grpc]!=2.0.*,!=2.1.*,!=2.10.*,!=2.2.*,!=2.3.*,!=2.4.*,!=2.5.*,!=2.6.*,!=2.7.*,!=2.8.*,!=2.9.*,<3.0.0dev,>=1.34.1->google-ai-generativelanguage==0.6.15->google-generativeai==0.8.5->-r apps/memory_api/requirements-base.txt (line 35))
2025-11-24T21:22:18.0523670Z   Downloading grpcio_status-1.75.1-py3-none-any.whl.metadata (1.1 kB)
2025-11-24T21:22:18.0711594Z   Downloading grpcio_status-1.75.0-py3-none-any.whl.metadata (1.1 kB)
2025-11-24T21:22:18.0872536Z   Downloading grpcio_status-1.74.0-py3-none-any.whl.metadata (1.1 kB)
2025-11-24T21:22:18.1024096Z   Downloading grpcio_status-1.73.1-py3-none-any.whl.metadata (1.1 kB)
2025-11-24T21:22:18.2122148Z   Downloading grpcio_status-1.73.0-py3-none-any.whl.metadata (1.1 kB)
2025-11-24T21:22:18.2270695Z   Downloading grpcio_status-1.72.2-py3-none-any.whl.metadata (1.1 kB)
2025-11-24T21:22:18.2432920Z   Downloading grpcio_status-1.72.1-py3-none-any.whl.metadata (1.1 kB)
2025-11-24T21:22:18.2497207Z INFO: pip is still looking at multiple versions of grpcio-status to determine which version is compatible with other requirements. This could take a while.
2025-11-24T21:22:18.2581818Z   Downloading grpcio_status-1.71.2-py3-none-any.whl.metadata (1.1 kB)
2025-11-24T21:22:18.4289472Z Collecting zipp>=0.5 (from importlib-metadata<=8.4.0,>=6.0->opentelemetry-api==1.27.0->opentelemetry-sdk==1.27.0->-r apps/memory_api/requirements-base.txt (line 25))
2025-11-24T21:22:18.4381352Z   Downloading zipp-3.23.0-py3-none-any.whl.metadata (3.6 kB)
2025-11-24T21:22:18.5163402Z Collecting MarkupSafe>=2.0 (from jinja2<4.0.0,>=3.1.2->litellm==1.80.0->-r apps/memory_api/requirements-base.txt (line 32))
2025-11-24T21:22:18.5249870Z   Downloading markupsafe-3.0.3-cp310-cp310-manylinux2014_x86_64.manylinux_2_17_x86_64.manylinux_2_28_x86_64.whl.metadata (2.7 kB)
2025-11-24T21:22:18.5529152Z Collecting attrs>=22.2.0 (from jsonschema<5.0.0,>=4.22.0->litellm==1.80.0->-r apps/memory_api/requirements-base.txt (line 32))
2025-11-24T21:22:18.5615567Z   Downloading attrs-25.4.0-py3-none-any.whl.metadata (10 kB)
2025-11-24T21:22:18.5813866Z Collecting jsonschema-specifications>=2023.03.6 (from jsonschema<5.0.0,>=4.22.0->litellm==1.80.0->-r apps/memory_api/requirements-base.txt (line 32))
2025-11-24T21:22:18.5894590Z   Downloading jsonschema_specifications-2025.9.1-py3-none-any.whl.metadata (2.9 kB)
2025-11-24T21:22:18.6242816Z Collecting referencing>=0.28.4 (from jsonschema<5.0.0,>=4.22.0->litellm==1.80.0->-r apps/memory_api/requirements-base.txt (line 32))
2025-11-24T21:22:18.6326406Z   Downloading referencing-0.37.0-py3-none-any.whl.metadata (2.8 kB)
2025-11-24T21:22:18.9734353Z Collecting rpds-py>=0.7.1 (from jsonschema<5.0.0,>=4.22.0->litellm==1.80.0->-r apps/memory_api/requirements-base.txt (line 32))
2025-11-24T21:22:18.9815111Z   Downloading rpds_py-0.29.0-cp310-cp310-manylinux_2_17_x86_64.manylinux2014_x86_64.whl.metadata (4.1 kB)
2025-11-24T21:22:19.0089775Z Collecting amqp<6.0.0,>=5.1.1 (from kombu<5.6,>=5.5.2->celery==5.5.3->-r apps/memory_api/requirements-base.txt (line 21))
2025-11-24T21:22:19.0169801Z   Downloading amqp-5.3.1-py3-none-any.whl.metadata (8.9 kB)
2025-11-24T21:22:19.0391643Z Collecting tzdata>=2025.2 (from kombu<5.6,>=5.5.2->celery==5.5.3->-r apps/memory_api/requirements-base.txt (line 21))
2025-11-24T21:22:19.0469401Z   Downloading tzdata-2025.2-py2.py3-none-any.whl.metadata (1.4 kB)
2025-11-24T21:22:19.0502690Z Requirement already satisfied: packaging in /opt/hostedtoolcache/Python/3.10.19/x64/lib/python3.10/site-packages (from kombu<5.6,>=5.5.2->celery==5.5.3->-r apps/memory_api/requirements-base.txt (line 21)) (25.0)
2025-11-24T21:22:19.4304284Z Collecting charset_normalizer<4,>=2 (from requests<3.0.0,>=2.18.0->google-api-core->google-generativeai==0.8.5->-r apps/memory_api/requirements-base.txt (line 35))
2025-11-24T21:22:19.4388167Z   Downloading charset_normalizer-3.4.4-cp310-cp310-manylinux2014_x86_64.manylinux_2_17_x86_64.manylinux_2_28_x86_64.whl.metadata (37 kB)
2025-11-24T21:22:19.5158037Z Collecting aiohappyeyeballs>=2.5.0 (from aiohttp>=3.10->litellm==1.80.0->-r apps/memory_api/requirements-base.txt (line 32))
2025-11-24T21:22:19.5246059Z   Downloading aiohappyeyeballs-2.6.1-py3-none-any.whl.metadata (5.9 kB)
2025-11-24T21:22:19.5406375Z Collecting aiosignal>=1.4.0 (from aiohttp>=3.10->litellm==1.80.0->-r apps/memory_api/requirements-base.txt (line 32))
2025-11-24T21:22:19.5480816Z   Downloading aiosignal-1.4.0-py3-none-any.whl.metadata (3.7 kB)
2025-11-24T21:22:19.6440746Z Collecting frozenlist>=1.1.1 (from aiohttp>=3.10->litellm==1.80.0->-r apps/memory_api/requirements-base.txt (line 32))
2025-11-24T21:22:19.6540766Z   Downloading frozenlist-1.8.0-cp310-cp310-manylinux1_x86_64.manylinux_2_28_x86_64.manylinux_2_5_x86_64.whl.metadata (20 kB)
2025-11-24T21:22:19.9562908Z Collecting multidict<7.0,>=4.5 (from aiohttp>=3.10->litellm==1.80.0->-r apps/memory_api/requirements-base.txt (line 32))
2025-11-24T21:22:19.9649138Z   Downloading multidict-6.7.0-cp310-cp310-manylinux2014_x86_64.manylinux_2_17_x86_64.manylinux_2_28_x86_64.whl.metadata (5.3 kB)
2025-11-24T21:22:20.0390545Z Collecting propcache>=0.2.0 (from aiohttp>=3.10->litellm==1.80.0->-r apps/memory_api/requirements-base.txt (line 32))
2025-11-24T21:22:20.0477207Z   Downloading propcache-0.4.1-cp310-cp310-manylinux2014_x86_64.manylinux_2_17_x86_64.manylinux_2_28_x86_64.whl.metadata (13 kB)
2025-11-24T21:22:20.3788023Z Collecting yarl<2.0,>=1.17.0 (from aiohttp>=3.10->litellm==1.80.0->-r apps/memory_api/requirements-base.txt (line 32))
2025-11-24T21:22:20.3877113Z   Downloading yarl-1.22.0-cp310-cp310-manylinux2014_x86_64.manylinux_2_17_x86_64.manylinux_2_28_x86_64.whl.metadata (75 kB)
2025-11-24T21:22:20.4995808Z Collecting prompt-toolkit>=3.0.36 (from click-repl>=0.2.0->celery==5.5.3->-r apps/memory_api/requirements-base.txt (line 21))
2025-11-24T21:22:20.5080591Z   Downloading prompt_toolkit-3.0.52-py3-none-any.whl.metadata (6.4 kB)
2025-11-24T21:22:20.6481325Z Collecting cffi>=2.0.0 (from cryptography>=3.4.0->python-jose[cryptography]==3.5.0->-r apps/memory_api/requirements-base.txt (line 39))
2025-11-24T21:22:20.6565202Z   Downloading cffi-2.0.0-cp310-cp310-manylinux2014_x86_64.manylinux_2_17_x86_64.whl.metadata (2.6 kB)
2025-11-24T21:22:20.6784410Z Collecting pycparser (from cffi>=2.0.0->cryptography>=3.4.0->python-jose[cryptography]==3.5.0->-r apps/memory_api/requirements-base.txt (line 39))
2025-11-24T21:22:20.6863551Z   Downloading pycparser-2.23-py3-none-any.whl.metadata (993 bytes)
2025-11-24T21:22:20.7236306Z Collecting six>=1.9.0 (from ecdsa!=0.15->python-jose==3.5.0->python-jose[cryptography]==3.5.0->-r apps/memory_api/requirements-base.txt (line 39))
2025-11-24T21:22:20.7319295Z   Downloading six-1.17.0-py2.py3-none-any.whl.metadata (1.7 kB)
2025-11-24T21:22:20.7835420Z INFO: pip is looking at multiple versions of grpcio-tools to determine which version is compatible with other requirements. This could take a while.
2025-11-24T21:22:20.7843275Z Collecting grpcio-tools>=1.41.0 (from qdrant-client==1.10.1->-r apps/memory_api/requirements-base.txt (line 13))
2025-11-24T21:22:20.8085333Z   Downloading grpcio_tools-1.75.1-cp310-cp310-manylinux2014_x86_64.manylinux_2_17_x86_64.whl.metadata (5.3 kB)
2025-11-24T21:22:20.8250640Z   Downloading grpcio_tools-1.75.0-cp310-cp310-manylinux2014_x86_64.manylinux_2_17_x86_64.whl.metadata (5.3 kB)
2025-11-24T21:22:20.8414212Z   Downloading grpcio_tools-1.74.0-cp310-cp310-manylinux_2_17_x86_64.manylinux2014_x86_64.whl.metadata (5.3 kB)
2025-11-24T21:22:20.8593371Z   Downloading grpcio_tools-1.73.1-cp310-cp310-manylinux_2_17_x86_64.manylinux2014_x86_64.whl.metadata (5.3 kB)
2025-11-24T21:22:20.9773280Z   Downloading grpcio_tools-1.73.0-cp310-cp310-manylinux_2_17_x86_64.manylinux2014_x86_64.whl.metadata (5.3 kB)
2025-11-24T21:22:21.0082777Z   Downloading grpcio_tools-1.72.2-cp310-cp310-manylinux_2_17_x86_64.manylinux2014_x86_64.whl.metadata (5.3 kB)
2025-11-24T21:22:21.0256791Z   Downloading grpcio_tools-1.72.1-cp310-cp310-manylinux_2_17_x86_64.manylinux2014_x86_64.whl.metadata (5.3 kB)
2025-11-24T21:22:21.0334421Z INFO: pip is still looking at multiple versions of grpcio-tools to determine which version is compatible with other requirements. This could take a while.
2025-11-24T21:22:21.0438608Z   Downloading grpcio_tools-1.71.2-cp310-cp310-manylinux_2_17_x86_64.manylinux2014_x86_64.whl.metadata (5.3 kB)
2025-11-24T21:22:21.0822069Z Collecting h2<5,>=3 (from httpx[http2]>=0.20.0->qdrant-client==1.10.1->-r apps/memory_api/requirements-base.txt (line 13))
2025-11-24T21:22:21.0906470Z   Downloading h2-4.3.0-py3-none-any.whl.metadata (5.1 kB)
2025-11-24T21:22:21.1160888Z Collecting hyperframe<7,>=6.1 (from h2<5,>=3->httpx[http2]>=0.20.0->qdrant-client==1.10.1->-r apps/memory_api/requirements-base.txt (line 13))
2025-11-24T21:22:21.1250753Z   Downloading hyperframe-6.1.0-py3-none-any.whl.metadata (4.3 kB)
2025-11-24T21:22:21.1434942Z Collecting hpack<5,>=4.1 (from h2<5,>=3->httpx[http2]>=0.20.0->qdrant-client==1.10.1->-r apps/memory_api/requirements-base.txt (line 13))
2025-11-24T21:22:21.1530939Z   Downloading hpack-4.1.0-py3-none-any.whl.metadata (4.6 kB)
2025-11-24T21:22:21.2053980Z Collecting wcwidth (from prompt-toolkit>=3.0.36->click-repl>=0.2.0->celery==5.5.3->-r apps/memory_api/requirements-base.txt (line 21))
2025-11-24T21:22:21.2139382Z   Downloading wcwidth-0.2.14-py2.py3-none-any.whl.metadata (15 kB)
2025-11-24T21:22:21.4489471Z Collecting greenlet>=1 (from SQLAlchemy>=1.4.0->alembic==1.17.2->-r apps/memory_api/requirements-base.txt (line 15))
2025-11-24T21:22:21.4569083Z   Downloading greenlet-3.2.4-cp310-cp310-manylinux_2_24_x86_64.manylinux_2_28_x86_64.whl.metadata (4.1 kB)
2025-11-24T21:22:22.0783929Z Collecting regex>=2022.1.18 (from tiktoken>=0.7.0->litellm==1.80.0->-r apps/memory_api/requirements-base.txt (line 32))
2025-11-24T21:22:22.0868428Z   Downloading regex-2025.11.3-cp310-cp310-manylinux2014_x86_64.manylinux_2_17_x86_64.manylinux_2_28_x86_64.whl.metadata (40 kB)
2025-11-24T21:22:22.1464229Z Collecting httplib2<1.0.0,>=0.19.0 (from google-api-python-client->google-generativeai==0.8.5->-r apps/memory_api/requirements-base.txt (line 35))
2025-11-24T21:22:22.1545520Z   Downloading httplib2-0.31.0-py3-none-any.whl.metadata (2.2 kB)
2025-11-24T21:22:22.2024326Z Collecting google-auth-httplib2<1.0.0,>=0.2.0 (from google-api-python-client->google-generativeai==0.8.5->-r apps/memory_api/requirements-base.txt (line 35))
2025-11-24T21:22:22.2101767Z   Downloading google_auth_httplib2-0.2.1-py3-none-any.whl.metadata (3.0 kB)
2025-11-24T21:22:22.2276756Z Collecting uritemplate<5,>=3.0.1 (from google-api-python-client->google-generativeai==0.8.5->-r apps/memory_api/requirements-base.txt (line 35))
2025-11-24T21:22:22.2349400Z   Downloading uritemplate-4.2.0-py3-none-any.whl.metadata (2.6 kB)
2025-11-24T21:22:22.2784621Z Collecting pyparsing<4,>=3.0.4 (from httplib2<1.0.0,>=0.19.0->google-api-python-client->google-generativeai==0.8.5->-r apps/memory_api/requirements-base.txt (line 35))
2025-11-24T21:22:22.2859389Z   Downloading pyparsing-3.2.5-py3-none-any.whl.metadata (5.0 kB)
2025-11-24T21:22:22.3720841Z Collecting huggingface-hub<2.0,>=0.16.4 (from tokenizers->litellm==1.80.0->-r apps/memory_api/requirements-base.txt (line 32))
2025-11-24T21:22:22.3799075Z   Downloading huggingface_hub-1.1.5-py3-none-any.whl.metadata (13 kB)
2025-11-24T21:22:22.4336211Z Collecting filelock (from huggingface-hub<2.0,>=0.16.4->tokenizers->litellm==1.80.0->-r apps/memory_api/requirements-base.txt (line 32))
2025-11-24T21:22:22.4410812Z   Downloading filelock-3.20.0-py3-none-any.whl.metadata (2.1 kB)
2025-11-24T21:22:22.4712667Z Collecting fsspec>=2023.5.0 (from huggingface-hub<2.0,>=0.16.4->tokenizers->litellm==1.80.0->-r apps/memory_api/requirements-base.txt (line 32))
2025-11-24T21:22:22.4793256Z   Downloading fsspec-2025.10.0-py3-none-any.whl.metadata (10 kB)
2025-11-24T21:22:22.5686054Z Collecting hf-xet<2.0.0,>=1.2.0 (from huggingface-hub<2.0,>=0.16.4->tokenizers->litellm==1.80.0->-r apps/memory_api/requirements-base.txt (line 32))
2025-11-24T21:22:22.5763712Z   Downloading hf_xet-1.2.0-cp37-abi3-manylinux_2_17_x86_64.manylinux2014_x86_64.whl.metadata (4.9 kB)
2025-11-24T21:22:22.6275656Z Collecting pyyaml>=5.1 (from huggingface-hub<2.0,>=0.16.4->tokenizers->litellm==1.80.0->-r apps/memory_api/requirements-base.txt (line 32))
2025-11-24T21:22:22.6351809Z   Downloading pyyaml-6.0.3-cp310-cp310-manylinux2014_x86_64.manylinux_2_17_x86_64.manylinux_2_28_x86_64.whl.metadata (2.4 kB)
2025-11-24T21:22:22.6603243Z Collecting shellingham (from huggingface-hub<2.0,>=0.16.4->tokenizers->litellm==1.80.0->-r apps/memory_api/requirements-base.txt (line 32))
2025-11-24T21:22:22.6677475Z   Downloading shellingham-1.5.4-py2.py3-none-any.whl.metadata (3.5 kB)
2025-11-24T21:22:22.7014816Z Collecting typer-slim (from huggingface-hub<2.0,>=0.16.4->tokenizers->litellm==1.80.0->-r apps/memory_api/requirements-base.txt (line 32))
2025-11-24T21:22:22.7091428Z   Downloading typer_slim-0.20.0-py3-none-any.whl.metadata (16 kB)
2025-11-24T21:22:22.7645352Z Downloading fastapi-0.115.0-py3-none-any.whl (94 kB)
2025-11-24T21:22:22.7825621Z Downloading pydantic-2.12.4-py3-none-any.whl (463 kB)
2025-11-24T21:22:22.8324540Z Downloading uvicorn-0.38.0-py3-none-any.whl (68 kB)
2025-11-24T21:22:22.8455265Z Downloading pydantic_settings-2.12.0-py3-none-any.whl (51 kB)
2025-11-24T21:22:22.8593440Z Downloading asyncpg-0.30.0-cp310-cp310-manylinux_2_17_x86_64.manylinux2014_x86_64.whl (2.9 MB)
2025-11-24T21:22:22.9810060Z    ━━━━━━━━━━━━━━━━━━━━━━━━━━━━━━━━━━━━━━━━ 2.9/2.9 MB 25.7 MB/s  0:00:00
2025-11-24T21:22:22.9918523Z Downloading qdrant_client-1.10.1-py3-none-any.whl (254 kB)
2025-11-24T21:22:23.0083157Z Downloading pgvector-0.4.1-py3-none-any.whl (27 kB)
2025-11-24T21:22:23.0186770Z Downloading alembic-1.17.2-py3-none-any.whl (248 kB)
2025-11-24T21:22:23.0311971Z Downloading httpx-0.27.2-py3-none-any.whl (76 kB)
2025-11-24T21:22:23.0417913Z Downloading celery-5.5.3-py3-none-any.whl (438 kB)
2025-11-24T21:22:23.0595377Z Downloading redis-7.1.0-py3-none-any.whl (354 kB)
2025-11-24T21:22:23.0753827Z Downloading opentelemetry_sdk-1.27.0-py3-none-any.whl (110 kB)
2025-11-24T21:22:23.0869516Z Downloading opentelemetry_instrumentation_fastapi-0.48b0-py3-none-any.whl (11 kB)
2025-11-24T21:22:23.1006034Z Downloading opentelemetry_api-1.27.0-py3-none-any.whl (63 kB)
2025-11-24T21:22:23.1111179Z Downloading prometheus_fastapi_instrumentator-7.1.0-py3-none-any.whl (19 kB)
2025-11-24T21:22:23.1250325Z Downloading prometheus_client-0.23.1-py3-none-any.whl (61 kB)
2025-11-24T21:22:23.1359081Z Downloading structlog-25.5.0-py3-none-any.whl (72 kB)
2025-11-24T21:22:23.1473885Z Downloading litellm-1.80.0-py3-none-any.whl (10.5 MB)
2025-11-24T21:22:23.2895992Z    ━━━━━━━━━━━━━━━━━━━━━━━━━━━━━━━━━━━━━━━━ 10.5/10.5 MB 74.8 MB/s  0:00:00
2025-11-24T21:22:23.2974279Z Downloading openai-2.8.1-py3-none-any.whl (1.0 MB)
2025-11-24T21:22:23.3099147Z    ━━━━━━━━━━━━━━━━━━━━━━━━━━━━━━━━━━━━━━━━ 1.0/1.0 MB 78.5 MB/s  0:00:00
2025-11-24T21:22:23.3201490Z Downloading anthropic-0.74.1-py3-none-any.whl (371 kB)
2025-11-24T21:22:23.3359994Z Downloading google_generativeai-0.8.5-py3-none-any.whl (155 kB)
2025-11-24T21:22:23.3469238Z Downloading tenacity-9.1.2-py3-none-any.whl (28 kB)
2025-11-24T21:22:23.3577411Z Downloading python_jose-3.5.0-py2.py3-none-any.whl (34 kB)
2025-11-24T21:22:23.3705668Z Downloading zstandard-0.25.0-cp310-cp310-manylinux2014_x86_64.manylinux_2_17_x86_64.whl (5.6 MB)
2025-11-24T21:22:23.4147783Z    ━━━━━━━━━━━━━━━━━━━━━━━━━━━━━━━━━━━━━━━━ 5.6/5.6 MB 130.0 MB/s  0:00:00
2025-11-24T21:22:23.4226412Z Downloading google_ai_generativelanguage-0.6.15-py3-none-any.whl (1.3 MB)
2025-11-24T21:22:23.4439174Z    ━━━━━━━━━━━━━━━━━━━━━━━━━━━━━━━━━━━━━━━━ 1.3/1.3 MB 68.4 MB/s  0:00:00
2025-11-24T21:22:23.4516222Z Downloading opentelemetry_instrumentation-0.48b0-py3-none-any.whl (29 kB)
2025-11-24T21:22:23.4682360Z Downloading opentelemetry_instrumentation_asgi-0.48b0-py3-none-any.whl (15 kB)
2025-11-24T21:22:23.4781842Z Downloading opentelemetry_semantic_conventions-0.48b0-py3-none-any.whl (149 kB)
2025-11-24T21:22:23.4910199Z Downloading opentelemetry_util_http-0.48b0-py3-none-any.whl (6.9 kB)
2025-11-24T21:22:23.5011597Z Downloading pydantic_core-2.41.5-cp310-cp310-manylinux_2_17_x86_64.manylinux2014_x86_64.whl (2.1 MB)
2025-11-24T21:22:23.5177929Z    ━━━━━━━━━━━━━━━━━━━━━━━━━━━━━━━━━━━━━━━━ 2.1/2.1 MB 133.8 MB/s  0:00:00
2025-11-24T21:22:23.5252367Z Downloading anyio-4.11.0-py3-none-any.whl (109 kB)
2025-11-24T21:22:23.5361362Z Downloading asgiref-3.11.0-py3-none-any.whl (24 kB)
2025-11-24T21:22:23.5467186Z Downloading billiard-4.2.3-py3-none-any.whl (87 kB)
2025-11-24T21:22:23.5572467Z Downloading click-8.3.1-py3-none-any.whl (108 kB)
2025-11-24T21:22:23.5691594Z Downloading distro-1.9.0-py3-none-any.whl (20 kB)
2025-11-24T21:22:23.5806125Z Downloading docstring_parser-0.17.0-py3-none-any.whl (36 kB)
2025-11-24T21:22:23.5931133Z Downloading google_api_core-2.28.1-py3-none-any.whl (173 kB)
2025-11-24T21:22:23.6061837Z Downloading google_auth-2.43.0-py2.py3-none-any.whl (223 kB)
2025-11-24T21:22:23.6184009Z Downloading cachetools-6.2.2-py3-none-any.whl (11 kB)
2025-11-24T21:22:23.6309290Z Downloading googleapis_common_protos-1.72.0-py3-none-any.whl (297 kB)
2025-11-24T21:22:23.6423350Z Downloading grpcio-1.76.0-cp310-cp310-manylinux2014_x86_64.manylinux_2_17_x86_64.whl (6.6 MB)
2025-11-24T21:22:23.6866152Z    ━━━━━━━━━━━━━━━━━━━━━━━━━━━━━━━━━━━━━━━━ 6.6/6.6 MB 159.6 MB/s  0:00:00
2025-11-24T21:22:23.6970901Z Downloading grpcio_status-1.71.2-py3-none-any.whl (14 kB)
2025-11-24T21:22:23.7075645Z Downloading httpcore-1.0.9-py3-none-any.whl (78 kB)
2025-11-24T21:22:23.7180192Z Downloading importlib_metadata-8.4.0-py3-none-any.whl (26 kB)
2025-11-24T21:22:23.7277800Z Downloading jinja2-3.1.6-py3-none-any.whl (134 kB)
2025-11-24T21:22:23.7394195Z Downloading jiter-0.12.0-cp310-cp310-manylinux_2_17_x86_64.manylinux2014_x86_64.whl (364 kB)
2025-11-24T21:22:23.7535006Z Downloading jsonschema-4.25.1-py3-none-any.whl (90 kB)
2025-11-24T21:22:23.7646547Z Downloading kombu-5.5.4-py3-none-any.whl (210 kB)
2025-11-24T21:22:23.7750971Z Downloading vine-5.1.0-py3-none-any.whl (9.6 kB)
2025-11-24T21:22:23.7993511Z Downloading amqp-5.3.1-py3-none-any.whl (50 kB)
2025-11-24T21:22:23.8108495Z Downloading portalocker-2.10.1-py3-none-any.whl (18 kB)
2025-11-24T21:22:23.8229907Z Downloading proto_plus-1.26.1-py3-none-any.whl (50 kB)
2025-11-24T21:22:23.8334681Z Downloading protobuf-5.29.5-cp38-abi3-manylinux2014_x86_64.whl (319 kB)
2025-11-24T21:22:23.8441407Z Downloading requests-2.32.5-py3-none-any.whl (64 kB)
2025-11-24T21:22:23.8549891Z Downloading charset_normalizer-3.4.4-cp310-cp310-manylinux2014_x86_64.manylinux_2_17_x86_64.manylinux_2_28_x86_64.whl (153 kB)
2025-11-24T21:22:23.8655679Z Downloading idna-3.11-py3-none-any.whl (71 kB)
2025-11-24T21:22:23.8758161Z Downloading rsa-4.9.1-py3-none-any.whl (34 kB)
2025-11-24T21:22:23.8865927Z Downloading starlette-0.38.6-py3-none-any.whl (71 kB)
2025-11-24T21:22:23.8977681Z Downloading urllib3-2.5.0-py3-none-any.whl (129 kB)
2025-11-24T21:22:23.9087207Z Downloading wrapt-1.17.3-cp310-cp310-manylinux1_x86_64.manylinux_2_28_x86_64.manylinux_2_5_x86_64.whl (81 kB)
2025-11-24T21:22:23.9197979Z Downloading aiohttp-3.13.2-cp310-cp310-manylinux2014_x86_64.manylinux_2_17_x86_64.manylinux_2_28_x86_64.whl (1.7 MB)
2025-11-24T21:22:23.9340376Z    ━━━━━━━━━━━━━━━━━━━━━━━━━━━━━━━━━━━━━━━━ 1.7/1.7 MB 127.7 MB/s  0:00:00
2025-11-24T21:22:23.9432275Z Downloading async_timeout-5.0.1-py3-none-any.whl (6.2 kB)
2025-11-24T21:22:23.9573144Z Downloading multidict-6.7.0-cp310-cp310-manylinux2014_x86_64.manylinux_2_17_x86_64.manylinux_2_28_x86_64.whl (241 kB)
2025-11-24T21:22:23.9695331Z Downloading yarl-1.22.0-cp310-cp310-manylinux2014_x86_64.manylinux_2_17_x86_64.manylinux_2_28_x86_64.whl (346 kB)
2025-11-24T21:22:23.9807437Z Downloading aiohappyeyeballs-2.6.1-py3-none-any.whl (15 kB)
2025-11-24T21:22:23.9919468Z Downloading aiosignal-1.4.0-py3-none-any.whl (7.5 kB)
2025-11-24T21:22:24.0015959Z Downloading annotated_types-0.7.0-py3-none-any.whl (13 kB)
2025-11-24T21:22:24.0113533Z Downloading attrs-25.4.0-py3-none-any.whl (67 kB)
2025-11-24T21:22:24.0226974Z Downloading certifi-2025.11.12-py3-none-any.whl (159 kB)
2025-11-24T21:22:24.0335746Z Downloading click_didyoumean-0.3.1-py3-none-any.whl (3.6 kB)
2025-11-24T21:22:24.0451624Z Downloading click_plugins-1.1.1.2-py2.py3-none-any.whl (11 kB)
2025-11-24T21:22:24.0552289Z Downloading click_repl-0.3.0-py3-none-any.whl (10 kB)
2025-11-24T21:22:24.0662686Z Downloading cryptography-46.0.3-cp38-abi3-manylinux_2_34_x86_64.whl (4.5 MB)
2025-11-24T21:22:24.0933875Z    ━━━━━━━━━━━━━━━━━━━━━━━━━━━━━━━━━━━━━━━━ 4.5/4.5 MB 176.0 MB/s  0:00:00
2025-11-24T21:22:24.1019820Z Downloading cffi-2.0.0-cp310-cp310-manylinux2014_x86_64.manylinux_2_17_x86_64.whl (216 kB)
2025-11-24T21:22:24.1128466Z Downloading deprecated-1.3.1-py2.py3-none-any.whl (11 kB)
2025-11-24T21:22:24.1223609Z Downloading ecdsa-0.19.1-py2.py3-none-any.whl (150 kB)
2025-11-24T21:22:24.1340359Z Downloading fastuuid-0.14.0-cp310-cp310-manylinux_2_17_x86_64.manylinux2014_x86_64.whl (280 kB)
2025-11-24T21:22:24.1451955Z Downloading frozenlist-1.8.0-cp310-cp310-manylinux1_x86_64.manylinux_2_28_x86_64.manylinux_2_5_x86_64.whl (219 kB)
2025-11-24T21:22:24.1569461Z Downloading grpcio_tools-1.71.2-cp310-cp310-manylinux_2_17_x86_64.manylinux2014_x86_64.whl (2.5 MB)
2025-11-24T21:22:24.1797824Z    ━━━━━━━━━━━━━━━━━━━━━━━━━━━━━━━━━━━━━━━━ 2.5/2.5 MB 112.9 MB/s  0:00:00
2025-11-24T21:22:24.1878559Z Downloading h11-0.16.0-py3-none-any.whl (37 kB)
2025-11-24T21:22:24.2017129Z Downloading h2-4.3.0-py3-none-any.whl (61 kB)
2025-11-24T21:22:24.2126427Z Downloading hpack-4.1.0-py3-none-any.whl (34 kB)
2025-11-24T21:22:24.2233521Z Downloading hyperframe-6.1.0-py3-none-any.whl (13 kB)
2025-11-24T21:22:24.2331416Z Downloading jsonschema_specifications-2025.9.1-py3-none-any.whl (18 kB)
2025-11-24T21:22:24.2432791Z Downloading markupsafe-3.0.3-cp310-cp310-manylinux2014_x86_64.manylinux_2_17_x86_64.manylinux_2_28_x86_64.whl (20 kB)
2025-11-24T21:22:24.2529692Z Downloading numpy-2.2.6-cp310-cp310-manylinux_2_17_x86_64.manylinux2014_x86_64.whl (16.8 MB)
2025-11-24T21:22:24.3319901Z    ━━━━━━━━━━━━━━━━━━━━━━━━━━━━━━━━━━━━━━━━ 16.8/16.8 MB 219.3 MB/s  0:00:00
2025-11-24T21:22:24.3418068Z Downloading prompt_toolkit-3.0.52-py3-none-any.whl (391 kB)
2025-11-24T21:22:24.3564648Z Downloading propcache-0.4.1-cp310-cp310-manylinux2014_x86_64.manylinux_2_17_x86_64.manylinux_2_28_x86_64.whl (196 kB)
2025-11-24T21:22:24.3673766Z Downloading pyasn1-0.6.1-py3-none-any.whl (83 kB)
2025-11-24T21:22:24.3775268Z Downloading pyasn1_modules-0.4.2-py3-none-any.whl (181 kB)
2025-11-24T21:22:24.3888600Z Downloading python_dateutil-2.9.0.post0-py2.py3-none-any.whl (229 kB)
2025-11-24T21:22:24.4008160Z Downloading python_dotenv-1.2.1-py3-none-any.whl (21 kB)
2025-11-24T21:22:24.4113188Z Downloading referencing-0.37.0-py3-none-any.whl (26 kB)
2025-11-24T21:22:24.4211545Z Downloading rpds_py-0.29.0-cp310-cp310-manylinux_2_17_x86_64.manylinux2014_x86_64.whl (392 kB)
2025-11-24T21:22:24.4356316Z Downloading six-1.17.0-py2.py3-none-any.whl (11 kB)
2025-11-24T21:22:24.4481734Z Downloading sniffio-1.3.1-py3-none-any.whl (10 kB)
2025-11-24T21:22:24.4600247Z Downloading sqlalchemy-2.0.44-cp310-cp310-manylinux_2_17_x86_64.manylinux2014_x86_64.whl (3.2 MB)
2025-11-24T21:22:24.4791185Z    ━━━━━━━━━━━━━━━━━━━━━━━━━━━━━━━━━━━━━━━━ 3.2/3.2 MB 185.8 MB/s  0:00:00
2025-11-24T21:22:24.4883728Z Downloading greenlet-3.2.4-cp310-cp310-manylinux_2_24_x86_64.manylinux_2_28_x86_64.whl (584 kB)
2025-11-24T21:22:24.4950436Z    ━━━━━━━━━━━━━━━━━━━━━━━━━━━━━━━━━━━━━━━━ 584.4/584.4 kB 88.9 MB/s  0:00:00
2025-11-24T21:22:24.5048165Z Downloading tiktoken-0.12.0-cp310-cp310-manylinux_2_28_x86_64.whl (1.2 MB)
2025-11-24T21:22:24.5182154Z    ━━━━━━━━━━━━━━━━━━━━━━━━━━━━━━━━━━━━━━━━ 1.2/1.2 MB 102.7 MB/s  0:00:00
2025-11-24T21:22:24.5272185Z Downloading regex-2025.11.3-cp310-cp310-manylinux2014_x86_64.manylinux_2_17_x86_64.manylinux_2_28_x86_64.whl (791 kB)
2025-11-24T21:22:24.5369977Z    ━━━━━━━━━━━━━━━━━━━━━━━━━━━━━━━━━━━━━━━━ 791.7/791.7 kB 86.0 MB/s  0:00:00
2025-11-24T21:22:24.5448812Z Downloading tqdm-4.67.1-py3-none-any.whl (78 kB)
2025-11-24T21:22:24.5571998Z Downloading typing_inspection-0.4.2-py3-none-any.whl (14 kB)
2025-11-24T21:22:24.5673297Z Downloading tzdata-2025.2-py2.py3-none-any.whl (347 kB)
2025-11-24T21:22:24.5794108Z Downloading zipp-3.23.0-py3-none-any.whl (10 kB)
2025-11-24T21:22:24.5903702Z Downloading google_api_python_client-2.187.0-py3-none-any.whl (14.6 MB)
2025-11-24T21:22:24.6605190Z    ━━━━━━━━━━━━━━━━━━━━━━━━━━━━━━━━━━━━━━━━ 14.6/14.6 MB 216.4 MB/s  0:00:00
2025-11-24T21:22:24.6681455Z Downloading google_auth_httplib2-0.2.1-py3-none-any.whl (9.5 kB)
2025-11-24T21:22:24.6779672Z Downloading httplib2-0.31.0-py3-none-any.whl (91 kB)
2025-11-24T21:22:24.6882344Z Downloading pyparsing-3.2.5-py3-none-any.whl (113 kB)
2025-11-24T21:22:24.6988549Z Downloading uritemplate-4.2.0-py3-none-any.whl (11 kB)
2025-11-24T21:22:24.7093434Z Downloading mako-1.3.10-py3-none-any.whl (78 kB)
2025-11-24T21:22:24.7196207Z Downloading pycparser-2.23-py3-none-any.whl (118 kB)
2025-11-24T21:22:24.7296854Z Downloading tokenizers-0.22.1-cp39-abi3-manylinux_2_17_x86_64.manylinux2014_x86_64.whl (3.3 MB)
2025-11-24T21:22:24.7488280Z    ━━━━━━━━━━━━━━━━━━━━━━━━━━━━━━━━━━━━━━━━ 3.3/3.3 MB 185.6 MB/s  0:00:00
2025-11-24T21:22:24.7576970Z Downloading huggingface_hub-1.1.5-py3-none-any.whl (516 kB)
2025-11-24T21:22:24.7709732Z Downloading hf_xet-1.2.0-cp37-abi3-manylinux_2_17_x86_64.manylinux2014_x86_64.whl (3.3 MB)
2025-11-24T21:22:24.7907532Z    ━━━━━━━━━━━━━━━━━━━━━━━━━━━━━━━━━━━━━━━━ 3.3/3.3 MB 195.2 MB/s  0:00:00
2025-11-24T21:22:24.7972605Z Downloading fsspec-2025.10.0-py3-none-any.whl (200 kB)
2025-11-24T21:22:24.8087132Z Downloading pyyaml-6.0.3-cp310-cp310-manylinux2014_x86_64.manylinux_2_17_x86_64.manylinux_2_28_x86_64.whl (770 kB)
2025-11-24T21:22:24.8169795Z    ━━━━━━━━━━━━━━━━━━━━━━━━━━━━━━━━━━━━━━━━ 770.3/770.3 kB 105.1 MB/s  0:00:00
2025-11-24T21:22:24.8248229Z Downloading filelock-3.20.0-py3-none-any.whl (16 kB)
2025-11-24T21:22:24.8346072Z Downloading shellingham-1.5.4-py2.py3-none-any.whl (9.8 kB)
2025-11-24T21:22:24.8444810Z Downloading typer_slim-0.20.0-py3-none-any.whl (47 kB)
2025-11-24T21:22:24.8553044Z Downloading wcwidth-0.2.14-py2.py3-none-any.whl (37 kB)
2025-11-24T21:22:25.4094351Z Installing collected packages: zstandard, zipp, wrapt, wcwidth, vine, urllib3, uritemplate, tzdata, typing-inspection, tqdm, tenacity, structlog, sniffio, six, shellingham, rpds-py, regex, pyyaml, python-dotenv, pyparsing, pydantic-core, pycparser, pyasn1, protobuf, propcache, prometheus_client, portalocker, opentelemetry-util-http, numpy, multidict, MarkupSafe, jiter, idna, hyperframe, hpack, hf-xet, h11, grpcio, greenlet, fsspec, frozenlist, filelock, fastuuid, docstring-parser, distro, click, charset_normalizer, certifi, cachetools, billiard, attrs, async-timeout, asgiref, annotated-types, aiohappyeyeballs, yarl, uvicorn, typer-slim, SQLAlchemy, rsa, requests, referencing, redis, python-dateutil, pydantic, pyasn1-modules, proto-plus, prompt-toolkit, pgvector, Mako, jinja2, importlib-metadata, httplib2, httpcore, h2, grpcio-tools, googleapis-common-protos, ecdsa, deprecated, click-plugins, click-didyoumean, cffi, asyncpg, anyio, amqp, aiosignal, tiktoken, starlette, python-jose, pydantic-settings, opentelemetry-api, kombu, jsonschema-specifications, httpx, grpcio-status, google-auth, cryptography, click-repl, alembic, aiohttp, prometheus-fastapi-instrumentator, opentelemetry-semantic-conventions, opentelemetry-instrumentation, openai, jsonschema, huggingface-hub, google-auth-httplib2, google-api-core, fastapi, celery, anthropic, tokenizers, qdrant-client, opentelemetry-sdk, opentelemetry-instrumentation-asgi, google-api-python-client, opentelemetry-instrumentation-fastapi, litellm, google-ai-generativelanguage, google-generativeai
2025-11-24T21:22:38.5860623Z 
2025-11-24T21:22:38.6079219Z Successfully installed Mako-1.3.10 MarkupSafe-3.0.3 SQLAlchemy-2.0.44 aiohappyeyeballs-2.6.1 aiohttp-3.13.2 aiosignal-1.4.0 alembic-1.17.2 amqp-5.3.1 annotated-types-0.7.0 anthropic-0.74.1 anyio-4.11.0 asgiref-3.11.0 async-timeout-5.0.1 asyncpg-0.30.0 attrs-25.4.0 billiard-4.2.3 cachetools-6.2.2 celery-5.5.3 certifi-2025.11.12 cffi-2.0.0 charset_normalizer-3.4.4 click-8.3.1 click-didyoumean-0.3.1 click-plugins-1.1.1.2 click-repl-0.3.0 cryptography-46.0.3 deprecated-1.3.1 distro-1.9.0 docstring-parser-0.17.0 ecdsa-0.19.1 fastapi-0.115.0 fastuuid-0.14.0 filelock-3.20.0 frozenlist-1.8.0 fsspec-2025.10.0 google-ai-generativelanguage-0.6.15 google-api-core-2.28.1 google-api-python-client-2.187.0 google-auth-2.43.0 google-auth-httplib2-0.2.1 google-generativeai-0.8.5 googleapis-common-protos-1.72.0 greenlet-3.2.4 grpcio-1.76.0 grpcio-status-1.71.2 grpcio-tools-1.71.2 h11-0.16.0 h2-4.3.0 hf-xet-1.2.0 hpack-4.1.0 httpcore-1.0.9 httplib2-0.31.0 httpx-0.27.2 huggingface-hub-1.1.5 hyperframe-6.1.0 idna-3.11 importlib-metadata-8.4.0 jinja2-3.1.6 jiter-0.12.0 jsonschema-4.25.1 jsonschema-specifications-2025.9.1 kombu-5.5.4 litellm-1.80.0 multidict-6.7.0 numpy-2.2.6 openai-2.8.1 opentelemetry-api-1.27.0 opentelemetry-instrumentation-0.48b0 opentelemetry-instrumentation-asgi-0.48b0 opentelemetry-instrumentation-fastapi-0.48b0 opentelemetry-sdk-1.27.0 opentelemetry-semantic-conventions-0.48b0 opentelemetry-util-http-0.48b0 pgvector-0.4.1 portalocker-2.10.1 prometheus-fastapi-instrumentator-7.1.0 prometheus_client-0.23.1 prompt-toolkit-3.0.52 propcache-0.4.1 proto-plus-1.26.1 protobuf-5.29.5 pyasn1-0.6.1 pyasn1-modules-0.4.2 pycparser-2.23 pydantic-2.12.4 pydantic-core-2.41.5 pydantic-settings-2.12.0 pyparsing-3.2.5 python-dateutil-2.9.0.post0 python-dotenv-1.2.1 python-jose-3.5.0 pyyaml-6.0.3 qdrant-client-1.10.1 redis-7.1.0 referencing-0.37.0 regex-2025.11.3 requests-2.32.5 rpds-py-0.29.0 rsa-4.9.1 shellingham-1.5.4 six-1.17.0 sniffio-1.3.1 starlette-0.38.6 structlog-25.5.0 tenacity-9.1.2 tiktoken-0.12.0 tokenizers-0.22.1 tqdm-4.67.1 typer-slim-0.20.0 typing-inspection-0.4.2 tzdata-2025.2 uritemplate-4.2.0 urllib3-2.5.0 uvicorn-0.38.0 vine-5.1.0 wcwidth-0.2.14 wrapt-1.17.3 yarl-1.22.0 zipp-3.23.0 zstandard-0.25.0
2025-11-24T21:22:40.4341989Z Requirement already satisfied: pytest>=7.4.0 in /opt/hostedtoolcache/Python/3.10.19/x64/lib/python3.10/site-packages (from -r apps/memory_api/requirements-test.txt (line 3)) (9.0.1)
2025-11-24T21:22:40.4347882Z Requirement already satisfied: pytest-asyncio>=0.21.0 in /opt/hostedtoolcache/Python/3.10.19/x64/lib/python3.10/site-packages (from -r apps/memory_api/requirements-test.txt (line 4)) (1.3.0)
2025-11-24T21:22:40.4353090Z Requirement already satisfied: pytest-cov>=4.1.0 in /opt/hostedtoolcache/Python/3.10.19/x64/lib/python3.10/site-packages (from -r apps/memory_api/requirements-test.txt (line 5)) (7.0.0)
2025-11-24T21:22:40.5368228Z Collecting pytest-mock>=3.11.1 (from -r apps/memory_api/requirements-test.txt (line 6))
2025-11-24T21:22:40.8423308Z   Downloading pytest_mock-3.15.1-py3-none-any.whl.metadata (3.9 kB)
2025-11-24T21:22:40.8472544Z Requirement already satisfied: anyio>=3.7.1 in /opt/hostedtoolcache/Python/3.10.19/x64/lib/python3.10/site-packages (from -r apps/memory_api/requirements-test.txt (line 7)) (4.11.0)
2025-11-24T21:22:40.8737606Z Collecting testcontainers>=3.7.0 (from testcontainers[postgres]>=3.7.0->-r apps/memory_api/requirements-test.txt (line 10))
2025-11-24T21:22:40.8823104Z   Downloading testcontainers-4.13.3-py3-none-any.whl.metadata (8.4 kB)
2025-11-24T21:22:40.9588610Z Collecting instructor>=1.0.0 (from -r apps/memory_api/requirements-test.txt (line 13))
2025-11-24T21:22:40.9662514Z   Downloading instructor-1.13.0-py3-none-any.whl.metadata (11 kB)
2025-11-24T21:22:41.0090821Z Collecting slowapi>=0.1.9 (from -r apps/memory_api/requirements-test.txt (line 14))
2025-11-24T21:22:41.0170555Z   Downloading slowapi-0.1.9-py3-none-any.whl.metadata (3.0 kB)
2025-11-24T21:22:41.1812741Z Collecting scipy>=1.11.0 (from -r apps/memory_api/requirements-test.txt (line 15))
2025-11-24T21:22:41.1892119Z   Downloading scipy-1.15.3-cp310-cp310-manylinux_2_17_x86_64.manylinux2014_x86_64.whl.metadata (61 kB)
2025-11-24T21:22:41.2297229Z Collecting mcp>=1.0.0 (from -r apps/memory_api/requirements-test.txt (line 16))
2025-11-24T21:22:41.2372728Z   Downloading mcp-1.22.0-py3-none-any.whl.metadata (85 kB)
2025-11-24T21:22:41.6092183Z Collecting python-louvain>=0.16 (from -r apps/memory_api/requirements-test.txt (line 19))
2025-11-24T21:22:41.6198770Z   Downloading python-louvain-0.16.tar.gz (204 kB)
2025-11-24T21:22:41.6524474Z   Installing build dependencies: started
2025-11-24T21:22:42.9223575Z   Installing build dependencies: finished with status 'done'
2025-11-24T21:22:42.9230558Z   Getting requirements to build wheel: started
2025-11-24T21:22:43.2541942Z   Getting requirements to build wheel: finished with status 'done'
2025-11-24T21:22:43.2551421Z   Preparing metadata (pyproject.toml): started
2025-11-24T21:22:43.4338333Z   Preparing metadata (pyproject.toml): finished with status 'done'
2025-11-24T21:22:43.4389132Z Requirement already satisfied: exceptiongroup>=1 in /opt/hostedtoolcache/Python/3.10.19/x64/lib/python3.10/site-packages (from pytest>=7.4.0->-r apps/memory_api/requirements-test.txt (line 3)) (1.3.1)
2025-11-24T21:22:43.4396984Z Requirement already satisfied: iniconfig>=1.0.1 in /opt/hostedtoolcache/Python/3.10.19/x64/lib/python3.10/site-packages (from pytest>=7.4.0->-r apps/memory_api/requirements-test.txt (line 3)) (2.3.0)
2025-11-24T21:22:43.4403213Z Requirement already satisfied: packaging>=22 in /opt/hostedtoolcache/Python/3.10.19/x64/lib/python3.10/site-packages (from pytest>=7.4.0->-r apps/memory_api/requirements-test.txt (line 3)) (25.0)
2025-11-24T21:22:43.4411490Z Requirement already satisfied: pluggy<2,>=1.5 in /opt/hostedtoolcache/Python/3.10.19/x64/lib/python3.10/site-packages (from pytest>=7.4.0->-r apps/memory_api/requirements-test.txt (line 3)) (1.6.0)
2025-11-24T21:22:43.4417481Z Requirement already satisfied: pygments>=2.7.2 in /opt/hostedtoolcache/Python/3.10.19/x64/lib/python3.10/site-packages (from pytest>=7.4.0->-r apps/memory_api/requirements-test.txt (line 3)) (2.19.2)
2025-11-24T21:22:43.4427169Z Requirement already satisfied: tomli>=1 in /opt/hostedtoolcache/Python/3.10.19/x64/lib/python3.10/site-packages (from pytest>=7.4.0->-r apps/memory_api/requirements-test.txt (line 3)) (2.3.0)
2025-11-24T21:22:43.4467020Z Requirement already satisfied: backports-asyncio-runner<2,>=1.1 in /opt/hostedtoolcache/Python/3.10.19/x64/lib/python3.10/site-packages (from pytest-asyncio>=0.21.0->-r apps/memory_api/requirements-test.txt (line 4)) (1.2.0)
2025-11-24T21:22:43.4479509Z Requirement already satisfied: typing-extensions>=4.12 in /opt/hostedtoolcache/Python/3.10.19/x64/lib/python3.10/site-packages (from pytest-asyncio>=0.21.0->-r apps/memory_api/requirements-test.txt (line 4)) (4.15.0)
2025-11-24T21:22:43.4511450Z Requirement already satisfied: coverage>=7.10.6 in /opt/hostedtoolcache/Python/3.10.19/x64/lib/python3.10/site-packages (from coverage[toml]>=7.10.6->pytest-cov>=4.1.0->-r apps/memory_api/requirements-test.txt (line 5)) (7.12.0)
2025-11-24T21:22:43.4555125Z Requirement already satisfied: idna>=2.8 in /opt/hostedtoolcache/Python/3.10.19/x64/lib/python3.10/site-packages (from anyio>=3.7.1->-r apps/memory_api/requirements-test.txt (line 7)) (3.11)
2025-11-24T21:22:43.4560995Z Requirement already satisfied: sniffio>=1.1 in /opt/hostedtoolcache/Python/3.10.19/x64/lib/python3.10/site-packages (from anyio>=3.7.1->-r apps/memory_api/requirements-test.txt (line 7)) (1.3.1)
2025-11-24T21:22:43.4836980Z Collecting docker (from testcontainers>=3.7.0->testcontainers[postgres]>=3.7.0->-r apps/memory_api/requirements-test.txt (line 10))
2025-11-24T21:22:43.4925783Z   Downloading docker-7.1.0-py3-none-any.whl.metadata (3.8 kB)
2025-11-24T21:22:43.4986862Z Requirement already satisfied: python-dotenv in /opt/hostedtoolcache/Python/3.10.19/x64/lib/python3.10/site-packages (from testcontainers>=3.7.0->testcontainers[postgres]>=3.7.0->-r apps/memory_api/requirements-test.txt (line 10)) (1.2.1)
2025-11-24T21:22:43.4994710Z Requirement already satisfied: urllib3 in /opt/hostedtoolcache/Python/3.10.19/x64/lib/python3.10/site-packages (from testcontainers>=3.7.0->testcontainers[postgres]>=3.7.0->-r apps/memory_api/requirements-test.txt (line 10)) (2.5.0)
2025-11-24T21:22:43.4999927Z Requirement already satisfied: wrapt in /opt/hostedtoolcache/Python/3.10.19/x64/lib/python3.10/site-packages (from testcontainers>=3.7.0->testcontainers[postgres]>=3.7.0->-r apps/memory_api/requirements-test.txt (line 10)) (1.17.3)
2025-11-24T21:22:43.5015135Z Requirement already satisfied: aiohttp<4.0.0,>=3.9.1 in /opt/hostedtoolcache/Python/3.10.19/x64/lib/python3.10/site-packages (from instructor>=1.0.0->-r apps/memory_api/requirements-test.txt (line 13)) (3.13.2)
2025-11-24T21:22:43.5247752Z Collecting diskcache>=5.6.3 (from instructor>=1.0.0->-r apps/memory_api/requirements-test.txt (line 13))
2025-11-24T21:22:43.5320728Z   Downloading diskcache-5.6.3-py3-none-any.whl.metadata (20 kB)
2025-11-24T21:22:43.5360810Z Requirement already satisfied: docstring-parser<1.0,>=0.16 in /opt/hostedtoolcache/Python/3.10.19/x64/lib/python3.10/site-packages (from instructor>=1.0.0->-r apps/memory_api/requirements-test.txt (line 13)) (0.17.0)
2025-11-24T21:22:43.5369709Z Requirement already satisfied: jinja2<4.0.0,>=3.1.4 in /opt/hostedtoolcache/Python/3.10.19/x64/lib/python3.10/site-packages (from instructor>=1.0.0->-r apps/memory_api/requirements-test.txt (line 13)) (3.1.6)
2025-11-24T21:22:43.6243753Z Collecting jiter<0.12,>=0.6.1 (from instructor>=1.0.0->-r apps/memory_api/requirements-test.txt (line 13))
2025-11-24T21:22:43.6342411Z   Downloading jiter-0.11.1-cp310-cp310-manylinux_2_17_x86_64.manylinux2014_x86_64.whl.metadata (5.2 kB)
2025-11-24T21:22:43.6381332Z Requirement already satisfied: openai<3.0.0,>=2.0.0 in /opt/hostedtoolcache/Python/3.10.19/x64/lib/python3.10/site-packages (from instructor>=1.0.0->-r apps/memory_api/requirements-test.txt (line 13)) (2.8.1)
2025-11-24T21:22:43.6781075Z Collecting pre-commit>=4.3.0 (from instructor>=1.0.0->-r apps/memory_api/requirements-test.txt (line 13))
2025-11-24T21:22:43.6866832Z   Downloading pre_commit-4.5.0-py2.py3-none-any.whl.metadata (1.2 kB)
2025-11-24T21:22:43.6906596Z Requirement already satisfied: pydantic-core<3.0.0,>=2.18.0 in /opt/hostedtoolcache/Python/3.10.19/x64/lib/python3.10/site-packages (from instructor>=1.0.0->-r apps/memory_api/requirements-test.txt (line 13)) (2.41.5)
2025-11-24T21:22:43.6914820Z Requirement already satisfied: pydantic<3.0.0,>=2.8.0 in /opt/hostedtoolcache/Python/3.10.19/x64/lib/python3.10/site-packages (from instructor>=1.0.0->-r apps/memory_api/requirements-test.txt (line 13)) (2.12.4)
2025-11-24T21:22:43.6922069Z Requirement already satisfied: requests<3.0.0,>=2.32.3 in /opt/hostedtoolcache/Python/3.10.19/x64/lib/python3.10/site-packages (from instructor>=1.0.0->-r apps/memory_api/requirements-test.txt (line 13)) (2.32.5)
2025-11-24T21:22:43.7488756Z Collecting rich<15.0.0,>=13.7.0 (from instructor>=1.0.0->-r apps/memory_api/requirements-test.txt (line 13))
2025-11-24T21:22:43.7561523Z   Downloading rich-14.2.0-py3-none-any.whl.metadata (18 kB)
2025-11-24T21:22:43.7612193Z Requirement already satisfied: tenacity<10.0.0,>=8.2.3 in /opt/hostedtoolcache/Python/3.10.19/x64/lib/python3.10/site-packages (from instructor>=1.0.0->-r apps/memory_api/requirements-test.txt (line 13)) (9.1.2)
2025-11-24T21:22:43.8114929Z Collecting ty>=0.0.1a23 (from instructor>=1.0.0->-r apps/memory_api/requirements-test.txt (line 13))
2025-11-24T21:22:43.8197575Z   Downloading ty-0.0.1a27-py3-none-manylinux_2_17_x86_64.manylinux2014_x86_64.whl.metadata (4.7 kB)
2025-11-24T21:22:43.8493649Z Collecting typer<1.0.0,>=0.9.0 (from instructor>=1.0.0->-r apps/memory_api/requirements-test.txt (line 13))
2025-11-24T21:22:43.8569592Z   Downloading typer-0.20.0-py3-none-any.whl.metadata (16 kB)
2025-11-24T21:22:43.8645778Z Requirement already satisfied: aiohappyeyeballs>=2.5.0 in /opt/hostedtoolcache/Python/3.10.19/x64/lib/python3.10/site-packages (from aiohttp<4.0.0,>=3.9.1->instructor>=1.0.0->-r apps/memory_api/requirements-test.txt (line 13)) (2.6.1)
2025-11-24T21:22:43.8653772Z Requirement already satisfied: aiosignal>=1.4.0 in /opt/hostedtoolcache/Python/3.10.19/x64/lib/python3.10/site-packages (from aiohttp<4.0.0,>=3.9.1->instructor>=1.0.0->-r apps/memory_api/requirements-test.txt (line 13)) (1.4.0)
2025-11-24T21:22:43.8663743Z Requirement already satisfied: async-timeout<6.0,>=4.0 in /opt/hostedtoolcache/Python/3.10.19/x64/lib/python3.10/site-packages (from aiohttp<4.0.0,>=3.9.1->instructor>=1.0.0->-r apps/memory_api/requirements-test.txt (line 13)) (5.0.1)
2025-11-24T21:22:43.8671188Z Requirement already satisfied: attrs>=17.3.0 in /opt/hostedtoolcache/Python/3.10.19/x64/lib/python3.10/site-packages (from aiohttp<4.0.0,>=3.9.1->instructor>=1.0.0->-r apps/memory_api/requirements-test.txt (line 13)) (25.4.0)
2025-11-24T21:22:43.8677507Z Requirement already satisfied: frozenlist>=1.1.1 in /opt/hostedtoolcache/Python/3.10.19/x64/lib/python3.10/site-packages (from aiohttp<4.0.0,>=3.9.1->instructor>=1.0.0->-r apps/memory_api/requirements-test.txt (line 13)) (1.8.0)
2025-11-24T21:22:43.8685441Z Requirement already satisfied: multidict<7.0,>=4.5 in /opt/hostedtoolcache/Python/3.10.19/x64/lib/python3.10/site-packages (from aiohttp<4.0.0,>=3.9.1->instructor>=1.0.0->-r apps/memory_api/requirements-test.txt (line 13)) (6.7.0)
2025-11-24T21:22:43.8692300Z Requirement already satisfied: propcache>=0.2.0 in /opt/hostedtoolcache/Python/3.10.19/x64/lib/python3.10/site-packages (from aiohttp<4.0.0,>=3.9.1->instructor>=1.0.0->-r apps/memory_api/requirements-test.txt (line 13)) (0.4.1)
2025-11-24T21:22:43.8699959Z Requirement already satisfied: yarl<2.0,>=1.17.0 in /opt/hostedtoolcache/Python/3.10.19/x64/lib/python3.10/site-packages (from aiohttp<4.0.0,>=3.9.1->instructor>=1.0.0->-r apps/memory_api/requirements-test.txt (line 13)) (1.22.0)
2025-11-24T21:22:43.8744930Z Requirement already satisfied: MarkupSafe>=2.0 in /opt/hostedtoolcache/Python/3.10.19/x64/lib/python3.10/site-packages (from jinja2<4.0.0,>=3.1.4->instructor>=1.0.0->-r apps/memory_api/requirements-test.txt (line 13)) (3.0.3)
2025-11-24T21:22:43.8813158Z Requirement already satisfied: distro<2,>=1.7.0 in /opt/hostedtoolcache/Python/3.10.19/x64/lib/python3.10/site-packages (from openai<3.0.0,>=2.0.0->instructor>=1.0.0->-r apps/memory_api/requirements-test.txt (line 13)) (1.9.0)
2025-11-24T21:22:43.8820310Z Requirement already satisfied: httpx<1,>=0.23.0 in /opt/hostedtoolcache/Python/3.10.19/x64/lib/python3.10/site-packages (from openai<3.0.0,>=2.0.0->instructor>=1.0.0->-r apps/memory_api/requirements-test.txt (line 13)) (0.27.2)
2025-11-24T21:22:43.8861519Z Requirement already satisfied: tqdm>4 in /opt/hostedtoolcache/Python/3.10.19/x64/lib/python3.10/site-packages (from openai<3.0.0,>=2.0.0->instructor>=1.0.0->-r apps/memory_api/requirements-test.txt (line 13)) (4.67.1)
2025-11-24T21:22:43.8909261Z Requirement already satisfied: certifi in /opt/hostedtoolcache/Python/3.10.19/x64/lib/python3.10/site-packages (from httpx<1,>=0.23.0->openai<3.0.0,>=2.0.0->instructor>=1.0.0->-r apps/memory_api/requirements-test.txt (line 13)) (2025.11.12)
2025-11-24T21:22:43.8917506Z Requirement already satisfied: httpcore==1.* in /opt/hostedtoolcache/Python/3.10.19/x64/lib/python3.10/site-packages (from httpx<1,>=0.23.0->openai<3.0.0,>=2.0.0->instructor>=1.0.0->-r apps/memory_api/requirements-test.txt (line 13)) (1.0.9)
2025-11-24T21:22:43.8949235Z Requirement already satisfied: h11>=0.16 in /opt/hostedtoolcache/Python/3.10.19/x64/lib/python3.10/site-packages (from httpcore==1.*->httpx<1,>=0.23.0->openai<3.0.0,>=2.0.0->instructor>=1.0.0->-r apps/memory_api/requirements-test.txt (line 13)) (0.16.0)
2025-11-24T21:22:43.8981636Z Requirement already satisfied: annotated-types>=0.6.0 in /opt/hostedtoolcache/Python/3.10.19/x64/lib/python3.10/site-packages (from pydantic<3.0.0,>=2.8.0->instructor>=1.0.0->-r apps/memory_api/requirements-test.txt (line 13)) (0.7.0)
2025-11-24T21:22:43.8993636Z Requirement already satisfied: typing-inspection>=0.4.2 in /opt/hostedtoolcache/Python/3.10.19/x64/lib/python3.10/site-packages (from pydantic<3.0.0,>=2.8.0->instructor>=1.0.0->-r apps/memory_api/requirements-test.txt (line 13)) (0.4.2)
2025-11-24T21:22:43.9033014Z Requirement already satisfied: charset_normalizer<4,>=2 in /opt/hostedtoolcache/Python/3.10.19/x64/lib/python3.10/site-packages (from requests<3.0.0,>=2.32.3->instructor>=1.0.0->-r apps/memory_api/requirements-test.txt (line 13)) (3.4.4)
2025-11-24T21:22:43.9269774Z Collecting markdown-it-py>=2.2.0 (from rich<15.0.0,>=13.7.0->instructor>=1.0.0->-r apps/memory_api/requirements-test.txt (line 13))
2025-11-24T21:22:43.9346814Z   Downloading markdown_it_py-4.0.0-py3-none-any.whl.metadata (7.3 kB)
2025-11-24T21:22:43.9480590Z Requirement already satisfied: click>=8.0.0 in /opt/hostedtoolcache/Python/3.10.19/x64/lib/python3.10/site-packages (from typer<1.0.0,>=0.9.0->instructor>=1.0.0->-r apps/memory_api/requirements-test.txt (line 13)) (8.3.1)
2025-11-24T21:22:43.9491609Z Requirement already satisfied: shellingham>=1.3.0 in /opt/hostedtoolcache/Python/3.10.19/x64/lib/python3.10/site-packages (from typer<1.0.0,>=0.9.0->instructor>=1.0.0->-r apps/memory_api/requirements-test.txt (line 13)) (1.5.4)
2025-11-24T21:22:44.0014530Z Collecting limits>=2.3 (from slowapi>=0.1.9->-r apps/memory_api/requirements-test.txt (line 14))
2025-11-24T21:22:44.0089885Z   Downloading limits-5.6.0-py3-none-any.whl.metadata (10 kB)
2025-11-24T21:22:44.0341506Z Requirement already satisfied: numpy<2.5,>=1.23.5 in /opt/hostedtoolcache/Python/3.10.19/x64/lib/python3.10/site-packages (from scipy>=1.11.0->-r apps/memory_api/requirements-test.txt (line 15)) (2.2.6)
2025-11-24T21:22:44.0516608Z Collecting httpx-sse>=0.4 (from mcp>=1.0.0->-r apps/memory_api/requirements-test.txt (line 16))
2025-11-24T21:22:44.0589988Z   Downloading httpx_sse-0.4.3-py3-none-any.whl.metadata (9.7 kB)
2025-11-24T21:22:44.0628434Z Requirement already satisfied: jsonschema>=4.20.0 in /opt/hostedtoolcache/Python/3.10.19/x64/lib/python3.10/site-packages (from mcp>=1.0.0->-r apps/memory_api/requirements-test.txt (line 16)) (4.25.1)
2025-11-24T21:22:44.0635302Z Requirement already satisfied: pydantic-settings>=2.5.2 in /opt/hostedtoolcache/Python/3.10.19/x64/lib/python3.10/site-packages (from mcp>=1.0.0->-r apps/memory_api/requirements-test.txt (line 16)) (2.12.0)
2025-11-24T21:22:44.0836704Z Collecting pyjwt>=2.10.1 (from pyjwt[crypto]>=2.10.1->mcp>=1.0.0->-r apps/memory_api/requirements-test.txt (line 16))
2025-11-24T21:22:44.0911709Z   Downloading PyJWT-2.10.1-py3-none-any.whl.metadata (4.0 kB)
2025-11-24T21:22:44.1115924Z Collecting python-multipart>=0.0.9 (from mcp>=1.0.0->-r apps/memory_api/requirements-test.txt (line 16))
2025-11-24T21:22:44.1188629Z   Downloading python_multipart-0.0.20-py3-none-any.whl.metadata (1.8 kB)
2025-11-24T21:22:44.1421514Z Collecting sse-starlette>=1.6.1 (from mcp>=1.0.0->-r apps/memory_api/requirements-test.txt (line 16))
2025-11-24T21:22:44.1497093Z   Downloading sse_starlette-3.0.3-py3-none-any.whl.metadata (12 kB)
2025-11-24T21:22:44.1589547Z Requirement already satisfied: starlette>=0.27 in /opt/hostedtoolcache/Python/3.10.19/x64/lib/python3.10/site-packages (from mcp>=1.0.0->-r apps/memory_api/requirements-test.txt (line 16)) (0.38.6)
2025-11-24T21:22:44.1604639Z Requirement already satisfied: uvicorn>=0.31.1 in /opt/hostedtoolcache/Python/3.10.19/x64/lib/python3.10/site-packages (from mcp>=1.0.0->-r apps/memory_api/requirements-test.txt (line 16)) (0.38.0)
2025-11-24T21:22:44.1896283Z Collecting networkx (from python-louvain>=0.16->-r apps/memory_api/requirements-test.txt (line 19))
2025-11-24T21:22:44.1970616Z   Downloading networkx-3.4.2-py3-none-any.whl.metadata (6.3 kB)
2025-11-24T21:22:44.2311676Z Requirement already satisfied: jsonschema-specifications>=2023.03.6 in /opt/hostedtoolcache/Python/3.10.19/x64/lib/python3.10/site-packages (from jsonschema>=4.20.0->mcp>=1.0.0->-r apps/memory_api/requirements-test.txt (line 16)) (2025.9.1)
2025-11-24T21:22:44.2316109Z Requirement already satisfied: referencing>=0.28.4 in /opt/hostedtoolcache/Python/3.10.19/x64/lib/python3.10/site-packages (from jsonschema>=4.20.0->mcp>=1.0.0->-r apps/memory_api/requirements-test.txt (line 16)) (0.37.0)
2025-11-24T21:22:44.2322470Z Requirement already satisfied: rpds-py>=0.7.1 in /opt/hostedtoolcache/Python/3.10.19/x64/lib/python3.10/site-packages (from jsonschema>=4.20.0->mcp>=1.0.0->-r apps/memory_api/requirements-test.txt (line 16)) (0.29.0)
2025-11-24T21:22:44.2362263Z Requirement already satisfied: deprecated>=1.2 in /opt/hostedtoolcache/Python/3.10.19/x64/lib/python3.10/site-packages (from limits>=2.3->slowapi>=0.1.9->-r apps/memory_api/requirements-test.txt (line 14)) (1.3.1)
2025-11-24T21:22:44.2555672Z Collecting mdurl~=0.1 (from markdown-it-py>=2.2.0->rich<15.0.0,>=13.7.0->instructor>=1.0.0->-r apps/memory_api/requirements-test.txt (line 13))
2025-11-24T21:22:44.2629062Z   Downloading mdurl-0.1.2-py3-none-any.whl.metadata (1.6 kB)
2025-11-24T21:22:44.2861585Z Collecting cfgv>=2.0.0 (from pre-commit>=4.3.0->instructor>=1.0.0->-r apps/memory_api/requirements-test.txt (line 13))
2025-11-24T21:22:44.2938139Z   Downloading cfgv-3.5.0-py2.py3-none-any.whl.metadata (8.9 kB)
2025-11-24T21:22:44.3523001Z Collecting identify>=1.0.0 (from pre-commit>=4.3.0->instructor>=1.0.0->-r apps/memory_api/requirements-test.txt (line 13))
2025-11-24T21:22:44.3617329Z   Downloading identify-2.6.15-py2.py3-none-any.whl.metadata (4.4 kB)
2025-11-24T21:22:44.3880721Z Collecting nodeenv>=0.11.1 (from pre-commit>=4.3.0->instructor>=1.0.0->-r apps/memory_api/requirements-test.txt (line 13))
2025-11-24T21:22:44.3955956Z   Downloading nodeenv-1.9.1-py2.py3-none-any.whl.metadata (21 kB)
2025-11-24T21:22:44.4005017Z Requirement already satisfied: pyyaml>=5.1 in /opt/hostedtoolcache/Python/3.10.19/x64/lib/python3.10/site-packages (from pre-commit>=4.3.0->instructor>=1.0.0->-r apps/memory_api/requirements-test.txt (line 13)) (6.0.3)
2025-11-24T21:22:44.4539199Z Collecting virtualenv>=20.10.0 (from pre-commit>=4.3.0->instructor>=1.0.0->-r apps/memory_api/requirements-test.txt (line 13))
2025-11-24T21:22:44.4615512Z   Downloading virtualenv-20.35.4-py3-none-any.whl.metadata (4.6 kB)
2025-11-24T21:22:44.4839981Z Requirement already satisfied: cryptography>=3.4.0 in /opt/hostedtoolcache/Python/3.10.19/x64/lib/python3.10/site-packages (from pyjwt[crypto]>=2.10.1->mcp>=1.0.0->-r apps/memory_api/requirements-test.txt (line 16)) (46.0.3)
2025-11-24T21:22:44.4926258Z Requirement already satisfied: cffi>=2.0.0 in /opt/hostedtoolcache/Python/3.10.19/x64/lib/python3.10/site-packages (from cryptography>=3.4.0->pyjwt[crypto]>=2.10.1->mcp>=1.0.0->-r apps/memory_api/requirements-test.txt (line 16)) (2.0.0)
2025-11-24T21:22:44.4954246Z Requirement already satisfied: pycparser in /opt/hostedtoolcache/Python/3.10.19/x64/lib/python3.10/site-packages (from cffi>=2.0.0->cryptography>=3.4.0->pyjwt[crypto]>=2.10.1->mcp>=1.0.0->-r apps/memory_api/requirements-test.txt (line 16)) (2.23)
2025-11-24T21:22:44.5469429Z Collecting distlib<1,>=0.3.7 (from virtualenv>=20.10.0->pre-commit>=4.3.0->instructor>=1.0.0->-r apps/memory_api/requirements-test.txt (line 13))
2025-11-24T21:22:44.5542453Z   Downloading distlib-0.4.0-py2.py3-none-any.whl.metadata (5.2 kB)
2025-11-24T21:22:44.5591079Z Requirement already satisfied: filelock<4,>=3.12.2 in /opt/hostedtoolcache/Python/3.10.19/x64/lib/python3.10/site-packages (from virtualenv>=20.10.0->pre-commit>=4.3.0->instructor>=1.0.0->-r apps/memory_api/requirements-test.txt (line 13)) (3.20.0)
2025-11-24T21:22:44.5797622Z Collecting platformdirs<5,>=3.9.1 (from virtualenv>=20.10.0->pre-commit>=4.3.0->instructor>=1.0.0->-r apps/memory_api/requirements-test.txt (line 13))
2025-11-24T21:22:44.5875415Z   Downloading platformdirs-4.5.0-py3-none-any.whl.metadata (12 kB)
2025-11-24T21:22:44.6141754Z Downloading pytest_mock-3.15.1-py3-none-any.whl (10 kB)
2025-11-24T21:22:44.6241940Z Downloading testcontainers-4.13.3-py3-none-any.whl (124 kB)
2025-11-24T21:22:44.6388537Z Downloading instructor-1.13.0-py3-none-any.whl (160 kB)
2025-11-24T21:22:44.6516335Z Downloading jiter-0.11.1-cp310-cp310-manylinux_2_17_x86_64.manylinux2014_x86_64.whl (359 kB)
2025-11-24T21:22:44.6628397Z Downloading rich-14.2.0-py3-none-any.whl (243 kB)
2025-11-24T21:22:44.6740925Z Downloading typer-0.20.0-py3-none-any.whl (47 kB)
2025-11-24T21:22:44.6837759Z Downloading slowapi-0.1.9-py3-none-any.whl (14 kB)
2025-11-24T21:22:44.6934002Z Downloading scipy-1.15.3-cp310-cp310-manylinux_2_17_x86_64.manylinux2014_x86_64.whl (37.7 MB)
2025-11-24T21:22:44.8629604Z    ━━━━━━━━━━━━━━━━━━━━━━━━━━━━━━━━━━━━━━━━ 37.7/37.7 MB 225.7 MB/s  0:00:00
2025-11-24T21:22:44.8706532Z Downloading mcp-1.22.0-py3-none-any.whl (175 kB)
2025-11-24T21:22:44.8807886Z Downloading diskcache-5.6.3-py3-none-any.whl (45 kB)
2025-11-24T21:22:44.8910911Z Downloading httpx_sse-0.4.3-py3-none-any.whl (9.0 kB)
2025-11-24T21:22:44.9013957Z Downloading limits-5.6.0-py3-none-any.whl (60 kB)
2025-11-24T21:22:44.9124097Z Downloading markdown_it_py-4.0.0-py3-none-any.whl (87 kB)
2025-11-24T21:22:44.9228398Z Downloading mdurl-0.1.2-py3-none-any.whl (10.0 kB)
2025-11-24T21:22:44.9326553Z Downloading pre_commit-4.5.0-py2.py3-none-any.whl (226 kB)
2025-11-24T21:22:44.9463272Z Downloading cfgv-3.5.0-py2.py3-none-any.whl (7.4 kB)
2025-11-24T21:22:44.9559532Z Downloading identify-2.6.15-py2.py3-none-any.whl (99 kB)
2025-11-24T21:22:44.9663531Z Downloading nodeenv-1.9.1-py2.py3-none-any.whl (22 kB)
2025-11-24T21:22:44.9760824Z Downloading PyJWT-2.10.1-py3-none-any.whl (22 kB)
2025-11-24T21:22:44.9860882Z Downloading python_multipart-0.0.20-py3-none-any.whl (24 kB)
2025-11-24T21:22:44.9958633Z Downloading sse_starlette-3.0.3-py3-none-any.whl (11 kB)
2025-11-24T21:22:45.0115783Z Downloading ty-0.0.1a27-py3-none-manylinux_2_17_x86_64.manylinux2014_x86_64.whl (9.5 MB)
2025-11-24T21:22:45.0750332Z    ━━━━━━━━━━━━━━━━━━━━━━━━━━━━━━━━━━━━━━━━ 9.5/9.5 MB 153.9 MB/s  0:00:00
2025-11-24T21:22:45.0831443Z Downloading virtualenv-20.35.4-py3-none-any.whl (6.0 MB)
2025-11-24T21:22:45.1132036Z    ━━━━━━━━━━━━━━━━━━━━━━━━━━━━━━━━━━━━━━━━ 6.0/6.0 MB 210.5 MB/s  0:00:00
2025-11-24T21:22:45.1209033Z Downloading distlib-0.4.0-py2.py3-none-any.whl (469 kB)
2025-11-24T21:22:45.1323200Z Downloading platformdirs-4.5.0-py3-none-any.whl (18 kB)
2025-11-24T21:22:45.1424490Z Downloading docker-7.1.0-py3-none-any.whl (147 kB)
2025-11-24T21:22:45.1535657Z Downloading networkx-3.4.2-py3-none-any.whl (1.7 MB)
2025-11-24T21:22:45.1676538Z    ━━━━━━━━━━━━━━━━━━━━━━━━━━━━━━━━━━━━━━━━ 1.7/1.7 MB 130.1 MB/s  0:00:00
2025-11-24T21:22:45.2437102Z Building wheels for collected packages: python-louvain
2025-11-24T21:22:45.2447511Z   Building wheel for python-louvain (pyproject.toml): started
2025-11-24T21:22:45.4531417Z   Building wheel for python-louvain (pyproject.toml): finished with status 'done'
2025-11-24T21:22:45.4540028Z   Created wheel for python-louvain: filename=python_louvain-0.16-py3-none-any.whl size=9460 sha256=21e597cbb555c1ecdc817b0eff9697c908b854ff76f6b5728abf88aa2e8b9c98
2025-11-24T21:22:45.4541658Z   Stored in directory: /home/runner/.cache/pip/wheels/d0/b0/d7/6dd26c3817810fa379088eaeb755a01d9a2a411c37632079d1
2025-11-24T21:22:45.4555962Z Successfully built python-louvain
2025-11-24T21:22:45.7945588Z Installing collected packages: distlib, ty, scipy, python-multipart, pyjwt, platformdirs, nodeenv, networkx, mdurl, jiter, identify, httpx-sse, diskcache, cfgv, virtualenv, python-louvain, markdown-it-py, limits, docker, testcontainers, sse-starlette, slowapi, rich, pytest-mock, pre-commit, typer, mcp, instructor
2025-11-24T21:22:50.6823357Z   Attempting uninstall: jiter
2025-11-24T21:22:50.6832406Z     Found existing installation: jiter 0.12.0
2025-11-24T21:22:50.6850580Z     Uninstalling jiter-0.12.0:
2025-11-24T21:22:50.6858756Z       Successfully uninstalled jiter-0.12.0
2025-11-24T21:22:51.7401435Z 
2025-11-24T21:22:51.7632783Z Successfully installed cfgv-3.5.0 diskcache-5.6.3 distlib-0.4.0 docker-7.1.0 httpx-sse-0.4.3 identify-2.6.15 instructor-1.13.0 jiter-0.11.1 limits-5.6.0 markdown-it-py-4.0.0 mcp-1.22.0 mdurl-0.1.2 networkx-3.4.2 nodeenv-1.9.1 platformdirs-4.5.0 pre-commit-4.5.0 pyjwt-2.10.1 pytest-mock-3.15.1 python-louvain-0.16 python-multipart-0.0.20 rich-14.2.0 scipy-1.15.3 slowapi-0.1.9 sse-starlette-3.0.3 testcontainers-4.13.3 ty-0.0.1a27 typer-0.20.0 virtualenv-20.35.4
2025-11-24T21:22:52.2805435Z Obtaining file:///home/runner/work/RAE-agentic-memory/RAE-agentic-memory/sdk/python/rae_memory_sdk
2025-11-24T21:22:52.2825299Z   Installing build dependencies: started
2025-11-24T21:22:53.4529101Z   Installing build dependencies: finished with status 'done'
2025-11-24T21:22:53.4537302Z   Checking if build backend supports build_editable: started
2025-11-24T21:22:53.7138099Z   Checking if build backend supports build_editable: finished with status 'done'
2025-11-24T21:22:53.7146947Z   Getting requirements to build editable: started
2025-11-24T21:22:54.0132077Z   Getting requirements to build editable: finished with status 'done'
2025-11-24T21:22:54.0141786Z   Preparing editable metadata (pyproject.toml): started
2025-11-24T21:22:54.1977128Z   Preparing editable metadata (pyproject.toml): finished with status 'done'
2025-11-24T21:22:54.2163740Z Requirement already satisfied: httpx>=0.27.0 in /opt/hostedtoolcache/Python/3.10.19/x64/lib/python3.10/site-packages (from rae-memory-sdk==0.1.0) (0.27.2)
2025-11-24T21:22:54.2171341Z Requirement already satisfied: pydantic>=2.0.0 in /opt/hostedtoolcache/Python/3.10.19/x64/lib/python3.10/site-packages (from rae-memory-sdk==0.1.0) (2.12.4)
2025-11-24T21:22:54.2176929Z Requirement already satisfied: pydantic-settings>=2.0.0 in /opt/hostedtoolcache/Python/3.10.19/x64/lib/python3.10/site-packages (from rae-memory-sdk==0.1.0) (2.12.0)
2025-11-24T21:22:54.2210023Z Requirement already satisfied: anyio in /opt/hostedtoolcache/Python/3.10.19/x64/lib/python3.10/site-packages (from httpx>=0.27.0->rae-memory-sdk==0.1.0) (4.11.0)
2025-11-24T21:22:54.2216081Z Requirement already satisfied: certifi in /opt/hostedtoolcache/Python/3.10.19/x64/lib/python3.10/site-packages (from httpx>=0.27.0->rae-memory-sdk==0.1.0) (2025.11.12)
2025-11-24T21:22:54.2221864Z Requirement already satisfied: httpcore==1.* in /opt/hostedtoolcache/Python/3.10.19/x64/lib/python3.10/site-packages (from httpx>=0.27.0->rae-memory-sdk==0.1.0) (1.0.9)
2025-11-24T21:22:54.2227948Z Requirement already satisfied: idna in /opt/hostedtoolcache/Python/3.10.19/x64/lib/python3.10/site-packages (from httpx>=0.27.0->rae-memory-sdk==0.1.0) (3.11)
2025-11-24T21:22:54.2232160Z Requirement already satisfied: sniffio in /opt/hostedtoolcache/Python/3.10.19/x64/lib/python3.10/site-packages (from httpx>=0.27.0->rae-memory-sdk==0.1.0) (1.3.1)
2025-11-24T21:22:54.2259474Z Requirement already satisfied: h11>=0.16 in /opt/hostedtoolcache/Python/3.10.19/x64/lib/python3.10/site-packages (from httpcore==1.*->httpx>=0.27.0->rae-memory-sdk==0.1.0) (0.16.0)
2025-11-24T21:22:54.2293617Z Requirement already satisfied: annotated-types>=0.6.0 in /opt/hostedtoolcache/Python/3.10.19/x64/lib/python3.10/site-packages (from pydantic>=2.0.0->rae-memory-sdk==0.1.0) (0.7.0)
2025-11-24T21:22:54.2299984Z Requirement already satisfied: pydantic-core==2.41.5 in /opt/hostedtoolcache/Python/3.10.19/x64/lib/python3.10/site-packages (from pydantic>=2.0.0->rae-memory-sdk==0.1.0) (2.41.5)
2025-11-24T21:22:54.2307049Z Requirement already satisfied: typing-extensions>=4.14.1 in /opt/hostedtoolcache/Python/3.10.19/x64/lib/python3.10/site-packages (from pydantic>=2.0.0->rae-memory-sdk==0.1.0) (4.15.0)
2025-11-24T21:22:54.2313226Z Requirement already satisfied: typing-inspection>=0.4.2 in /opt/hostedtoolcache/Python/3.10.19/x64/lib/python3.10/site-packages (from pydantic>=2.0.0->rae-memory-sdk==0.1.0) (0.4.2)
2025-11-24T21:22:54.2360283Z Requirement already satisfied: python-dotenv>=0.21.0 in /opt/hostedtoolcache/Python/3.10.19/x64/lib/python3.10/site-packages (from pydantic-settings>=2.0.0->rae-memory-sdk==0.1.0) (1.2.1)
2025-11-24T21:22:54.2413221Z Requirement already satisfied: exceptiongroup>=1.0.2 in /opt/hostedtoolcache/Python/3.10.19/x64/lib/python3.10/site-packages (from anyio->httpx>=0.27.0->rae-memory-sdk==0.1.0) (1.3.1)
2025-11-24T21:22:54.2465862Z Building wheels for collected packages: rae-memory-sdk
2025-11-24T21:22:54.2475387Z   Building editable for rae-memory-sdk (pyproject.toml): started
2025-11-24T21:22:54.4512704Z   Building editable for rae-memory-sdk (pyproject.toml): finished with status 'done'
2025-11-24T21:22:54.4519838Z   Created wheel for rae-memory-sdk: filename=rae_memory_sdk-0.1.0-0.editable-py3-none-any.whl size=6716 sha256=0ff364c176d389acd6bbcb09c1e409a7edc03b654c304b6db28660de216604f4
2025-11-24T21:22:54.4522939Z   Stored in directory: /tmp/pip-ephem-wheel-cache-_m9qckqf/wheels/83/50/93/4aca061faf04ab03d02de5b39f0fc7b83df37ea71f39207b85
2025-11-24T21:22:54.4546617Z Successfully built rae-memory-sdk
2025-11-24T21:22:54.8201362Z Installing collected packages: rae-memory-sdk
2025-11-24T21:22:54.8503918Z Successfully installed rae-memory-sdk-0.1.0
2025-11-24T21:22:54.9269572Z ##[group]Run pytest -m "not integration" --cov --cov-report=xml --cov-report=term
2025-11-24T21:22:54.9270154Z [36;1mpytest -m "not integration" --cov --cov-report=xml --cov-report=term[0m
2025-11-24T21:22:54.9303277Z shell: /usr/bin/bash -e {0}
2025-11-24T21:22:54.9303508Z env:
2025-11-24T21:22:54.9303752Z   pythonLocation: /opt/hostedtoolcache/Python/3.10.19/x64
2025-11-24T21:22:54.9304169Z   PKG_CONFIG_PATH: /opt/hostedtoolcache/Python/3.10.19/x64/lib/pkgconfig
2025-11-24T21:22:54.9304586Z   Python_ROOT_DIR: /opt/hostedtoolcache/Python/3.10.19/x64
2025-11-24T21:22:54.9304927Z   Python2_ROOT_DIR: /opt/hostedtoolcache/Python/3.10.19/x64
2025-11-24T21:22:54.9305278Z   Python3_ROOT_DIR: /opt/hostedtoolcache/Python/3.10.19/x64
2025-11-24T21:22:54.9305619Z   LD_LIBRARY_PATH: /opt/hostedtoolcache/Python/3.10.19/x64/lib
2025-11-24T21:22:54.9306220Z   DATABASE_URL: ***localhost:5432/test_rae
2025-11-24T21:22:54.9306495Z   REDIS_URL: redis://localhost:6379/0
2025-11-24T21:22:54.9306789Z   QDRANT_URL: http://localhost:6333
2025-11-24T21:22:54.9307034Z   RAE_VECTOR_BACKEND: qdrant
2025-11-24T21:22:54.9307244Z ##[endgroup]
2025-11-24T21:22:55.8249724Z [1m============================= test session starts ==============================[0m
2025-11-24T21:22:55.8250652Z platform linux -- Python 3.10.19, pytest-9.0.1, pluggy-1.6.0 -- /opt/hostedtoolcache/Python/3.10.19/x64/bin/python
2025-11-24T21:22:55.8251437Z cachedir: .pytest_cache
2025-11-24T21:22:55.8251976Z rootdir: /home/runner/work/RAE-agentic-memory/RAE-agentic-memory
2025-11-24T21:22:55.8252523Z configfile: pytest.ini
2025-11-24T21:22:55.8253172Z testpaths: apps/memory_api/tests, sdk/python/rae_memory_sdk/tests, integrations/mcp-server/tests
2025-11-24T21:22:55.8254011Z plugins: anyio-4.11.0, cov-7.0.0, asyncio-1.3.0, mock-3.15.1
2025-11-24T21:22:55.8254899Z asyncio: mode=auto, debug=False, asyncio_default_fixture_loop_scope=None, asyncio_default_test_loop_scope=function
2025-11-24T21:23:06.1913671Z [1mcollecting ... [0mcollected 176 items / 1 error / 7 skipped
2025-11-24T21:23:06.1915335Z 
2025-11-24T21:23:06.1915706Z ==================================== ERRORS ====================================
2025-11-24T21:23:06.1917014Z [31m[1m____________ ERROR collecting apps/memory_api/tests/test_openapi.py ____________[0m
2025-11-24T21:23:06.1922806Z [31mImportError while importing test module '/home/runner/work/RAE-agentic-memory/RAE-agentic-memory/apps/memory_api/tests/test_openapi.py'.
2025-11-24T21:23:06.1930461Z Hint: make sure your test modules/packages have valid Python names.
2025-11-24T21:23:06.1931006Z Traceback:
2025-11-24T21:23:06.1931651Z /opt/hostedtoolcache/Python/3.10.19/x64/lib/python3.10/importlib/__init__.py:126: in import_module
2025-11-24T21:23:06.1932473Z     return _bootstrap._gcd_import(name[level:], package, level)
2025-11-24T21:23:06.1933043Z apps/memory_api/tests/test_openapi.py:3: in <module>
2025-11-24T21:23:06.1933512Z     from apps.memory_api.main import app
2025-11-24T21:23:06.1933951Z apps/memory_api/main.py:23: in <module>
2025-11-24T21:23:06.1934340Z     from apps.memory_api.routes import (
2025-11-24T21:23:06.1934799Z apps/memory_api/routes/reflections.py:31: in <module>
2025-11-24T21:23:06.1935432Z     from apps.memory_api.services.reflection_pipeline import ReflectionPipeline
2025-11-24T21:23:06.1936148Z apps/memory_api/services/reflection_pipeline.py:20: in <module>
2025-11-24T21:23:06.1936664Z     from sklearn.cluster import HDBSCAN, KMeans
2025-11-24T21:23:06.1937581Z E   ModuleNotFoundError: No module named 'sklearn'[0m
2025-11-24T21:23:06.1938208Z [33m=============================== warnings summary ===============================[0m
2025-11-24T21:23:06.1939208Z ../../../../../opt/hostedtoolcache/Python/3.10.19/x64/lib/python3.10/site-packages/starlette/formparsers.py:12
2025-11-24T21:23:06.1940645Z   /opt/hostedtoolcache/Python/3.10.19/x64/lib/python3.10/site-packages/starlette/formparsers.py:12: PendingDeprecationWarning: Please use `import python_multipart` instead.
2025-11-24T21:23:06.1942007Z     import multipart
2025-11-24T21:23:06.1942208Z 
2025-11-24T21:23:06.1942761Z ../../../../../opt/hostedtoolcache/Python/3.10.19/x64/lib/python3.10/site-packages/google/api_core/_python_version_support.py:266
2025-11-24T21:23:06.1945306Z   /opt/hostedtoolcache/Python/3.10.19/x64/lib/python3.10/site-packages/google/api_core/_python_version_support.py:266: FutureWarning: You are using a Python version (3.10.19) which Google will stop supporting in new releases of google.api_core once it reaches its end of life (2026-10-04). Please upgrade to the latest Python version, or at least Python 3.11, to continue receiving updates for google.api_core past that date.
2025-11-24T21:23:06.1947486Z     warnings.warn(message, FutureWarning)
2025-11-24T21:23:06.1947746Z 
2025-11-24T21:23:06.1947913Z apps/memory_api/models/evaluation_models.py:478
2025-11-24T21:23:06.1949974Z   /home/runner/work/RAE-agentic-memory/RAE-agentic-memory/apps/memory_api/models/evaluation_models.py:478: PydanticDeprecatedSince20: `min_items` is deprecated and will be removed, use `min_length` instead. Deprecated in Pydantic V2.0 to be removed in V3.0. See Pydantic V2 Migration Guide at https://errors.pydantic.dev/2.12/migration/
2025-11-24T21:23:06.1952082Z     variants: List[ABTestVariant] = Field(..., min_items=2, max_items=10)
2025-11-24T21:23:06.1952489Z 
2025-11-24T21:23:06.1952655Z apps/memory_api/models/evaluation_models.py:478
2025-11-24T21:23:06.1954497Z   /home/runner/work/RAE-agentic-memory/RAE-agentic-memory/apps/memory_api/models/evaluation_models.py:478: PydanticDeprecatedSince20: `max_items` is deprecated and will be removed, use `max_length` instead. Deprecated in Pydantic V2.0 to be removed in V3.0. See Pydantic V2 Migration Guide at https://errors.pydantic.dev/2.12/migration/
2025-11-24T21:23:06.1956459Z     variants: List[ABTestVariant] = Field(..., min_items=2, max_items=10)
2025-11-24T21:23:06.1956856Z 
2025-11-24T21:23:06.1957027Z apps/memory_api/models/evaluation_models.py:529
2025-11-24T21:23:06.1959065Z   /home/runner/work/RAE-agentic-memory/RAE-agentic-memory/apps/memory_api/models/evaluation_models.py:529: PydanticDeprecatedSince20: `min_items` is deprecated and will be removed, use `min_length` instead. Deprecated in Pydantic V2.0 to be removed in V3.0. See Pydantic V2 Migration Guide at https://errors.pydantic.dev/2.12/migration/
2025-11-24T21:23:06.1960916Z     queries: List[str] = Field(..., min_items=1)
2025-11-24T21:23:06.1961198Z 
2025-11-24T21:23:06.1961375Z apps/memory_api/models/evaluation_models.py:530
2025-11-24T21:23:06.1963270Z   /home/runner/work/RAE-agentic-memory/RAE-agentic-memory/apps/memory_api/models/evaluation_models.py:530: PydanticDeprecatedSince20: `min_items` is deprecated and will be removed, use `min_length` instead. Deprecated in Pydantic V2.0 to be removed in V3.0. See Pydantic V2 Migration Guide at https://errors.pydantic.dev/2.12/migration/
2025-11-24T21:23:06.1976688Z     relevance_judgments: List[RelevanceJudgment] = Field(..., min_items=1)
2025-11-24T21:23:06.1977167Z 
2025-11-24T21:23:06.1977429Z apps/memory_api/repositories/cost_logs_repository.py:30
2025-11-24T21:23:06.1979620Z   /home/runner/work/RAE-agentic-memory/RAE-agentic-memory/apps/memory_api/repositories/cost_logs_repository.py:30: PydanticDeprecatedSince20: Support for class-based `config` is deprecated, use ConfigDict instead. Deprecated in Pydantic V2.0 to be removed in V3.0. See Pydantic V2 Migration Guide at https://errors.pydantic.dev/2.12/migration/
2025-11-24T21:23:06.1981580Z     class LLMCallLog(BaseModel):
2025-11-24T21:23:06.1982045Z 
2025-11-24T21:23:06.1982223Z apps/memory_api/services/budget_service.py:23
2025-11-24T21:23:06.1984154Z   /home/runner/work/RAE-agentic-memory/RAE-agentic-memory/apps/memory_api/services/budget_service.py:23: PydanticDeprecatedSince20: Support for class-based `config` is deprecated, use ConfigDict instead. Deprecated in Pydantic V2.0 to be removed in V3.0. See Pydantic V2 Migration Guide at https://errors.pydantic.dev/2.12/migration/
2025-11-24T21:23:06.1986026Z     class Budget(BaseModel):
2025-11-24T21:23:06.1986435Z 
2025-11-24T21:23:06.1986645Z apps/memory_api/models/graph_enhanced_models.py:47
2025-11-24T21:23:06.1988621Z   /home/runner/work/RAE-agentic-memory/RAE-agentic-memory/apps/memory_api/models/graph_enhanced_models.py:47: PydanticDeprecatedSince20: Support for class-based `config` is deprecated, use ConfigDict instead. Deprecated in Pydantic V2.0 to be removed in V3.0. See Pydantic V2 Migration Guide at https://errors.pydantic.dev/2.12/migration/
2025-11-24T21:23:06.1990725Z     class EnhancedGraphNode(BaseModel):
2025-11-24T21:23:06.1990990Z 
2025-11-24T21:23:06.1991173Z apps/memory_api/models/graph_enhanced_models.py:79
2025-11-24T21:23:06.1993077Z   /home/runner/work/RAE-agentic-memory/RAE-agentic-memory/apps/memory_api/models/graph_enhanced_models.py:79: PydanticDeprecatedSince20: Support for class-based `config` is deprecated, use ConfigDict instead. Deprecated in Pydantic V2.0 to be removed in V3.0. See Pydantic V2 Migration Guide at https://errors.pydantic.dev/2.12/migration/
2025-11-24T21:23:06.1994959Z     class EnhancedGraphEdge(BaseModel):
2025-11-24T21:23:06.1995220Z 
2025-11-24T21:23:06.1995406Z apps/memory_api/models/graph_enhanced_models.py:171
2025-11-24T21:23:06.1997352Z   /home/runner/work/RAE-agentic-memory/RAE-agentic-memory/apps/memory_api/models/graph_enhanced_models.py:171: PydanticDeprecatedSince20: Support for class-based `config` is deprecated, use ConfigDict instead. Deprecated in Pydantic V2.0 to be removed in V3.0. See Pydantic V2 Migration Guide at https://errors.pydantic.dev/2.12/migration/
2025-11-24T21:23:06.1999383Z     class GraphSnapshot(BaseModel):
2025-11-24T21:23:06.1999628Z 
2025-11-24T21:23:06.1999811Z apps/memory_api/models/graph_enhanced_models.py:211
2025-11-24T21:23:06.2001753Z   /home/runner/work/RAE-agentic-memory/RAE-agentic-memory/apps/memory_api/models/graph_enhanced_models.py:211: PydanticDeprecatedSince20: Support for class-based `config` is deprecated, use ConfigDict instead. Deprecated in Pydantic V2.0 to be removed in V3.0. See Pydantic V2 Migration Guide at https://errors.pydantic.dev/2.12/migration/
2025-11-24T21:23:06.2003623Z     class GraphTraversal(BaseModel):
2025-11-24T21:23:06.2003875Z 
2025-11-24T21:23:06.2004055Z apps/memory_api/models/graph_enhanced_models.py:561
2025-11-24T21:23:06.2005920Z   /home/runner/work/RAE-agentic-memory/RAE-agentic-memory/apps/memory_api/models/graph_enhanced_models.py:561: PydanticDeprecatedSince20: `min_items` is deprecated and will be removed, use `min_length` instead. Deprecated in Pydantic V2.0 to be removed in V3.0. See Pydantic V2 Migration Guide at https://errors.pydantic.dev/2.12/migration/
2025-11-24T21:23:06.2007886Z     nodes: List[Dict[str, Any]] = Field(..., min_items=1, max_items=1000)
2025-11-24T21:23:06.2008264Z 
2025-11-24T21:23:06.2008441Z apps/memory_api/models/graph_enhanced_models.py:561
2025-11-24T21:23:06.2010487Z   /home/runner/work/RAE-agentic-memory/RAE-agentic-memory/apps/memory_api/models/graph_enhanced_models.py:561: PydanticDeprecatedSince20: `max_items` is deprecated and will be removed, use `max_length` instead. Deprecated in Pydantic V2.0 to be removed in V3.0. See Pydantic V2 Migration Guide at https://errors.pydantic.dev/2.12/migration/
2025-11-24T21:23:06.2012454Z     nodes: List[Dict[str, Any]] = Field(..., min_items=1, max_items=1000)
2025-11-24T21:23:06.2012836Z 
2025-11-24T21:23:06.2013022Z apps/memory_api/models/graph_enhanced_models.py:569
2025-11-24T21:23:06.2014927Z   /home/runner/work/RAE-agentic-memory/RAE-agentic-memory/apps/memory_api/models/graph_enhanced_models.py:569: PydanticDeprecatedSince20: `min_items` is deprecated and will be removed, use `min_length` instead. Deprecated in Pydantic V2.0 to be removed in V3.0. See Pydantic V2 Migration Guide at https://errors.pydantic.dev/2.12/migration/
2025-11-24T21:23:06.2017115Z     edges: List[CreateGraphEdgeRequest] = Field(..., min_items=1, max_items=1000)
2025-11-24T21:23:06.2017543Z 
2025-11-24T21:23:06.2017714Z apps/memory_api/models/graph_enhanced_models.py:569
2025-11-24T21:23:07.1603324Z   /home/runner/work/RAE-agentic-memory/RAE-agentic-memory/apps/memory_api/models/graph_enhanced_models.py:569: PydanticDeprecatedSince20: `max_items` is deprecated and will be removed, use `max_length` instead. Deprecated in Pydantic V2.0 to be removed in V3.0. See Pydantic V2 Migration Guide at https://errors.pydantic.dev/2.12/migration/
2025-11-24T21:23:07.1605759Z     edges: List[CreateGraphEdgeRequest] = Field(..., min_items=1, max_items=1000)
2025-11-24T21:23:07.1606286Z 
2025-11-24T21:23:07.1606515Z apps/memory_api/models/reflection_models.py:97
2025-11-24T21:23:07.1608662Z   /home/runner/work/RAE-agentic-memory/RAE-agentic-memory/apps/memory_api/models/reflection_models.py:97: PydanticDeprecatedSince20: Support for class-based `config` is deprecated, use ConfigDict instead. Deprecated in Pydantic V2.0 to be removed in V3.0. See Pydantic V2 Migration Guide at https://errors.pydantic.dev/2.12/migration/
2025-11-24T21:23:07.1610832Z     class ReflectionUnit(BaseModel):
2025-11-24T21:23:07.1611108Z 
2025-11-24T21:23:07.1611296Z apps/memory_api/models/reflection_models.py:184
2025-11-24T21:23:07.1613280Z   /home/runner/work/RAE-agentic-memory/RAE-agentic-memory/apps/memory_api/models/reflection_models.py:184: PydanticDeprecatedSince20: Support for class-based `config` is deprecated, use ConfigDict instead. Deprecated in Pydantic V2.0 to be removed in V3.0. See Pydantic V2 Migration Guide at https://errors.pydantic.dev/2.12/migration/
2025-11-24T21:23:07.1615206Z     class ReflectionRelationship(BaseModel):
2025-11-24T21:23:07.1615505Z 
2025-11-24T21:23:07.1615676Z apps/memory_api/models/reflection_models.py:227
2025-11-24T21:23:07.1617594Z   /home/runner/work/RAE-agentic-memory/RAE-agentic-memory/apps/memory_api/models/reflection_models.py:227: PydanticDeprecatedSince20: Support for class-based `config` is deprecated, use ConfigDict instead. Deprecated in Pydantic V2.0 to be removed in V3.0. See Pydantic V2 Migration Guide at https://errors.pydantic.dev/2.12/migration/
2025-11-24T21:23:07.1669823Z     class ReflectionCluster(BaseModel):
2025-11-24T21:23:07.1670130Z 
2025-11-24T21:23:07.1670322Z apps/memory_api/models/reflection_models.py:450
2025-11-24T21:23:07.1672278Z   /home/runner/work/RAE-agentic-memory/RAE-agentic-memory/apps/memory_api/models/reflection_models.py:450: PydanticDeprecatedSince20: Support for class-based `config` is deprecated, use ConfigDict instead. Deprecated in Pydantic V2.0 to be removed in V3.0. See Pydantic V2 Migration Guide at https://errors.pydantic.dev/2.12/migration/
2025-11-24T21:23:07.1674170Z     class ReflectionUsageLog(BaseModel):
2025-11-24T21:23:07.1674461Z 
2025-11-24T21:23:07.1674629Z apps/memory_api/tests/test_phase2_plugins.py:19
2025-11-24T21:23:07.1676201Z   /home/runner/work/RAE-agentic-memory/RAE-agentic-memory/apps/memory_api/tests/test_phase2_plugins.py:19: PytestCollectionWarning: cannot collect test class 'TestPlugin' because it has a __init__ constructor (from: apps/memory_api/tests/test_phase2_plugins.py)
2025-11-24T21:23:07.1677715Z     class TestPlugin(Plugin):
2025-11-24T21:23:07.1677948Z 
2025-11-24T21:23:07.1678259Z -- Docs: https://docs.pytest.org/en/stable/how-to/capture-warnings.html
2025-11-24T21:23:07.1679346Z [36m[1m=========================== short test summary info ============================[0m
2025-11-24T21:23:07.1680010Z [31mERROR[0m apps/memory_api/tests/test_openapi.py
2025-11-24T21:23:07.1680547Z !!!!!!!!!!!!!!!!!!!! Interrupted: 1 error during collection !!!!!!!!!!!!!!!!!!!!
2025-11-24T21:23:07.1681425Z [31m================== [33m7 skipped[0m, [33m21 warnings[0m, [31m[1m1 error[0m[31m in 10.37s[0m[31m ===================[0m
2025-11-24T21:23:08.0830223Z ##[error]The operation was canceled.
2025-11-24T21:23:08.0960587Z Post job cleanup.
2025-11-24T21:23:08.2219373Z [command]/usr/bin/git version
2025-11-24T21:23:08.2266603Z git version 2.51.2
2025-11-24T21:23:08.2313004Z Temporarily overriding HOME='/home/runner/work/_temp/64c4a208-3444-40bc-a2ad-6a99cc4ebe79' before making global git config changes
2025-11-24T21:23:08.2316254Z Adding repository directory to the temporary git global config as a safe directory
2025-11-24T21:23:08.2329383Z [command]/usr/bin/git config --global --add safe.directory /home/runner/work/RAE-agentic-memory/RAE-agentic-memory
2025-11-24T21:23:08.2366736Z [command]/usr/bin/git config --local --name-only --get-regexp core\.sshCommand
2025-11-24T21:23:08.2403025Z [command]/usr/bin/git submodule foreach --recursive sh -c "git config --local --name-only --get-regexp 'core\.sshCommand' && git config --local --unset-all 'core.sshCommand' || :"
2025-11-24T21:23:08.2649861Z [command]/usr/bin/git config --local --name-only --get-regexp http\.https\:\/\/github\.com\/\.extraheader
2025-11-24T21:23:08.2673779Z http.https://github.com/.extraheader
2025-11-24T21:23:08.2688716Z [command]/usr/bin/git config --local --unset-all http.https://github.com/.extraheader
2025-11-24T21:23:08.2723133Z [command]/usr/bin/git submodule foreach --recursive sh -c "git config --local --name-only --get-regexp 'http\.https\:\/\/github\.com\/\.extraheader' && git config --local --unset-all 'http.https://github.com/.extraheader' || :"
2025-11-24T21:23:08.3133762Z [command]/usr/bin/git config --local --name-only --get-regexp ^includeIf\.gitdir:
2025-11-24T21:23:08.3194586Z [command]/usr/bin/git submodule foreach --recursive git config --local --show-origin --name-only --get-regexp remote.origin.url
2025-11-24T21:23:08.3668678Z Print service container logs: fdb4c5452d474983a7f9e8196262c7ad_ankanepgvectorlatest_b881e7
2025-11-24T21:23:08.3674006Z ##[command]/usr/bin/docker logs --details c080b10e56316c5513f515ae7b57de4a478554a101cde672c199e39142b1596e
2025-11-24T21:23:08.3814557Z  The files belonging to this database system will be owned by user "postgres".
2025-11-24T21:23:08.3819843Z  initdb: warning: enabling "trust" authentication for local connections
2025-11-24T21:23:08.3820809Z  initdb: hint: You can change this by editing pg_hba.conf or using the option -A, or --auth-local and --auth-host, the next time you run initdb.
2025-11-24T21:23:08.3822040Z  2025-11-24 21:21:47.218 UTC [1] LOG:  starting PostgreSQL 15.4 (Debian 15.4-2.pgdg120+1) on x86_64-pc-linux-gnu, compiled by gcc (Debian 12.2.0-14) 12.2.0, 64-bit
2025-11-24T21:23:08.3822891Z  This user must also own the server process.
2025-11-24T21:23:08.3823265Z  
2025-11-24T21:23:08.3823709Z  The database cluster will be initialized with locale "en_US.utf8".
2025-11-24T21:23:08.3824330Z  The default database encoding has accordingly been set to "UTF8".
2025-11-24T21:23:08.3824976Z  The default text search configuration will be set to "english".
2025-11-24T21:23:08.3825440Z  
2025-11-24T21:23:08.3825691Z  Data page checksums are disabled.
2025-11-24T21:23:08.3826028Z  
2025-11-24T21:23:08.3826440Z  fixing permissions on existing directory /var/lib/postgresql/data ... ok
2025-11-24T21:23:08.3827026Z  creating subdirectories ... ok
2025-11-24T21:23:08.3827521Z  selecting dynamic shared memory implementation ... posix
2025-11-24T21:23:08.3828027Z  selecting default max_connections ... 100
2025-11-24T21:23:08.3828448Z  selecting default shared_buffers ... 128MB
2025-11-24T21:23:08.3849622Z  selecting default time zone ... Etc/UTC
2025-11-24T21:23:08.3850108Z  creating configuration files ... ok
2025-11-24T21:23:08.3850541Z  running bootstrap script ... ok
2025-11-24T21:23:08.3850976Z  performing post-bootstrap initialization ... ok
2025-11-24T21:23:08.3851493Z  syncing data to disk ... ok
2025-11-24T21:23:08.3851835Z  
2025-11-24T21:23:08.3852073Z  
2025-11-24T21:23:08.3852433Z  Success. You can now start the database server using:
2025-11-24T21:23:08.3853194Z  
2025-11-24T21:23:08.3853545Z      pg_ctl -D /var/lib/postgresql/data -l logfile start
2025-11-24T21:23:08.3854015Z  
2025-11-24T21:23:08.3854941Z  waiting for server to start....2025-11-24 21:21:46.820 UTC [47] LOG:  starting PostgreSQL 15.4 (Debian 15.4-2.pgdg120+1) on x86_64-pc-linux-gnu, compiled by gcc (Debian 12.2.0-14) 12.2.0, 64-bit
2025-11-24T21:23:08.3856252Z  2025-11-24 21:21:46.821 UTC [47] LOG:  listening on Unix socket "/var/run/postgresql/.s.PGSQL.5432"
2025-11-24T21:23:08.3857089Z  2025-11-24 21:21:46.827 UTC [50] LOG:  database system was shut down at 2025-11-24 21:21:46 UTC
2025-11-24T21:23:08.3857951Z  2025-11-24 21:21:46.833 UTC [47] LOG:  database system is ready to accept connections
2025-11-24T21:23:08.3858503Z   done
2025-11-24T21:23:08.3858769Z  server started
2025-11-24T21:23:08.3859336Z  CREATE DATABASE
2025-11-24T21:23:08.3859625Z  
2025-11-24T21:23:08.3860066Z  2025-11-24 21:21:47.218 UTC [1] LOG:  listening on IPv4 address "0.0.0.0", port 5432
2025-11-24T21:23:08.3860760Z  2025-11-24 21:21:47.218 UTC [1] LOG:  listening on IPv6 address "::", port 5432
2025-11-24T21:23:08.3861513Z  2025-11-24 21:21:47.221 UTC [1] LOG:  listening on Unix socket "/var/run/postgresql/.s.PGSQL.5432"
2025-11-24T21:23:08.3862372Z  2025-11-24 21:21:47.232 UTC [63] LOG:  database system was shut down at 2025-11-24 21:21:47 UTC
2025-11-24T21:23:08.3863175Z  2025-11-24 21:21:47.239 UTC [1] LOG:  database system is ready to accept connections
2025-11-24T21:23:08.3863873Z  2025-11-24 21:21:55.845 UTC [74] FATAL:  role "root" does not exist
2025-11-24T21:23:08.3864493Z  2025-11-24 21:22:05.958 UTC [82] FATAL:  role "root" does not exist
2025-11-24T21:23:08.3865099Z  2025-11-24 21:22:16.077 UTC [90] FATAL:  role "root" does not exist
2025-11-24T21:23:08.3866090Z  2025-11-24 21:22:26.176 UTC [99] FATAL:  role "root" does not exist
2025-11-24T21:23:08.3866763Z  2025-11-24 21:22:36.277 UTC [106] FATAL:  role "root" does not exist
2025-11-24T21:23:08.3867401Z  2025-11-24 21:22:46.390 UTC [114] FATAL:  role "root" does not exist
2025-11-24T21:23:08.3867999Z  2025-11-24 21:22:56.493 UTC [123] FATAL:  role "root" does not exist
2025-11-24T21:23:08.3868735Z  2025-11-24 21:23:06.581 UTC [131] FATAL:  role "root" does not exist
2025-11-24T21:23:08.3869485Z  
2025-11-24T21:23:08.3870017Z  /usr/local/bin/docker-entrypoint.sh: ignoring /docker-entrypoint-initdb.d/*
2025-11-24T21:23:08.3870672Z  
2025-11-24T21:23:08.3871229Z  waiting for server to shut down...2025-11-24 21:21:47.085 UTC [47] LOG:  received fast shutdown request
2025-11-24T21:23:08.3872046Z  .2025-11-24 21:21:47.085 UTC [47] LOG:  aborting any active transactions
2025-11-24T21:23:08.3872961Z  2025-11-24 21:21:47.093 UTC [47] LOG:  background worker "logical replication launcher" (PID 53) exited with exit code 1
2025-11-24T21:23:08.3873810Z  2025-11-24 21:21:47.093 UTC [48] LOG:  shutting down
2025-11-24T21:23:08.3874446Z  2025-11-24 21:21:47.094 UTC [48] LOG:  checkpoint starting: shutdown immediate
2025-11-24T21:23:08.3875948Z  2025-11-24 21:21:47.123 UTC [48] LOG:  checkpoint complete: wrote 918 buffers (5.6%); 0 WAL file(s) added, 0 removed, 0 recycled; write=0.023 s, sync=0.004 s, total=0.030 s; sync files=301, longest=0.002 s, average=0.001 s; distance=4223 kB, estimate=4223 kB
2025-11-24T21:23:08.3877414Z  2025-11-24 21:21:47.137 UTC [47] LOG:  database system is shut down
2025-11-24T21:23:08.3877940Z   done
2025-11-24T21:23:08.3878232Z  server stopped
2025-11-24T21:23:08.3878537Z  
2025-11-24T21:23:08.3879243Z  PostgreSQL init process complete; ready for start up.
2025-11-24T21:23:08.3879769Z  
2025-11-24T21:23:08.3891947Z Stop and remove container: fdb4c5452d474983a7f9e8196262c7ad_ankanepgvectorlatest_b881e7
2025-11-24T21:23:08.3899058Z ##[command]/usr/bin/docker rm --force c080b10e56316c5513f515ae7b57de4a478554a101cde672c199e39142b1596e
2025-11-24T21:23:08.5622365Z c080b10e56316c5513f515ae7b57de4a478554a101cde672c199e39142b1596e
2025-11-24T21:23:08.5661514Z Print service container logs: 36f878fcb641471b84264a133e4cea24_redis7alpine_c287b4
2025-11-24T21:23:08.5662583Z ##[command]/usr/bin/docker logs --details 225a5b64009ec6b4fefbbb104e5efa596cfa42c53af9509654d8d7c5fccb19c5
2025-11-24T21:23:08.5794057Z  1:C 24 Nov 2025 21:21:47.487 # WARNING Memory overcommit must be enabled! Without it, a background save or replication may fail under low memory condition. Being disabled, it can also cause failures without low memory condition, see https://github.com/jemalloc/jemalloc/issues/1328. To fix this issue add 'vm.overcommit_memory = 1' to /etc/sysctl.conf and then reboot or run the command 'sysctl vm.overcommit_memory=1' for this to take effect.
2025-11-24T21:23:08.5804315Z  1:C 24 Nov 2025 21:21:47.487 * oO0OoO0OoO0Oo Redis is starting oO0OoO0OoO0Oo
2025-11-24T21:23:08.5805728Z  1:C 24 Nov 2025 21:21:47.487 * Redis version=7.4.7, bits=64, commit=00000000, modified=0, pid=1, just started
2025-11-24T21:23:08.5807597Z  1:C 24 Nov 2025 21:21:47.487 # Warning: no config file specified, using the default config. In order to specify a config file use redis-server /path/to/redis.conf
2025-11-24T21:23:08.5808707Z  1:M 24 Nov 2025 21:21:47.487 * monotonic clock: POSIX clock_gettime
2025-11-24T21:23:08.5809412Z  1:M 24 Nov 2025 21:21:47.488 * Running mode=standalone, port=6379.
2025-11-24T21:23:08.5809761Z  1:M 24 Nov 2025 21:21:47.488 * Server initialized
2025-11-24T21:23:08.5810075Z  1:M 24 Nov 2025 21:21:47.488 * Ready to accept connections tcp
2025-11-24T21:23:08.5811058Z Stop and remove container: 36f878fcb641471b84264a133e4cea24_redis7alpine_c287b4
2025-11-24T21:23:08.5811775Z ##[command]/usr/bin/docker rm --force 225a5b64009ec6b4fefbbb104e5efa596cfa42c53af9509654d8d7c5fccb19c5
2025-11-24T21:23:08.6983002Z 225a5b64009ec6b4fefbbb104e5efa596cfa42c53af9509654d8d7c5fccb19c5
2025-11-24T21:23:08.6996429Z Print service container logs: 1628a7d0b0a5496fbd35a1381a98bc1e_qdrantqdrantlatest_d9f119
2025-11-24T21:23:08.6997172Z ##[command]/usr/bin/docker logs --details 7be5e14956ed84ccfed65fffdfe8981ff8a2b4c97ad72fb65e4f1c6ab29626e3
2025-11-24T21:23:08.7126521Z             _                 _    
2025-11-24T21:23:08.7127996Z    __ _  __| |_ __ __ _ _ __ | |_  
2025-11-24T21:23:08.7128381Z   / _` |/ _` | '__/ _` | '_ \| __| 
2025-11-24T21:23:08.7128754Z  | (_| | (_| | | | (_| | | | | |_  
2025-11-24T21:23:08.7129304Z   \__, |\__,_|_|  \__,_|_| |_|\__| 
2025-11-24T21:23:08.7129653Z      |_|                           
2025-11-24T21:23:08.7129996Z  
2025-11-24T21:23:08.7130260Z  Version: 1.16.0, build: 0d795287
2025-11-24T21:23:08.7130728Z  Access web UI at http://localhost:6333/dashboard
2025-11-24T21:23:08.7131180Z  
2025-11-24T21:23:08.7132313Z  2025-11-24T21:21:51.224814Z  WARN qdrant: There is a potential issue with the filesystem for storage path ./storage. Details: Container filesystem detected - storage might be lost with container re-creation
2025-11-24T21:23:08.7134117Z  2025-11-24T21:21:51.224939Z  INFO storage::content_manager::consensus::persistent: Initializing new raft state at ./storage/raft_state.json
2025-11-24T21:23:08.7135150Z  2025-11-24T21:21:51.231691Z  INFO qdrant: Distributed mode disabled
2025-11-24T21:23:08.7136008Z  2025-11-24T21:21:51.231929Z  INFO qdrant: Telemetry reporting enabled, id: 81ae18ae-14e6-4d99-81a1-b084ecf8fc1f
2025-11-24T21:23:08.7136912Z  2025-11-24T21:21:51.255409Z  INFO qdrant::actix: TLS disabled for REST API
2025-11-24T21:23:08.7137635Z  2025-11-24T21:21:51.255520Z  INFO qdrant::actix: Qdrant HTTP listening on 6333
2025-11-24T21:23:08.7138350Z  2025-11-24T21:21:51.255569Z  INFO actix_server::builder: starting 1 workers
2025-11-24T21:23:08.7139559Z  2025-11-24T21:21:51.255606Z  INFO actix_server::server: Actix runtime found; starting in Actix runtime
2025-11-24T21:23:08.7142489Z  2025-11-24T21:21:51.255626Z  INFO actix_server::server: starting service: "actix-web-service-0.0.0.0:6333", workers: 1, listening on: 0.0.0.0:6333
2025-11-24T21:23:08.7143667Z  2025-11-24T21:21:51.265333Z  INFO qdrant::tonic: Qdrant gRPC listening on 6334
2025-11-24T21:23:08.7144460Z  2025-11-24T21:21:51.265432Z  INFO qdrant::tonic: TLS disabled for gRPC API
2025-11-24T21:23:08.7146082Z Stop and remove container: 1628a7d0b0a5496fbd35a1381a98bc1e_qdrantqdrantlatest_d9f119
2025-11-24T21:23:08.7147155Z ##[command]/usr/bin/docker rm --force 7be5e14956ed84ccfed65fffdfe8981ff8a2b4c97ad72fb65e4f1c6ab29626e3
2025-11-24T21:23:08.8503637Z 7be5e14956ed84ccfed65fffdfe8981ff8a2b4c97ad72fb65e4f1c6ab29626e3
2025-11-24T21:23:08.8596756Z Remove container network: github_network_d8b5b1629fdb4ec2826eaf8e528c911e
2025-11-24T21:23:08.8603303Z ##[command]/usr/bin/docker network rm github_network_d8b5b1629fdb4ec2826eaf8e528c911e
2025-11-24T21:23:08.9550862Z github_network_d8b5b1629fdb4ec2826eaf8e528c911e
2025-11-24T21:23:08.9610479Z Cleaning up orphan processes
