2025-11-24T21:21:34.4501976Z Current runner version: '2.329.0'
2025-11-24T21:21:34.4536423Z ##[group]Runner Image Provisioner
2025-11-24T21:21:34.4537782Z Hosted Compute Agent
2025-11-24T21:21:34.4538718Z Version: 20251016.436
2025-11-24T21:21:34.4539643Z Commit: 8ab8ac8bfd662a3739dab9fe09456aba92132568
2025-11-24T21:21:34.4540948Z Build Date: 2025-10-15T20:44:12Z
2025-11-24T21:21:34.4541935Z ##[endgroup]
2025-11-24T21:21:34.4542856Z ##[group]Operating System
2025-11-24T21:21:34.4543731Z Ubuntu
2025-11-24T21:21:34.4544693Z 24.04.3
2025-11-24T21:21:34.4545808Z LTS
2025-11-24T21:21:34.4546651Z ##[endgroup]
2025-11-24T21:21:34.4547591Z ##[group]Runner Image
2025-11-24T21:21:34.4548533Z Image: ubuntu-24.04
2025-11-24T21:21:34.4549342Z Version: 20251112.124.1
2025-11-24T21:21:34.4551323Z Included Software: https://github.com/actions/runner-images/blob/ubuntu24/20251112.124/images/ubuntu/Ubuntu2404-Readme.md
2025-11-24T21:21:34.4554245Z Image Release: https://github.com/actions/runner-images/releases/tag/ubuntu24%2F20251112.124
2025-11-24T21:21:34.4556360Z ##[endgroup]
2025-11-24T21:21:34.4561004Z ##[group]GITHUB_TOKEN Permissions
2025-11-24T21:21:34.4577804Z Actions: write
2025-11-24T21:21:34.4578726Z ArtifactMetadata: write
2025-11-24T21:21:34.4579610Z Attestations: write
2025-11-24T21:21:34.4580616Z Checks: write
2025-11-24T21:21:34.4581359Z Contents: write
2025-11-24T21:21:34.4582276Z Deployments: write
2025-11-24T21:21:34.4583210Z Discussions: write
2025-11-24T21:21:34.4584092Z Issues: write
2025-11-24T21:21:34.4585093Z Metadata: read
2025-11-24T21:21:34.4586075Z Models: read
2025-11-24T21:21:34.4586927Z Packages: write
2025-11-24T21:21:34.4587884Z Pages: write
2025-11-24T21:21:34.4588834Z PullRequests: write
2025-11-24T21:21:34.4589743Z RepositoryProjects: write
2025-11-24T21:21:34.4590857Z SecurityEvents: write
2025-11-24T21:21:34.4592254Z Statuses: write
2025-11-24T21:21:34.4593069Z ##[endgroup]
2025-11-24T21:21:34.4615475Z Secret source: Actions
2025-11-24T21:21:34.4616735Z Prepare workflow directory
2025-11-24T21:21:34.5553667Z Prepare all required actions
2025-11-24T21:21:34.5671891Z Getting action download info
2025-11-24T21:21:34.9301332Z Download action repository 'actions/checkout@v4' (SHA:34e114876b0b11c390a56381ad16ebd13914f8d5)
2025-11-24T21:21:35.4566094Z Download action repository 'actions/setup-python@v5' (SHA:a26af69be951a213d495a4c3e4e4022e16d87065)
2025-11-24T21:21:35.6250394Z Complete job name: Security Scan
2025-11-24T21:21:35.6902178Z ##[group]Run actions/checkout@v4
2025-11-24T21:21:35.6902992Z with:
2025-11-24T21:21:35.6903433Z   repository: dreamsoft-pro/RAE-agentic-memory
2025-11-24T21:21:35.6904137Z   token: ***
2025-11-24T21:21:35.6904505Z   ssh-strict: true
2025-11-24T21:21:35.6905249Z   ssh-user: git
2025-11-24T21:21:35.6905720Z   persist-credentials: true
2025-11-24T21:21:35.6906163Z   clean: true
2025-11-24T21:21:35.6906555Z   sparse-checkout-cone-mode: true
2025-11-24T21:21:35.6907023Z   fetch-depth: 1
2025-11-24T21:21:35.6907399Z   fetch-tags: false
2025-11-24T21:21:35.6907786Z   show-progress: true
2025-11-24T21:21:35.6908188Z   lfs: false
2025-11-24T21:21:35.6908548Z   submodules: false
2025-11-24T21:21:35.6908948Z   set-safe-directory: true
2025-11-24T21:21:35.6909694Z ##[endgroup]
2025-11-24T21:21:35.8051948Z Syncing repository: dreamsoft-pro/RAE-agentic-memory
2025-11-24T21:21:35.8055675Z ##[group]Getting Git version info
2025-11-24T21:21:35.8057217Z Working directory is '/home/runner/work/RAE-agentic-memory/RAE-agentic-memory'
2025-11-24T21:21:35.8059125Z [command]/usr/bin/git version
2025-11-24T21:21:35.8128470Z git version 2.51.2
2025-11-24T21:21:35.8156933Z ##[endgroup]
2025-11-24T21:21:35.8172587Z Temporarily overriding HOME='/home/runner/work/_temp/7eb05837-70e1-4bc3-928c-ca55a3bcf404' before making global git config changes
2025-11-24T21:21:35.8176670Z Adding repository directory to the temporary git global config as a safe directory
2025-11-24T21:21:35.8182362Z [command]/usr/bin/git config --global --add safe.directory /home/runner/work/RAE-agentic-memory/RAE-agentic-memory
2025-11-24T21:21:35.8220590Z Deleting the contents of '/home/runner/work/RAE-agentic-memory/RAE-agentic-memory'
2025-11-24T21:21:35.8225490Z ##[group]Initializing the repository
2025-11-24T21:21:35.8230682Z [command]/usr/bin/git init /home/runner/work/RAE-agentic-memory/RAE-agentic-memory
2025-11-24T21:21:35.8335309Z hint: Using 'master' as the name for the initial branch. This default branch name
2025-11-24T21:21:35.8338670Z hint: is subject to change. To configure the initial branch name to use in all
2025-11-24T21:21:35.8341055Z hint: of your new repositories, which will suppress this warning, call:
2025-11-24T21:21:35.8342814Z hint:
2025-11-24T21:21:35.8343654Z hint: 	git config --global init.defaultBranch <name>
2025-11-24T21:21:35.8344691Z hint:
2025-11-24T21:21:35.8346029Z hint: Names commonly chosen instead of 'master' are 'main', 'trunk' and
2025-11-24T21:21:35.8347636Z hint: 'development'. The just-created branch can be renamed via this command:
2025-11-24T21:21:35.8348909Z hint:
2025-11-24T21:21:35.8349550Z hint: 	git branch -m <name>
2025-11-24T21:21:35.8350316Z hint:
2025-11-24T21:21:35.8351298Z hint: Disable this message with "git config set advice.defaultBranchName false"
2025-11-24T21:21:35.8354258Z Initialized empty Git repository in /home/runner/work/RAE-agentic-memory/RAE-agentic-memory/.git/
2025-11-24T21:21:35.8358144Z [command]/usr/bin/git remote add origin https://github.com/dreamsoft-pro/RAE-agentic-memory
2025-11-24T21:21:35.8391701Z ##[endgroup]
2025-11-24T21:21:35.8393359Z ##[group]Disabling automatic garbage collection
2025-11-24T21:21:35.8399223Z [command]/usr/bin/git config --local gc.auto 0
2025-11-24T21:21:35.8431426Z ##[endgroup]
2025-11-24T21:21:35.8432708Z ##[group]Setting up auth
2025-11-24T21:21:35.8439154Z [command]/usr/bin/git config --local --name-only --get-regexp core\.sshCommand
2025-11-24T21:21:35.8472199Z [command]/usr/bin/git submodule foreach --recursive sh -c "git config --local --name-only --get-regexp 'core\.sshCommand' && git config --local --unset-all 'core.sshCommand' || :"
2025-11-24T21:21:35.8803469Z [command]/usr/bin/git config --local --name-only --get-regexp http\.https\:\/\/github\.com\/\.extraheader
2025-11-24T21:21:35.8839355Z [command]/usr/bin/git submodule foreach --recursive sh -c "git config --local --name-only --get-regexp 'http\.https\:\/\/github\.com\/\.extraheader' && git config --local --unset-all 'http.https://github.com/.extraheader' || :"
2025-11-24T21:21:35.9071923Z [command]/usr/bin/git config --local --name-only --get-regexp ^includeIf\.gitdir:
2025-11-24T21:21:35.9110675Z [command]/usr/bin/git submodule foreach --recursive git config --local --show-origin --name-only --get-regexp remote.origin.url
2025-11-24T21:21:35.9348356Z [command]/usr/bin/git config --local http.https://github.com/.extraheader AUTHORIZATION: basic ***
2025-11-24T21:21:35.9384687Z ##[endgroup]
2025-11-24T21:21:35.9388013Z ##[group]Fetching the repository
2025-11-24T21:21:35.9395413Z [command]/usr/bin/git -c protocol.version=2 fetch --no-tags --prune --no-recurse-submodules --depth=1 origin +0320178eff75bbb04ffeabf43eb667b77d745a65:refs/remotes/origin/main
2025-11-24T21:21:36.4961814Z From https://github.com/dreamsoft-pro/RAE-agentic-memory
2025-11-24T21:21:36.4963388Z  * [new ref]         0320178eff75bbb04ffeabf43eb667b77d745a65 -> origin/main
2025-11-24T21:21:36.4966631Z ##[endgroup]
2025-11-24T21:21:36.4968041Z ##[group]Determining the checkout info
2025-11-24T21:21:36.4969647Z ##[endgroup]
2025-11-24T21:21:36.4970486Z [command]/usr/bin/git sparse-checkout disable
2025-11-24T21:21:36.4973079Z [command]/usr/bin/git config --local --unset-all extensions.worktreeConfig
2025-11-24T21:21:36.5033880Z ##[group]Checking out the ref
2025-11-24T21:21:36.5035562Z [command]/usr/bin/git checkout --progress --force -B main refs/remotes/origin/main
2025-11-24T21:21:36.5552185Z Switched to a new branch 'main'
2025-11-24T21:21:36.5565414Z branch 'main' set up to track 'origin/main'.
2025-11-24T21:21:36.5572208Z ##[endgroup]
2025-11-24T21:21:36.5576723Z [command]/usr/bin/git log -1 --format=%H
2025-11-24T21:21:36.5578235Z 0320178eff75bbb04ffeabf43eb667b77d745a65
2025-11-24T21:21:36.5949873Z ##[group]Run actions/setup-python@v5
2025-11-24T21:21:36.5951000Z with:
2025-11-24T21:21:36.5951758Z   python-version: 3.11
2025-11-24T21:21:36.5952623Z   check-latest: false
2025-11-24T21:21:36.5953708Z   token: ***
2025-11-24T21:21:36.5954500Z   update-environment: true
2025-11-24T21:21:36.5955825Z   allow-prereleases: false
2025-11-24T21:21:36.5956716Z   freethreaded: false
2025-11-24T21:21:36.5957497Z ##[endgroup]
2025-11-24T21:21:36.7821838Z ##[group]Installed versions
2025-11-24T21:21:36.8000399Z Successfully set up CPython (3.11.14)
2025-11-24T21:21:36.8003189Z ##[endgroup]
2025-11-24T21:21:36.8137368Z ##[group]Run pip install safety bandit
2025-11-24T21:21:36.8138042Z [36;1mpip install safety bandit[0m
2025-11-24T21:21:36.8186977Z shell: /usr/bin/bash -e {0}
2025-11-24T21:21:36.8187519Z env:
2025-11-24T21:21:36.8188054Z   pythonLocation: /opt/hostedtoolcache/Python/3.11.14/x64
2025-11-24T21:21:36.8188876Z   PKG_CONFIG_PATH: /opt/hostedtoolcache/Python/3.11.14/x64/lib/pkgconfig
2025-11-24T21:21:36.8189721Z   Python_ROOT_DIR: /opt/hostedtoolcache/Python/3.11.14/x64
2025-11-24T21:21:36.8190440Z   Python2_ROOT_DIR: /opt/hostedtoolcache/Python/3.11.14/x64
2025-11-24T21:21:36.8191398Z   Python3_ROOT_DIR: /opt/hostedtoolcache/Python/3.11.14/x64
2025-11-24T21:21:36.8192305Z   LD_LIBRARY_PATH: /opt/hostedtoolcache/Python/3.11.14/x64/lib
2025-11-24T21:21:36.8192934Z ##[endgroup]
2025-11-24T21:21:37.7465695Z Collecting safety
2025-11-24T21:21:37.8297428Z   Downloading safety-3.7.0-py3-none-any.whl.metadata (11 kB)
2025-11-24T21:21:37.8621727Z Collecting bandit
2025-11-24T21:21:37.8735213Z   Downloading bandit-1.9.2-py3-none-any.whl.metadata (7.1 kB)
2025-11-24T21:21:37.9081459Z Collecting authlib>=1.2.0 (from safety)
2025-11-24T21:21:37.9198963Z   Downloading authlib-1.6.5-py2.py3-none-any.whl.metadata (9.8 kB)
2025-11-24T21:21:37.9511569Z Collecting click>=8.0.2 (from safety)
2025-11-24T21:21:37.9625804Z   Downloading click-8.3.1-py3-none-any.whl.metadata (2.6 kB)
2025-11-24T21:21:37.9853907Z Collecting dparse>=0.6.4 (from safety)
2025-11-24T21:21:37.9977952Z   Downloading dparse-0.6.4-py3-none-any.whl.metadata (5.5 kB)
2025-11-24T21:21:38.0308863Z Collecting filelock<4.0,>=3.16.1 (from safety)
2025-11-24T21:21:38.0436055Z   Downloading filelock-3.20.0-py3-none-any.whl.metadata (2.1 kB)
2025-11-24T21:21:38.0851401Z Collecting httpx (from safety)
2025-11-24T21:21:38.0968512Z   Downloading httpx-0.28.1-py3-none-any.whl.metadata (7.1 kB)
2025-11-24T21:21:38.1360847Z Collecting jinja2>=3.1.0 (from safety)
2025-11-24T21:21:38.1477031Z   Downloading jinja2-3.1.6-py3-none-any.whl.metadata (2.9 kB)
2025-11-24T21:21:38.1983233Z Collecting marshmallow>=3.15.0 (from safety)
2025-11-24T21:21:38.2085591Z   Downloading marshmallow-4.1.0-py3-none-any.whl.metadata (7.4 kB)
2025-11-24T21:21:38.2392229Z Collecting nltk>=3.9 (from safety)
2025-11-24T21:21:38.2498304Z   Downloading nltk-3.9.2-py3-none-any.whl.metadata (3.2 kB)
2025-11-24T21:21:38.2782368Z Collecting packaging>=21.0 (from safety)
2025-11-24T21:21:38.2933546Z   Downloading packaging-25.0-py3-none-any.whl.metadata (3.3 kB)
2025-11-24T21:21:38.5254597Z Collecting pydantic>=2.6.0 (from safety)
2025-11-24T21:21:38.5366684Z   Downloading pydantic-2.12.4-py3-none-any.whl.metadata (89 kB)
2025-11-24T21:21:38.5879222Z Collecting requests (from safety)
2025-11-24T21:21:38.5990545Z   Downloading requests-2.32.5-py3-none-any.whl.metadata (4.9 kB)
2025-11-24T21:21:38.8179885Z Collecting ruamel-yaml>=0.17.21 (from safety)
2025-11-24T21:21:38.8290359Z   Downloading ruamel.yaml-0.18.16-py3-none-any.whl.metadata (25 kB)
2025-11-24T21:21:38.8547176Z Collecting safety-schemas==0.0.16 (from safety)
2025-11-24T21:21:38.8663484Z   Downloading safety_schemas-0.0.16-py3-none-any.whl.metadata (1.1 kB)
2025-11-24T21:21:38.8925052Z Collecting tenacity>=8.1.0 (from safety)
2025-11-24T21:21:38.9032023Z   Downloading tenacity-9.1.2-py3-none-any.whl.metadata (1.2 kB)
2025-11-24T21:21:38.9318140Z Collecting tomlkit (from safety)
2025-11-24T21:21:38.9427214Z   Downloading tomlkit-0.13.3-py3-none-any.whl.metadata (2.8 kB)
2025-11-24T21:21:38.9727461Z Collecting typer>=0.16.0 (from safety)
2025-11-24T21:21:38.9837331Z   Downloading typer-0.20.0-py3-none-any.whl.metadata (16 kB)
2025-11-24T21:21:39.0124150Z Collecting typing-extensions>=4.7.1 (from safety)
2025-11-24T21:21:39.0239061Z   Downloading typing_extensions-4.15.0-py3-none-any.whl.metadata (3.3 kB)
2025-11-24T21:21:39.0724414Z Collecting PyYAML>=5.3.1 (from bandit)
2025-11-24T21:21:39.0852252Z   Downloading pyyaml-6.0.3-cp311-cp311-manylinux2014_x86_64.manylinux_2_17_x86_64.manylinux_2_28_x86_64.whl.metadata (2.4 kB)
2025-11-24T21:21:39.1185986Z Collecting stevedore>=1.20.0 (from bandit)
2025-11-24T21:21:39.1302938Z   Downloading stevedore-5.6.0-py3-none-any.whl.metadata (2.3 kB)
2025-11-24T21:21:39.1882781Z Collecting rich (from bandit)
2025-11-24T21:21:39.1994643Z   Downloading rich-14.2.0-py3-none-any.whl.metadata (18 kB)
2025-11-24T21:21:39.4093632Z Collecting cryptography (from authlib>=1.2.0->safety)
2025-11-24T21:21:39.4207019Z   Downloading cryptography-46.0.3-cp311-abi3-manylinux_2_34_x86_64.whl.metadata (5.7 kB)
2025-11-24T21:21:39.4883495Z Collecting MarkupSafe>=2.0 (from jinja2>=3.1.0->safety)
2025-11-24T21:21:39.5000326Z   Downloading markupsafe-3.0.3-cp311-cp311-manylinux2014_x86_64.manylinux_2_17_x86_64.manylinux_2_28_x86_64.whl.metadata (2.7 kB)
2025-11-24T21:21:39.5337999Z Collecting joblib (from nltk>=3.9->safety)
2025-11-24T21:21:39.5449073Z   Downloading joblib-1.5.2-py3-none-any.whl.metadata (5.6 kB)
2025-11-24T21:21:39.9092623Z Collecting regex>=2021.8.3 (from nltk>=3.9->safety)
2025-11-24T21:21:39.9215265Z   Downloading regex-2025.11.3-cp311-cp311-manylinux2014_x86_64.manylinux_2_17_x86_64.manylinux_2_28_x86_64.whl.metadata (40 kB)
2025-11-24T21:21:39.9722216Z Collecting tqdm (from nltk>=3.9->safety)
2025-11-24T21:21:39.9862112Z   Downloading tqdm-4.67.1-py3-none-any.whl.metadata (57 kB)
2025-11-24T21:21:40.0157328Z Collecting annotated-types>=0.6.0 (from pydantic>=2.6.0->safety)
2025-11-24T21:21:40.0267556Z   Downloading annotated_types-0.7.0-py3-none-any.whl.metadata (15 kB)
2025-11-24T21:21:40.7026303Z Collecting pydantic-core==2.41.5 (from pydantic>=2.6.0->safety)
2025-11-24T21:21:40.7138003Z   Downloading pydantic_core-2.41.5-cp311-cp311-manylinux_2_17_x86_64.manylinux2014_x86_64.whl.metadata (7.3 kB)
2025-11-24T21:21:40.7383242Z Collecting typing-inspection>=0.4.2 (from pydantic>=2.6.0->safety)
2025-11-24T21:21:40.7505663Z   Downloading typing_inspection-0.4.2-py3-none-any.whl.metadata (2.6 kB)
2025-11-24T21:21:40.8512406Z Collecting ruamel.yaml.clib>=0.2.7 (from ruamel-yaml>=0.17.21->safety)
2025-11-24T21:21:40.8626075Z   Downloading ruamel_yaml_clib-0.2.15-cp311-cp311-manylinux2014_x86_64.manylinux_2_17_x86_64.manylinux_2_28_x86_64.whl.metadata (3.5 kB)
2025-11-24T21:21:40.8976803Z Collecting shellingham>=1.3.0 (from typer>=0.16.0->safety)
2025-11-24T21:21:40.9088710Z   Downloading shellingham-1.5.4-py2.py3-none-any.whl.metadata (3.5 kB)
2025-11-24T21:21:40.9463078Z Collecting markdown-it-py>=2.2.0 (from rich->bandit)
2025-11-24T21:21:40.9573060Z   Downloading markdown_it_py-4.0.0-py3-none-any.whl.metadata (7.3 kB)
2025-11-24T21:21:40.9923127Z Collecting pygments<3.0.0,>=2.13.0 (from rich->bandit)
2025-11-24T21:21:41.0039555Z   Downloading pygments-2.19.2-py3-none-any.whl.metadata (2.5 kB)
2025-11-24T21:21:41.0261859Z Collecting mdurl~=0.1 (from markdown-it-py>=2.2.0->rich->bandit)
2025-11-24T21:21:41.0372315Z   Downloading mdurl-0.1.2-py3-none-any.whl.metadata (1.6 kB)
2025-11-24T21:21:41.1573762Z Collecting cffi>=2.0.0 (from cryptography->authlib>=1.2.0->safety)
2025-11-24T21:21:41.1686841Z   Downloading cffi-2.0.0-cp311-cp311-manylinux2014_x86_64.manylinux_2_17_x86_64.whl.metadata (2.6 kB)
2025-11-24T21:21:41.1921237Z Collecting pycparser (from cffi>=2.0.0->cryptography->authlib>=1.2.0->safety)
2025-11-24T21:21:41.2032736Z   Downloading pycparser-2.23-py3-none-any.whl.metadata (993 bytes)
2025-11-24T21:21:41.2349561Z Collecting anyio (from httpx->safety)
2025-11-24T21:21:41.2460466Z   Downloading anyio-4.11.0-py3-none-any.whl.metadata (4.1 kB)
2025-11-24T21:21:41.2760375Z Collecting certifi (from httpx->safety)
2025-11-24T21:21:41.2870895Z   Downloading certifi-2025.11.12-py3-none-any.whl.metadata (2.5 kB)
2025-11-24T21:21:41.3179904Z Collecting httpcore==1.* (from httpx->safety)
2025-11-24T21:21:41.3293242Z   Downloading httpcore-1.0.9-py3-none-any.whl.metadata (21 kB)
2025-11-24T21:21:41.3552040Z Collecting idna (from httpx->safety)
2025-11-24T21:21:41.3671760Z   Downloading idna-3.11-py3-none-any.whl.metadata (8.4 kB)
2025-11-24T21:21:41.3907145Z Collecting h11>=0.16 (from httpcore==1.*->httpx->safety)
2025-11-24T21:21:41.4068137Z   Downloading h11-0.16.0-py3-none-any.whl.metadata (8.3 kB)
2025-11-24T21:21:41.4318314Z Collecting sniffio>=1.1 (from anyio->httpx->safety)
2025-11-24T21:21:41.4432036Z   Downloading sniffio-1.3.1-py3-none-any.whl.metadata (3.9 kB)
2025-11-24T21:21:41.5427341Z Collecting charset_normalizer<4,>=2 (from requests->safety)
2025-11-24T21:21:41.5539637Z   Downloading charset_normalizer-3.4.4-cp311-cp311-manylinux2014_x86_64.manylinux_2_17_x86_64.manylinux_2_28_x86_64.whl.metadata (37 kB)
2025-11-24T21:21:41.5966043Z Collecting urllib3<3,>=1.21.1 (from requests->safety)
2025-11-24T21:21:41.6090127Z   Downloading urllib3-2.5.0-py3-none-any.whl.metadata (6.5 kB)
2025-11-24T21:21:41.6377307Z Downloading safety-3.7.0-py3-none-any.whl (312 kB)
2025-11-24T21:21:41.6630268Z Downloading safety_schemas-0.0.16-py3-none-any.whl (39 kB)
2025-11-24T21:21:41.6760816Z Downloading filelock-3.20.0-py3-none-any.whl (16 kB)
2025-11-24T21:21:41.6905275Z Downloading bandit-1.9.2-py3-none-any.whl (134 kB)
2025-11-24T21:21:41.7042440Z Downloading authlib-1.6.5-py2.py3-none-any.whl (243 kB)
2025-11-24T21:21:41.7192062Z Downloading click-8.3.1-py3-none-any.whl (108 kB)
2025-11-24T21:21:41.7339977Z Downloading dparse-0.6.4-py3-none-any.whl (11 kB)
2025-11-24T21:21:41.7473219Z Downloading jinja2-3.1.6-py3-none-any.whl (134 kB)
2025-11-24T21:21:41.7640473Z Downloading markupsafe-3.0.3-cp311-cp311-manylinux2014_x86_64.manylinux_2_17_x86_64.manylinux_2_28_x86_64.whl (22 kB)
2025-11-24T21:21:41.7784245Z Downloading marshmallow-4.1.0-py3-none-any.whl (48 kB)
2025-11-24T21:21:41.7918461Z Downloading nltk-3.9.2-py3-none-any.whl (1.5 MB)
2025-11-24T21:21:41.8126632Z    ━━━━━━━━━━━━━━━━━━━━━━━━━━━━━━━━━━━━━━━━ 1.5/1.5 MB 72.9 MB/s  0:00:00
2025-11-24T21:21:41.8250019Z Downloading packaging-25.0-py3-none-any.whl (66 kB)
2025-11-24T21:21:41.8394060Z Downloading pydantic-2.12.4-py3-none-any.whl (463 kB)
2025-11-24T21:21:41.8573341Z Downloading pydantic_core-2.41.5-cp311-cp311-manylinux_2_17_x86_64.manylinux2014_x86_64.whl (2.1 MB)
2025-11-24T21:21:41.8719639Z    ━━━━━━━━━━━━━━━━━━━━━━━━━━━━━━━━━━━━━━━━ 2.1/2.1 MB 148.2 MB/s  0:00:00
2025-11-24T21:21:41.8830663Z Downloading annotated_types-0.7.0-py3-none-any.whl (13 kB)
2025-11-24T21:21:41.8970191Z Downloading pyyaml-6.0.3-cp311-cp311-manylinux2014_x86_64.manylinux_2_17_x86_64.manylinux_2_28_x86_64.whl (806 kB)
2025-11-24T21:21:41.9032269Z    ━━━━━━━━━━━━━━━━━━━━━━━━━━━━━━━━━━━━━━━━ 806.6/806.6 kB 133.1 MB/s  0:00:00
2025-11-24T21:21:41.9146746Z Downloading regex-2025.11.3-cp311-cp311-manylinux2014_x86_64.manylinux_2_17_x86_64.manylinux_2_28_x86_64.whl (800 kB)
2025-11-24T21:21:41.9209937Z    ━━━━━━━━━━━━━━━━━━━━━━━━━━━━━━━━━━━━━━━━ 800.4/800.4 kB 127.6 MB/s  0:00:00
2025-11-24T21:21:41.9344160Z Downloading ruamel.yaml-0.18.16-py3-none-any.whl (119 kB)
2025-11-24T21:21:41.9483751Z Downloading ruamel_yaml_clib-0.2.15-cp311-cp311-manylinux2014_x86_64.manylinux_2_17_x86_64.manylinux_2_28_x86_64.whl (777 kB)
2025-11-24T21:21:41.9640147Z    ━━━━━━━━━━━━━━━━━━━━━━━━━━━━━━━━━━━━━━━━ 777.6/777.6 kB 41.5 MB/s  0:00:00
2025-11-24T21:21:41.9750804Z Downloading stevedore-5.6.0-py3-none-any.whl (54 kB)
2025-11-24T21:21:41.9882424Z Downloading tenacity-9.1.2-py3-none-any.whl (28 kB)
2025-11-24T21:21:42.0014365Z Downloading typer-0.20.0-py3-none-any.whl (47 kB)
2025-11-24T21:21:42.0146693Z Downloading rich-14.2.0-py3-none-any.whl (243 kB)
2025-11-24T21:21:42.0305178Z Downloading pygments-2.19.2-py3-none-any.whl (1.2 MB)
2025-11-24T21:21:42.0405992Z    ━━━━━━━━━━━━━━━━━━━━━━━━━━━━━━━━━━━━━━━━ 1.2/1.2 MB 163.6 MB/s  0:00:00
2025-11-24T21:21:42.0507376Z Downloading markdown_it_py-4.0.0-py3-none-any.whl (87 kB)
2025-11-24T21:21:42.0668324Z Downloading mdurl-0.1.2-py3-none-any.whl (10.0 kB)
2025-11-24T21:21:42.0820895Z Downloading shellingham-1.5.4-py2.py3-none-any.whl (9.8 kB)
2025-11-24T21:21:42.0951905Z Downloading typing_extensions-4.15.0-py3-none-any.whl (44 kB)
2025-11-24T21:21:42.1082868Z Downloading typing_inspection-0.4.2-py3-none-any.whl (14 kB)
2025-11-24T21:21:42.1229341Z Downloading cryptography-46.0.3-cp311-abi3-manylinux_2_34_x86_64.whl (4.5 MB)
2025-11-24T21:21:42.1444337Z    ━━━━━━━━━━━━━━━━━━━━━━━━━━━━━━━━━━━━━━━━ 4.5/4.5 MB 227.0 MB/s  0:00:00
2025-11-24T21:21:42.1558557Z Downloading cffi-2.0.0-cp311-cp311-manylinux2014_x86_64.manylinux_2_17_x86_64.whl (215 kB)
2025-11-24T21:21:42.1701883Z Downloading httpx-0.28.1-py3-none-any.whl (73 kB)
2025-11-24T21:21:42.1856010Z Downloading httpcore-1.0.9-py3-none-any.whl (78 kB)
2025-11-24T21:21:42.1988509Z Downloading h11-0.16.0-py3-none-any.whl (37 kB)
2025-11-24T21:21:42.2135591Z Downloading anyio-4.11.0-py3-none-any.whl (109 kB)
2025-11-24T21:21:42.2270197Z Downloading idna-3.11-py3-none-any.whl (71 kB)
2025-11-24T21:21:42.2401085Z Downloading sniffio-1.3.1-py3-none-any.whl (10 kB)
2025-11-24T21:21:42.2541001Z Downloading certifi-2025.11.12-py3-none-any.whl (159 kB)
2025-11-24T21:21:42.2675548Z Downloading joblib-1.5.2-py3-none-any.whl (308 kB)
2025-11-24T21:21:42.2827076Z Downloading pycparser-2.23-py3-none-any.whl (118 kB)
2025-11-24T21:21:42.2970779Z Downloading requests-2.32.5-py3-none-any.whl (64 kB)
2025-11-24T21:21:42.3109502Z Downloading charset_normalizer-3.4.4-cp311-cp311-manylinux2014_x86_64.manylinux_2_17_x86_64.manylinux_2_28_x86_64.whl (151 kB)
2025-11-24T21:21:42.3246584Z Downloading urllib3-2.5.0-py3-none-any.whl (129 kB)
2025-11-24T21:21:42.3399824Z Downloading tomlkit-0.13.3-py3-none-any.whl (38 kB)
2025-11-24T21:21:42.3529654Z Downloading tqdm-4.67.1-py3-none-any.whl (78 kB)
2025-11-24T21:21:42.4798672Z Installing collected packages: urllib3, typing-extensions, tqdm, tomlkit, tenacity, stevedore, sniffio, shellingham, ruamel.yaml.clib, regex, PyYAML, pygments, pycparser, packaging, mdurl, marshmallow, MarkupSafe, joblib, idna, h11, filelock, click, charset_normalizer, certifi, annotated-types, typing-inspection, ruamel-yaml, requests, pydantic-core, nltk, markdown-it-py, jinja2, httpcore, dparse, cffi, anyio, rich, pydantic, httpx, cryptography, typer, safety-schemas, bandit, authlib, safety
2025-11-24T21:21:46.3879252Z 
2025-11-24T21:21:46.3918682Z Successfully installed MarkupSafe-3.0.3 PyYAML-6.0.3 annotated-types-0.7.0 anyio-4.11.0 authlib-1.6.5 bandit-1.9.2 certifi-2025.11.12 cffi-2.0.0 charset_normalizer-3.4.4 click-8.3.1 cryptography-46.0.3 dparse-0.6.4 filelock-3.20.0 h11-0.16.0 httpcore-1.0.9 httpx-0.28.1 idna-3.11 jinja2-3.1.6 joblib-1.5.2 markdown-it-py-4.0.0 marshmallow-4.1.0 mdurl-0.1.2 nltk-3.9.2 packaging-25.0 pycparser-2.23 pydantic-2.12.4 pydantic-core-2.41.5 pygments-2.19.2 regex-2025.11.3 requests-2.32.5 rich-14.2.0 ruamel-yaml-0.18.16 ruamel.yaml.clib-0.2.15 safety-3.7.0 safety-schemas-0.0.16 shellingham-1.5.4 sniffio-1.3.1 stevedore-5.6.0 tenacity-9.1.2 tomlkit-0.13.3 tqdm-4.67.1 typer-0.20.0 typing-extensions-4.15.0 typing-inspection-0.4.2 urllib3-2.5.0
2025-11-24T21:21:46.8601626Z ##[group]Run safety check --file requirements-dev.txt || true
2025-11-24T21:21:46.8602085Z [36;1msafety check --file requirements-dev.txt || true[0m
2025-11-24T21:21:46.8636552Z shell: /usr/bin/bash -e {0}
2025-11-24T21:21:46.8636777Z env:
2025-11-24T21:21:46.8637016Z   pythonLocation: /opt/hostedtoolcache/Python/3.11.14/x64
2025-11-24T21:21:46.8637421Z   PKG_CONFIG_PATH: /opt/hostedtoolcache/Python/3.11.14/x64/lib/pkgconfig
2025-11-24T21:21:46.8637821Z   Python_ROOT_DIR: /opt/hostedtoolcache/Python/3.11.14/x64
2025-11-24T21:21:46.8638162Z   Python2_ROOT_DIR: /opt/hostedtoolcache/Python/3.11.14/x64
2025-11-24T21:21:46.8638672Z   Python3_ROOT_DIR: /opt/hostedtoolcache/Python/3.11.14/x64
2025-11-24T21:21:46.8639025Z   LD_LIBRARY_PATH: /opt/hostedtoolcache/Python/3.11.14/x64/lib
2025-11-24T21:21:46.8639311Z ##[endgroup]
2025-11-24T21:21:48.3031990Z 
2025-11-24T21:21:48.3032954Z 
2025-11-24T21:21:48.3034411Z [33m[1m+===========================================================================================================================================================================================+[0m
2025-11-24T21:21:48.3035802Z 
2025-11-24T21:21:48.3036088Z 
2025-11-24T21:21:48.3037055Z [31m[1mDEPRECATED: [0m[33m[1mthis command (`check`) has been DEPRECATED, and will be unsupported beyond 01 June 2024.[0m
2025-11-24T21:21:48.3037718Z 
2025-11-24T21:21:48.3037725Z 
2025-11-24T21:21:48.3038788Z [32mWe highly encourage switching to the new [0m[32m[1m`scan`[0m[32m command which is easier to use, more powerful, and can be set up to mimic the deprecated command if required.[0m
2025-11-24T21:21:48.3039768Z 
2025-11-24T21:21:48.3039774Z 
2025-11-24T21:21:48.3040220Z [33m[1m+===========================================================================================================================================================================================+[0m
2025-11-24T21:21:48.3040627Z 
2025-11-24T21:21:48.3040633Z 
2025-11-24T21:21:49.3116618Z +==============================================================================+
2025-11-24T21:21:49.3118031Z 
2025-11-24T21:21:49.3118187Z                                /$$$$$$            /$$
2025-11-24T21:21:49.3118668Z                               /$$__  $$          | $$
2025-11-24T21:21:49.3119043Z            /$$$$$$$  /$$$$$$ | $$  \__//$$$$$$  /$$$$$$   /$$   /$$
2025-11-24T21:21:49.3119422Z           /$$_____/ |____  $$| $$$$   /$$__  $$|_  $$_/  | $$  | $$
2025-11-24T21:21:49.3119794Z          |  $$$$$$   /$$$$$$$| $$_/  | $$$$$$$$  | $$    | $$  | $$
2025-11-24T21:21:49.3120157Z           \____  $$ /$$__  $$| $$    | $$_____/  | $$ /$$| $$  | $$
2025-11-24T21:21:49.3120551Z           /$$$$$$$/|  $$$$$$$| $$    |  $$$$$$$  |  $$$$/|  $$$$$$$
2025-11-24T21:21:49.3120932Z          |_______/  \_______/|__/     \_______/   \___/   \____  $$
2025-11-24T21:21:49.3121299Z                                                           /$$  | $$
2025-11-24T21:21:49.3121665Z                                                          |  $$$$$$/
2025-11-24T21:21:49.3122104Z   by safetycli.com                                        \______/
2025-11-24T21:21:49.3122438Z 
2025-11-24T21:21:49.3122568Z +==============================================================================+
2025-11-24T21:21:49.3122847Z 
2025-11-24T21:21:49.3123258Z  [1mANNOUNCEMENTS[0m 
2025-11-24T21:21:49.3123456Z 
2025-11-24T21:21:49.3123889Z [33m  * Warning: ruff, pytest, pytest-asyncio, pytest-cov and mypy are unpinned.[0m 
2025-11-24T21:21:49.3124766Z [33m    Safety by default does not report on potential vulnerabilities in unpinned[0m 
2025-11-24T21:21:49.3126022Z [33m    packages. It is recommended to pin your dependencies unless this is a[0m 
2025-11-24T21:21:49.3126875Z [33m    library meant for distribution. To learn more about reporting these,[0m 
2025-11-24T21:21:49.3127748Z [33m    specifier range handling, and options for scanning unpinned packages visit[0m 
2025-11-24T21:21:49.3128559Z [33m    https://docs.pyup.io/docs/safety-range-specs[0m 
2025-11-24T21:21:49.3129208Z 
2025-11-24T21:21:49.3129386Z +==============================================================================+
2025-11-24T21:21:49.3129672Z 
2025-11-24T21:21:49.3129838Z  [1mREPORT[0m 
2025-11-24T21:21:49.3130004Z 
2025-11-24T21:21:49.3130361Z   Safety [1mv3.7.0[0m is scanning for [1mVulnerabilities[0m[1m...[0m
2025-11-24T21:21:49.3130980Z [1m  Scanning dependencies[0m in your [1mfiles:[0m
2025-11-24T21:21:49.3131283Z 
2025-11-24T21:21:49.3131411Z   -> requirements-dev.txt
2025-11-24T21:21:49.3131640Z 
2025-11-24T21:21:49.3131894Z   Using [1mopen-source vulnerability database[0m
2025-11-24T21:21:49.3132632Z [1m  Found and scanned 5 packages[0m
2025-11-24T21:21:49.3133061Z   Timestamp [1m2025-11-24 21:21:49[0m
2025-11-24T21:21:49.3133504Z [1m  0[0m[1m vulnerabilities reported[0m
2025-11-24T21:21:49.3133966Z [1m  1[0m[1m vulnerability ignored[0m
2025-11-24T21:21:49.3134228Z 
2025-11-24T21:21:49.3134367Z +==============================================================================+
2025-11-24T21:21:49.3135153Z  [1mVULNERABILITIES REPORTED[0m 
2025-11-24T21:21:49.3135548Z +==============================================================================+
2025-11-24T21:21:49.3135826Z 
2025-11-24T21:21:49.3136284Z [33m-> Warning: 1 known vulnerability matches the pytest-cov versions that could be[0m 
2025-11-24T21:21:49.3137150Z [33m   installed from your specifier: pytest-cov>=0 (unpinned). These[0m 
2025-11-24T21:21:49.3138028Z [33m   vulnerabilities are not reported by default. To report these vulnerabilities[0m 
2025-11-24T21:21:49.3139020Z [33m   set 'ignore-unpinned-requirements' to False under 'security' in your policy[0m 
2025-11-24T21:21:49.3139987Z [33m   file. See https://docs.pyup.io/docs/safety-20-policy-file for more[0m 
2025-11-24T21:21:49.3140569Z [33m   information.[0m 
2025-11-24T21:21:49.3141162Z [33m   It is recommended to pin your dependencies unless this is a library meant[0m 
2025-11-24T21:21:49.3141988Z [33m   for distribution. To learn more about reporting these, specifier range[0m 
2025-11-24T21:21:49.3142753Z [33m   handling, and options for scanning unpinned packages visit[0m 
2025-11-24T21:21:49.3143390Z [33m   https://docs.pyup.io/docs/safety-range-specs[0m 
2025-11-24T21:21:49.3143870Z 
2025-11-24T21:21:49.3143877Z 
2025-11-24T21:21:49.3143883Z 
2025-11-24T21:21:49.3144014Z +==============================================================================+
2025-11-24T21:21:49.3144297Z 
2025-11-24T21:21:49.3144589Z  Scan was completed. 0 vulnerabilities were reported. 1 vulnerability from 1 
2025-11-24T21:21:49.3153442Z  package was ignored. 
2025-11-24T21:21:49.3153678Z 
2025-11-24T21:21:49.3154008Z +==============================================================================+[0m
2025-11-24T21:21:49.3154333Z 
2025-11-24T21:21:49.3154340Z 
2025-11-24T21:21:49.3154981Z [33m[1m+===========================================================================================================================================================================================+[0m
2025-11-24T21:21:49.3155471Z 
2025-11-24T21:21:49.3155478Z 
2025-11-24T21:21:49.3156192Z [31m[1mDEPRECATED: [0m[33m[1mthis command (`check`) has been DEPRECATED, and will be unsupported beyond 01 June 2024.[0m
2025-11-24T21:21:49.3156899Z 
2025-11-24T21:21:49.3156907Z 
2025-11-24T21:21:49.3157930Z [32mWe highly encourage switching to the new [0m[32m[1m`scan`[0m[32m command which is easier to use, more powerful, and can be set up to mimic the deprecated command if required.[0m
2025-11-24T21:21:49.3158853Z 
2025-11-24T21:21:49.3158859Z 
2025-11-24T21:21:49.3159329Z [33m[1m+===========================================================================================================================================================================================+[0m
2025-11-24T21:21:49.3159716Z 
2025-11-24T21:21:49.3159722Z 
2025-11-24T21:21:49.4415384Z ##[group]Run bandit -r apps/ sdk/ -ll || true
2025-11-24T21:21:49.4415745Z [36;1mbandit -r apps/ sdk/ -ll || true[0m
2025-11-24T21:21:49.4448574Z shell: /usr/bin/bash -e {0}
2025-11-24T21:21:49.4448794Z env:
2025-11-24T21:21:49.4449030Z   pythonLocation: /opt/hostedtoolcache/Python/3.11.14/x64
2025-11-24T21:21:49.4449430Z   PKG_CONFIG_PATH: /opt/hostedtoolcache/Python/3.11.14/x64/lib/pkgconfig
2025-11-24T21:21:49.4449801Z   Python_ROOT_DIR: /opt/hostedtoolcache/Python/3.11.14/x64
2025-11-24T21:21:49.4450139Z   Python2_ROOT_DIR: /opt/hostedtoolcache/Python/3.11.14/x64
2025-11-24T21:21:49.4450480Z   Python3_ROOT_DIR: /opt/hostedtoolcache/Python/3.11.14/x64
2025-11-24T21:21:49.4450826Z   LD_LIBRARY_PATH: /opt/hostedtoolcache/Python/3.11.14/x64/lib
2025-11-24T21:21:49.4451304Z ##[endgroup]
2025-11-24T21:21:49.5821209Z [main]	INFO	profile include tests: None
2025-11-24T21:21:49.5822842Z [main]	INFO	profile exclude tests: None
2025-11-24T21:21:49.5823399Z [main]	INFO	cli include tests: None
2025-11-24T21:21:49.5823906Z [main]	INFO	cli exclude tests: None
2025-11-24T21:21:49.5825288Z [main]	INFO	running on Python 3.11.14
2025-11-24T21:21:51.8487108Z Working... ━━━━━━━━━━━━━━━━━━━━━━━━━━━━━━━━━━━━━━━━ 100% 0:00:02
2025-11-24T21:21:51.8503818Z Run started:2025-11-24 21:21:51.849196+00:00
2025-11-24T21:21:51.8511364Z 
2025-11-24T21:21:51.8511496Z Test results:
2025-11-24T21:21:51.8512004Z >> Issue: [B324:hashlib] Use of weak MD5 hash for security. Consider usedforsecurity=False
2025-11-24T21:21:51.8512609Z    Severity: High   Confidence: High
2025-11-24T21:21:51.8513102Z    CWE: CWE-327 (https://cwe.mitre.org/data/definitions/327.html)
2025-11-24T21:21:51.8513757Z    More Info: https://bandit.readthedocs.io/en/1.9.2/plugins/b324_hashlib.html
2025-11-24T21:21:51.8514426Z    Location: apps/memory_api/clients/rae_client.py:301:15
2025-11-24T21:21:51.8515063Z 300	        key_string = "|".join(key_parts)
2025-11-24T21:21:51.8515538Z 301	        return hashlib.md5(key_string.encode()).hexdigest()
2025-11-24T21:21:51.8515964Z 302	
2025-11-24T21:21:51.8516099Z 
2025-11-24T21:21:51.8516236Z --------------------------------------------------
2025-11-24T21:21:51.8516972Z >> Issue: [B608:hardcoded_sql_expressions] Possible SQL injection vector through string-based query construction.
2025-11-24T21:21:51.8517704Z    Severity: Medium   Confidence: Low
2025-11-24T21:21:51.8518161Z    CWE: CWE-89 (https://cwe.mitre.org/data/definitions/89.html)
2025-11-24T21:21:51.8518868Z    More Info: https://bandit.readthedocs.io/en/1.9.2/plugins/b608_hardcoded_sql_expressions.html
2025-11-24T21:21:51.8519658Z    Location: apps/memory_api/repositories/cost_logs_repository.py:669:8
2025-11-24T21:21:51.8520189Z 668	    records = await pool.fetch(
2025-11-24T21:21:51.8520559Z 669	        f"""
2025-11-24T21:21:51.8520823Z 670	        SELECT *
2025-11-24T21:21:51.8521092Z 671	        FROM cost_logs
2025-11-24T21:21:51.8521392Z 672	        WHERE tenant_id = $1
2025-11-24T21:21:51.8521712Z 673	          AND project_id = $2
2025-11-24T21:21:51.8522045Z 674	          {error_filter}
2025-11-24T21:21:51.8522344Z 675	        ORDER BY timestamp DESC
2025-11-24T21:21:51.8522666Z 676	        LIMIT $3
2025-11-24T21:21:51.8522910Z 677	        """,
2025-11-24T21:21:51.8523155Z 678	        tenant_id,
2025-11-24T21:21:51.8523324Z 
2025-11-24T21:21:51.8523454Z --------------------------------------------------
2025-11-24T21:21:51.8524177Z >> Issue: [B608:hardcoded_sql_expressions] Possible SQL injection vector through string-based query construction.
2025-11-24T21:21:51.8525054Z    Severity: Medium   Confidence: Low
2025-11-24T21:21:51.8525500Z    CWE: CWE-89 (https://cwe.mitre.org/data/definitions/89.html)
2025-11-24T21:21:51.8526203Z    More Info: https://bandit.readthedocs.io/en/1.9.2/plugins/b608_hardcoded_sql_expressions.html
2025-11-24T21:21:51.8526969Z    Location: apps/memory_api/repositories/memory_repository.py:87:22
2025-11-24T21:21:51.8527435Z 86	
2025-11-24T21:21:51.8528535Z 87	                sql = f"INSERT INTO memories ({columns_str}) VALUES ({placeholders_str}) RETURNING id, created_at, last_accessed_at, usage_count"
2025-11-24T21:21:51.8529353Z 88	
2025-11-24T21:21:51.8529475Z 
2025-11-24T21:21:51.8529616Z --------------------------------------------------
2025-11-24T21:21:51.8530323Z >> Issue: [B608:hardcoded_sql_expressions] Possible SQL injection vector through string-based query construction.
2025-11-24T21:21:51.8531037Z    Severity: Medium   Confidence: Low
2025-11-24T21:21:51.8531471Z    CWE: CWE-89 (https://cwe.mitre.org/data/definitions/89.html)
2025-11-24T21:21:51.8532191Z    More Info: https://bandit.readthedocs.io/en/1.9.2/plugins/b608_hardcoded_sql_expressions.html
2025-11-24T21:21:51.8532979Z    Location: apps/memory_api/repositories/reflection_repository.py:273:18
2025-11-24T21:21:51.8533714Z 272	    # Count total matching
2025-11-24T21:21:51.8534162Z 273	    count_query = f"SELECT COUNT(*) FROM reflections WHERE {where_clause}"
2025-11-24T21:21:51.8534744Z 274	    total_count = await pool.fetchval(count_query, *params)
2025-11-24T21:21:51.8535315Z 
2025-11-24T21:21:51.8535449Z --------------------------------------------------
2025-11-24T21:21:51.8536182Z >> Issue: [B608:hardcoded_sql_expressions] Possible SQL injection vector through string-based query construction.
2025-11-24T21:21:51.8536928Z    Severity: Medium   Confidence: Low
2025-11-24T21:21:51.8537371Z    CWE: CWE-89 (https://cwe.mitre.org/data/definitions/89.html)
2025-11-24T21:21:51.8538071Z    More Info: https://bandit.readthedocs.io/en/1.9.2/plugins/b608_hardcoded_sql_expressions.html
2025-11-24T21:21:51.8538884Z    Location: apps/memory_api/repositories/reflection_repository.py:288:12
2025-11-24T21:21:51.8539382Z 287	
2025-11-24T21:21:51.8539777Z 288	    query = f"SELECT * FROM reflections WHERE {where_clause} {order_clause}"
2025-11-24T21:21:51.8540358Z 289	    records = await pool.fetch(query, *params)
2025-11-24T21:21:51.8540649Z 
2025-11-24T21:21:51.8540775Z --------------------------------------------------
2025-11-24T21:21:51.8541500Z >> Issue: [B608:hardcoded_sql_expressions] Possible SQL injection vector through string-based query construction.
2025-11-24T21:21:51.8542209Z    Severity: Medium   Confidence: Low
2025-11-24T21:21:51.8542661Z    CWE: CWE-89 (https://cwe.mitre.org/data/definitions/89.html)
2025-11-24T21:21:51.8543386Z    More Info: https://bandit.readthedocs.io/en/1.9.2/plugins/b608_hardcoded_sql_expressions.html
2025-11-24T21:21:51.8544192Z    Location: apps/memory_api/repositories/reflection_repository.py:467:12
2025-11-24T21:21:51.8544751Z 466	    where_clause = " AND ".join(conditions)
2025-11-24T21:21:51.8546146Z 467	    query = f"SELECT * FROM reflection_relationships WHERE {where_clause}"
2025-11-24T21:21:51.8546621Z 468	
2025-11-24T21:21:51.8546742Z 
2025-11-24T21:21:51.8546864Z --------------------------------------------------
2025-11-24T21:21:51.8547613Z >> Issue: [B608:hardcoded_sql_expressions] Possible SQL injection vector through string-based query construction.
2025-11-24T21:21:51.8548458Z    Severity: Medium   Confidence: Low
2025-11-24T21:21:51.8548913Z    CWE: CWE-89 (https://cwe.mitre.org/data/definitions/89.html)
2025-11-24T21:21:51.8549616Z    More Info: https://bandit.readthedocs.io/en/1.9.2/plugins/b608_hardcoded_sql_expressions.html
2025-11-24T21:21:51.8550380Z    Location: apps/memory_api/repositories/reflection_repository.py:513:12
2025-11-24T21:21:51.8550927Z 512	    # Recursive query for graph traversal
2025-11-24T21:21:51.8551292Z 513	    query = f"""
2025-11-24T21:21:51.8551566Z 514	    WITH RECURSIVE graph AS (
2025-11-24T21:21:51.8551963Z 515	        -- Base case: starting reflection
2025-11-24T21:21:51.8552327Z 516	        SELECT
2025-11-24T21:21:51.8552572Z 517	            id,
2025-11-24T21:21:51.8552831Z 518	            0 as depth,
2025-11-24T21:21:51.8553135Z 519	            ARRAY[id] as path
2025-11-24T21:21:51.8553457Z 520	        FROM reflections
2025-11-24T21:21:51.8553766Z 521	        WHERE id = $1
2025-11-24T21:21:51.8554139Z 522	
2025-11-24T21:21:51.8554355Z 523	        UNION ALL
2025-11-24T21:21:51.8554953Z 524	
2025-11-24T21:21:51.8555246Z 525	        -- Recursive case: follow relationships
2025-11-24T21:21:51.8555638Z 526	        SELECT
2025-11-24T21:21:51.8555892Z 527	            r.id,
2025-11-24T21:21:51.8556157Z 528	            g.depth + 1,
2025-11-24T21:21:51.8556452Z 529	            g.path || r.id
2025-11-24T21:21:51.8556755Z 530	        FROM graph g
2025-11-24T21:21:51.8557195Z 531	        JOIN reflection_relationships rr ON rr.source_reflection_id = g.id
2025-11-24T21:21:51.8557798Z 532	        JOIN reflections r ON r.id = rr.target_reflection_id
2025-11-24T21:21:51.8558230Z 533	        WHERE
2025-11-24T21:21:51.8558498Z 534	            g.depth < $1
2025-11-24T21:21:51.8558817Z 535	            {relation_filter}
2025-11-24T21:21:51.8559128Z 536	            {strength_filter}
2025-11-24T21:21:51.8559720Z 537	            AND NOT (r.id = ANY(g.path))  -- Prevent cycles
2025-11-24T21:21:51.8560123Z 538	    )
2025-11-24T21:21:51.8560389Z 539	    SELECT DISTINCT id FROM graph
2025-11-24T21:21:51.8560714Z 540	    """
2025-11-24T21:21:51.8560951Z 541	
2025-11-24T21:21:51.8561082Z 
2025-11-24T21:21:51.8561225Z --------------------------------------------------
2025-11-24T21:21:51.8561994Z >> Issue: [B608:hardcoded_sql_expressions] Possible SQL injection vector through string-based query construction.
2025-11-24T21:21:51.8562710Z    Severity: Medium   Confidence: Low
2025-11-24T21:21:51.8563149Z    CWE: CWE-89 (https://cwe.mitre.org/data/definitions/89.html)
2025-11-24T21:21:51.8563857Z    More Info: https://bandit.readthedocs.io/en/1.9.2/plugins/b608_hardcoded_sql_expressions.html
2025-11-24T21:21:51.8564622Z    Location: apps/memory_api/repositories/reflection_repository.py:553:22
2025-11-24T21:21:51.8568897Z 552	        # Fetch all edges between these nodes
2025-11-24T21:21:51.8569304Z 553	        edges_query = f"""
2025-11-24T21:21:51.8569646Z 554	        SELECT * FROM reflection_relationships
2025-11-24T21:21:51.8570008Z 555	        WHERE
2025-11-24T21:21:51.8570290Z 556	            source_reflection_id = ANY($1)
2025-11-24T21:21:51.8570684Z 557	            AND target_reflection_id = ANY($1)
2025-11-24T21:21:51.8571063Z 558	            {relation_filter}
2025-11-24T21:21:51.8571379Z 559	            {strength_filter}
2025-11-24T21:21:51.8571670Z 560	        """
2025-11-24T21:21:51.8572088Z 561	        edges_records = await pool.fetch(edges_query, node_ids, *relation_params)
2025-11-24T21:21:51.8572500Z 
2025-11-24T21:21:51.8572640Z --------------------------------------------------
2025-11-24T21:21:51.8573328Z >> Issue: [B608:hardcoded_sql_expressions] Possible SQL injection vector through string-based query construction.
2025-11-24T21:21:51.8574034Z    Severity: Medium   Confidence: Low
2025-11-24T21:21:51.8574481Z    CWE: CWE-89 (https://cwe.mitre.org/data/definitions/89.html)
2025-11-24T21:21:51.8575408Z    More Info: https://bandit.readthedocs.io/en/1.9.2/plugins/b608_hardcoded_sql_expressions.html
2025-11-24T21:21:51.8576162Z    Location: apps/memory_api/services/reflection_pipeline.py:257:16
2025-11-24T21:21:51.8576663Z 256	        where_clause = " AND ".join(conditions)
2025-11-24T21:21:51.8577038Z 257	        query = f"""
2025-11-24T21:21:51.8577435Z 258	            SELECT id, content, embedding, tags, importance, created_at
2025-11-24T21:21:51.8577898Z 259	            FROM memories
2025-11-24T21:21:51.8578202Z 260	            WHERE {where_clause}
2025-11-24T21:21:51.8578555Z 261	            ORDER BY created_at DESC
2025-11-24T21:21:51.8578901Z 262	            LIMIT ${param_idx}
2025-11-24T21:21:51.8579203Z 263	        """
2025-11-24T21:21:51.8579469Z 264	        params.append(limit)
2025-11-24T21:21:51.8579680Z 
2025-11-24T21:21:51.8579809Z --------------------------------------------------
2025-11-24T21:21:51.8580361Z >> Issue: [B324:hashlib] Use of weak MD5 hash for security. Consider usedforsecurity=False
2025-11-24T21:21:51.8580915Z    Severity: High   Confidence: High
2025-11-24T21:21:51.8581348Z    CWE: CWE-327 (https://cwe.mitre.org/data/definitions/327.html)
2025-11-24T21:21:51.8582168Z    More Info: https://bandit.readthedocs.io/en/1.9.2/plugins/b324_hashlib.html
2025-11-24T21:21:51.8582855Z    Location: apps/memory_api/services/vector_store/qdrant_store.py:102:28
2025-11-24T21:21:51.8583396Z 101	            if word not in stopwords:
2025-11-24T21:21:51.8583859Z 102	                index = int(hashlib.md5(word.encode()).hexdigest(), 16) % 100000
2025-11-24T21:21:51.8584348Z 103	                indices.append(index)
2025-11-24T21:21:51.8584594Z 
2025-11-24T21:21:51.8584725Z --------------------------------------------------
2025-11-24T21:21:51.8585427Z >> Issue: [B104:hardcoded_bind_all_interfaces] Possible binding to all interfaces.
2025-11-24T21:21:51.8585977Z    Severity: Medium   Confidence: Medium
2025-11-24T21:21:51.8586444Z    CWE: CWE-605 (https://cwe.mitre.org/data/definitions/605.html)
2025-11-24T21:21:51.8587366Z    More Info: https://bandit.readthedocs.io/en/1.9.2/plugins/b104_hardcoded_bind_all_interfaces.html
2025-11-24T21:21:51.8588013Z    Location: apps/ml_service/main.py:331:26
2025-11-24T21:21:51.8588359Z 330	
2025-11-24T21:21:51.8588621Z 331	    uvicorn.run(app, host="0.0.0.0", port=8001)
2025-11-24T21:21:51.8588900Z 
2025-11-24T21:21:51.8589029Z --------------------------------------------------
2025-11-24T21:21:51.8589287Z 
2025-11-24T21:21:51.8589410Z Code scanned:
2025-11-24T21:21:51.8589675Z 	Total lines of code: 31588
2025-11-24T21:21:51.8589983Z 	Total lines skipped (#nosec): 0
2025-11-24T21:21:51.8590545Z 	Total potential issues skipped due to specifically being disabled (e.g., #nosec BXXX): 0
2025-11-24T21:21:51.8591033Z 
2025-11-24T21:21:51.8591131Z Run metrics:
2025-11-24T21:21:51.8591386Z 	Total issues (by severity):
2025-11-24T21:21:51.8591689Z 		Undefined: 0
2025-11-24T21:21:51.8591917Z 		Low: 603
2025-11-24T21:21:51.8592137Z 		Medium: 9
2025-11-24T21:21:51.8592359Z 		High: 2
2025-11-24T21:21:51.8592606Z 	Total issues (by confidence):
2025-11-24T21:21:51.8592904Z 		Undefined: 0
2025-11-24T21:21:51.8593152Z 		Low: 8
2025-11-24T21:21:51.8593365Z 		Medium: 3
2025-11-24T21:21:51.8593596Z 		High: 603
2025-11-24T21:21:51.8593832Z Files skipped (0):
2025-11-24T21:21:51.9357066Z Post job cleanup.
2025-11-24T21:21:52.1051191Z Post job cleanup.
2025-11-24T21:21:52.2028269Z [command]/usr/bin/git version
2025-11-24T21:21:52.2070041Z git version 2.51.2
2025-11-24T21:21:52.2117439Z Temporarily overriding HOME='/home/runner/work/_temp/6542d5ed-4ffa-4bdd-a2e0-a70620cb698a' before making global git config changes
2025-11-24T21:21:52.2120625Z Adding repository directory to the temporary git global config as a safe directory
2025-11-24T21:21:52.2136066Z [command]/usr/bin/git config --global --add safe.directory /home/runner/work/RAE-agentic-memory/RAE-agentic-memory
2025-11-24T21:21:52.2176316Z [command]/usr/bin/git config --local --name-only --get-regexp core\.sshCommand
2025-11-24T21:21:52.2212239Z [command]/usr/bin/git submodule foreach --recursive sh -c "git config --local --name-only --get-regexp 'core\.sshCommand' && git config --local --unset-all 'core.sshCommand' || :"
2025-11-24T21:21:52.2523080Z [command]/usr/bin/git config --local --name-only --get-regexp http\.https\:\/\/github\.com\/\.extraheader
2025-11-24T21:21:52.2568515Z http.https://github.com/.extraheader
2025-11-24T21:21:52.2599973Z [command]/usr/bin/git config --local --unset-all http.https://github.com/.extraheader
2025-11-24T21:21:52.2664106Z [command]/usr/bin/git submodule foreach --recursive sh -c "git config --local --name-only --get-regexp 'http\.https\:\/\/github\.com\/\.extraheader' && git config --local --unset-all 'http.https://github.com/.extraheader' || :"
2025-11-24T21:21:52.3042434Z [command]/usr/bin/git config --local --name-only --get-regexp ^includeIf\.gitdir:
2025-11-24T21:21:52.3108621Z [command]/usr/bin/git submodule foreach --recursive git config --local --show-origin --name-only --get-regexp remote.origin.url
2025-11-24T21:21:52.3623826Z Cleaning up orphan processes
