2025-11-27T16:29:12.4608185Z Current runner version: '2.329.0'
2025-11-27T16:29:12.4630937Z ##[group]Runner Image Provisioner
2025-11-27T16:29:12.4631806Z Hosted Compute Agent
2025-11-27T16:29:12.4632360Z Version: 20251016.436
2025-11-27T16:29:12.4632934Z Commit: 8ab8ac8bfd662a3739dab9fe09456aba92132568
2025-11-27T16:29:12.4633697Z Build Date: 2025-10-15T20:44:12Z
2025-11-27T16:29:12.4634255Z ##[endgroup]
2025-11-27T16:29:12.4634810Z ##[group]Operating System
2025-11-27T16:29:12.4635424Z Ubuntu
2025-11-27T16:29:12.4635871Z 24.04.3
2025-11-27T16:29:12.4636613Z LTS
2025-11-27T16:29:12.4637095Z ##[endgroup]
2025-11-27T16:29:12.4637609Z ##[group]Runner Image
2025-11-27T16:29:12.4638150Z Image: ubuntu-24.04
2025-11-27T16:29:12.4638695Z Version: 20251112.124.1
2025-11-27T16:29:12.4639715Z Included Software: https://github.com/actions/runner-images/blob/ubuntu24/20251112.124/images/ubuntu/Ubuntu2404-Readme.md
2025-11-27T16:29:12.4641261Z Image Release: https://github.com/actions/runner-images/releases/tag/ubuntu24%2F20251112.124
2025-11-27T16:29:12.4642288Z ##[endgroup]
2025-11-27T16:29:12.4644855Z ##[group]GITHUB_TOKEN Permissions
2025-11-27T16:29:12.4647061Z Actions: write
2025-11-27T16:29:12.4647623Z ArtifactMetadata: write
2025-11-27T16:29:12.4648116Z Attestations: write
2025-11-27T16:29:12.4648729Z Checks: write
2025-11-27T16:29:12.4649209Z Contents: write
2025-11-27T16:29:12.4649705Z Deployments: write
2025-11-27T16:29:12.4650252Z Discussions: write
2025-11-27T16:29:12.4650764Z Issues: write
2025-11-27T16:29:12.4651239Z Metadata: read
2025-11-27T16:29:12.4651754Z Models: read
2025-11-27T16:29:12.4652271Z Packages: write
2025-11-27T16:29:12.4652726Z Pages: write
2025-11-27T16:29:12.4653257Z PullRequests: write
2025-11-27T16:29:12.4653757Z RepositoryProjects: write
2025-11-27T16:29:12.4654410Z SecurityEvents: write
2025-11-27T16:29:12.4654989Z Statuses: write
2025-11-27T16:29:12.4655484Z ##[endgroup]
2025-11-27T16:29:12.4658060Z Secret source: Actions
2025-11-27T16:29:12.4658806Z Prepare workflow directory
2025-11-27T16:29:12.4984486Z Prepare all required actions
2025-11-27T16:29:12.5025178Z Getting action download info
2025-11-27T16:29:12.9205970Z Download action repository 'actions/checkout@v4' (SHA:34e114876b0b11c390a56381ad16ebd13914f8d5)
2025-11-27T16:29:13.5206606Z Download action repository 'actions/setup-python@v5' (SHA:a26af69be951a213d495a4c3e4e4022e16d87065)
2025-11-27T16:29:13.6840183Z Complete job name: Security Scan
2025-11-27T16:29:13.7532080Z ##[group]Run actions/checkout@v4
2025-11-27T16:29:13.7532928Z with:
2025-11-27T16:29:13.7533392Z   repository: dreamsoft-pro/RAE-agentic-memory
2025-11-27T16:29:13.7534130Z   token: ***
2025-11-27T16:29:13.7534523Z   ssh-strict: true
2025-11-27T16:29:13.7534923Z   ssh-user: git
2025-11-27T16:29:13.7535336Z   persist-credentials: true
2025-11-27T16:29:13.7535783Z   clean: true
2025-11-27T16:29:13.7536420Z   sparse-checkout-cone-mode: true
2025-11-27T16:29:13.7536929Z   fetch-depth: 1
2025-11-27T16:29:13.7537337Z   fetch-tags: false
2025-11-27T16:29:13.7537776Z   show-progress: true
2025-11-27T16:29:13.7538211Z   lfs: false
2025-11-27T16:29:13.7538584Z   submodules: false
2025-11-27T16:29:13.7538998Z   set-safe-directory: true
2025-11-27T16:29:13.7539858Z ##[endgroup]
2025-11-27T16:29:13.8625703Z Syncing repository: dreamsoft-pro/RAE-agentic-memory
2025-11-27T16:29:13.8627793Z ##[group]Getting Git version info
2025-11-27T16:29:13.8628680Z Working directory is '/home/runner/work/RAE-agentic-memory/RAE-agentic-memory'
2025-11-27T16:29:13.8629755Z [command]/usr/bin/git version
2025-11-27T16:29:13.8761369Z git version 2.51.2
2025-11-27T16:29:13.8788817Z ##[endgroup]
2025-11-27T16:29:13.8804568Z Temporarily overriding HOME='/home/runner/work/_temp/1d9e527f-dcde-400c-b904-ab7b50e284e3' before making global git config changes
2025-11-27T16:29:13.8807196Z Adding repository directory to the temporary git global config as a safe directory
2025-11-27T16:29:13.8811586Z [command]/usr/bin/git config --global --add safe.directory /home/runner/work/RAE-agentic-memory/RAE-agentic-memory
2025-11-27T16:29:13.8850617Z Deleting the contents of '/home/runner/work/RAE-agentic-memory/RAE-agentic-memory'
2025-11-27T16:29:13.8854234Z ##[group]Initializing the repository
2025-11-27T16:29:13.8859507Z [command]/usr/bin/git init /home/runner/work/RAE-agentic-memory/RAE-agentic-memory
2025-11-27T16:29:13.9009442Z hint: Using 'master' as the name for the initial branch. This default branch name
2025-11-27T16:29:13.9010967Z hint: is subject to change. To configure the initial branch name to use in all
2025-11-27T16:29:13.9011882Z hint: of your new repositories, which will suppress this warning, call:
2025-11-27T16:29:13.9012979Z hint:
2025-11-27T16:29:13.9013705Z hint: 	git config --global init.defaultBranch <name>
2025-11-27T16:29:13.9014309Z hint:
2025-11-27T16:29:13.9015249Z hint: Names commonly chosen instead of 'master' are 'main', 'trunk' and
2025-11-27T16:29:13.9017101Z hint: 'development'. The just-created branch can be renamed via this command:
2025-11-27T16:29:13.9018373Z hint:
2025-11-27T16:29:13.9019078Z hint: 	git branch -m <name>
2025-11-27T16:29:13.9019881Z hint:
2025-11-27T16:29:13.9020958Z hint: Disable this message with "git config set advice.defaultBranchName false"
2025-11-27T16:29:13.9022867Z Initialized empty Git repository in /home/runner/work/RAE-agentic-memory/RAE-agentic-memory/.git/
2025-11-27T16:29:13.9028682Z [command]/usr/bin/git remote add origin https://github.com/dreamsoft-pro/RAE-agentic-memory
2025-11-27T16:29:13.9065957Z ##[endgroup]
2025-11-27T16:29:13.9067401Z ##[group]Disabling automatic garbage collection
2025-11-27T16:29:13.9071227Z [command]/usr/bin/git config --local gc.auto 0
2025-11-27T16:29:13.9101280Z ##[endgroup]
2025-11-27T16:29:13.9102395Z ##[group]Setting up auth
2025-11-27T16:29:13.9110066Z [command]/usr/bin/git config --local --name-only --get-regexp core\.sshCommand
2025-11-27T16:29:13.9141233Z [command]/usr/bin/git submodule foreach --recursive sh -c "git config --local --name-only --get-regexp 'core\.sshCommand' && git config --local --unset-all 'core.sshCommand' || :"
2025-11-27T16:29:13.9577791Z [command]/usr/bin/git config --local --name-only --get-regexp http\.https\:\/\/github\.com\/\.extraheader
2025-11-27T16:29:13.9610009Z [command]/usr/bin/git submodule foreach --recursive sh -c "git config --local --name-only --get-regexp 'http\.https\:\/\/github\.com\/\.extraheader' && git config --local --unset-all 'http.https://github.com/.extraheader' || :"
2025-11-27T16:29:13.9832992Z [command]/usr/bin/git config --local --name-only --get-regexp ^includeIf\.gitdir:
2025-11-27T16:29:13.9863284Z [command]/usr/bin/git submodule foreach --recursive git config --local --show-origin --name-only --get-regexp remote.origin.url
2025-11-27T16:29:14.0092833Z [command]/usr/bin/git config --local http.https://github.com/.extraheader AUTHORIZATION: basic ***
2025-11-27T16:29:14.0128211Z ##[endgroup]
2025-11-27T16:29:14.0128956Z ##[group]Fetching the repository
2025-11-27T16:29:14.0136854Z [command]/usr/bin/git -c protocol.version=2 fetch --no-tags --prune --no-recurse-submodules --depth=1 origin +ffb72dd46c65ea2cf733ec872b5073408ba48fcc:refs/remotes/pull/3/merge
2025-11-27T16:29:14.6094408Z From https://github.com/dreamsoft-pro/RAE-agentic-memory
2025-11-27T16:29:14.6095551Z  * [new ref]         ffb72dd46c65ea2cf733ec872b5073408ba48fcc -> pull/3/merge
2025-11-27T16:29:14.6126430Z ##[endgroup]
2025-11-27T16:29:14.6127087Z ##[group]Determining the checkout info
2025-11-27T16:29:14.6129152Z ##[endgroup]
2025-11-27T16:29:14.6133733Z [command]/usr/bin/git sparse-checkout disable
2025-11-27T16:29:14.6173542Z [command]/usr/bin/git config --local --unset-all extensions.worktreeConfig
2025-11-27T16:29:14.6197985Z ##[group]Checking out the ref
2025-11-27T16:29:14.6201177Z [command]/usr/bin/git checkout --progress --force refs/remotes/pull/3/merge
2025-11-27T16:29:14.6515086Z Note: switching to 'refs/remotes/pull/3/merge'.
2025-11-27T16:29:14.6515730Z 
2025-11-27T16:29:14.6516088Z You are in 'detached HEAD' state. You can look around, make experimental
2025-11-27T16:29:14.6517174Z changes and commit them, and you can discard any commits you make in this
2025-11-27T16:29:14.6518255Z state without impacting any branches by switching back to a branch.
2025-11-27T16:29:14.6518694Z 
2025-11-27T16:29:14.6519004Z If you want to create a new branch to retain commits you create, you may
2025-11-27T16:29:14.6519670Z do so (now or later) by using -c with the switch command. Example:
2025-11-27T16:29:14.6520041Z 
2025-11-27T16:29:14.6520243Z   git switch -c <new-branch-name>
2025-11-27T16:29:14.6520543Z 
2025-11-27T16:29:14.6520722Z Or undo this operation with:
2025-11-27T16:29:14.6520984Z 
2025-11-27T16:29:14.6521200Z   git switch -
2025-11-27T16:29:14.6521444Z 
2025-11-27T16:29:14.6521878Z Turn off this advice by setting config variable advice.detachedHead to false
2025-11-27T16:29:14.6522402Z 
2025-11-27T16:29:14.6523355Z HEAD is now at ffb72dd Merge 9dbde0bfb57e59e4ed0464f13b2c2b2f99b07c95 into 5a739d4273a7a6b322457f5d2d4b9a4937081507
2025-11-27T16:29:14.6525596Z ##[endgroup]
2025-11-27T16:29:14.6559219Z [command]/usr/bin/git log -1 --format=%H
2025-11-27T16:29:14.6581540Z ffb72dd46c65ea2cf733ec872b5073408ba48fcc
2025-11-27T16:29:14.6827660Z ##[group]Run actions/setup-python@v5
2025-11-27T16:29:14.6828158Z with:
2025-11-27T16:29:14.6828524Z   python-version: 3.11
2025-11-27T16:29:14.6828916Z   check-latest: false
2025-11-27T16:29:14.6829445Z   token: ***
2025-11-27T16:29:14.6829816Z   update-environment: true
2025-11-27T16:29:14.6830227Z   allow-prereleases: false
2025-11-27T16:29:14.6830646Z   freethreaded: false
2025-11-27T16:29:14.6831023Z ##[endgroup]
2025-11-27T16:29:14.8514084Z ##[group]Installed versions
2025-11-27T16:29:14.8646527Z Successfully set up CPython (3.11.14)
2025-11-27T16:29:14.8648072Z ##[endgroup]
2025-11-27T16:29:14.8777319Z ##[group]Run pip install safety bandit
2025-11-27T16:29:14.8777908Z [36;1mpip install safety bandit[0m
2025-11-27T16:29:14.8829319Z shell: /usr/bin/bash -e {0}
2025-11-27T16:29:14.8829750Z env:
2025-11-27T16:29:14.8830164Z   pythonLocation: /opt/hostedtoolcache/Python/3.11.14/x64
2025-11-27T16:29:14.8830805Z   PKG_CONFIG_PATH: /opt/hostedtoolcache/Python/3.11.14/x64/lib/pkgconfig
2025-11-27T16:29:14.8831393Z   Python_ROOT_DIR: /opt/hostedtoolcache/Python/3.11.14/x64
2025-11-27T16:29:14.8831932Z   Python2_ROOT_DIR: /opt/hostedtoolcache/Python/3.11.14/x64
2025-11-27T16:29:14.8832467Z   Python3_ROOT_DIR: /opt/hostedtoolcache/Python/3.11.14/x64
2025-11-27T16:29:14.8832993Z   LD_LIBRARY_PATH: /opt/hostedtoolcache/Python/3.11.14/x64/lib
2025-11-27T16:29:14.8833451Z ##[endgroup]
2025-11-27T16:29:15.8337930Z Collecting safety
2025-11-27T16:29:15.8867370Z   Downloading safety-3.7.0-py3-none-any.whl.metadata (11 kB)
2025-11-27T16:29:15.9080401Z Collecting bandit
2025-11-27T16:29:15.9107445Z   Downloading bandit-1.9.2-py3-none-any.whl.metadata (7.1 kB)
2025-11-27T16:29:15.9323268Z Collecting authlib>=1.2.0 (from safety)
2025-11-27T16:29:15.9354216Z   Downloading authlib-1.6.5-py2.py3-none-any.whl.metadata (9.8 kB)
2025-11-27T16:29:15.9557087Z Collecting click>=8.0.2 (from safety)
2025-11-27T16:29:15.9585344Z   Downloading click-8.3.1-py3-none-any.whl.metadata (2.6 kB)
2025-11-27T16:29:15.9701794Z Collecting dparse>=0.6.4 (from safety)
2025-11-27T16:29:15.9728787Z   Downloading dparse-0.6.4-py3-none-any.whl.metadata (5.5 kB)
2025-11-27T16:29:15.9938208Z Collecting filelock<4.0,>=3.16.1 (from safety)
2025-11-27T16:29:15.9963597Z   Downloading filelock-3.20.0-py3-none-any.whl.metadata (2.1 kB)
2025-11-27T16:29:16.0156734Z Collecting httpx (from safety)
2025-11-27T16:29:16.0185742Z   Downloading httpx-0.28.1-py3-none-any.whl.metadata (7.1 kB)
2025-11-27T16:29:16.0477052Z Collecting jinja2>=3.1.0 (from safety)
2025-11-27T16:29:16.0505530Z   Downloading jinja2-3.1.6-py3-none-any.whl.metadata (2.9 kB)
2025-11-27T16:29:16.0895560Z Collecting marshmallow>=3.15.0 (from safety)
2025-11-27T16:29:16.0921124Z   Downloading marshmallow-4.1.0-py3-none-any.whl.metadata (7.4 kB)
2025-11-27T16:29:16.1130058Z Collecting nltk>=3.9 (from safety)
2025-11-27T16:29:16.1158756Z   Downloading nltk-3.9.2-py3-none-any.whl.metadata (3.2 kB)
2025-11-27T16:29:16.1364472Z Collecting packaging>=21.0 (from safety)
2025-11-27T16:29:16.1393056Z   Downloading packaging-25.0-py3-none-any.whl.metadata (3.3 kB)
2025-11-27T16:29:16.2506009Z Collecting pydantic>=2.6.0 (from safety)
2025-11-27T16:29:16.2538078Z   Downloading pydantic-2.12.5-py3-none-any.whl.metadata (90 kB)
2025-11-27T16:29:16.2905861Z Collecting requests (from safety)
2025-11-27T16:29:16.2933638Z   Downloading requests-2.32.5-py3-none-any.whl.metadata (4.9 kB)
2025-11-27T16:29:16.4441745Z Collecting ruamel-yaml>=0.17.21 (from safety)
2025-11-27T16:29:16.4483924Z   Downloading ruamel.yaml-0.18.16-py3-none-any.whl.metadata (25 kB)
2025-11-27T16:29:16.4810931Z Collecting safety-schemas==0.0.16 (from safety)
2025-11-27T16:29:16.4838794Z   Downloading safety_schemas-0.0.16-py3-none-any.whl.metadata (1.1 kB)
2025-11-27T16:29:16.5313499Z Collecting tenacity>=8.1.0 (from safety)
2025-11-27T16:29:16.5348902Z   Downloading tenacity-9.1.2-py3-none-any.whl.metadata (1.2 kB)
2025-11-27T16:29:16.5552156Z Collecting tomlkit (from safety)
2025-11-27T16:29:16.5596861Z   Downloading tomlkit-0.13.3-py3-none-any.whl.metadata (2.8 kB)
2025-11-27T16:29:16.5859418Z Collecting typer>=0.16.0 (from safety)
2025-11-27T16:29:16.6075778Z   Downloading typer-0.20.0-py3-none-any.whl.metadata (16 kB)
2025-11-27T16:29:16.6266804Z Collecting typing-extensions>=4.7.1 (from safety)
2025-11-27T16:29:16.6479185Z   Downloading typing_extensions-4.15.0-py3-none-any.whl.metadata (3.3 kB)
2025-11-27T16:29:16.6876963Z Collecting PyYAML>=5.3.1 (from bandit)
2025-11-27T16:29:16.6904932Z   Downloading pyyaml-6.0.3-cp311-cp311-manylinux2014_x86_64.manylinux_2_17_x86_64.manylinux_2_28_x86_64.whl.metadata (2.4 kB)
2025-11-27T16:29:16.7161616Z Collecting stevedore>=1.20.0 (from bandit)
2025-11-27T16:29:16.7188421Z   Downloading stevedore-5.6.0-py3-none-any.whl.metadata (2.3 kB)
2025-11-27T16:29:16.7595493Z Collecting rich (from bandit)
2025-11-27T16:29:16.7625219Z   Downloading rich-14.2.0-py3-none-any.whl.metadata (18 kB)
2025-11-27T16:29:16.9720900Z Collecting cryptography (from authlib>=1.2.0->safety)
2025-11-27T16:29:16.9752406Z   Downloading cryptography-46.0.3-cp311-abi3-manylinux_2_34_x86_64.whl.metadata (5.7 kB)
2025-11-27T16:29:17.0337213Z Collecting MarkupSafe>=2.0 (from jinja2>=3.1.0->safety)
2025-11-27T16:29:17.0365803Z   Downloading markupsafe-3.0.3-cp311-cp311-manylinux2014_x86_64.manylinux_2_17_x86_64.manylinux_2_28_x86_64.whl.metadata (2.7 kB)
2025-11-27T16:29:17.0595856Z Collecting joblib (from nltk>=3.9->safety)
2025-11-27T16:29:17.0627025Z   Downloading joblib-1.5.2-py3-none-any.whl.metadata (5.6 kB)
2025-11-27T16:29:17.4238656Z Collecting regex>=2021.8.3 (from nltk>=3.9->safety)
2025-11-27T16:29:17.4269304Z   Downloading regex-2025.11.3-cp311-cp311-manylinux2014_x86_64.manylinux_2_17_x86_64.manylinux_2_28_x86_64.whl.metadata (40 kB)
2025-11-27T16:29:17.4653563Z Collecting tqdm (from nltk>=3.9->safety)
2025-11-27T16:29:17.4682364Z   Downloading tqdm-4.67.1-py3-none-any.whl.metadata (57 kB)
2025-11-27T16:29:17.4851779Z Collecting annotated-types>=0.6.0 (from pydantic>=2.6.0->safety)
2025-11-27T16:29:17.4878007Z   Downloading annotated_types-0.7.0-py3-none-any.whl.metadata (15 kB)
2025-11-27T16:29:18.1646460Z Collecting pydantic-core==2.41.5 (from pydantic>=2.6.0->safety)
2025-11-27T16:29:18.1680514Z   Downloading pydantic_core-2.41.5-cp311-cp311-manylinux_2_17_x86_64.manylinux2014_x86_64.whl.metadata (7.3 kB)
2025-11-27T16:29:18.1825573Z Collecting typing-inspection>=0.4.2 (from pydantic>=2.6.0->safety)
2025-11-27T16:29:18.1852423Z   Downloading typing_inspection-0.4.2-py3-none-any.whl.metadata (2.6 kB)
2025-11-27T16:29:18.2739999Z Collecting ruamel.yaml.clib>=0.2.7 (from ruamel-yaml>=0.17.21->safety)
2025-11-27T16:29:18.2772901Z   Downloading ruamel_yaml_clib-0.2.15-cp311-cp311-manylinux2014_x86_64.manylinux_2_17_x86_64.manylinux_2_28_x86_64.whl.metadata (3.5 kB)
2025-11-27T16:29:18.3051349Z Collecting shellingham>=1.3.0 (from typer>=0.16.0->safety)
2025-11-27T16:29:18.3077620Z   Downloading shellingham-1.5.4-py2.py3-none-any.whl.metadata (3.5 kB)
2025-11-27T16:29:18.3349645Z Collecting markdown-it-py>=2.2.0 (from rich->bandit)
2025-11-27T16:29:18.3377509Z   Downloading markdown_it_py-4.0.0-py3-none-any.whl.metadata (7.3 kB)
2025-11-27T16:29:18.3670332Z Collecting pygments<3.0.0,>=2.13.0 (from rich->bandit)
2025-11-27T16:29:18.3698730Z   Downloading pygments-2.19.2-py3-none-any.whl.metadata (2.5 kB)
2025-11-27T16:29:18.3833764Z Collecting mdurl~=0.1 (from markdown-it-py>=2.2.0->rich->bandit)
2025-11-27T16:29:18.3858734Z   Downloading mdurl-0.1.2-py3-none-any.whl.metadata (1.6 kB)
2025-11-27T16:29:18.4918505Z Collecting cffi>=2.0.0 (from cryptography->authlib>=1.2.0->safety)
2025-11-27T16:29:18.4949575Z   Downloading cffi-2.0.0-cp311-cp311-manylinux2014_x86_64.manylinux_2_17_x86_64.whl.metadata (2.6 kB)
2025-11-27T16:29:18.5095550Z Collecting pycparser (from cffi>=2.0.0->cryptography->authlib>=1.2.0->safety)
2025-11-27T16:29:18.5121610Z   Downloading pycparser-2.23-py3-none-any.whl.metadata (993 bytes)
2025-11-27T16:29:18.5325277Z Collecting anyio (from httpx->safety)
2025-11-27T16:29:18.5352924Z   Downloading anyio-4.11.0-py3-none-any.whl.metadata (4.1 kB)
2025-11-27T16:29:18.5577671Z Collecting certifi (from httpx->safety)
2025-11-27T16:29:18.5608146Z   Downloading certifi-2025.11.12-py3-none-any.whl.metadata (2.5 kB)
2025-11-27T16:29:18.5807960Z Collecting httpcore==1.* (from httpx->safety)
2025-11-27T16:29:18.5835246Z   Downloading httpcore-1.0.9-py3-none-any.whl.metadata (21 kB)
2025-11-27T16:29:18.6001544Z Collecting idna (from httpx->safety)
2025-11-27T16:29:18.6028170Z   Downloading idna-3.11-py3-none-any.whl.metadata (8.4 kB)
2025-11-27T16:29:18.6164719Z Collecting h11>=0.16 (from httpcore==1.*->httpx->safety)
2025-11-27T16:29:18.6195774Z   Downloading h11-0.16.0-py3-none-any.whl.metadata (8.3 kB)
2025-11-27T16:29:18.6347101Z Collecting sniffio>=1.1 (from anyio->httpx->safety)
2025-11-27T16:29:18.6374570Z   Downloading sniffio-1.3.1-py3-none-any.whl.metadata (3.9 kB)
2025-11-27T16:29:18.7278092Z Collecting charset_normalizer<4,>=2 (from requests->safety)
2025-11-27T16:29:18.7310748Z   Downloading charset_normalizer-3.4.4-cp311-cp311-manylinux2014_x86_64.manylinux_2_17_x86_64.manylinux_2_28_x86_64.whl.metadata (37 kB)
2025-11-27T16:29:18.7655200Z Collecting urllib3<3,>=1.21.1 (from requests->safety)
2025-11-27T16:29:18.7683129Z   Downloading urllib3-2.5.0-py3-none-any.whl.metadata (6.5 kB)
2025-11-27T16:29:18.7881381Z Downloading safety-3.7.0-py3-none-any.whl (312 kB)
2025-11-27T16:29:18.7952214Z Downloading safety_schemas-0.0.16-py3-none-any.whl (39 kB)
2025-11-27T16:29:18.8023944Z Downloading filelock-3.20.0-py3-none-any.whl (16 kB)
2025-11-27T16:29:18.8081749Z Downloading bandit-1.9.2-py3-none-any.whl (134 kB)
2025-11-27T16:29:18.8139138Z Downloading authlib-1.6.5-py2.py3-none-any.whl (243 kB)
2025-11-27T16:29:18.8202572Z Downloading click-8.3.1-py3-none-any.whl (108 kB)
2025-11-27T16:29:18.8254058Z Downloading dparse-0.6.4-py3-none-any.whl (11 kB)
2025-11-27T16:29:18.8304766Z Downloading jinja2-3.1.6-py3-none-any.whl (134 kB)
2025-11-27T16:29:18.8359456Z Downloading markupsafe-3.0.3-cp311-cp311-manylinux2014_x86_64.manylinux_2_17_x86_64.manylinux_2_28_x86_64.whl (22 kB)
2025-11-27T16:29:18.8412995Z Downloading marshmallow-4.1.0-py3-none-any.whl (48 kB)
2025-11-27T16:29:18.8473154Z Downloading nltk-3.9.2-py3-none-any.whl (1.5 MB)
2025-11-27T16:29:18.8613551Z    ━━━━━━━━━━━━━━━━━━━━━━━━━━━━━━━━━━━━━━━━ 1.5/1.5 MB 114.1 MB/s  0:00:00
2025-11-27T16:29:18.8645945Z Downloading packaging-25.0-py3-none-any.whl (66 kB)
2025-11-27T16:29:18.8697062Z Downloading pydantic-2.12.5-py3-none-any.whl (463 kB)
2025-11-27T16:29:18.8779761Z Downloading pydantic_core-2.41.5-cp311-cp311-manylinux_2_17_x86_64.manylinux2014_x86_64.whl (2.1 MB)
2025-11-27T16:29:18.8930900Z    ━━━━━━━━━━━━━━━━━━━━━━━━━━━━━━━━━━━━━━━━ 2.1/2.1 MB 148.2 MB/s  0:00:00
2025-11-27T16:29:18.8957136Z Downloading annotated_types-0.7.0-py3-none-any.whl (13 kB)
2025-11-27T16:29:18.9004306Z Downloading pyyaml-6.0.3-cp311-cp311-manylinux2014_x86_64.manylinux_2_17_x86_64.manylinux_2_28_x86_64.whl (806 kB)
2025-11-27T16:29:18.9081557Z    ━━━━━━━━━━━━━━━━━━━━━━━━━━━━━━━━━━━━━━━━ 806.6/806.6 kB 96.8 MB/s  0:00:00
2025-11-27T16:29:18.9116812Z Downloading regex-2025.11.3-cp311-cp311-manylinux2014_x86_64.manylinux_2_17_x86_64.manylinux_2_28_x86_64.whl (800 kB)
2025-11-27T16:29:18.9197017Z    ━━━━━━━━━━━━━━━━━━━━━━━━━━━━━━━━━━━━━━━━ 800.4/800.4 kB 99.3 MB/s  0:00:00
2025-11-27T16:29:18.9225111Z Downloading ruamel.yaml-0.18.16-py3-none-any.whl (119 kB)
2025-11-27T16:29:18.9293357Z Downloading ruamel_yaml_clib-0.2.15-cp311-cp311-manylinux2014_x86_64.manylinux_2_17_x86_64.manylinux_2_28_x86_64.whl (777 kB)
2025-11-27T16:29:18.9365282Z    ━━━━━━━━━━━━━━━━━━━━━━━━━━━━━━━━━━━━━━━━ 777.6/777.6 kB 107.9 MB/s  0:00:00
2025-11-27T16:29:18.9394335Z Downloading stevedore-5.6.0-py3-none-any.whl (54 kB)
2025-11-27T16:29:18.9442374Z Downloading tenacity-9.1.2-py3-none-any.whl (28 kB)
2025-11-27T16:29:18.9492647Z Downloading typer-0.20.0-py3-none-any.whl (47 kB)
2025-11-27T16:29:18.9543502Z Downloading rich-14.2.0-py3-none-any.whl (243 kB)
2025-11-27T16:29:18.9603142Z Downloading pygments-2.19.2-py3-none-any.whl (1.2 MB)
2025-11-27T16:29:18.9712515Z    ━━━━━━━━━━━━━━━━━━━━━━━━━━━━━━━━━━━━━━━━ 1.2/1.2 MB 111.0 MB/s  0:00:00
2025-11-27T16:29:18.9738617Z Downloading markdown_it_py-4.0.0-py3-none-any.whl (87 kB)
2025-11-27T16:29:18.9790886Z Downloading mdurl-0.1.2-py3-none-any.whl (10.0 kB)
2025-11-27T16:29:18.9851556Z Downloading shellingham-1.5.4-py2.py3-none-any.whl (9.8 kB)
2025-11-27T16:29:18.9903837Z Downloading typing_extensions-4.15.0-py3-none-any.whl (44 kB)
2025-11-27T16:29:18.9957703Z Downloading typing_inspection-0.4.2-py3-none-any.whl (14 kB)
2025-11-27T16:29:19.0010172Z Downloading cryptography-46.0.3-cp311-abi3-manylinux_2_34_x86_64.whl (4.5 MB)
2025-11-27T16:29:19.0257813Z    ━━━━━━━━━━━━━━━━━━━━━━━━━━━━━━━━━━━━━━━━ 4.5/4.5 MB 188.2 MB/s  0:00:00
2025-11-27T16:29:19.0284749Z Downloading cffi-2.0.0-cp311-cp311-manylinux2014_x86_64.manylinux_2_17_x86_64.whl (215 kB)
2025-11-27T16:29:19.0343303Z Downloading httpx-0.28.1-py3-none-any.whl (73 kB)
2025-11-27T16:29:19.0401837Z Downloading httpcore-1.0.9-py3-none-any.whl (78 kB)
2025-11-27T16:29:19.0460543Z Downloading h11-0.16.0-py3-none-any.whl (37 kB)
2025-11-27T16:29:19.0513419Z Downloading anyio-4.11.0-py3-none-any.whl (109 kB)
2025-11-27T16:29:19.0581357Z Downloading idna-3.11-py3-none-any.whl (71 kB)
2025-11-27T16:29:19.0644103Z Downloading sniffio-1.3.1-py3-none-any.whl (10 kB)
2025-11-27T16:29:19.0696618Z Downloading certifi-2025.11.12-py3-none-any.whl (159 kB)
2025-11-27T16:29:19.0755162Z Downloading joblib-1.5.2-py3-none-any.whl (308 kB)
2025-11-27T16:29:19.0821605Z Downloading pycparser-2.23-py3-none-any.whl (118 kB)
2025-11-27T16:29:19.0887052Z Downloading requests-2.32.5-py3-none-any.whl (64 kB)
2025-11-27T16:29:19.0941209Z Downloading charset_normalizer-3.4.4-cp311-cp311-manylinux2014_x86_64.manylinux_2_17_x86_64.manylinux_2_28_x86_64.whl (151 kB)
2025-11-27T16:29:19.0993380Z Downloading urllib3-2.5.0-py3-none-any.whl (129 kB)
2025-11-27T16:29:19.1054061Z Downloading tomlkit-0.13.3-py3-none-any.whl (38 kB)
2025-11-27T16:29:19.1103699Z Downloading tqdm-4.67.1-py3-none-any.whl (78 kB)
2025-11-27T16:29:19.2282971Z Installing collected packages: urllib3, typing-extensions, tqdm, tomlkit, tenacity, stevedore, sniffio, shellingham, ruamel.yaml.clib, regex, PyYAML, pygments, pycparser, packaging, mdurl, marshmallow, MarkupSafe, joblib, idna, h11, filelock, click, charset_normalizer, certifi, annotated-types, typing-inspection, ruamel-yaml, requests, pydantic-core, nltk, markdown-it-py, jinja2, httpcore, dparse, cffi, anyio, rich, pydantic, httpx, cryptography, typer, safety-schemas, bandit, authlib, safety
2025-11-27T16:29:23.1832609Z 
2025-11-27T16:29:23.1859732Z Successfully installed MarkupSafe-3.0.3 PyYAML-6.0.3 annotated-types-0.7.0 anyio-4.11.0 authlib-1.6.5 bandit-1.9.2 certifi-2025.11.12 cffi-2.0.0 charset_normalizer-3.4.4 click-8.3.1 cryptography-46.0.3 dparse-0.6.4 filelock-3.20.0 h11-0.16.0 httpcore-1.0.9 httpx-0.28.1 idna-3.11 jinja2-3.1.6 joblib-1.5.2 markdown-it-py-4.0.0 marshmallow-4.1.0 mdurl-0.1.2 nltk-3.9.2 packaging-25.0 pycparser-2.23 pydantic-2.12.5 pydantic-core-2.41.5 pygments-2.19.2 regex-2025.11.3 requests-2.32.5 rich-14.2.0 ruamel-yaml-0.18.16 ruamel.yaml.clib-0.2.15 safety-3.7.0 safety-schemas-0.0.16 shellingham-1.5.4 sniffio-1.3.1 stevedore-5.6.0 tenacity-9.1.2 tomlkit-0.13.3 tqdm-4.67.1 typer-0.20.0 typing-extensions-4.15.0 typing-inspection-0.4.2 urllib3-2.5.0
2025-11-27T16:29:23.6369594Z ##[group]Run safety check --file requirements-dev.txt || true
2025-11-27T16:29:23.6370055Z [36;1msafety check --file requirements-dev.txt || true[0m
2025-11-27T16:29:23.6404584Z shell: /usr/bin/bash -e {0}
2025-11-27T16:29:23.6404811Z env:
2025-11-27T16:29:23.6405049Z   pythonLocation: /opt/hostedtoolcache/Python/3.11.14/x64
2025-11-27T16:29:23.6405454Z   PKG_CONFIG_PATH: /opt/hostedtoolcache/Python/3.11.14/x64/lib/pkgconfig
2025-11-27T16:29:23.6405852Z   Python_ROOT_DIR: /opt/hostedtoolcache/Python/3.11.14/x64
2025-11-27T16:29:23.6406511Z   Python2_ROOT_DIR: /opt/hostedtoolcache/Python/3.11.14/x64
2025-11-27T16:29:23.6406888Z   Python3_ROOT_DIR: /opt/hostedtoolcache/Python/3.11.14/x64
2025-11-27T16:29:23.6407249Z   LD_LIBRARY_PATH: /opt/hostedtoolcache/Python/3.11.14/x64/lib
2025-11-27T16:29:23.6407541Z ##[endgroup]
2025-11-27T16:29:24.8114351Z 
2025-11-27T16:29:24.8114367Z 
2025-11-27T16:29:24.8115534Z [33m[1m+===========================================================================================================================================================================================+[0m
2025-11-27T16:29:24.8116120Z 
2025-11-27T16:29:24.8116126Z 
2025-11-27T16:29:24.8117032Z [31m[1mDEPRECATED: [0m[33m[1mthis command (`check`) has been DEPRECATED, and will be unsupported beyond 01 June 2024.[0m
2025-11-27T16:29:24.8117659Z 
2025-11-27T16:29:24.8117664Z 
2025-11-27T16:29:24.8118553Z [32mWe highly encourage switching to the new [0m[32m[1m`scan`[0m[32m command which is easier to use, more powerful, and can be set up to mimic the deprecated command if required.[0m
2025-11-27T16:29:24.8119424Z 
2025-11-27T16:29:24.8119436Z 
2025-11-27T16:29:24.8119839Z [33m[1m+===========================================================================================================================================================================================+[0m
2025-11-27T16:29:24.8120206Z 
2025-11-27T16:29:24.8120212Z 
2025-11-27T16:29:25.3714049Z +==============================================================================+
2025-11-27T16:29:25.3714422Z 
2025-11-27T16:29:25.3714574Z                                /$$$$$$            /$$
2025-11-27T16:29:25.3715003Z                               /$$__  $$          | $$
2025-11-27T16:29:25.3715419Z            /$$$$$$$  /$$$$$$ | $$  \__//$$$$$$  /$$$$$$   /$$   /$$
2025-11-27T16:29:25.3715798Z           /$$_____/ |____  $$| $$$$   /$$__  $$|_  $$_/  | $$  | $$
2025-11-27T16:29:25.3716420Z          |  $$$$$$   /$$$$$$$| $$_/  | $$$$$$$$  | $$    | $$  | $$
2025-11-27T16:29:25.3716819Z           \____  $$ /$$__  $$| $$    | $$_____/  | $$ /$$| $$  | $$
2025-11-27T16:29:25.3717218Z           /$$$$$$$/|  $$$$$$$| $$    |  $$$$$$$  |  $$$$/|  $$$$$$$
2025-11-27T16:29:25.3717691Z          |_______/  \_______/|__/     \_______/   \___/   \____  $$
2025-11-27T16:29:25.3718078Z                                                           /$$  | $$
2025-11-27T16:29:25.3718445Z                                                          |  $$$$$$/
2025-11-27T16:29:25.3718925Z   by safetycli.com                                        \______/
2025-11-27T16:29:25.3719293Z 
2025-11-27T16:29:25.3719443Z +==============================================================================+
2025-11-27T16:29:25.3719758Z 
2025-11-27T16:29:25.3720133Z  [1mANNOUNCEMENTS[0m 
2025-11-27T16:29:25.3720340Z 
2025-11-27T16:29:25.3720806Z [33m  * Warning: ruff, pytest, pytest-asyncio, pytest-cov and mypy are unpinned.[0m 
2025-11-27T16:29:25.3721644Z [33m    Safety by default does not report on potential vulnerabilities in unpinned[0m 
2025-11-27T16:29:25.3722787Z [33m    packages. It is recommended to pin your dependencies unless this is a[0m 
2025-11-27T16:29:25.3723371Z [33m    library meant for distribution. To learn more about reporting these,[0m 
2025-11-27T16:29:25.3723910Z [33m    specifier range handling, and options for scanning unpinned packages visit[0m 
2025-11-27T16:29:25.3724421Z [33m    https://docs.pyup.io/docs/safety-range-specs[0m 
2025-11-27T16:29:25.3724825Z 
2025-11-27T16:29:25.3724919Z +==============================================================================+
2025-11-27T16:29:25.3725095Z 
2025-11-27T16:29:25.3725197Z  [1mREPORT[0m 
2025-11-27T16:29:25.3725302Z 
2025-11-27T16:29:25.3725524Z   Safety [1mv3.7.0[0m is scanning for [1mVulnerabilities[0m[1m...[0m
2025-11-27T16:29:25.3725925Z [1m  Scanning dependencies[0m in your [1mfiles:[0m
2025-11-27T16:29:25.3726113Z 
2025-11-27T16:29:25.3726421Z   -> requirements-dev.txt
2025-11-27T16:29:25.3726603Z 
2025-11-27T16:29:25.3726771Z   Using [1mopen-source vulnerability database[0m
2025-11-27T16:29:25.3727090Z [1m  Found and scanned 5 packages[0m
2025-11-27T16:29:25.3727438Z   Timestamp [1m2025-11-27 16:29:25[0m
2025-11-27T16:29:25.3727728Z [1m  0[0m[1m vulnerabilities reported[0m
2025-11-27T16:29:25.3728013Z [1m  1[0m[1m vulnerability ignored[0m
2025-11-27T16:29:25.3728171Z 
2025-11-27T16:29:25.3728271Z +==============================================================================+
2025-11-27T16:29:25.3728560Z  [1mVULNERABILITIES REPORTED[0m 
2025-11-27T16:29:25.3728792Z +==============================================================================+
2025-11-27T16:29:25.3728961Z 
2025-11-27T16:29:25.3729249Z [33m-> Warning: 1 known vulnerability matches the pytest-cov versions that could be[0m 
2025-11-27T16:29:25.3729785Z [33m   installed from your specifier: pytest-cov>=0 (unpinned). These[0m 
2025-11-27T16:29:25.3730306Z [33m   vulnerabilities are not reported by default. To report these vulnerabilities[0m 
2025-11-27T16:29:25.3730869Z [33m   set 'ignore-unpinned-requirements' to False under 'security' in your policy[0m 
2025-11-27T16:29:25.3731406Z [33m   file. See https://docs.pyup.io/docs/safety-20-policy-file for more[0m 
2025-11-27T16:29:25.3731768Z [33m   information.[0m 
2025-11-27T16:29:25.3732137Z [33m   It is recommended to pin your dependencies unless this is a library meant[0m 
2025-11-27T16:29:25.3732653Z [33m   for distribution. To learn more about reporting these, specifier range[0m 
2025-11-27T16:29:25.3733125Z [33m   handling, and options for scanning unpinned packages visit[0m 
2025-11-27T16:29:25.3733529Z [33m   https://docs.pyup.io/docs/safety-range-specs[0m 
2025-11-27T16:29:25.3733731Z 
2025-11-27T16:29:25.3733736Z 
2025-11-27T16:29:25.3733740Z 
2025-11-27T16:29:25.3733825Z +==============================================================================+
2025-11-27T16:29:25.3734002Z 
2025-11-27T16:29:25.3734183Z  Scan was completed. 0 vulnerabilities were reported. 1 vulnerability from 1 
2025-11-27T16:29:25.3734530Z  package was ignored. 
2025-11-27T16:29:25.3734649Z 
2025-11-27T16:29:25.3734799Z +==============================================================================+[0m
2025-11-27T16:29:25.3734987Z 
2025-11-27T16:29:25.3734991Z 
2025-11-27T16:29:25.3735256Z [33m[1m+===========================================================================================================================================================================================+[0m
2025-11-27T16:29:25.3735557Z 
2025-11-27T16:29:25.3735560Z 
2025-11-27T16:29:25.3735949Z [31m[1mDEPRECATED: [0m[33m[1mthis command (`check`) has been DEPRECATED, and will be unsupported beyond 01 June 2024.[0m
2025-11-27T16:29:25.3737367Z 
2025-11-27T16:29:25.3737372Z 
2025-11-27T16:29:25.3738157Z [32mWe highly encourage switching to the new [0m[32m[1m`scan`[0m[32m command which is easier to use, more powerful, and can be set up to mimic the deprecated command if required.[0m
2025-11-27T16:29:25.3738728Z 
2025-11-27T16:29:25.3738893Z 
2025-11-27T16:29:25.3739176Z [33m[1m+===========================================================================================================================================================================================+[0m
2025-11-27T16:29:25.3739408Z 
2025-11-27T16:29:25.3739412Z 
2025-11-27T16:29:25.5101976Z ##[group]Run bandit -r apps/ sdk/ -ll || true
2025-11-27T16:29:25.5102316Z [36;1mbandit -r apps/ sdk/ -ll || true[0m
2025-11-27T16:29:25.5135353Z shell: /usr/bin/bash -e {0}
2025-11-27T16:29:25.5135565Z env:
2025-11-27T16:29:25.5135805Z   pythonLocation: /opt/hostedtoolcache/Python/3.11.14/x64
2025-11-27T16:29:25.5136399Z   PKG_CONFIG_PATH: /opt/hostedtoolcache/Python/3.11.14/x64/lib/pkgconfig
2025-11-27T16:29:25.5136900Z   Python_ROOT_DIR: /opt/hostedtoolcache/Python/3.11.14/x64
2025-11-27T16:29:25.5137255Z   Python2_ROOT_DIR: /opt/hostedtoolcache/Python/3.11.14/x64
2025-11-27T16:29:25.5137610Z   Python3_ROOT_DIR: /opt/hostedtoolcache/Python/3.11.14/x64
2025-11-27T16:29:25.5137968Z   LD_LIBRARY_PATH: /opt/hostedtoolcache/Python/3.11.14/x64/lib
2025-11-27T16:29:25.5138264Z ##[endgroup]
2025-11-27T16:29:25.6518956Z [main]	INFO	profile include tests: None
2025-11-27T16:29:25.6519540Z [main]	INFO	profile exclude tests: None
2025-11-27T16:29:25.6520053Z [main]	INFO	cli include tests: None
2025-11-27T16:29:25.6520485Z [main]	INFO	cli exclude tests: None
2025-11-27T16:29:25.6522440Z [main]	INFO	running on Python 3.11.14
2025-11-27T16:29:27.8326895Z Working... ━━━━━━━━━━━━━━━━━━━━━━━━━━━━━━━━━━━━━━━━ 100% 0:00:02
2025-11-27T16:29:27.8342159Z Run started:2025-11-27 16:29:27.833130+00:00
2025-11-27T16:29:27.8342557Z 
2025-11-27T16:29:27.8342675Z Test results:
2025-11-27T16:29:27.8343202Z >> Issue: [B324:hashlib] Use of weak MD5 hash for security. Consider usedforsecurity=False
2025-11-27T16:29:27.8343798Z    Severity: High   Confidence: High
2025-11-27T16:29:27.8344288Z    CWE: CWE-327 (https://cwe.mitre.org/data/definitions/327.html)
2025-11-27T16:29:27.8344943Z    More Info: https://bandit.readthedocs.io/en/1.9.2/plugins/b324_hashlib.html
2025-11-27T16:29:27.8345595Z    Location: apps/memory_api/clients/rae_client.py:301:15
2025-11-27T16:29:27.8346058Z 300	        key_string = "|".join(key_parts)
2025-11-27T16:29:27.8346734Z 301	        return hashlib.md5(key_string.encode()).hexdigest()
2025-11-27T16:29:27.8347146Z 302	
2025-11-27T16:29:27.8347278Z 
2025-11-27T16:29:27.8347411Z --------------------------------------------------
2025-11-27T16:29:27.8348236Z >> Issue: [B608:hardcoded_sql_expressions] Possible SQL injection vector through string-based query construction.
2025-11-27T16:29:27.8349044Z    Severity: Medium   Confidence: Low
2025-11-27T16:29:27.8349515Z    CWE: CWE-89 (https://cwe.mitre.org/data/definitions/89.html)
2025-11-27T16:29:27.8350238Z    More Info: https://bandit.readthedocs.io/en/1.9.2/plugins/b608_hardcoded_sql_expressions.html
2025-11-27T16:29:27.8351055Z    Location: apps/memory_api/repositories/cost_logs_repository.py:668:8
2025-11-27T16:29:27.8351593Z 667	    records = await pool.fetch(
2025-11-27T16:29:27.8351929Z 668	        f"""
2025-11-27T16:29:27.8352177Z 669	        SELECT *
2025-11-27T16:29:27.8352434Z 670	        FROM cost_logs
2025-11-27T16:29:27.8352743Z 671	        WHERE tenant_id = $1
2025-11-27T16:29:27.8353058Z 672	          AND project_id = $2
2025-11-27T16:29:27.8353389Z 673	          {error_filter}
2025-11-27T16:29:27.8353694Z 674	        ORDER BY timestamp DESC
2025-11-27T16:29:27.8354014Z 675	        LIMIT $3
2025-11-27T16:29:27.8354258Z 676	        """,
2025-11-27T16:29:27.8354494Z 677	        tenant_id,
2025-11-27T16:29:27.8354662Z 
2025-11-27T16:29:27.8354799Z --------------------------------------------------
2025-11-27T16:29:27.8355514Z >> Issue: [B608:hardcoded_sql_expressions] Possible SQL injection vector through string-based query construction.
2025-11-27T16:29:27.8356407Z    Severity: Medium   Confidence: Low
2025-11-27T16:29:27.8356849Z    CWE: CWE-89 (https://cwe.mitre.org/data/definitions/89.html)
2025-11-27T16:29:27.8357568Z    More Info: https://bandit.readthedocs.io/en/1.9.2/plugins/b608_hardcoded_sql_expressions.html
2025-11-27T16:29:27.8358751Z    Location: apps/memory_api/repositories/memory_repository.py:87:22
2025-11-27T16:29:27.8359212Z 86	
2025-11-27T16:29:27.8360140Z 87	                sql = f"INSERT INTO memories ({columns_str}) VALUES ({placeholders_str}) RETURNING id, created_at, last_accessed_at, usage_count"
2025-11-27T16:29:27.8360938Z 88	
2025-11-27T16:29:27.8361073Z 
2025-11-27T16:29:27.8361220Z --------------------------------------------------
2025-11-27T16:29:27.8361969Z >> Issue: [B608:hardcoded_sql_expressions] Possible SQL injection vector through string-based query construction.
2025-11-27T16:29:27.8362675Z    Severity: Medium   Confidence: Low
2025-11-27T16:29:27.8363123Z    CWE: CWE-89 (https://cwe.mitre.org/data/definitions/89.html)
2025-11-27T16:29:27.8363829Z    More Info: https://bandit.readthedocs.io/en/1.9.2/plugins/b608_hardcoded_sql_expressions.html
2025-11-27T16:29:27.8364598Z    Location: apps/memory_api/repositories/reflection_repository.py:273:18
2025-11-27T16:29:27.8365120Z 272	    # Count total matching
2025-11-27T16:29:27.8365570Z 273	    count_query = f"SELECT COUNT(*) FROM reflections WHERE {where_clause}"
2025-11-27T16:29:27.8366148Z 274	    total_count = await pool.fetchval(count_query, *params)
2025-11-27T16:29:27.8366662Z 
2025-11-27T16:29:27.8366787Z --------------------------------------------------
2025-11-27T16:29:27.8367474Z >> Issue: [B608:hardcoded_sql_expressions] Possible SQL injection vector through string-based query construction.
2025-11-27T16:29:27.8368171Z    Severity: Medium   Confidence: Low
2025-11-27T16:29:27.8368614Z    CWE: CWE-89 (https://cwe.mitre.org/data/definitions/89.html)
2025-11-27T16:29:27.8369317Z    More Info: https://bandit.readthedocs.io/en/1.9.2/plugins/b608_hardcoded_sql_expressions.html
2025-11-27T16:29:27.8370107Z    Location: apps/memory_api/repositories/reflection_repository.py:288:12
2025-11-27T16:29:27.8370595Z 287	
2025-11-27T16:29:27.8370963Z 288	    query = f"SELECT * FROM reflections WHERE {where_clause} {order_clause}"
2025-11-27T16:29:27.8371515Z 289	    records = await pool.fetch(query, *params)
2025-11-27T16:29:27.8371789Z 
2025-11-27T16:29:27.8371913Z --------------------------------------------------
2025-11-27T16:29:27.8372636Z >> Issue: [B608:hardcoded_sql_expressions] Possible SQL injection vector through string-based query construction.
2025-11-27T16:29:27.8373357Z    Severity: Medium   Confidence: Low
2025-11-27T16:29:27.8373789Z    CWE: CWE-89 (https://cwe.mitre.org/data/definitions/89.html)
2025-11-27T16:29:27.8374559Z    More Info: https://bandit.readthedocs.io/en/1.9.2/plugins/b608_hardcoded_sql_expressions.html
2025-11-27T16:29:27.8375335Z    Location: apps/memory_api/repositories/reflection_repository.py:467:12
2025-11-27T16:29:27.8375882Z 466	    where_clause = " AND ".join(conditions)
2025-11-27T16:29:27.8376529Z 467	    query = f"SELECT * FROM reflection_relationships WHERE {where_clause}"
2025-11-27T16:29:27.8376997Z 468	
2025-11-27T16:29:27.8377131Z 
2025-11-27T16:29:27.8377262Z --------------------------------------------------
2025-11-27T16:29:27.8377989Z >> Issue: [B608:hardcoded_sql_expressions] Possible SQL injection vector through string-based query construction.
2025-11-27T16:29:27.8378853Z    Severity: Medium   Confidence: Low
2025-11-27T16:29:27.8379309Z    CWE: CWE-89 (https://cwe.mitre.org/data/definitions/89.html)
2025-11-27T16:29:27.8380011Z    More Info: https://bandit.readthedocs.io/en/1.9.2/plugins/b608_hardcoded_sql_expressions.html
2025-11-27T16:29:27.8380761Z    Location: apps/memory_api/repositories/reflection_repository.py:513:12
2025-11-27T16:29:27.8381296Z 512	    # Recursive query for graph traversal
2025-11-27T16:29:27.8381660Z 513	    query = f"""
2025-11-27T16:29:27.8381933Z 514	    WITH RECURSIVE graph AS (
2025-11-27T16:29:27.8382325Z 515	        -- Base case: starting reflection
2025-11-27T16:29:27.8382687Z 516	        SELECT
2025-11-27T16:29:27.8382927Z 517	            id,
2025-11-27T16:29:27.8383178Z 518	            0 as depth,
2025-11-27T16:29:27.8383652Z 519	            ARRAY[id] as path
2025-11-27T16:29:27.8383971Z 520	        FROM reflections
2025-11-27T16:29:27.8384257Z 521	        WHERE id = $1
2025-11-27T16:29:27.8384645Z 522	
2025-11-27T16:29:27.8384852Z 523	        UNION ALL
2025-11-27T16:29:27.8385276Z 524	
2025-11-27T16:29:27.8385539Z 525	        -- Recursive case: follow relationships
2025-11-27T16:29:27.8385904Z 526	        SELECT
2025-11-27T16:29:27.8386130Z 527	            r.id,
2025-11-27T16:29:27.8386550Z 528	            g.depth + 1,
2025-11-27T16:29:27.8386852Z 529	            g.path || r.id
2025-11-27T16:29:27.8387170Z 530	        FROM graph g
2025-11-27T16:29:27.8387639Z 531	        JOIN reflection_relationships rr ON rr.source_reflection_id = g.id
2025-11-27T16:29:27.8388225Z 532	        JOIN reflections r ON r.id = rr.target_reflection_id
2025-11-27T16:29:27.8388629Z 533	        WHERE
2025-11-27T16:29:27.8388867Z 534	            g.depth < $1
2025-11-27T16:29:27.8389168Z 535	            {relation_filter}
2025-11-27T16:29:27.8389491Z 536	            {strength_filter}
2025-11-27T16:29:27.8389880Z 537	            AND NOT (r.id = ANY(g.path))  -- Prevent cycles
2025-11-27T16:29:27.8390277Z 538	    )
2025-11-27T16:29:27.8390515Z 539	    SELECT DISTINCT id FROM graph
2025-11-27T16:29:27.8390847Z 540	    """
2025-11-27T16:29:27.8391050Z 541	
2025-11-27T16:29:27.8391177Z 
2025-11-27T16:29:27.8391304Z --------------------------------------------------
2025-11-27T16:29:27.8392003Z >> Issue: [B608:hardcoded_sql_expressions] Possible SQL injection vector through string-based query construction.
2025-11-27T16:29:27.8392713Z    Severity: Medium   Confidence: Low
2025-11-27T16:29:27.8393168Z    CWE: CWE-89 (https://cwe.mitre.org/data/definitions/89.html)
2025-11-27T16:29:27.8393895Z    More Info: https://bandit.readthedocs.io/en/1.9.2/plugins/b608_hardcoded_sql_expressions.html
2025-11-27T16:29:27.8394679Z    Location: apps/memory_api/repositories/reflection_repository.py:553:22
2025-11-27T16:29:27.8395223Z 552	        # Fetch all edges between these nodes
2025-11-27T16:29:27.8395606Z 553	        edges_query = f"""
2025-11-27T16:29:27.8395952Z 554	        SELECT * FROM reflection_relationships
2025-11-27T16:29:27.8396465Z 555	        WHERE
2025-11-27T16:29:27.8396761Z 556	            source_reflection_id = ANY($1)
2025-11-27T16:29:27.8397179Z 557	            AND target_reflection_id = ANY($1)
2025-11-27T16:29:27.8397569Z 558	            {relation_filter}
2025-11-27T16:29:27.8397889Z 559	            {strength_filter}
2025-11-27T16:29:27.8398186Z 560	        """
2025-11-27T16:29:27.8398607Z 561	        edges_records = await pool.fetch(edges_query, node_ids, *relation_params)
2025-11-27T16:29:27.8399042Z 
2025-11-27T16:29:27.8399171Z --------------------------------------------------
2025-11-27T16:29:27.8399901Z >> Issue: [B608:hardcoded_sql_expressions] Possible SQL injection vector through string-based query construction.
2025-11-27T16:29:27.8400651Z    Severity: Medium   Confidence: Low
2025-11-27T16:29:27.8401089Z    CWE: CWE-89 (https://cwe.mitre.org/data/definitions/89.html)
2025-11-27T16:29:27.8401830Z    More Info: https://bandit.readthedocs.io/en/1.9.2/plugins/b608_hardcoded_sql_expressions.html
2025-11-27T16:29:27.8402577Z    Location: apps/memory_api/services/reflection_pipeline.py:280:16
2025-11-27T16:29:27.8403109Z 279	        where_clause = " AND ".join(conditions)
2025-11-27T16:29:27.8403490Z 280	        query = f"""
2025-11-27T16:29:27.8403910Z 281	            SELECT id, content, embedding, tags, importance, created_at
2025-11-27T16:29:27.8404373Z 282	            FROM memories
2025-11-27T16:29:27.8404683Z 283	            WHERE {where_clause}
2025-11-27T16:29:27.8405021Z 284	            ORDER BY created_at DESC
2025-11-27T16:29:27.8405373Z 285	            LIMIT ${param_idx}
2025-11-27T16:29:27.8405678Z 286	        """
2025-11-27T16:29:27.8405945Z 287	        params.append(limit)
2025-11-27T16:29:27.8406388Z 
2025-11-27T16:29:27.8406538Z --------------------------------------------------
2025-11-27T16:29:27.8407118Z >> Issue: [B324:hashlib] Use of weak MD5 hash for security. Consider usedforsecurity=False
2025-11-27T16:29:27.8407858Z    Severity: High   Confidence: High
2025-11-27T16:29:27.8408292Z    CWE: CWE-327 (https://cwe.mitre.org/data/definitions/327.html)
2025-11-27T16:29:27.8409066Z    More Info: https://bandit.readthedocs.io/en/1.9.2/plugins/b324_hashlib.html
2025-11-27T16:29:27.8409738Z    Location: apps/memory_api/services/vector_store/qdrant_store.py:102:28
2025-11-27T16:29:27.8410247Z 101	            if word not in stopwords:
2025-11-27T16:29:27.8410709Z 102	                index = int(hashlib.md5(word.encode()).hexdigest(), 16) % 100000
2025-11-27T16:29:27.8411189Z 103	                indices.append(index)
2025-11-27T16:29:27.8411430Z 
2025-11-27T16:29:27.8411560Z --------------------------------------------------
2025-11-27T16:29:27.8412072Z >> Issue: [B104:hardcoded_bind_all_interfaces] Possible binding to all interfaces.
2025-11-27T16:29:27.8412616Z    Severity: Medium   Confidence: Medium
2025-11-27T16:29:27.8413073Z    CWE: CWE-605 (https://cwe.mitre.org/data/definitions/605.html)
2025-11-27T16:29:27.8413786Z    More Info: https://bandit.readthedocs.io/en/1.9.2/plugins/b104_hardcoded_bind_all_interfaces.html
2025-11-27T16:29:27.8414433Z    Location: apps/ml_service/main.py:331:26
2025-11-27T16:29:27.8414773Z 330	
2025-11-27T16:29:27.8415044Z 331	    uvicorn.run(app, host="0.0.0.0", port=8001)
2025-11-27T16:29:27.8415304Z 
2025-11-27T16:29:27.8415425Z --------------------------------------------------
2025-11-27T16:29:27.8415675Z 
2025-11-27T16:29:27.8415768Z Code scanned:
2025-11-27T16:29:27.8416010Z 	Total lines of code: 31615
2025-11-27T16:29:27.8416475Z 	Total lines skipped (#nosec): 0
2025-11-27T16:29:27.8417020Z 	Total potential issues skipped due to specifically being disabled (e.g., #nosec BXXX): 0
2025-11-27T16:29:27.8417496Z 
2025-11-27T16:29:27.8417588Z Run metrics:
2025-11-27T16:29:27.8417835Z 	Total issues (by severity):
2025-11-27T16:29:27.8418117Z 		Undefined: 0
2025-11-27T16:29:27.8418345Z 		Low: 603
2025-11-27T16:29:27.8418565Z 		Medium: 9
2025-11-27T16:29:27.8418780Z 		High: 2
2025-11-27T16:29:27.8419011Z 	Total issues (by confidence):
2025-11-27T16:29:27.8419302Z 		Undefined: 0
2025-11-27T16:29:27.8419531Z 		Low: 8
2025-11-27T16:29:27.8419738Z 		Medium: 3
2025-11-27T16:29:27.8419965Z 		High: 603
2025-11-27T16:29:27.8420190Z Files skipped (0):
2025-11-27T16:29:27.9082656Z Post job cleanup.
2025-11-27T16:29:28.0735754Z Post job cleanup.
2025-11-27T16:29:28.1688111Z [command]/usr/bin/git version
2025-11-27T16:29:28.1724497Z git version 2.51.2
2025-11-27T16:29:28.1776061Z Temporarily overriding HOME='/home/runner/work/_temp/9362410e-ee8b-45df-98ae-c5ec13a3954f' before making global git config changes
2025-11-27T16:29:28.1777526Z Adding repository directory to the temporary git global config as a safe directory
2025-11-27T16:29:28.1782410Z [command]/usr/bin/git config --global --add safe.directory /home/runner/work/RAE-agentic-memory/RAE-agentic-memory
2025-11-27T16:29:28.1817775Z [command]/usr/bin/git config --local --name-only --get-regexp core\.sshCommand
2025-11-27T16:29:28.1852390Z [command]/usr/bin/git submodule foreach --recursive sh -c "git config --local --name-only --get-regexp 'core\.sshCommand' && git config --local --unset-all 'core.sshCommand' || :"
2025-11-27T16:29:28.2090783Z [command]/usr/bin/git config --local --name-only --get-regexp http\.https\:\/\/github\.com\/\.extraheader
2025-11-27T16:29:28.2116064Z http.https://github.com/.extraheader
2025-11-27T16:29:28.2129183Z [command]/usr/bin/git config --local --unset-all http.https://github.com/.extraheader
2025-11-27T16:29:28.2161064Z [command]/usr/bin/git submodule foreach --recursive sh -c "git config --local --name-only --get-regexp 'http\.https\:\/\/github\.com\/\.extraheader' && git config --local --unset-all 'http.https://github.com/.extraheader' || :"
2025-11-27T16:29:28.2387393Z [command]/usr/bin/git config --local --name-only --get-regexp ^includeIf\.gitdir:
2025-11-27T16:29:28.2418071Z [command]/usr/bin/git submodule foreach --recursive git config --local --show-origin --name-only --get-regexp remote.origin.url
2025-11-27T16:29:28.2769468Z Cleaning up orphan processes
