2025-11-27T16:29:12.2519172Z Current runner version: '2.329.0'
2025-11-27T16:29:12.2545122Z ##[group]Runner Image Provisioner
2025-11-27T16:29:12.2545878Z Hosted Compute Agent
2025-11-27T16:29:12.2546430Z Version: 20251016.436
2025-11-27T16:29:12.2546983Z Commit: 8ab8ac8bfd662a3739dab9fe09456aba92132568
2025-11-27T16:29:12.2547759Z Build Date: 2025-10-15T20:44:12Z
2025-11-27T16:29:12.2548327Z ##[endgroup]
2025-11-27T16:29:12.2548881Z ##[group]Operating System
2025-11-27T16:29:12.2549505Z Ubuntu
2025-11-27T16:29:12.2549952Z 24.04.3
2025-11-27T16:29:12.2550706Z LTS
2025-11-27T16:29:12.2551248Z ##[endgroup]
2025-11-27T16:29:12.2551756Z ##[group]Runner Image
2025-11-27T16:29:12.2552313Z Image: ubuntu-24.04
2025-11-27T16:29:12.2552873Z Version: 20251112.124.1
2025-11-27T16:29:12.2553857Z Included Software: https://github.com/actions/runner-images/blob/ubuntu24/20251112.124/images/ubuntu/Ubuntu2404-Readme.md
2025-11-27T16:29:12.2555500Z Image Release: https://github.com/actions/runner-images/releases/tag/ubuntu24%2F20251112.124
2025-11-27T16:29:12.2556559Z ##[endgroup]
2025-11-27T16:29:12.2559340Z ##[group]GITHUB_TOKEN Permissions
2025-11-27T16:29:12.2561931Z Actions: write
2025-11-27T16:29:12.2562474Z ArtifactMetadata: write
2025-11-27T16:29:12.2563092Z Attestations: write
2025-11-27T16:29:12.2563604Z Checks: write
2025-11-27T16:29:12.2564059Z Contents: write
2025-11-27T16:29:12.2564611Z Deployments: write
2025-11-27T16:29:12.2565158Z Discussions: write
2025-11-27T16:29:12.2565618Z Issues: write
2025-11-27T16:29:12.2566132Z Metadata: read
2025-11-27T16:29:12.2566593Z Models: read
2025-11-27T16:29:12.2567073Z Packages: write
2025-11-27T16:29:12.2567694Z Pages: write
2025-11-27T16:29:12.2568215Z PullRequests: write
2025-11-27T16:29:12.2568726Z RepositoryProjects: write
2025-11-27T16:29:12.2569444Z SecurityEvents: write
2025-11-27T16:29:12.2569971Z Statuses: write
2025-11-27T16:29:12.2570596Z ##[endgroup]
2025-11-27T16:29:12.2573023Z Secret source: Actions
2025-11-27T16:29:12.2573854Z Prepare workflow directory
2025-11-27T16:29:12.2887965Z Prepare all required actions
2025-11-27T16:29:12.2925406Z Getting action download info
2025-11-27T16:29:12.5724922Z Download action repository 'actions/checkout@v4' (SHA:34e114876b0b11c390a56381ad16ebd13914f8d5)
2025-11-27T16:29:12.8019452Z Download action repository 'actions/setup-python@v5' (SHA:a26af69be951a213d495a4c3e4e4022e16d87065)
2025-11-27T16:29:12.9593689Z Complete job name: Lint
2025-11-27T16:29:13.0272954Z ##[group]Run actions/checkout@v4
2025-11-27T16:29:13.0273789Z with:
2025-11-27T16:29:13.0274334Z   repository: dreamsoft-pro/RAE-agentic-memory
2025-11-27T16:29:13.0275088Z   token: ***
2025-11-27T16:29:13.0275530Z   ssh-strict: true
2025-11-27T16:29:13.0275911Z   ssh-user: git
2025-11-27T16:29:13.0276316Z   persist-credentials: true
2025-11-27T16:29:13.0276751Z   clean: true
2025-11-27T16:29:13.0277155Z   sparse-checkout-cone-mode: true
2025-11-27T16:29:13.0277630Z   fetch-depth: 1
2025-11-27T16:29:13.0278018Z   fetch-tags: false
2025-11-27T16:29:13.0278412Z   show-progress: true
2025-11-27T16:29:13.0278841Z   lfs: false
2025-11-27T16:29:13.0279205Z   submodules: false
2025-11-27T16:29:13.0279610Z   set-safe-directory: true
2025-11-27T16:29:13.0280572Z ##[endgroup]
2025-11-27T16:29:13.1411146Z Syncing repository: dreamsoft-pro/RAE-agentic-memory
2025-11-27T16:29:13.1413767Z ##[group]Getting Git version info
2025-11-27T16:29:13.1415124Z Working directory is '/home/runner/work/RAE-agentic-memory/RAE-agentic-memory'
2025-11-27T16:29:13.1416854Z [command]/usr/bin/git version
2025-11-27T16:29:13.1477784Z git version 2.51.2
2025-11-27T16:29:13.1505776Z ##[endgroup]
2025-11-27T16:29:13.1519095Z Temporarily overriding HOME='/home/runner/work/_temp/158a5865-5682-4435-8c89-a3159c706e15' before making global git config changes
2025-11-27T16:29:13.1521507Z Adding repository directory to the temporary git global config as a safe directory
2025-11-27T16:29:13.1524956Z [command]/usr/bin/git config --global --add safe.directory /home/runner/work/RAE-agentic-memory/RAE-agentic-memory
2025-11-27T16:29:13.1562668Z Deleting the contents of '/home/runner/work/RAE-agentic-memory/RAE-agentic-memory'
2025-11-27T16:29:13.1566099Z ##[group]Initializing the repository
2025-11-27T16:29:13.1569961Z [command]/usr/bin/git init /home/runner/work/RAE-agentic-memory/RAE-agentic-memory
2025-11-27T16:29:13.1681111Z hint: Using 'master' as the name for the initial branch. This default branch name
2025-11-27T16:29:13.1682581Z hint: is subject to change. To configure the initial branch name to use in all
2025-11-27T16:29:13.1684162Z hint: of your new repositories, which will suppress this warning, call:
2025-11-27T16:29:13.1685318Z hint:
2025-11-27T16:29:13.1686061Z hint: 	git config --global init.defaultBranch <name>
2025-11-27T16:29:13.1687000Z hint:
2025-11-27T16:29:13.1687715Z hint: Names commonly chosen instead of 'master' are 'main', 'trunk' and
2025-11-27T16:29:13.1688610Z hint: 'development'. The just-created branch can be renamed via this command:
2025-11-27T16:29:13.1689302Z hint:
2025-11-27T16:29:13.1689679Z hint: 	git branch -m <name>
2025-11-27T16:29:13.1690133Z hint:
2025-11-27T16:29:13.1691106Z hint: Disable this message with "git config set advice.defaultBranchName false"
2025-11-27T16:29:13.1692656Z Initialized empty Git repository in /home/runner/work/RAE-agentic-memory/RAE-agentic-memory/.git/
2025-11-27T16:29:13.1697529Z [command]/usr/bin/git remote add origin https://github.com/dreamsoft-pro/RAE-agentic-memory
2025-11-27T16:29:13.1730476Z ##[endgroup]
2025-11-27T16:29:13.1731308Z ##[group]Disabling automatic garbage collection
2025-11-27T16:29:13.1734569Z [command]/usr/bin/git config --local gc.auto 0
2025-11-27T16:29:13.1763063Z ##[endgroup]
2025-11-27T16:29:13.1763742Z ##[group]Setting up auth
2025-11-27T16:29:13.1769593Z [command]/usr/bin/git config --local --name-only --get-regexp core\.sshCommand
2025-11-27T16:29:13.1799138Z [command]/usr/bin/git submodule foreach --recursive sh -c "git config --local --name-only --get-regexp 'core\.sshCommand' && git config --local --unset-all 'core.sshCommand' || :"
2025-11-27T16:29:13.2126510Z [command]/usr/bin/git config --local --name-only --get-regexp http\.https\:\/\/github\.com\/\.extraheader
2025-11-27T16:29:13.2157063Z [command]/usr/bin/git submodule foreach --recursive sh -c "git config --local --name-only --get-regexp 'http\.https\:\/\/github\.com\/\.extraheader' && git config --local --unset-all 'http.https://github.com/.extraheader' || :"
2025-11-27T16:29:13.2401408Z [command]/usr/bin/git config --local --name-only --get-regexp ^includeIf\.gitdir:
2025-11-27T16:29:13.2431650Z [command]/usr/bin/git submodule foreach --recursive git config --local --show-origin --name-only --get-regexp remote.origin.url
2025-11-27T16:29:13.2667421Z [command]/usr/bin/git config --local http.https://github.com/.extraheader AUTHORIZATION: basic ***
2025-11-27T16:29:13.2704654Z ##[endgroup]
2025-11-27T16:29:13.2705860Z ##[group]Fetching the repository
2025-11-27T16:29:13.2714647Z [command]/usr/bin/git -c protocol.version=2 fetch --no-tags --prune --no-recurse-submodules --depth=1 origin +ffb72dd46c65ea2cf733ec872b5073408ba48fcc:refs/remotes/pull/3/merge
2025-11-27T16:29:13.6369944Z From https://github.com/dreamsoft-pro/RAE-agentic-memory
2025-11-27T16:29:13.6371867Z  * [new ref]         ffb72dd46c65ea2cf733ec872b5073408ba48fcc -> pull/3/merge
2025-11-27T16:29:13.6407162Z ##[endgroup]
2025-11-27T16:29:13.6408314Z ##[group]Determining the checkout info
2025-11-27T16:29:13.6409588Z ##[endgroup]
2025-11-27T16:29:13.6415845Z [command]/usr/bin/git sparse-checkout disable
2025-11-27T16:29:13.6463771Z [command]/usr/bin/git config --local --unset-all extensions.worktreeConfig
2025-11-27T16:29:13.6494320Z ##[group]Checking out the ref
2025-11-27T16:29:13.6499766Z [command]/usr/bin/git checkout --progress --force refs/remotes/pull/3/merge
2025-11-27T16:29:13.6881205Z Note: switching to 'refs/remotes/pull/3/merge'.
2025-11-27T16:29:13.6882765Z 
2025-11-27T16:29:13.6883557Z You are in 'detached HEAD' state. You can look around, make experimental
2025-11-27T16:29:13.6884913Z changes and commit them, and you can discard any commits you make in this
2025-11-27T16:29:13.6887240Z state without impacting any branches by switching back to a branch.
2025-11-27T16:29:13.6888725Z 
2025-11-27T16:29:13.6889642Z If you want to create a new branch to retain commits you create, you may
2025-11-27T16:29:13.6891780Z do so (now or later) by using -c with the switch command. Example:
2025-11-27T16:29:13.6892931Z 
2025-11-27T16:29:13.6893471Z   git switch -c <new-branch-name>
2025-11-27T16:29:13.6894274Z 
2025-11-27T16:29:13.6894786Z Or undo this operation with:
2025-11-27T16:29:13.6895522Z 
2025-11-27T16:29:13.6895929Z   git switch -
2025-11-27T16:29:13.6896363Z 
2025-11-27T16:29:13.6897073Z Turn off this advice by setting config variable advice.detachedHead to false
2025-11-27T16:29:13.6898061Z 
2025-11-27T16:29:13.6898998Z HEAD is now at ffb72dd Merge 9dbde0bfb57e59e4ed0464f13b2c2b2f99b07c95 into 5a739d4273a7a6b322457f5d2d4b9a4937081507
2025-11-27T16:29:13.6902455Z ##[endgroup]
2025-11-27T16:29:13.6933250Z [command]/usr/bin/git log -1 --format=%H
2025-11-27T16:29:13.6956320Z ffb72dd46c65ea2cf733ec872b5073408ba48fcc
2025-11-27T16:29:13.7270898Z ##[group]Run actions/setup-python@v5
2025-11-27T16:29:13.7272033Z with:
2025-11-27T16:29:13.7272847Z   python-version: 3.11
2025-11-27T16:29:13.7273753Z   cache: pip
2025-11-27T16:29:13.7274578Z   check-latest: false
2025-11-27T16:29:13.7275734Z   token: ***
2025-11-27T16:29:13.7276599Z   update-environment: true
2025-11-27T16:29:13.7277627Z   allow-prereleases: false
2025-11-27T16:29:13.7278599Z   freethreaded: false
2025-11-27T16:29:13.7279483Z ##[endgroup]
2025-11-27T16:29:13.9032220Z ##[group]Installed versions
2025-11-27T16:29:13.9148754Z Successfully set up CPython (3.11.14)
2025-11-27T16:29:13.9151211Z ##[endgroup]
2025-11-27T16:29:14.0182022Z [command]/opt/hostedtoolcache/Python/3.11.14/x64/bin/pip cache dir
2025-11-27T16:29:15.3012821Z /home/runner/.cache/pip
2025-11-27T16:29:15.4951208Z Cache hit for: setup-python-Linux-x64-24.04-Ubuntu-python-3.11.14-pip-95ebd838ea30dfa2c987f9bac75f820c290461fa42ed4bab22d8dee29c03de2a
2025-11-27T16:29:16.4714566Z Received 197132083 of 197132083 (100.0%), 203.7 MBs/sec
2025-11-27T16:29:16.4715508Z Cache Size: ~188 MB (197132083 B)
2025-11-27T16:29:16.4755983Z [command]/usr/bin/tar -xf /home/runner/work/_temp/0f8abc1f-84b3-4199-98ca-b1f2a99742aa/cache.tzst -P -C /home/runner/work/RAE-agentic-memory/RAE-agentic-memory --use-compress-program unzstd
2025-11-27T16:29:16.8101309Z Cache restored successfully
2025-11-27T16:29:16.8502091Z Cache restored from key: setup-python-Linux-x64-24.04-Ubuntu-python-3.11.14-pip-95ebd838ea30dfa2c987f9bac75f820c290461fa42ed4bab22d8dee29c03de2a
2025-11-27T16:29:16.8700003Z ##[group]Run pip install black isort ruff mypy
2025-11-27T16:29:16.8700631Z [36;1mpip install black isort ruff mypy[0m
2025-11-27T16:29:16.8739857Z shell: /usr/bin/bash -e {0}
2025-11-27T16:29:16.8740114Z env:
2025-11-27T16:29:16.8740574Z   pythonLocation: /opt/hostedtoolcache/Python/3.11.14/x64
2025-11-27T16:29:16.8741017Z   PKG_CONFIG_PATH: /opt/hostedtoolcache/Python/3.11.14/x64/lib/pkgconfig
2025-11-27T16:29:16.8741444Z   Python_ROOT_DIR: /opt/hostedtoolcache/Python/3.11.14/x64
2025-11-27T16:29:16.8741801Z   Python2_ROOT_DIR: /opt/hostedtoolcache/Python/3.11.14/x64
2025-11-27T16:29:16.8742172Z   Python3_ROOT_DIR: /opt/hostedtoolcache/Python/3.11.14/x64
2025-11-27T16:29:16.8742518Z   LD_LIBRARY_PATH: /opt/hostedtoolcache/Python/3.11.14/x64/lib
2025-11-27T16:29:16.8742812Z ##[endgroup]
2025-11-27T16:29:18.1661334Z Collecting black
2025-11-27T16:29:18.1679248Z   Using cached black-25.11.0-cp311-cp311-manylinux2014_x86_64.manylinux_2_17_x86_64.manylinux_2_28_x86_64.whl.metadata (85 kB)
2025-11-27T16:29:18.2055843Z Collecting isort
2025-11-27T16:29:18.2070958Z   Using cached isort-7.0.0-py3-none-any.whl.metadata (11 kB)
2025-11-27T16:29:18.5494641Z Collecting ruff
2025-11-27T16:29:18.5511895Z   Using cached ruff-0.14.6-py3-none-manylinux_2_17_x86_64.manylinux2014_x86_64.whl.metadata (25 kB)
2025-11-27T16:29:18.6661094Z Collecting mypy
2025-11-27T16:29:18.6679072Z   Using cached mypy-1.18.2-cp311-cp311-manylinux2014_x86_64.manylinux_2_17_x86_64.manylinux_2_28_x86_64.whl.metadata (2.2 kB)
2025-11-27T16:29:18.6857681Z Collecting click>=8.0.0 (from black)
2025-11-27T16:29:18.6872426Z   Using cached click-8.3.1-py3-none-any.whl.metadata (2.6 kB)
2025-11-27T16:29:18.6970434Z Collecting mypy-extensions>=0.4.3 (from black)
2025-11-27T16:29:18.6984353Z   Using cached mypy_extensions-1.1.0-py3-none-any.whl.metadata (1.1 kB)
2025-11-27T16:29:18.7121508Z Collecting packaging>=22.0 (from black)
2025-11-27T16:29:18.7135545Z   Using cached packaging-25.0-py3-none-any.whl.metadata (3.3 kB)
2025-11-27T16:29:18.7248117Z Collecting pathspec>=0.9.0 (from black)
2025-11-27T16:29:18.7261553Z   Using cached pathspec-0.12.1-py3-none-any.whl.metadata (21 kB)
2025-11-27T16:29:18.7438601Z Collecting platformdirs>=2 (from black)
2025-11-27T16:29:18.7451679Z   Using cached platformdirs-4.5.0-py3-none-any.whl.metadata (12 kB)
2025-11-27T16:29:18.7552497Z Collecting pytokens>=0.3.0 (from black)
2025-11-27T16:29:18.7565303Z   Using cached pytokens-0.3.0-py3-none-any.whl.metadata (2.0 kB)
2025-11-27T16:29:18.7729412Z Collecting typing_extensions>=4.6.0 (from mypy)
2025-11-27T16:29:18.7742555Z   Using cached typing_extensions-4.15.0-py3-none-any.whl.metadata (3.3 kB)
2025-11-27T16:29:18.7805693Z Using cached black-25.11.0-cp311-cp311-manylinux2014_x86_64.manylinux_2_17_x86_64.manylinux_2_28_x86_64.whl (1.6 MB)
2025-11-27T16:29:18.7829501Z Using cached isort-7.0.0-py3-none-any.whl (94 kB)
2025-11-27T16:29:18.7843119Z Using cached ruff-0.14.6-py3-none-manylinux_2_17_x86_64.manylinux2014_x86_64.whl (13.9 MB)
2025-11-27T16:29:18.7952493Z Using cached mypy-1.18.2-cp311-cp311-manylinux2014_x86_64.manylinux_2_17_x86_64.manylinux_2_28_x86_64.whl (13.2 MB)
2025-11-27T16:29:18.8056604Z Using cached click-8.3.1-py3-none-any.whl (108 kB)
2025-11-27T16:29:18.8069629Z Using cached mypy_extensions-1.1.0-py3-none-any.whl (5.0 kB)
2025-11-27T16:29:18.8082107Z Using cached packaging-25.0-py3-none-any.whl (66 kB)
2025-11-27T16:29:18.8095037Z Using cached pathspec-0.12.1-py3-none-any.whl (31 kB)
2025-11-27T16:29:18.8107609Z Using cached platformdirs-4.5.0-py3-none-any.whl (18 kB)
2025-11-27T16:29:18.8119940Z Using cached pytokens-0.3.0-py3-none-any.whl (12 kB)
2025-11-27T16:29:18.8132660Z Using cached typing_extensions-4.15.0-py3-none-any.whl (44 kB)
2025-11-27T16:29:18.8893254Z Installing collected packages: typing_extensions, ruff, pytokens, platformdirs, pathspec, packaging, mypy-extensions, isort, click, mypy, black
2025-11-27T16:29:20.6630599Z 
2025-11-27T16:29:20.6643766Z Successfully installed black-25.11.0 click-8.3.1 isort-7.0.0 mypy-1.18.2 mypy-extensions-1.1.0 packaging-25.0 pathspec-0.12.1 platformdirs-4.5.0 pytokens-0.3.0 ruff-0.14.6 typing_extensions-4.15.0
2025-11-27T16:29:20.7716456Z ##[group]Run black --check apps/ sdk/ integrations/
2025-11-27T16:29:20.7716865Z [36;1mblack --check apps/ sdk/ integrations/[0m
2025-11-27T16:29:20.7751839Z shell: /usr/bin/bash -e {0}
2025-11-27T16:29:20.7752055Z env:
2025-11-27T16:29:20.7752310Z   pythonLocation: /opt/hostedtoolcache/Python/3.11.14/x64
2025-11-27T16:29:20.7752714Z   PKG_CONFIG_PATH: /opt/hostedtoolcache/Python/3.11.14/x64/lib/pkgconfig
2025-11-27T16:29:20.7753091Z   Python_ROOT_DIR: /opt/hostedtoolcache/Python/3.11.14/x64
2025-11-27T16:29:20.7753422Z   Python2_ROOT_DIR: /opt/hostedtoolcache/Python/3.11.14/x64
2025-11-27T16:29:20.7753761Z   Python3_ROOT_DIR: /opt/hostedtoolcache/Python/3.11.14/x64
2025-11-27T16:29:20.7754097Z   LD_LIBRARY_PATH: /opt/hostedtoolcache/Python/3.11.14/x64/lib
2025-11-27T16:29:20.7754406Z ##[endgroup]
2025-11-27T16:29:24.2045271Z All done! ✨ 🍰 ✨
2025-11-27T16:29:24.2046069Z 163 files would be left unchanged.
2025-11-27T16:29:24.2296234Z ##[group]Run isort --check apps/ sdk/ integrations/
2025-11-27T16:29:24.2296618Z [36;1misort --check apps/ sdk/ integrations/[0m
2025-11-27T16:29:24.2330434Z shell: /usr/bin/bash -e {0}
2025-11-27T16:29:24.2330658Z env:
2025-11-27T16:29:24.2330906Z   pythonLocation: /opt/hostedtoolcache/Python/3.11.14/x64
2025-11-27T16:29:24.2331502Z   PKG_CONFIG_PATH: /opt/hostedtoolcache/Python/3.11.14/x64/lib/pkgconfig
2025-11-27T16:29:24.2331892Z   Python_ROOT_DIR: /opt/hostedtoolcache/Python/3.11.14/x64
2025-11-27T16:29:24.2332230Z   Python2_ROOT_DIR: /opt/hostedtoolcache/Python/3.11.14/x64
2025-11-27T16:29:24.2332565Z   Python3_ROOT_DIR: /opt/hostedtoolcache/Python/3.11.14/x64
2025-11-27T16:29:24.2332911Z   LD_LIBRARY_PATH: /opt/hostedtoolcache/Python/3.11.14/x64/lib
2025-11-27T16:29:24.2333207Z ##[endgroup]
2025-11-27T16:29:24.6329954Z ERROR: /home/runner/work/RAE-agentic-memory/RAE-agentic-memory/integrations/mcp/src/rae_mcp/server.py Imports are incorrectly sorted and/or formatted.
2025-11-27T16:29:24.6585727Z ##[error]Process completed with exit code 1.
2025-11-27T16:29:24.6689790Z Post job cleanup.
2025-11-27T16:29:24.7639603Z [command]/usr/bin/git version
2025-11-27T16:29:24.7678012Z git version 2.51.2
2025-11-27T16:29:24.7729342Z Temporarily overriding HOME='/home/runner/work/_temp/34596f35-3989-412b-ae5c-1d2c363230bf' before making global git config changes
2025-11-27T16:29:24.7730938Z Adding repository directory to the temporary git global config as a safe directory
2025-11-27T16:29:24.7735209Z [command]/usr/bin/git config --global --add safe.directory /home/runner/work/RAE-agentic-memory/RAE-agentic-memory
2025-11-27T16:29:24.7770421Z [command]/usr/bin/git config --local --name-only --get-regexp core\.sshCommand
2025-11-27T16:29:24.7803320Z [command]/usr/bin/git submodule foreach --recursive sh -c "git config --local --name-only --get-regexp 'core\.sshCommand' && git config --local --unset-all 'core.sshCommand' || :"
2025-11-27T16:29:24.8037947Z [command]/usr/bin/git config --local --name-only --get-regexp http\.https\:\/\/github\.com\/\.extraheader
2025-11-27T16:29:24.8059433Z http.https://github.com/.extraheader
2025-11-27T16:29:24.8072222Z [command]/usr/bin/git config --local --unset-all http.https://github.com/.extraheader
2025-11-27T16:29:24.8103579Z [command]/usr/bin/git submodule foreach --recursive sh -c "git config --local --name-only --get-regexp 'http\.https\:\/\/github\.com\/\.extraheader' && git config --local --unset-all 'http.https://github.com/.extraheader' || :"
2025-11-27T16:29:24.8333177Z [command]/usr/bin/git config --local --name-only --get-regexp ^includeIf\.gitdir:
2025-11-27T16:29:24.8366869Z [command]/usr/bin/git submodule foreach --recursive git config --local --show-origin --name-only --get-regexp remote.origin.url
2025-11-27T16:29:24.8712230Z Cleaning up orphan processes
