2025-11-27T16:29:11.4324071Z Current runner version: '2.329.0'
2025-11-27T16:29:11.4349868Z ##[group]Runner Image Provisioner
2025-11-27T16:29:11.4350687Z Hosted Compute Agent
2025-11-27T16:29:11.4351195Z Version: 20251016.436
2025-11-27T16:29:11.4351891Z Commit: 8ab8ac8bfd662a3739dab9fe09456aba92132568
2025-11-27T16:29:11.4352741Z Build Date: 2025-10-15T20:44:12Z
2025-11-27T16:29:11.4353342Z ##[endgroup]
2025-11-27T16:29:11.4353933Z ##[group]Operating System
2025-11-27T16:29:11.4354523Z Ubuntu
2025-11-27T16:29:11.4354959Z 24.04.3
2025-11-27T16:29:11.4355470Z LTS
2025-11-27T16:29:11.4355894Z ##[endgroup]
2025-11-27T16:29:11.4356381Z ##[group]Runner Image
2025-11-27T16:29:11.4356997Z Image: ubuntu-24.04
2025-11-27T16:29:11.4357468Z Version: 20251112.124.1
2025-11-27T16:29:11.4358490Z Included Software: https://github.com/actions/runner-images/blob/ubuntu24/20251112.124/images/ubuntu/Ubuntu2404-Readme.md
2025-11-27T16:29:11.4360113Z Image Release: https://github.com/actions/runner-images/releases/tag/ubuntu24%2F20251112.124
2025-11-27T16:29:11.4361117Z ##[endgroup]
2025-11-27T16:29:11.4363836Z ##[group]GITHUB_TOKEN Permissions
2025-11-27T16:29:11.4366033Z Actions: write
2025-11-27T16:29:11.4366656Z ArtifactMetadata: write
2025-11-27T16:29:11.4367229Z Attestations: write
2025-11-27T16:29:11.4367706Z Checks: write
2025-11-27T16:29:11.4368229Z Contents: write
2025-11-27T16:29:11.4368714Z Deployments: write
2025-11-27T16:29:11.4369261Z Discussions: write
2025-11-27T16:29:11.4369723Z Issues: write
2025-11-27T16:29:11.4370276Z Metadata: read
2025-11-27T16:29:11.4370722Z Models: read
2025-11-27T16:29:11.4371189Z Packages: write
2025-11-27T16:29:11.4371751Z Pages: write
2025-11-27T16:29:11.4372606Z PullRequests: write
2025-11-27T16:29:11.4373161Z RepositoryProjects: write
2025-11-27T16:29:11.4373894Z SecurityEvents: write
2025-11-27T16:29:11.4374431Z Statuses: write
2025-11-27T16:29:11.4374896Z ##[endgroup]
2025-11-27T16:29:11.4376999Z Secret source: Actions
2025-11-27T16:29:11.4377979Z Prepare workflow directory
2025-11-27T16:29:11.4804955Z Prepare all required actions
2025-11-27T16:29:11.4843122Z Getting action download info
2025-11-27T16:29:11.9057197Z Download action repository 'actions/checkout@v4' (SHA:34e114876b0b11c390a56381ad16ebd13914f8d5)
2025-11-27T16:29:12.4664885Z Download action repository 'actions/setup-python@v5' (SHA:a26af69be951a213d495a4c3e4e4022e16d87065)
2025-11-27T16:29:12.5533014Z Download action repository 'codecov/codecov-action@v4' (SHA:b9fd7d16f6d7d1b5d2bec1a2887e65ceed900238)
2025-11-27T16:29:13.2426246Z Complete job name: Test (Python 3.12)
2025-11-27T16:29:13.2911389Z ##[group]Checking docker version
2025-11-27T16:29:13.2925504Z ##[command]/usr/bin/docker version --format '{{.Server.APIVersion}}'
2025-11-27T16:29:13.3645634Z '1.48'
2025-11-27T16:29:13.3657223Z Docker daemon API version: '1.48'
2025-11-27T16:29:13.3658667Z ##[command]/usr/bin/docker version --format '{{.Client.APIVersion}}'
2025-11-27T16:29:13.3820361Z '1.48'
2025-11-27T16:29:13.3834823Z Docker client API version: '1.48'
2025-11-27T16:29:13.3840988Z ##[endgroup]
2025-11-27T16:29:13.3844746Z ##[group]Clean up resources from previous jobs
2025-11-27T16:29:13.3850694Z ##[command]/usr/bin/docker ps --all --quiet --no-trunc --filter "label=3ebd02"
2025-11-27T16:29:13.3986234Z ##[command]/usr/bin/docker network prune --force --filter "label=3ebd02"
2025-11-27T16:29:13.4128089Z ##[endgroup]
2025-11-27T16:29:13.4128985Z ##[group]Create local container network
2025-11-27T16:29:13.4139869Z ##[command]/usr/bin/docker network create --label 3ebd02 github_network_616826acee8d48ffa7c150886de145f0
2025-11-27T16:29:13.4630683Z 1db3e1557dc7771d2731739645b3bdbd2660d001406223c581d14110d85eebd2
2025-11-27T16:29:13.4659092Z ##[endgroup]
2025-11-27T16:29:13.4684311Z ##[group]Starting postgres service container
2025-11-27T16:29:13.4706006Z ##[command]/usr/bin/docker pull ankane/pgvector:latest
2025-11-27T16:29:14.0531298Z latest: Pulling from ankane/pgvector
2025-11-27T16:29:14.2083550Z a803e7c4b030: Pulling fs layer
2025-11-27T16:29:14.2083934Z 12dd3b657e91: Pulling fs layer
2025-11-27T16:29:14.2084698Z 147adba297eb: Pulling fs layer
2025-11-27T16:29:14.2085088Z 56ee7c0dd616: Pulling fs layer
2025-11-27T16:29:14.2085458Z f9aacf30f429: Pulling fs layer
2025-11-27T16:29:14.2085745Z 7ad57b8030eb: Pulling fs layer
2025-11-27T16:29:14.2086112Z 786562b3be85: Pulling fs layer
2025-11-27T16:29:14.2086389Z 04efcdd3a2a4: Pulling fs layer
2025-11-27T16:29:14.2086739Z 2c35234636c9: Pulling fs layer
2025-11-27T16:29:14.2086993Z 6e662fa63f18: Pulling fs layer
2025-11-27T16:29:14.2087262Z f1a157d7d7b0: Pulling fs layer
2025-11-27T16:29:14.2087615Z bb153abf3802: Pulling fs layer
2025-11-27T16:29:14.2087897Z 7077e54346e0: Pulling fs layer
2025-11-27T16:29:14.2088196Z 2e3723549f11: Pulling fs layer
2025-11-27T16:29:14.2088451Z c5f09b500022: Pulling fs layer
2025-11-27T16:29:14.2088709Z f9aacf30f429: Waiting
2025-11-27T16:29:14.2088936Z 7ad57b8030eb: Waiting
2025-11-27T16:29:14.2089168Z 786562b3be85: Waiting
2025-11-27T16:29:14.2089381Z 04efcdd3a2a4: Waiting
2025-11-27T16:29:14.2089599Z 2c35234636c9: Waiting
2025-11-27T16:29:14.2089826Z 6e662fa63f18: Waiting
2025-11-27T16:29:14.2090052Z f1a157d7d7b0: Waiting
2025-11-27T16:29:14.2090276Z bb153abf3802: Waiting
2025-11-27T16:29:14.2090506Z 7077e54346e0: Waiting
2025-11-27T16:29:14.2090728Z 2e3723549f11: Waiting
2025-11-27T16:29:14.2090991Z c5f09b500022: Waiting
2025-11-27T16:29:14.2091221Z 56ee7c0dd616: Waiting
2025-11-27T16:29:14.4217567Z 12dd3b657e91: Verifying Checksum
2025-11-27T16:29:14.4218298Z 12dd3b657e91: Download complete
2025-11-27T16:29:14.4952695Z 147adba297eb: Verifying Checksum
2025-11-27T16:29:14.4953931Z 147adba297eb: Download complete
2025-11-27T16:29:14.6708333Z 56ee7c0dd616: Verifying Checksum
2025-11-27T16:29:14.6708981Z 56ee7c0dd616: Download complete
2025-11-27T16:29:14.7929212Z f9aacf30f429: Verifying Checksum
2025-11-27T16:29:14.7930291Z f9aacf30f429: Download complete
2025-11-27T16:29:14.9248625Z 7ad57b8030eb: Verifying Checksum
2025-11-27T16:29:14.9249413Z 7ad57b8030eb: Download complete
2025-11-27T16:29:14.9652359Z 786562b3be85: Verifying Checksum
2025-11-27T16:29:14.9653468Z 786562b3be85: Download complete
2025-11-27T16:29:15.0988309Z a803e7c4b030: Verifying Checksum
2025-11-27T16:29:15.0988751Z a803e7c4b030: Download complete
2025-11-27T16:29:15.1133328Z 04efcdd3a2a4: Verifying Checksum
2025-11-27T16:29:15.1134022Z 04efcdd3a2a4: Download complete
2025-11-27T16:29:15.2655589Z 6e662fa63f18: Verifying Checksum
2025-11-27T16:29:15.2659151Z 6e662fa63f18: Download complete
2025-11-27T16:29:15.3097717Z f1a157d7d7b0: Verifying Checksum
2025-11-27T16:29:15.3098734Z f1a157d7d7b0: Download complete
2025-11-27T16:29:15.4510277Z bb153abf3802: Verifying Checksum
2025-11-27T16:29:15.4510942Z bb153abf3802: Download complete
2025-11-27T16:29:15.4775646Z 7077e54346e0: Verifying Checksum
2025-11-27T16:29:15.4788283Z 7077e54346e0: Download complete
2025-11-27T16:29:15.7212056Z 2e3723549f11: Verifying Checksum
2025-11-27T16:29:15.7215962Z 2e3723549f11: Download complete
2025-11-27T16:29:15.7782123Z 2c35234636c9: Verifying Checksum
2025-11-27T16:29:15.7782821Z 2c35234636c9: Download complete
2025-11-27T16:29:15.8468173Z c5f09b500022: Verifying Checksum
2025-11-27T16:29:15.8469209Z c5f09b500022: Download complete
2025-11-27T16:29:16.2660337Z a803e7c4b030: Pull complete
2025-11-27T16:29:17.3083915Z 12dd3b657e91: Pull complete
2025-11-27T16:29:17.4369894Z 147adba297eb: Pull complete
2025-11-27T16:29:17.4807675Z 56ee7c0dd616: Pull complete
2025-11-27T16:29:17.7830123Z f9aacf30f429: Pull complete
2025-11-27T16:29:17.8663632Z 7ad57b8030eb: Pull complete
2025-11-27T16:29:17.8760467Z 786562b3be85: Pull complete
2025-11-27T16:29:17.8884586Z 04efcdd3a2a4: Pull complete
2025-11-27T16:29:20.6020536Z 2c35234636c9: Pull complete
2025-11-27T16:29:20.6200206Z 6e662fa63f18: Pull complete
2025-11-27T16:29:20.6348066Z f1a157d7d7b0: Pull complete
2025-11-27T16:29:20.6464683Z bb153abf3802: Pull complete
2025-11-27T16:29:20.6579152Z 7077e54346e0: Pull complete
2025-11-27T16:29:20.6964613Z 2e3723549f11: Pull complete
2025-11-27T16:29:21.0524493Z c5f09b500022: Pull complete
2025-11-27T16:29:21.0563916Z Digest: sha256:956744bd14e9cbdf639c61c2a2a7c7c2c48a9c8cdd42f7de4ac034f4e96b90f8
2025-11-27T16:29:21.0575322Z Status: Downloaded newer image for ankane/pgvector:latest
2025-11-27T16:29:21.0585715Z docker.io/ankane/pgvector:latest
2025-11-27T16:29:21.0648780Z ##[command]/usr/bin/docker create --name 9cba1d9eab3141d2a1fe17a5c4ad8c04_ankanepgvectorlatest_b9f467 --label 3ebd02 --network github_network_616826acee8d48ffa7c150886de145f0 --network-alias postgres -p 5432:5432 --health-cmd pg_isready --health-interval 10s --health-timeout 5s --health-retries 5 -e "POSTGRES_PASSWORD=postgres" -e "POSTGRES_USER=postgres" -e "POSTGRES_DB=test_rae" -e GITHUB_ACTIONS=true -e CI=true ankane/pgvector:latest
2025-11-27T16:29:21.0926534Z 10f9608eb233df27ca28c4ace765d41bf0906f822e99a014d1c844c49a1a6f0c
2025-11-27T16:29:21.0950727Z ##[command]/usr/bin/docker start 10f9608eb233df27ca28c4ace765d41bf0906f822e99a014d1c844c49a1a6f0c
2025-11-27T16:29:21.2707179Z 10f9608eb233df27ca28c4ace765d41bf0906f822e99a014d1c844c49a1a6f0c
2025-11-27T16:29:21.2735620Z ##[command]/usr/bin/docker ps --all --filter id=10f9608eb233df27ca28c4ace765d41bf0906f822e99a014d1c844c49a1a6f0c --filter status=running --no-trunc --format "{{.ID}} {{.Status}}"
2025-11-27T16:29:21.2867524Z 10f9608eb233df27ca28c4ace765d41bf0906f822e99a014d1c844c49a1a6f0c Up Less than a second (health: starting)
2025-11-27T16:29:21.2887871Z ##[command]/usr/bin/docker port 10f9608eb233df27ca28c4ace765d41bf0906f822e99a014d1c844c49a1a6f0c
2025-11-27T16:29:21.3010520Z 5432/tcp -> 0.0.0.0:5432
2025-11-27T16:29:21.3010907Z 5432/tcp -> [::]:5432
2025-11-27T16:29:21.3057170Z ##[endgroup]
2025-11-27T16:29:21.3058300Z ##[group]Starting redis service container
2025-11-27T16:29:21.3059364Z ##[command]/usr/bin/docker pull redis:7-alpine
2025-11-27T16:29:21.8014687Z 7-alpine: Pulling from library/redis
2025-11-27T16:29:21.9473633Z f637881d1138: Pulling fs layer
2025-11-27T16:29:21.9474391Z 60c57c0072ef: Pulling fs layer
2025-11-27T16:29:21.9475475Z fc4343b4accd: Pulling fs layer
2025-11-27T16:29:21.9475939Z 380e8aa8b1fd: Pulling fs layer
2025-11-27T16:29:21.9476347Z c70aae7b5e0d: Pulling fs layer
2025-11-27T16:29:21.9476720Z 232f7549c9b0: Pulling fs layer
2025-11-27T16:29:21.9477093Z 4f4fb700ef54: Pulling fs layer
2025-11-27T16:29:21.9477457Z d75b3becd998: Pulling fs layer
2025-11-27T16:29:21.9477866Z c70aae7b5e0d: Waiting
2025-11-27T16:29:21.9478177Z 232f7549c9b0: Waiting
2025-11-27T16:29:21.9478497Z 4f4fb700ef54: Waiting
2025-11-27T16:29:21.9478803Z d75b3becd998: Waiting
2025-11-27T16:29:21.9479442Z 380e8aa8b1fd: Waiting
2025-11-27T16:29:22.1214375Z 60c57c0072ef: Verifying Checksum
2025-11-27T16:29:22.1214834Z 60c57c0072ef: Download complete
2025-11-27T16:29:22.1585955Z fc4343b4accd: Verifying Checksum
2025-11-27T16:29:22.2148695Z fc4343b4accd: Download complete
2025-11-27T16:29:22.2149146Z f637881d1138: Verifying Checksum
2025-11-27T16:29:22.2150620Z f637881d1138: Download complete
2025-11-27T16:29:22.3182246Z f637881d1138: Pull complete
2025-11-27T16:29:22.3393361Z 60c57c0072ef: Pull complete
2025-11-27T16:29:22.3544713Z 380e8aa8b1fd: Download complete
2025-11-27T16:29:22.4058687Z 232f7549c9b0: Verifying Checksum
2025-11-27T16:29:22.4059390Z 232f7549c9b0: Download complete
2025-11-27T16:29:22.4807169Z fc4343b4accd: Pull complete
2025-11-27T16:29:22.5047881Z c70aae7b5e0d: Verifying Checksum
2025-11-27T16:29:22.5049401Z c70aae7b5e0d: Download complete
2025-11-27T16:29:22.5144516Z 380e8aa8b1fd: Pull complete
2025-11-27T16:29:22.5424155Z 4f4fb700ef54: Verifying Checksum
2025-11-27T16:29:22.5424626Z 4f4fb700ef54: Download complete
2025-11-27T16:29:22.5751601Z d75b3becd998: Verifying Checksum
2025-11-27T16:29:22.5758942Z d75b3becd998: Download complete
2025-11-27T16:29:22.6956581Z c70aae7b5e0d: Pull complete
2025-11-27T16:29:22.7056684Z 232f7549c9b0: Pull complete
2025-11-27T16:29:22.7158468Z 4f4fb700ef54: Pull complete
2025-11-27T16:29:22.7272605Z d75b3becd998: Pull complete
2025-11-27T16:29:22.7310774Z Digest: sha256:ee64a64eaab618d88051c3ade8f6352d11531fcf79d9a4818b9b183d8c1d18ba
2025-11-27T16:29:22.7324376Z Status: Downloaded newer image for redis:7-alpine
2025-11-27T16:29:22.7332560Z docker.io/library/redis:7-alpine
2025-11-27T16:29:22.7348667Z ##[command]/usr/bin/docker create --name bc56610fb174483288bff1e06dbd2cfd_redis7alpine_40e3c9 --label 3ebd02 --network github_network_616826acee8d48ffa7c150886de145f0 --network-alias redis -p 6379:6379 --health-cmd "redis-cli ping" --health-interval 10s --health-timeout 5s --health-retries 5 -e GITHUB_ACTIONS=true -e CI=true redis:7-alpine
2025-11-27T16:29:22.7586692Z 809e358cfd63428d8f69464a75c92e97494627fb2552143b964fb9b538603238
2025-11-27T16:29:22.7600824Z ##[command]/usr/bin/docker start 809e358cfd63428d8f69464a75c92e97494627fb2552143b964fb9b538603238
2025-11-27T16:29:22.8858342Z 809e358cfd63428d8f69464a75c92e97494627fb2552143b964fb9b538603238
2025-11-27T16:29:22.8875962Z ##[command]/usr/bin/docker ps --all --filter id=809e358cfd63428d8f69464a75c92e97494627fb2552143b964fb9b538603238 --filter status=running --no-trunc --format "{{.ID}} {{.Status}}"
2025-11-27T16:29:22.8995790Z 809e358cfd63428d8f69464a75c92e97494627fb2552143b964fb9b538603238 Up Less than a second (health: starting)
2025-11-27T16:29:22.9009421Z ##[command]/usr/bin/docker port 809e358cfd63428d8f69464a75c92e97494627fb2552143b964fb9b538603238
2025-11-27T16:29:22.9118585Z 6379/tcp -> 0.0.0.0:6379
2025-11-27T16:29:22.9118988Z 6379/tcp -> [::]:6379
2025-11-27T16:29:22.9131845Z ##[endgroup]
2025-11-27T16:29:22.9132862Z ##[group]Starting qdrant service container
2025-11-27T16:29:22.9133515Z ##[command]/usr/bin/docker pull qdrant/qdrant:latest
2025-11-27T16:29:23.4358336Z latest: Pulling from qdrant/qdrant
2025-11-27T16:29:23.6148624Z 0e4bc2bd6656: Pulling fs layer
2025-11-27T16:29:23.6149195Z 4f4fb700ef54: Pulling fs layer
2025-11-27T16:29:23.6149556Z e7e3b24edd4b: Pulling fs layer
2025-11-27T16:29:23.6149907Z c34aec5dcf80: Pulling fs layer
2025-11-27T16:29:23.6150246Z 231dc95f1e77: Pulling fs layer
2025-11-27T16:29:23.6150587Z c69c70becb6a: Pulling fs layer
2025-11-27T16:29:23.6150921Z 46054db6899d: Pulling fs layer
2025-11-27T16:29:23.6151303Z c838b6ce71e9: Pulling fs layer
2025-11-27T16:29:23.6212306Z c34aec5dcf80: Waiting
2025-11-27T16:29:23.6212649Z 231dc95f1e77: Waiting
2025-11-27T16:29:23.6212848Z 46054db6899d: Waiting
2025-11-27T16:29:23.6213031Z c69c70becb6a: Waiting
2025-11-27T16:29:23.6213217Z c838b6ce71e9: Waiting
2025-11-27T16:29:23.8176924Z 4f4fb700ef54: Verifying Checksum
2025-11-27T16:29:23.8177374Z 4f4fb700ef54: Download complete
2025-11-27T16:29:23.8693585Z e7e3b24edd4b: Verifying Checksum
2025-11-27T16:29:23.8694387Z e7e3b24edd4b: Download complete
2025-11-27T16:29:24.0857462Z 231dc95f1e77: Verifying Checksum
2025-11-27T16:29:24.0857899Z 231dc95f1e77: Download complete
2025-11-27T16:29:24.2855218Z c69c70becb6a: Verifying Checksum
2025-11-27T16:29:24.2855810Z c69c70becb6a: Download complete
2025-11-27T16:29:24.4395016Z 0e4bc2bd6656: Download complete
2025-11-27T16:29:24.4729119Z 46054db6899d: Verifying Checksum
2025-11-27T16:29:24.4729604Z 46054db6899d: Download complete
2025-11-27T16:29:24.7169920Z c34aec5dcf80: Verifying Checksum
2025-11-27T16:29:24.7170398Z c34aec5dcf80: Download complete
2025-11-27T16:29:24.7533930Z c838b6ce71e9: Verifying Checksum
2025-11-27T16:29:24.7534777Z c838b6ce71e9: Download complete
2025-11-27T16:29:25.3653426Z 0e4bc2bd6656: Pull complete
2025-11-27T16:29:25.4285724Z 4f4fb700ef54: Pull complete
2025-11-27T16:29:25.5480691Z e7e3b24edd4b: Pull complete
2025-11-27T16:29:26.0170368Z c34aec5dcf80: Pull complete
2025-11-27T16:29:26.0329698Z 231dc95f1e77: Pull complete
2025-11-27T16:29:26.0437932Z c69c70becb6a: Pull complete
2025-11-27T16:29:26.0530088Z 46054db6899d: Pull complete
2025-11-27T16:29:26.1765015Z c838b6ce71e9: Pull complete
2025-11-27T16:29:26.1890344Z Digest: sha256:db1c735496dfa982ef27576a17b624e48e6b46a140bcdc2ac34e39d186204ef5
2025-11-27T16:29:26.1900724Z Status: Downloaded newer image for qdrant/qdrant:latest
2025-11-27T16:29:26.1908964Z docker.io/qdrant/qdrant:latest
2025-11-27T16:29:26.1923932Z ##[command]/usr/bin/docker create --name 3c7989f304304839941d72d2431fe42c_qdrantqdrantlatest_b88212 --label 3ebd02 --network github_network_616826acee8d48ffa7c150886de145f0 --network-alias qdrant -p 6333:6333  -e GITHUB_ACTIONS=true -e CI=true qdrant/qdrant:latest
2025-11-27T16:29:26.2157843Z dfcf9f426f02dcce55a1bc4a755b95ad44f062ad3369393d4e903155b4d9ddd0
2025-11-27T16:29:26.2171457Z ##[command]/usr/bin/docker start dfcf9f426f02dcce55a1bc4a755b95ad44f062ad3369393d4e903155b4d9ddd0
2025-11-27T16:29:26.3457922Z dfcf9f426f02dcce55a1bc4a755b95ad44f062ad3369393d4e903155b4d9ddd0
2025-11-27T16:29:26.3474643Z ##[command]/usr/bin/docker ps --all --filter id=dfcf9f426f02dcce55a1bc4a755b95ad44f062ad3369393d4e903155b4d9ddd0 --filter status=running --no-trunc --format "{{.ID}} {{.Status}}"
2025-11-27T16:29:26.3623833Z dfcf9f426f02dcce55a1bc4a755b95ad44f062ad3369393d4e903155b4d9ddd0 Up Less than a second
2025-11-27T16:29:26.3642948Z ##[command]/usr/bin/docker port dfcf9f426f02dcce55a1bc4a755b95ad44f062ad3369393d4e903155b4d9ddd0
2025-11-27T16:29:26.3816620Z 6333/tcp -> 0.0.0.0:6333
2025-11-27T16:29:26.3817060Z 6333/tcp -> [::]:6333
2025-11-27T16:29:26.3831259Z ##[endgroup]
2025-11-27T16:29:26.3843352Z ##[group]Waiting for all services to be ready
2025-11-27T16:29:26.3857212Z ##[command]/usr/bin/docker inspect --format="{{if .Config.Healthcheck}}{{print .State.Health.Status}}{{end}}" 10f9608eb233df27ca28c4ace765d41bf0906f822e99a014d1c844c49a1a6f0c
2025-11-27T16:29:26.3979599Z starting
2025-11-27T16:29:26.4001081Z postgres service is starting, waiting 2 seconds before checking again.
2025-11-27T16:29:28.4000236Z ##[command]/usr/bin/docker inspect --format="{{if .Config.Healthcheck}}{{print .State.Health.Status}}{{end}}" 10f9608eb233df27ca28c4ace765d41bf0906f822e99a014d1c844c49a1a6f0c
2025-11-27T16:29:28.4117744Z starting
2025-11-27T16:29:28.4131233Z postgres service is starting, waiting 4 seconds before checking again.
2025-11-27T16:29:32.7955813Z ##[command]/usr/bin/docker inspect --format="{{if .Config.Healthcheck}}{{print .State.Health.Status}}{{end}}" 10f9608eb233df27ca28c4ace765d41bf0906f822e99a014d1c844c49a1a6f0c
2025-11-27T16:29:32.8079432Z healthy
2025-11-27T16:29:32.8097546Z postgres service is healthy.
2025-11-27T16:29:32.8098403Z ##[command]/usr/bin/docker inspect --format="{{if .Config.Healthcheck}}{{print .State.Health.Status}}{{end}}" 809e358cfd63428d8f69464a75c92e97494627fb2552143b964fb9b538603238
2025-11-27T16:29:32.8212159Z starting
2025-11-27T16:29:32.8225194Z redis service is starting, waiting 2 seconds before checking again.
2025-11-27T16:29:34.8228522Z ##[command]/usr/bin/docker inspect --format="{{if .Config.Healthcheck}}{{print .State.Health.Status}}{{end}}" 809e358cfd63428d8f69464a75c92e97494627fb2552143b964fb9b538603238
2025-11-27T16:29:34.8348467Z healthy
2025-11-27T16:29:34.8361741Z redis service is healthy.
2025-11-27T16:29:34.8363080Z ##[command]/usr/bin/docker inspect --format="{{if .Config.Healthcheck}}{{print .State.Health.Status}}{{end}}" dfcf9f426f02dcce55a1bc4a755b95ad44f062ad3369393d4e903155b4d9ddd0
2025-11-27T16:29:34.8488868Z qdrant service is healthy.
2025-11-27T16:29:34.8489384Z ##[endgroup]
2025-11-27T16:29:34.8718002Z ##[group]Run actions/checkout@v4
2025-11-27T16:29:34.8718518Z with:
2025-11-27T16:29:34.8718740Z   repository: dreamsoft-pro/RAE-agentic-memory
2025-11-27T16:29:34.8719134Z   token: ***
2025-11-27T16:29:34.8719310Z   ssh-strict: true
2025-11-27T16:29:34.8719479Z   ssh-user: git
2025-11-27T16:29:34.8719660Z   persist-credentials: true
2025-11-27T16:29:34.8719867Z   clean: true
2025-11-27T16:29:34.8720051Z   sparse-checkout-cone-mode: true
2025-11-27T16:29:34.8720271Z   fetch-depth: 1
2025-11-27T16:29:34.8720434Z   fetch-tags: false
2025-11-27T16:29:34.8720612Z   show-progress: true
2025-11-27T16:29:34.8720781Z   lfs: false
2025-11-27T16:29:34.8720943Z   submodules: false
2025-11-27T16:29:34.8721116Z   set-safe-directory: true
2025-11-27T16:29:34.8721495Z ##[endgroup]
2025-11-27T16:29:34.9816039Z Syncing repository: dreamsoft-pro/RAE-agentic-memory
2025-11-27T16:29:34.9817335Z ##[group]Getting Git version info
2025-11-27T16:29:34.9818072Z Working directory is '/home/runner/work/RAE-agentic-memory/RAE-agentic-memory'
2025-11-27T16:29:34.9818655Z [command]/usr/bin/git version
2025-11-27T16:29:34.9883153Z git version 2.51.2
2025-11-27T16:29:34.9909619Z ##[endgroup]
2025-11-27T16:29:34.9925404Z Temporarily overriding HOME='/home/runner/work/_temp/0e91b3a8-6d76-4c8b-a1d7-40834307575a' before making global git config changes
2025-11-27T16:29:34.9926727Z Adding repository directory to the temporary git global config as a safe directory
2025-11-27T16:29:34.9931584Z [command]/usr/bin/git config --global --add safe.directory /home/runner/work/RAE-agentic-memory/RAE-agentic-memory
2025-11-27T16:29:34.9968336Z Deleting the contents of '/home/runner/work/RAE-agentic-memory/RAE-agentic-memory'
2025-11-27T16:29:34.9971793Z ##[group]Initializing the repository
2025-11-27T16:29:34.9976346Z [command]/usr/bin/git init /home/runner/work/RAE-agentic-memory/RAE-agentic-memory
2025-11-27T16:29:35.0076593Z hint: Using 'master' as the name for the initial branch. This default branch name
2025-11-27T16:29:35.0077525Z hint: is subject to change. To configure the initial branch name to use in all
2025-11-27T16:29:35.0078193Z hint: of your new repositories, which will suppress this warning, call:
2025-11-27T16:29:35.0078536Z hint:
2025-11-27T16:29:35.0078828Z hint: 	git config --global init.defaultBranch <name>
2025-11-27T16:29:35.0079177Z hint:
2025-11-27T16:29:35.0079672Z hint: Names commonly chosen instead of 'master' are 'main', 'trunk' and
2025-11-27T16:29:35.0080495Z hint: 'development'. The just-created branch can be renamed via this command:
2025-11-27T16:29:35.0080839Z hint:
2025-11-27T16:29:35.0081024Z hint: 	git branch -m <name>
2025-11-27T16:29:35.0081222Z hint:
2025-11-27T16:29:35.0081682Z hint: Disable this message with "git config set advice.defaultBranchName false"
2025-11-27T16:29:35.0083085Z Initialized empty Git repository in /home/runner/work/RAE-agentic-memory/RAE-agentic-memory/.git/
2025-11-27T16:29:35.0092587Z [command]/usr/bin/git remote add origin https://github.com/dreamsoft-pro/RAE-agentic-memory
2025-11-27T16:29:35.0124133Z ##[endgroup]
2025-11-27T16:29:35.0124730Z ##[group]Disabling automatic garbage collection
2025-11-27T16:29:35.0129023Z [command]/usr/bin/git config --local gc.auto 0
2025-11-27T16:29:35.0156729Z ##[endgroup]
2025-11-27T16:29:35.0157253Z ##[group]Setting up auth
2025-11-27T16:29:35.0165063Z [command]/usr/bin/git config --local --name-only --get-regexp core\.sshCommand
2025-11-27T16:29:35.0194032Z [command]/usr/bin/git submodule foreach --recursive sh -c "git config --local --name-only --get-regexp 'core\.sshCommand' && git config --local --unset-all 'core.sshCommand' || :"
2025-11-27T16:29:35.0510142Z [command]/usr/bin/git config --local --name-only --get-regexp http\.https\:\/\/github\.com\/\.extraheader
2025-11-27T16:29:35.0538586Z [command]/usr/bin/git submodule foreach --recursive sh -c "git config --local --name-only --get-regexp 'http\.https\:\/\/github\.com\/\.extraheader' && git config --local --unset-all 'http.https://github.com/.extraheader' || :"
2025-11-27T16:29:35.0757524Z [command]/usr/bin/git config --local --name-only --get-regexp ^includeIf\.gitdir:
2025-11-27T16:29:35.0794927Z [command]/usr/bin/git submodule foreach --recursive git config --local --show-origin --name-only --get-regexp remote.origin.url
2025-11-27T16:29:35.1020865Z [command]/usr/bin/git config --local http.https://github.com/.extraheader AUTHORIZATION: basic ***
2025-11-27T16:29:35.1058160Z ##[endgroup]
2025-11-27T16:29:35.1058810Z ##[group]Fetching the repository
2025-11-27T16:29:35.1067388Z [command]/usr/bin/git -c protocol.version=2 fetch --no-tags --prune --no-recurse-submodules --depth=1 origin +ffb72dd46c65ea2cf733ec872b5073408ba48fcc:refs/remotes/pull/3/merge
2025-11-27T16:29:35.5733115Z From https://github.com/dreamsoft-pro/RAE-agentic-memory
2025-11-27T16:29:35.5733900Z  * [new ref]         ffb72dd46c65ea2cf733ec872b5073408ba48fcc -> pull/3/merge
2025-11-27T16:29:35.5764703Z ##[endgroup]
2025-11-27T16:29:35.5765079Z ##[group]Determining the checkout info
2025-11-27T16:29:35.5767663Z ##[endgroup]
2025-11-27T16:29:35.5773310Z [command]/usr/bin/git sparse-checkout disable
2025-11-27T16:29:35.5812263Z [command]/usr/bin/git config --local --unset-all extensions.worktreeConfig
2025-11-27T16:29:35.5837015Z ##[group]Checking out the ref
2025-11-27T16:29:35.5840793Z [command]/usr/bin/git checkout --progress --force refs/remotes/pull/3/merge
2025-11-27T16:29:35.6168008Z Note: switching to 'refs/remotes/pull/3/merge'.
2025-11-27T16:29:35.6168401Z 
2025-11-27T16:29:35.6168627Z You are in 'detached HEAD' state. You can look around, make experimental
2025-11-27T16:29:35.6169140Z changes and commit them, and you can discard any commits you make in this
2025-11-27T16:29:35.6169631Z state without impacting any branches by switching back to a branch.
2025-11-27T16:29:35.6169926Z 
2025-11-27T16:29:35.6170109Z If you want to create a new branch to retain commits you create, you may
2025-11-27T16:29:35.6170555Z do so (now or later) by using -c with the switch command. Example:
2025-11-27T16:29:35.6170826Z 
2025-11-27T16:29:35.6170939Z   git switch -c <new-branch-name>
2025-11-27T16:29:35.6171115Z 
2025-11-27T16:29:35.6171212Z Or undo this operation with:
2025-11-27T16:29:35.6171369Z 
2025-11-27T16:29:35.6171447Z   git switch -
2025-11-27T16:29:35.6171679Z 
2025-11-27T16:29:35.6172141Z Turn off this advice by setting config variable advice.detachedHead to false
2025-11-27T16:29:35.6172564Z 
2025-11-27T16:29:35.6173103Z HEAD is now at ffb72dd Merge 9dbde0bfb57e59e4ed0464f13b2c2b2f99b07c95 into 5a739d4273a7a6b322457f5d2d4b9a4937081507
2025-11-27T16:29:35.6178228Z ##[endgroup]
2025-11-27T16:29:35.6213574Z [command]/usr/bin/git log -1 --format=%H
2025-11-27T16:29:35.6236030Z ffb72dd46c65ea2cf733ec872b5073408ba48fcc
2025-11-27T16:29:35.6442536Z ##[group]Run actions/setup-python@v5
2025-11-27T16:29:35.6442810Z with:
2025-11-27T16:29:35.6442986Z   python-version: 3.12
2025-11-27T16:29:35.6443182Z   cache: pip
2025-11-27T16:29:35.6443359Z   check-latest: false
2025-11-27T16:29:35.6443687Z   token: ***
2025-11-27T16:29:35.6443870Z   update-environment: true
2025-11-27T16:29:35.6444085Z   allow-prereleases: false
2025-11-27T16:29:35.6444277Z   freethreaded: false
2025-11-27T16:29:35.6444457Z ##[endgroup]
2025-11-27T16:29:35.8098101Z ##[group]Installed versions
2025-11-27T16:29:35.8205076Z Successfully set up CPython (3.12.12)
2025-11-27T16:29:35.8206221Z ##[endgroup]
2025-11-27T16:29:35.9132806Z [command]/opt/hostedtoolcache/Python/3.12.12/x64/bin/pip cache dir
2025-11-27T16:29:36.2175363Z /home/runner/.cache/pip
2025-11-27T16:29:36.3738487Z Cache hit for: setup-python-Linux-x64-24.04-Ubuntu-python-3.12.12-pip-95ebd838ea30dfa2c987f9bac75f820c290461fa42ed4bab22d8dee29c03de2a
2025-11-27T16:29:37.5186153Z Received 109051904 of 204908394 (53.2%), 104.0 MBs/sec
2025-11-27T16:29:38.2979303Z Received 204908394 of 204908394 (100.0%), 109.8 MBs/sec
2025-11-27T16:29:38.2980069Z Cache Size: ~195 MB (204908394 B)
2025-11-27T16:29:38.3092439Z [command]/usr/bin/tar -xf /home/runner/work/_temp/9725afee-6715-42c1-808a-42c1e7879d77/cache.tzst -P -C /home/runner/work/RAE-agentic-memory/RAE-agentic-memory --use-compress-program unzstd
2025-11-27T16:29:38.6371810Z Cache restored successfully
2025-11-27T16:29:38.6763407Z Cache restored from key: setup-python-Linux-x64-24.04-Ubuntu-python-3.12.12-pip-95ebd838ea30dfa2c987f9bac75f820c290461fa42ed4bab22d8dee29c03de2a
2025-11-27T16:29:38.6917704Z ##[group]Run python -m pip install --upgrade pip
2025-11-27T16:29:38.6918113Z [36;1mpython -m pip install --upgrade pip[0m
2025-11-27T16:29:38.6918427Z [36;1mpip install -r requirements-dev.txt[0m
2025-11-27T16:29:38.6918782Z [36;1mpip install -r apps/memory_api/requirements-base.txt[0m
2025-11-27T16:29:38.6919165Z [36;1mpip install -r apps/memory_api/requirements-test.txt[0m
2025-11-27T16:29:38.6919501Z [36;1mpip install -e sdk/python/rae_memory_sdk[0m
2025-11-27T16:29:38.6959866Z shell: /usr/bin/bash -e {0}
2025-11-27T16:29:38.6960110Z env:
2025-11-27T16:29:38.6960362Z   pythonLocation: /opt/hostedtoolcache/Python/3.12.12/x64
2025-11-27T16:29:38.6960987Z   PKG_CONFIG_PATH: /opt/hostedtoolcache/Python/3.12.12/x64/lib/pkgconfig
2025-11-27T16:29:38.6961390Z   Python_ROOT_DIR: /opt/hostedtoolcache/Python/3.12.12/x64
2025-11-27T16:29:38.6961738Z   Python2_ROOT_DIR: /opt/hostedtoolcache/Python/3.12.12/x64
2025-11-27T16:29:38.6962315Z   Python3_ROOT_DIR: /opt/hostedtoolcache/Python/3.12.12/x64
2025-11-27T16:29:38.6962664Z   LD_LIBRARY_PATH: /opt/hostedtoolcache/Python/3.12.12/x64/lib
2025-11-27T16:29:38.6962964Z ##[endgroup]
2025-11-27T16:29:39.5883280Z Requirement already satisfied: pip in /opt/hostedtoolcache/Python/3.12.12/x64/lib/python3.12/site-packages (25.3)
2025-11-27T16:29:40.6556329Z Collecting ruff (from -r requirements-dev.txt (line 2))
2025-11-27T16:29:40.6571666Z   Using cached ruff-0.14.6-py3-none-manylinux_2_17_x86_64.manylinux2014_x86_64.whl.metadata (25 kB)
2025-11-27T16:29:40.7051499Z Collecting pytest (from -r requirements-dev.txt (line 3))
2025-11-27T16:29:40.7064055Z   Using cached pytest-9.0.1-py3-none-any.whl.metadata (7.6 kB)
2025-11-27T16:29:40.7366140Z Collecting pytest-asyncio (from -r requirements-dev.txt (line 4))
2025-11-27T16:29:40.7377466Z   Using cached pytest_asyncio-1.3.0-py3-none-any.whl.metadata (4.1 kB)
2025-11-27T16:29:40.7629339Z Collecting pytest-cov (from -r requirements-dev.txt (line 5))
2025-11-27T16:29:40.7640894Z   Using cached pytest_cov-7.0.0-py3-none-any.whl.metadata (31 kB)
2025-11-27T16:29:40.8733843Z Collecting mypy (from -r requirements-dev.txt (line 6))
2025-11-27T16:29:40.8747092Z   Using cached mypy-1.18.2-cp312-cp312-manylinux2014_x86_64.manylinux_2_17_x86_64.manylinux_2_28_x86_64.whl.metadata (2.2 kB)
2025-11-27T16:29:40.8954901Z Collecting iniconfig>=1.0.1 (from pytest->-r requirements-dev.txt (line 3))
2025-11-27T16:29:40.8966145Z   Using cached iniconfig-2.3.0-py3-none-any.whl.metadata (2.5 kB)
2025-11-27T16:29:40.9207412Z Collecting packaging>=22 (from pytest->-r requirements-dev.txt (line 3))
2025-11-27T16:29:40.9218654Z   Using cached packaging-25.0-py3-none-any.whl.metadata (3.3 kB)
2025-11-27T16:29:40.9441251Z Collecting pluggy<2,>=1.5 (from pytest->-r requirements-dev.txt (line 3))
2025-11-27T16:29:40.9453018Z   Using cached pluggy-1.6.0-py3-none-any.whl.metadata (4.8 kB)
2025-11-27T16:29:40.9741185Z Collecting pygments>=2.7.2 (from pytest->-r requirements-dev.txt (line 3))
2025-11-27T16:29:40.9753929Z   Using cached pygments-2.19.2-py3-none-any.whl.metadata (2.5 kB)
2025-11-27T16:29:41.0164404Z Collecting typing-extensions>=4.12 (from pytest-asyncio->-r requirements-dev.txt (line 4))
2025-11-27T16:29:41.0175751Z   Using cached typing_extensions-4.15.0-py3-none-any.whl.metadata (3.3 kB)
2025-11-27T16:29:41.3957057Z Collecting coverage>=7.10.6 (from coverage[toml]>=7.10.6->pytest-cov->-r requirements-dev.txt (line 5))
2025-11-27T16:29:41.3970368Z   Using cached coverage-7.12.0-cp312-cp312-manylinux1_x86_64.manylinux_2_28_x86_64.manylinux_2_5_x86_64.whl.metadata (9.1 kB)
2025-11-27T16:29:41.4404740Z Collecting mypy_extensions>=1.0.0 (from mypy->-r requirements-dev.txt (line 6))
2025-11-27T16:29:41.4416181Z   Using cached mypy_extensions-1.1.0-py3-none-any.whl.metadata (1.1 kB)
2025-11-27T16:29:41.4617255Z Collecting pathspec>=0.9.0 (from mypy->-r requirements-dev.txt (line 6))
2025-11-27T16:29:41.4628215Z   Using cached pathspec-0.12.1-py3-none-any.whl.metadata (21 kB)
2025-11-27T16:29:41.4706254Z Using cached ruff-0.14.6-py3-none-manylinux_2_17_x86_64.manylinux2014_x86_64.whl (13.9 MB)
2025-11-27T16:29:41.4819207Z Using cached pytest-9.0.1-py3-none-any.whl (373 kB)
2025-11-27T16:29:41.4832570Z Using cached pluggy-1.6.0-py3-none-any.whl (20 kB)
2025-11-27T16:29:41.4843510Z Using cached pytest_asyncio-1.3.0-py3-none-any.whl (15 kB)
2025-11-27T16:29:41.4853965Z Using cached pytest_cov-7.0.0-py3-none-any.whl (22 kB)
2025-11-27T16:29:41.4865095Z Using cached mypy-1.18.2-cp312-cp312-manylinux2014_x86_64.manylinux_2_17_x86_64.manylinux_2_28_x86_64.whl (13.3 MB)
2025-11-27T16:29:41.4973932Z Using cached coverage-7.12.0-cp312-cp312-manylinux1_x86_64.manylinux_2_28_x86_64.manylinux_2_5_x86_64.whl (252 kB)
2025-11-27T16:29:41.4986019Z Using cached iniconfig-2.3.0-py3-none-any.whl (7.5 kB)
2025-11-27T16:29:41.5001263Z Using cached mypy_extensions-1.1.0-py3-none-any.whl (5.0 kB)
2025-11-27T16:29:41.5012299Z Using cached packaging-25.0-py3-none-any.whl (66 kB)
2025-11-27T16:29:41.5023602Z Using cached pathspec-0.12.1-py3-none-any.whl (31 kB)
2025-11-27T16:29:41.5034410Z Using cached pygments-2.19.2-py3-none-any.whl (1.2 MB)
2025-11-27T16:29:41.5054211Z Using cached typing_extensions-4.15.0-py3-none-any.whl (44 kB)
2025-11-27T16:29:41.5751418Z Installing collected packages: typing-extensions, ruff, pygments, pluggy, pathspec, packaging, mypy_extensions, iniconfig, coverage, pytest, mypy, pytest-cov, pytest-asyncio
2025-11-27T16:29:44.4295290Z 
2025-11-27T16:29:44.4316071Z Successfully installed coverage-7.12.0 iniconfig-2.3.0 mypy-1.18.2 mypy_extensions-1.1.0 packaging-25.0 pathspec-0.12.1 pluggy-1.6.0 pygments-2.19.2 pytest-9.0.1 pytest-asyncio-1.3.0 pytest-cov-7.0.0 ruff-0.14.6 typing-extensions-4.15.0
2025-11-27T16:29:45.0368210Z Collecting fastapi==0.115.0 (from -r apps/memory_api/requirements-base.txt (line 6))
2025-11-27T16:29:45.0381723Z   Using cached fastapi-0.115.0-py3-none-any.whl.metadata (27 kB)
2025-11-27T16:29:45.0803536Z Collecting uvicorn==0.38.0 (from -r apps/memory_api/requirements-base.txt (line 7))
2025-11-27T16:29:45.0815561Z   Using cached uvicorn-0.38.0-py3-none-any.whl.metadata (6.8 kB)
2025-11-27T16:29:45.2154786Z Collecting pydantic==2.12.4 (from -r apps/memory_api/requirements-base.txt (line 8))
2025-11-27T16:29:45.2167213Z   Using cached pydantic-2.12.4-py3-none-any.whl.metadata (89 kB)
2025-11-27T16:29:45.2454842Z Collecting pydantic-settings==2.12.0 (from -r apps/memory_api/requirements-base.txt (line 9))
2025-11-27T16:29:45.2466264Z   Using cached pydantic_settings-2.12.0-py3-none-any.whl.metadata (3.4 kB)
2025-11-27T16:29:45.3008456Z Collecting asyncpg==0.30.0 (from -r apps/memory_api/requirements-base.txt (line 12))
2025-11-27T16:29:45.3020758Z   Using cached asyncpg-0.30.0-cp312-cp312-manylinux_2_17_x86_64.manylinux2014_x86_64.whl.metadata (5.0 kB)
2025-11-27T16:29:45.3460293Z Collecting qdrant-client==1.10.1 (from -r apps/memory_api/requirements-base.txt (line 13))
2025-11-27T16:29:45.3472500Z   Using cached qdrant_client-1.10.1-py3-none-any.whl.metadata (10 kB)
2025-11-27T16:29:45.3714868Z Collecting pgvector==0.4.1 (from -r apps/memory_api/requirements-base.txt (line 14))
2025-11-27T16:29:45.3725985Z   Using cached pgvector-0.4.1-py3-none-any.whl.metadata (18 kB)
2025-11-27T16:29:45.4083989Z Collecting alembic==1.17.2 (from -r apps/memory_api/requirements-base.txt (line 15))
2025-11-27T16:29:45.4095819Z   Using cached alembic-1.17.2-py3-none-any.whl.metadata (7.2 kB)
2025-11-27T16:29:45.4402421Z Collecting httpx==0.27.2 (from -r apps/memory_api/requirements-base.txt (line 18))
2025-11-27T16:29:45.4413288Z   Using cached httpx-0.27.2-py3-none-any.whl.metadata (7.1 kB)
2025-11-27T16:29:45.4858634Z Collecting celery==5.5.3 (from -r apps/memory_api/requirements-base.txt (line 21))
2025-11-27T16:29:45.4869922Z   Using cached celery-5.5.3-py3-none-any.whl.metadata (22 kB)
2025-11-27T16:29:45.5442243Z Collecting redis==7.1.0 (from -r apps/memory_api/requirements-base.txt (line 22))
2025-11-27T16:29:45.5453441Z   Using cached redis-7.1.0-py3-none-any.whl.metadata (12 kB)
2025-11-27T16:29:45.5783273Z Collecting opentelemetry-sdk==1.27.0 (from -r apps/memory_api/requirements-base.txt (line 25))
2025-11-27T16:29:45.5794544Z   Using cached opentelemetry_sdk-1.27.0-py3-none-any.whl.metadata (1.5 kB)
2025-11-27T16:29:45.6123116Z Collecting opentelemetry-instrumentation-fastapi==0.48b0 (from -r apps/memory_api/requirements-base.txt (line 26))
2025-11-27T16:29:45.6134339Z   Using cached opentelemetry_instrumentation_fastapi-0.48b0-py3-none-any.whl.metadata (2.1 kB)
2025-11-27T16:29:45.6414806Z Collecting prometheus-fastapi-instrumentator==7.1.0 (from -r apps/memory_api/requirements-base.txt (line 27))
2025-11-27T16:29:45.6425976Z   Using cached prometheus_fastapi_instrumentator-7.1.0-py3-none-any.whl.metadata (13 kB)
2025-11-27T16:29:45.6698254Z Collecting prometheus_client==0.23.1 (from -r apps/memory_api/requirements-base.txt (line 28))
2025-11-27T16:29:45.6709320Z   Using cached prometheus_client-0.23.1-py3-none-any.whl.metadata (1.9 kB)
2025-11-27T16:29:45.6966438Z Collecting structlog==25.5.0 (from -r apps/memory_api/requirements-base.txt (line 29))
2025-11-27T16:29:45.6978011Z   Using cached structlog-25.5.0-py3-none-any.whl.metadata (9.5 kB)
2025-11-27T16:29:45.8889789Z Collecting litellm==1.80.0 (from -r apps/memory_api/requirements-base.txt (line 32))
2025-11-27T16:29:45.8902764Z   Using cached litellm-1.80.0-py3-none-any.whl.metadata (30 kB)
2025-11-27T16:29:45.9655090Z Collecting openai==2.8.1 (from -r apps/memory_api/requirements-base.txt (line 33))
2025-11-27T16:29:45.9667587Z   Using cached openai-2.8.1-py3-none-any.whl.metadata (29 kB)
2025-11-27T16:29:46.0119335Z Collecting anthropic==0.74.1 (from -r apps/memory_api/requirements-base.txt (line 34))
2025-11-27T16:29:46.0131808Z   Using cached anthropic-0.74.1-py3-none-any.whl.metadata (28 kB)
2025-11-27T16:29:46.0391358Z Collecting google-generativeai==0.8.5 (from -r apps/memory_api/requirements-base.txt (line 35))
2025-11-27T16:29:46.0402816Z   Using cached google_generativeai-0.8.5-py3-none-any.whl.metadata (3.9 kB)
2025-11-27T16:29:46.0686601Z Collecting tenacity==9.1.2 (from -r apps/memory_api/requirements-base.txt (line 38))
2025-11-27T16:29:46.0697550Z   Using cached tenacity-9.1.2-py3-none-any.whl.metadata (1.2 kB)
2025-11-27T16:29:46.0938255Z Collecting python-jose==3.5.0 (from python-jose[cryptography]==3.5.0->-r apps/memory_api/requirements-base.txt (line 39))
2025-11-27T16:29:46.0949281Z   Using cached python_jose-3.5.0-py2.py3-none-any.whl.metadata (5.5 kB)
2025-11-27T16:29:46.1803640Z Collecting zstandard==0.25.0 (from -r apps/memory_api/requirements-base.txt (line 40))
2025-11-27T16:29:46.1817121Z   Using cached zstandard-0.25.0-cp312-cp312-manylinux2014_x86_64.manylinux_2_17_x86_64.whl.metadata (3.3 kB)
2025-11-27T16:29:46.2652579Z Collecting starlette<0.39.0,>=0.37.2 (from fastapi==0.115.0->-r apps/memory_api/requirements-base.txt (line 6))
2025-11-27T16:29:46.2666163Z   Using cached starlette-0.38.6-py3-none-any.whl.metadata (6.0 kB)
2025-11-27T16:29:46.2966479Z Requirement already satisfied: typing-extensions>=4.8.0 in /opt/hostedtoolcache/Python/3.12.12/x64/lib/python3.12/site-packages (from fastapi==0.115.0->-r apps/memory_api/requirements-base.txt (line 6)) (4.15.0)
2025-11-27T16:29:46.3175805Z Collecting annotated-types>=0.6.0 (from pydantic==2.12.4->-r apps/memory_api/requirements-base.txt (line 8))
2025-11-27T16:29:46.3187255Z   Using cached annotated_types-0.7.0-py3-none-any.whl.metadata (15 kB)
2025-11-27T16:29:47.0109645Z Collecting pydantic-core==2.41.5 (from pydantic==2.12.4->-r apps/memory_api/requirements-base.txt (line 8))
2025-11-27T16:29:47.0123200Z   Using cached pydantic_core-2.41.5-cp312-cp312-manylinux_2_17_x86_64.manylinux2014_x86_64.whl.metadata (7.3 kB)
2025-11-27T16:29:47.0345521Z Collecting typing-inspection>=0.4.2 (from pydantic==2.12.4->-r apps/memory_api/requirements-base.txt (line 8))
2025-11-27T16:29:47.0358108Z   Using cached typing_inspection-0.4.2-py3-none-any.whl.metadata (2.6 kB)
2025-11-27T16:29:47.0667046Z Collecting click>=7.0 (from uvicorn==0.38.0->-r apps/memory_api/requirements-base.txt (line 7))
2025-11-27T16:29:47.0679254Z   Using cached click-8.3.1-py3-none-any.whl.metadata (2.6 kB)
2025-11-27T16:29:47.0900200Z Collecting h11>=0.8 (from uvicorn==0.38.0->-r apps/memory_api/requirements-base.txt (line 7))
2025-11-27T16:29:47.0911585Z   Using cached h11-0.16.0-py3-none-any.whl.metadata (8.3 kB)
2025-11-27T16:29:47.1471683Z Collecting python-dotenv>=0.21.0 (from pydantic-settings==2.12.0->-r apps/memory_api/requirements-base.txt (line 9))
2025-11-27T16:29:47.1483842Z   Using cached python_dotenv-1.2.1-py3-none-any.whl.metadata (25 kB)
2025-11-27T16:29:47.6430608Z Collecting grpcio>=1.41.0 (from qdrant-client==1.10.1->-r apps/memory_api/requirements-base.txt (line 13))
2025-11-27T16:29:47.6444629Z   Using cached grpcio-1.76.0-cp312-cp312-manylinux2014_x86_64.manylinux_2_17_x86_64.whl.metadata (3.7 kB)
2025-11-27T16:29:48.2114061Z Collecting grpcio-tools>=1.41.0 (from qdrant-client==1.10.1->-r apps/memory_api/requirements-base.txt (line 13))
2025-11-27T16:29:48.2128322Z   Using cached grpcio_tools-1.76.0-cp312-cp312-manylinux2014_x86_64.manylinux_2_17_x86_64.whl.metadata (5.3 kB)
2025-11-27T16:29:48.4056413Z Collecting numpy>=1.26 (from qdrant-client==1.10.1->-r apps/memory_api/requirements-base.txt (line 13))
2025-11-27T16:29:48.4070263Z   Using cached numpy-2.3.5-cp312-cp312-manylinux_2_27_x86_64.manylinux_2_28_x86_64.whl.metadata (62 kB)
2025-11-27T16:29:48.4454796Z Collecting portalocker<3.0.0,>=2.7.0 (from qdrant-client==1.10.1->-r apps/memory_api/requirements-base.txt (line 13))
2025-11-27T16:29:48.4466504Z   Using cached portalocker-2.10.1-py3-none-any.whl.metadata (8.5 kB)
2025-11-27T16:29:48.5105727Z Collecting urllib3<3,>=1.26.14 (from qdrant-client==1.10.1->-r apps/memory_api/requirements-base.txt (line 13))
2025-11-27T16:29:48.5117219Z   Using cached urllib3-2.5.0-py3-none-any.whl.metadata (6.5 kB)
2025-11-27T16:29:48.8425416Z Collecting SQLAlchemy>=1.4.0 (from alembic==1.17.2->-r apps/memory_api/requirements-base.txt (line 15))
2025-11-27T16:29:48.8439723Z   Using cached sqlalchemy-2.0.44-cp312-cp312-manylinux_2_17_x86_64.manylinux2014_x86_64.whl.metadata (9.5 kB)
2025-11-27T16:29:48.8807882Z Collecting Mako (from alembic==1.17.2->-r apps/memory_api/requirements-base.txt (line 15))
2025-11-27T16:29:48.8820106Z   Using cached mako-1.3.10-py3-none-any.whl.metadata (2.9 kB)
2025-11-27T16:29:48.9144085Z Collecting anyio (from httpx==0.27.2->-r apps/memory_api/requirements-base.txt (line 18))
2025-11-27T16:29:48.9157013Z   Using cached anyio-4.11.0-py3-none-any.whl.metadata (4.1 kB)
2025-11-27T16:29:48.9500457Z Collecting certifi (from httpx==0.27.2->-r apps/memory_api/requirements-base.txt (line 18))
2025-11-27T16:29:48.9513648Z   Using cached certifi-2025.11.12-py3-none-any.whl.metadata (2.5 kB)
2025-11-27T16:29:48.9826448Z Collecting httpcore==1.* (from httpx==0.27.2->-r apps/memory_api/requirements-base.txt (line 18))
2025-11-27T16:29:48.9838440Z   Using cached httpcore-1.0.9-py3-none-any.whl.metadata (21 kB)
2025-11-27T16:29:49.0097816Z Collecting idna (from httpx==0.27.2->-r apps/memory_api/requirements-base.txt (line 18))
2025-11-27T16:29:49.0109604Z   Using cached idna-3.11-py3-none-any.whl.metadata (8.4 kB)
2025-11-27T16:29:49.0324912Z Collecting sniffio (from httpx==0.27.2->-r apps/memory_api/requirements-base.txt (line 18))
2025-11-27T16:29:49.0336618Z   Using cached sniffio-1.3.1-py3-none-any.whl.metadata (3.9 kB)
2025-11-27T16:29:49.0637832Z Collecting billiard<5.0,>=4.2.1 (from celery==5.5.3->-r apps/memory_api/requirements-base.txt (line 21))
2025-11-27T16:29:49.0649394Z   Using cached billiard-4.2.3-py3-none-any.whl.metadata (4.8 kB)
2025-11-27T16:29:49.1077675Z Collecting kombu<5.6,>=5.5.2 (from celery==5.5.3->-r apps/memory_api/requirements-base.txt (line 21))
2025-11-27T16:29:49.1089593Z   Using cached kombu-5.5.4-py3-none-any.whl.metadata (3.5 kB)
2025-11-27T16:29:49.1360181Z Collecting vine<6.0,>=5.1.0 (from celery==5.5.3->-r apps/memory_api/requirements-base.txt (line 21))
2025-11-27T16:29:49.1371810Z   Using cached vine-5.1.0-py3-none-any.whl.metadata (2.7 kB)
2025-11-27T16:29:49.1637394Z Collecting click-didyoumean>=0.3.0 (from celery==5.5.3->-r apps/memory_api/requirements-base.txt (line 21))
2025-11-27T16:29:49.1648906Z   Using cached click_didyoumean-0.3.1-py3-none-any.whl.metadata (3.9 kB)
2025-11-27T16:29:49.1916790Z Collecting click-repl>=0.2.0 (from celery==5.5.3->-r apps/memory_api/requirements-base.txt (line 21))
2025-11-27T16:29:49.1928981Z   Using cached click_repl-0.3.0-py3-none-any.whl.metadata (3.6 kB)
2025-11-27T16:29:49.2148197Z Collecting click-plugins>=1.1.1 (from celery==5.5.3->-r apps/memory_api/requirements-base.txt (line 21))
2025-11-27T16:29:49.2160050Z   Using cached click_plugins-1.1.1.2-py2.py3-none-any.whl.metadata (6.5 kB)
2025-11-27T16:29:49.2411373Z Collecting python-dateutil>=2.8.2 (from celery==5.5.3->-r apps/memory_api/requirements-base.txt (line 21))
2025-11-27T16:29:49.2423700Z   Using cached python_dateutil-2.9.0.post0-py2.py3-none-any.whl.metadata (8.4 kB)
2025-11-27T16:29:49.2754988Z Collecting opentelemetry-api==1.27.0 (from opentelemetry-sdk==1.27.0->-r apps/memory_api/requirements-base.txt (line 25))
2025-11-27T16:29:49.2767077Z   Using cached opentelemetry_api-1.27.0-py3-none-any.whl.metadata (1.4 kB)
2025-11-27T16:29:49.3055031Z Collecting opentelemetry-semantic-conventions==0.48b0 (from opentelemetry-sdk==1.27.0->-r apps/memory_api/requirements-base.txt (line 25))
2025-11-27T16:29:49.3067098Z   Using cached opentelemetry_semantic_conventions-0.48b0-py3-none-any.whl.metadata (2.4 kB)
2025-11-27T16:29:49.3454021Z Collecting opentelemetry-instrumentation-asgi==0.48b0 (from opentelemetry-instrumentation-fastapi==0.48b0->-r apps/memory_api/requirements-base.txt (line 26))
2025-11-27T16:29:49.3466363Z   Using cached opentelemetry_instrumentation_asgi-0.48b0-py3-none-any.whl.metadata (2.0 kB)
2025-11-27T16:29:49.3765140Z Collecting opentelemetry-instrumentation==0.48b0 (from opentelemetry-instrumentation-fastapi==0.48b0->-r apps/memory_api/requirements-base.txt (line 26))
2025-11-27T16:29:49.3776932Z   Using cached opentelemetry_instrumentation-0.48b0-py3-none-any.whl.metadata (6.1 kB)
2025-11-27T16:29:49.4109727Z Collecting opentelemetry-util-http==0.48b0 (from opentelemetry-instrumentation-fastapi==0.48b0->-r apps/memory_api/requirements-base.txt (line 26))
2025-11-27T16:29:49.4122523Z   Using cached opentelemetry_util_http-0.48b0-py3-none-any.whl.metadata (2.5 kB)
2025-11-27T16:29:49.4427911Z Collecting deprecated>=1.2.6 (from opentelemetry-api==1.27.0->opentelemetry-sdk==1.27.0->-r apps/memory_api/requirements-base.txt (line 25))
2025-11-27T16:29:49.4439737Z   Using cached deprecated-1.3.1-py2.py3-none-any.whl.metadata (5.9 kB)
2025-11-27T16:29:49.4869340Z Collecting importlib-metadata<=8.4.0,>=6.0 (from opentelemetry-api==1.27.0->opentelemetry-sdk==1.27.0->-r apps/memory_api/requirements-base.txt (line 25))
2025-11-27T16:29:49.4881093Z   Using cached importlib_metadata-8.4.0-py3-none-any.whl.metadata (4.7 kB)
2025-11-27T16:29:50.0741793Z Collecting aiohttp>=3.10 (from litellm==1.80.0->-r apps/memory_api/requirements-base.txt (line 32))
2025-11-27T16:29:50.0756263Z   Using cached aiohttp-3.13.2-cp312-cp312-manylinux2014_x86_64.manylinux_2_17_x86_64.manylinux_2_28_x86_64.whl.metadata (8.1 kB)
2025-11-27T16:29:50.1203076Z Collecting fastuuid>=0.13.0 (from litellm==1.80.0->-r apps/memory_api/requirements-base.txt (line 32))
2025-11-27T16:29:50.1215506Z   Using cached fastuuid-0.14.0-cp312-cp312-manylinux_2_17_x86_64.manylinux2014_x86_64.whl.metadata (1.1 kB)
2025-11-27T16:29:50.1631098Z Collecting jinja2<4.0.0,>=3.1.2 (from litellm==1.80.0->-r apps/memory_api/requirements-base.txt (line 32))
2025-11-27T16:29:50.1642863Z   Using cached jinja2-3.1.6-py3-none-any.whl.metadata (2.9 kB)
2025-11-27T16:29:50.1995047Z Collecting jsonschema<5.0.0,>=4.22.0 (from litellm==1.80.0->-r apps/memory_api/requirements-base.txt (line 32))
2025-11-27T16:29:50.2007335Z   Using cached jsonschema-4.25.1-py3-none-any.whl.metadata (7.6 kB)
2025-11-27T16:29:50.2979215Z Collecting tiktoken>=0.7.0 (from litellm==1.80.0->-r apps/memory_api/requirements-base.txt (line 32))
2025-11-27T16:29:50.2992310Z   Using cached tiktoken-0.12.0-cp312-cp312-manylinux_2_28_x86_64.whl.metadata (6.7 kB)
2025-11-27T16:29:50.4578777Z Collecting tokenizers (from litellm==1.80.0->-r apps/memory_api/requirements-base.txt (line 32))
2025-11-27T16:29:50.4592650Z   Using cached tokenizers-0.22.1-cp39-abi3-manylinux_2_17_x86_64.manylinux2014_x86_64.whl.metadata (6.8 kB)
2025-11-27T16:29:50.4903749Z Collecting distro<2,>=1.7.0 (from openai==2.8.1->-r apps/memory_api/requirements-base.txt (line 33))
2025-11-27T16:29:50.4915274Z   Using cached distro-1.9.0-py3-none-any.whl.metadata (6.8 kB)
2025-11-27T16:29:50.5817203Z Collecting jiter<1,>=0.10.0 (from openai==2.8.1->-r apps/memory_api/requirements-base.txt (line 33))
2025-11-27T16:29:50.5829205Z   Using cached jiter-0.12.0-cp312-cp312-manylinux_2_17_x86_64.manylinux2014_x86_64.whl.metadata (5.2 kB)
2025-11-27T16:29:50.6581739Z Collecting tqdm>4 (from openai==2.8.1->-r apps/memory_api/requirements-base.txt (line 33))
2025-11-27T16:29:50.6594349Z   Using cached tqdm-4.67.1-py3-none-any.whl.metadata (57 kB)
2025-11-27T16:29:50.6888492Z Collecting docstring-parser<1,>=0.15 (from anthropic==0.74.1->-r apps/memory_api/requirements-base.txt (line 34))
2025-11-27T16:29:50.6899837Z   Using cached docstring_parser-0.17.0-py3-none-any.whl.metadata (3.5 kB)
2025-11-27T16:29:50.7289032Z Collecting google-ai-generativelanguage==0.6.15 (from google-generativeai==0.8.5->-r apps/memory_api/requirements-base.txt (line 35))
2025-11-27T16:29:50.7300169Z   Using cached google_ai_generativelanguage-0.6.15-py3-none-any.whl.metadata (5.7 kB)
2025-11-27T16:29:50.7764058Z Collecting google-api-core (from google-generativeai==0.8.5->-r apps/memory_api/requirements-base.txt (line 35))
2025-11-27T16:29:50.7776438Z   Using cached google_api_core-2.28.1-py3-none-any.whl.metadata (3.3 kB)
2025-11-27T16:29:50.8458775Z Collecting google-api-python-client (from google-generativeai==0.8.5->-r apps/memory_api/requirements-base.txt (line 35))
2025-11-27T16:29:50.8470868Z   Using cached google_api_python_client-2.187.0-py3-none-any.whl.metadata (7.0 kB)
2025-11-27T16:29:50.8961557Z Collecting google-auth>=2.15.0 (from google-generativeai==0.8.5->-r apps/memory_api/requirements-base.txt (line 35))
2025-11-27T16:29:50.8974133Z   Using cached google_auth-2.43.0-py2.py3-none-any.whl.metadata (6.6 kB)
2025-11-27T16:29:51.0743293Z Collecting protobuf (from google-generativeai==0.8.5->-r apps/memory_api/requirements-base.txt (line 35))
2025-11-27T16:29:51.0757315Z   Using cached protobuf-6.33.1-cp39-abi3-manylinux2014_x86_64.whl.metadata (593 bytes)
2025-11-27T16:29:51.1062638Z Collecting ecdsa!=0.15 (from python-jose==3.5.0->python-jose[cryptography]==3.5.0->-r apps/memory_api/requirements-base.txt (line 39))
2025-11-27T16:29:51.1074905Z   Using cached ecdsa-0.19.1-py2.py3-none-any.whl.metadata (29 kB)
2025-11-27T16:29:51.1391474Z Collecting rsa!=4.1.1,!=4.4,<5.0,>=4.0 (from python-jose==3.5.0->python-jose[cryptography]==3.5.0->-r apps/memory_api/requirements-base.txt (line 39))
2025-11-27T16:29:51.1405435Z   Using cached rsa-4.9.1-py3-none-any.whl.metadata (5.6 kB)
2025-11-27T16:29:51.1729448Z Collecting pyasn1>=0.5.0 (from python-jose==3.5.0->python-jose[cryptography]==3.5.0->-r apps/memory_api/requirements-base.txt (line 39))
2025-11-27T16:29:51.1741248Z   Using cached pyasn1-0.6.1-py3-none-any.whl.metadata (8.4 kB)
2025-11-27T16:29:51.3524330Z Collecting proto-plus<2.0.0dev,>=1.22.3 (from google-ai-generativelanguage==0.6.15->google-generativeai==0.8.5->-r apps/memory_api/requirements-base.txt (line 35))
2025-11-27T16:29:51.3535445Z   Using cached proto_plus-1.26.1-py3-none-any.whl.metadata (2.2 kB)
2025-11-27T16:29:51.4424147Z Collecting protobuf (from google-generativeai==0.8.5->-r apps/memory_api/requirements-base.txt (line 35))
2025-11-27T16:29:51.4437230Z   Using cached protobuf-5.29.5-cp38-abi3-manylinux2014_x86_64.whl.metadata (592 bytes)
2025-11-27T16:29:51.6875700Z Collecting setuptools>=16.0 (from opentelemetry-instrumentation==0.48b0->opentelemetry-instrumentation-fastapi==0.48b0->-r apps/memory_api/requirements-base.txt (line 26))
2025-11-27T16:29:51.6888237Z   Using cached setuptools-80.9.0-py3-none-any.whl.metadata (6.6 kB)
2025-11-27T16:29:51.8430718Z Collecting wrapt<2.0.0,>=1.0.0 (from opentelemetry-instrumentation==0.48b0->opentelemetry-instrumentation-fastapi==0.48b0->-r apps/memory_api/requirements-base.txt (line 26))
2025-11-27T16:29:51.8444509Z   Using cached wrapt-1.17.3-cp312-cp312-manylinux1_x86_64.manylinux_2_28_x86_64.manylinux_2_5_x86_64.whl.metadata (6.4 kB)
2025-11-27T16:29:51.8819793Z Collecting asgiref~=3.0 (from opentelemetry-instrumentation-asgi==0.48b0->opentelemetry-instrumentation-fastapi==0.48b0->-r apps/memory_api/requirements-base.txt (line 26))
2025-11-27T16:29:51.8831025Z   Using cached asgiref-3.11.0-py3-none-any.whl.metadata (9.3 kB)
2025-11-27T16:29:52.0885056Z Collecting cryptography>=3.4.0 (from python-jose[cryptography]==3.5.0->-r apps/memory_api/requirements-base.txt (line 39))
2025-11-27T16:29:52.0898955Z   Using cached cryptography-46.0.3-cp311-abi3-manylinux_2_34_x86_64.whl.metadata (5.7 kB)
2025-11-27T16:29:52.1416937Z Collecting googleapis-common-protos<2.0.0,>=1.56.2 (from google-api-core->google-generativeai==0.8.5->-r apps/memory_api/requirements-base.txt (line 35))
2025-11-27T16:29:52.1428656Z   Using cached googleapis_common_protos-1.72.0-py3-none-any.whl.metadata (9.4 kB)
2025-11-27T16:29:52.3330625Z Collecting requests<3.0.0,>=2.18.0 (from google-api-core->google-generativeai==0.8.5->-r apps/memory_api/requirements-base.txt (line 35))
2025-11-27T16:29:52.3342690Z   Using cached requests-2.32.5-py3-none-any.whl.metadata (4.9 kB)
2025-11-27T16:29:52.4166810Z Collecting grpcio-status<2.0.0,>=1.33.2 (from google-api-core[grpc]!=2.0.*,!=2.1.*,!=2.10.*,!=2.2.*,!=2.3.*,!=2.4.*,!=2.5.*,!=2.6.*,!=2.7.*,!=2.8.*,!=2.9.*,<3.0.0dev,>=1.34.1->google-ai-generativelanguage==0.6.15->google-generativeai==0.8.5->-r apps/memory_api/requirements-base.txt (line 35))
2025-11-27T16:29:52.4180054Z   Using cached grpcio_status-1.76.0-py3-none-any.whl.metadata (1.1 kB)
2025-11-27T16:29:52.4671162Z Collecting cachetools<7.0,>=2.0.0 (from google-auth>=2.15.0->google-generativeai==0.8.5->-r apps/memory_api/requirements-base.txt (line 35))
2025-11-27T16:29:52.4683745Z   Using cached cachetools-6.2.2-py3-none-any.whl.metadata (5.6 kB)
2025-11-27T16:29:52.4985470Z Collecting pyasn1-modules>=0.2.1 (from google-auth>=2.15.0->google-generativeai==0.8.5->-r apps/memory_api/requirements-base.txt (line 35))
2025-11-27T16:29:52.4997669Z   Using cached pyasn1_modules-0.4.2-py3-none-any.whl.metadata (3.5 kB)
2025-11-27T16:29:52.5947853Z INFO: pip is looking at multiple versions of grpcio-status to determine which version is compatible with other requirements. This could take a while.
2025-11-27T16:29:52.5955740Z Collecting grpcio-status<2.0.0,>=1.33.2 (from google-api-core[grpc]!=2.0.*,!=2.1.*,!=2.10.*,!=2.2.*,!=2.3.*,!=2.4.*,!=2.5.*,!=2.6.*,!=2.7.*,!=2.8.*,!=2.9.*,<3.0.0dev,>=1.34.1->google-ai-generativelanguage==0.6.15->google-generativeai==0.8.5->-r apps/memory_api/requirements-base.txt (line 35))
2025-11-27T16:29:52.5969392Z   Using cached grpcio_status-1.75.1-py3-none-any.whl.metadata (1.1 kB)
2025-11-27T16:29:52.6019469Z   Using cached grpcio_status-1.75.0-py3-none-any.whl.metadata (1.1 kB)
2025-11-27T16:29:52.6067465Z   Using cached grpcio_status-1.74.0-py3-none-any.whl.metadata (1.1 kB)
2025-11-27T16:29:52.6115486Z   Using cached grpcio_status-1.73.1-py3-none-any.whl.metadata (1.1 kB)
2025-11-27T16:29:52.7121058Z   Using cached grpcio_status-1.73.0-py3-none-any.whl.metadata (1.1 kB)
2025-11-27T16:29:52.7172326Z   Using cached grpcio_status-1.72.2-py3-none-any.whl.metadata (1.1 kB)
2025-11-27T16:29:52.7220113Z   Using cached grpcio_status-1.72.1-py3-none-any.whl.metadata (1.1 kB)
2025-11-27T16:29:52.7255299Z INFO: pip is still looking at multiple versions of grpcio-status to determine which version is compatible with other requirements. This could take a while.
2025-11-27T16:29:52.7270204Z   Using cached grpcio_status-1.71.2-py3-none-any.whl.metadata (1.1 kB)
2025-11-27T16:29:52.8923792Z Collecting zipp>=0.5 (from importlib-metadata<=8.4.0,>=6.0->opentelemetry-api==1.27.0->opentelemetry-sdk==1.27.0->-r apps/memory_api/requirements-base.txt (line 25))
2025-11-27T16:29:52.8935648Z   Using cached zipp-3.23.0-py3-none-any.whl.metadata (3.6 kB)
2025-11-27T16:29:52.9604519Z Collecting MarkupSafe>=2.0 (from jinja2<4.0.0,>=3.1.2->litellm==1.80.0->-r apps/memory_api/requirements-base.txt (line 32))
2025-11-27T16:29:52.9617774Z   Using cached markupsafe-3.0.3-cp312-cp312-manylinux2014_x86_64.manylinux_2_17_x86_64.manylinux_2_28_x86_64.whl.metadata (2.7 kB)
2025-11-27T16:29:52.9929772Z Collecting attrs>=22.2.0 (from jsonschema<5.0.0,>=4.22.0->litellm==1.80.0->-r apps/memory_api/requirements-base.txt (line 32))
2025-11-27T16:29:52.9941303Z   Using cached attrs-25.4.0-py3-none-any.whl.metadata (10 kB)
2025-11-27T16:29:53.0191463Z Collecting jsonschema-specifications>=2023.03.6 (from jsonschema<5.0.0,>=4.22.0->litellm==1.80.0->-r apps/memory_api/requirements-base.txt (line 32))
2025-11-27T16:29:53.0202871Z   Using cached jsonschema_specifications-2025.9.1-py3-none-any.whl.metadata (2.9 kB)
2025-11-27T16:29:53.0568689Z Collecting referencing>=0.28.4 (from jsonschema<5.0.0,>=4.22.0->litellm==1.80.0->-r apps/memory_api/requirements-base.txt (line 32))
2025-11-27T16:29:53.0579961Z   Using cached referencing-0.37.0-py3-none-any.whl.metadata (2.8 kB)
2025-11-27T16:29:53.3316218Z Collecting rpds-py>=0.7.1 (from jsonschema<5.0.0,>=4.22.0->litellm==1.80.0->-r apps/memory_api/requirements-base.txt (line 32))
2025-11-27T16:29:53.3329850Z   Using cached rpds_py-0.29.0-cp312-cp312-manylinux_2_17_x86_64.manylinux2014_x86_64.whl.metadata (4.1 kB)
2025-11-27T16:29:53.3661457Z Collecting amqp<6.0.0,>=5.1.1 (from kombu<5.6,>=5.5.2->celery==5.5.3->-r apps/memory_api/requirements-base.txt (line 21))
2025-11-27T16:29:53.3673204Z   Using cached amqp-5.3.1-py3-none-any.whl.metadata (8.9 kB)
2025-11-27T16:29:53.3932955Z Collecting tzdata>=2025.2 (from kombu<5.6,>=5.5.2->celery==5.5.3->-r apps/memory_api/requirements-base.txt (line 21))
2025-11-27T16:29:53.3944437Z   Using cached tzdata-2025.2-py2.py3-none-any.whl.metadata (1.4 kB)
2025-11-27T16:29:53.3959909Z Requirement already satisfied: packaging in /opt/hostedtoolcache/Python/3.12.12/x64/lib/python3.12/site-packages (from kombu<5.6,>=5.5.2->celery==5.5.3->-r apps/memory_api/requirements-base.txt (line 21)) (25.0)
2025-11-27T16:29:53.6071391Z Collecting charset_normalizer<4,>=2 (from requests<3.0.0,>=2.18.0->google-api-core->google-generativeai==0.8.5->-r apps/memory_api/requirements-base.txt (line 35))
2025-11-27T16:29:53.6084446Z   Using cached charset_normalizer-3.4.4-cp312-cp312-manylinux2014_x86_64.manylinux_2_17_x86_64.manylinux_2_28_x86_64.whl.metadata (37 kB)
2025-11-27T16:29:53.6829418Z Collecting aiohappyeyeballs>=2.5.0 (from aiohttp>=3.10->litellm==1.80.0->-r apps/memory_api/requirements-base.txt (line 32))
2025-11-27T16:29:53.6841043Z   Using cached aiohappyeyeballs-2.6.1-py3-none-any.whl.metadata (5.9 kB)
2025-11-27T16:29:53.7063693Z Collecting aiosignal>=1.4.0 (from aiohttp>=3.10->litellm==1.80.0->-r apps/memory_api/requirements-base.txt (line 32))
2025-11-27T16:29:53.7075520Z   Using cached aiosignal-1.4.0-py3-none-any.whl.metadata (3.7 kB)
2025-11-27T16:29:53.7903693Z Collecting frozenlist>=1.1.1 (from aiohttp>=3.10->litellm==1.80.0->-r apps/memory_api/requirements-base.txt (line 32))
2025-11-27T16:29:53.7917810Z   Using cached frozenlist-1.8.0-cp312-cp312-manylinux1_x86_64.manylinux_2_28_x86_64.manylinux_2_5_x86_64.whl.metadata (20 kB)
2025-11-27T16:29:54.1470169Z Collecting multidict<7.0,>=4.5 (from aiohttp>=3.10->litellm==1.80.0->-r apps/memory_api/requirements-base.txt (line 32))
2025-11-27T16:29:54.1483934Z   Using cached multidict-6.7.0-cp312-cp312-manylinux2014_x86_64.manylinux_2_17_x86_64.manylinux_2_28_x86_64.whl.metadata (5.3 kB)
2025-11-27T16:29:54.2141143Z Collecting propcache>=0.2.0 (from aiohttp>=3.10->litellm==1.80.0->-r apps/memory_api/requirements-base.txt (line 32))
2025-11-27T16:29:54.2153813Z   Using cached propcache-0.4.1-cp312-cp312-manylinux2014_x86_64.manylinux_2_17_x86_64.manylinux_2_28_x86_64.whl.metadata (13 kB)
2025-11-27T16:29:54.4761682Z Collecting yarl<2.0,>=1.17.0 (from aiohttp>=3.10->litellm==1.80.0->-r apps/memory_api/requirements-base.txt (line 32))
2025-11-27T16:29:54.4775709Z   Using cached yarl-1.22.0-cp312-cp312-manylinux2014_x86_64.manylinux_2_17_x86_64.manylinux_2_28_x86_64.whl.metadata (75 kB)
2025-11-27T16:29:54.5728524Z Collecting prompt-toolkit>=3.0.36 (from click-repl>=0.2.0->celery==5.5.3->-r apps/memory_api/requirements-base.txt (line 21))
2025-11-27T16:29:54.5740693Z   Using cached prompt_toolkit-3.0.52-py3-none-any.whl.metadata (6.4 kB)
2025-11-27T16:29:54.6906901Z Collecting cffi>=2.0.0 (from cryptography>=3.4.0->python-jose[cryptography]==3.5.0->-r apps/memory_api/requirements-base.txt (line 39))
2025-11-27T16:29:54.6921488Z   Using cached cffi-2.0.0-cp312-cp312-manylinux2014_x86_64.manylinux_2_17_x86_64.whl.metadata (2.6 kB)
2025-11-27T16:29:54.7189944Z Collecting pycparser (from cffi>=2.0.0->cryptography>=3.4.0->python-jose[cryptography]==3.5.0->-r apps/memory_api/requirements-base.txt (line 39))
2025-11-27T16:29:54.7202518Z   Using cached pycparser-2.23-py3-none-any.whl.metadata (993 bytes)
2025-11-27T16:29:54.7576695Z Collecting six>=1.9.0 (from ecdsa!=0.15->python-jose==3.5.0->python-jose[cryptography]==3.5.0->-r apps/memory_api/requirements-base.txt (line 39))
2025-11-27T16:29:54.7588830Z   Using cached six-1.17.0-py2.py3-none-any.whl.metadata (1.7 kB)
2025-11-27T16:29:54.8456565Z INFO: pip is looking at multiple versions of grpcio-tools to determine which version is compatible with other requirements. This could take a while.
2025-11-27T16:29:54.8462383Z Collecting grpcio-tools>=1.41.0 (from qdrant-client==1.10.1->-r apps/memory_api/requirements-base.txt (line 13))
2025-11-27T16:29:54.8474795Z   Using cached grpcio_tools-1.75.1-cp312-cp312-manylinux2014_x86_64.manylinux_2_17_x86_64.whl.metadata (5.3 kB)
2025-11-27T16:29:54.8534096Z   Using cached grpcio_tools-1.75.0-cp312-cp312-manylinux2014_x86_64.manylinux_2_17_x86_64.whl.metadata (5.3 kB)
2025-11-27T16:29:54.8594178Z   Using cached grpcio_tools-1.74.0-cp312-cp312-manylinux_2_17_x86_64.manylinux2014_x86_64.whl.metadata (5.3 kB)
2025-11-27T16:29:54.8656198Z   Using cached grpcio_tools-1.73.1-cp312-cp312-manylinux_2_17_x86_64.manylinux2014_x86_64.whl.metadata (5.3 kB)
2025-11-27T16:29:54.9701671Z   Using cached grpcio_tools-1.73.0-cp312-cp312-manylinux_2_17_x86_64.manylinux2014_x86_64.whl.metadata (5.3 kB)
2025-11-27T16:29:54.9762709Z   Using cached grpcio_tools-1.72.2-cp312-cp312-manylinux_2_17_x86_64.manylinux2014_x86_64.whl.metadata (5.3 kB)
2025-11-27T16:29:54.9822425Z   Using cached grpcio_tools-1.72.1-cp312-cp312-manylinux_2_17_x86_64.manylinux2014_x86_64.whl.metadata (5.3 kB)
2025-11-27T16:29:54.9869641Z INFO: pip is still looking at multiple versions of grpcio-tools to determine which version is compatible with other requirements. This could take a while.
2025-11-27T16:29:54.9885139Z   Using cached grpcio_tools-1.71.2-cp312-cp312-manylinux_2_17_x86_64.manylinux2014_x86_64.whl.metadata (5.3 kB)
2025-11-27T16:29:55.0257745Z Collecting h2<5,>=3 (from httpx[http2]>=0.20.0->qdrant-client==1.10.1->-r apps/memory_api/requirements-base.txt (line 13))
2025-11-27T16:29:55.0269216Z   Using cached h2-4.3.0-py3-none-any.whl.metadata (5.1 kB)
2025-11-27T16:29:55.0545394Z Collecting hyperframe<7,>=6.1 (from h2<5,>=3->httpx[http2]>=0.20.0->qdrant-client==1.10.1->-r apps/memory_api/requirements-base.txt (line 13))
2025-11-27T16:29:55.0557396Z   Using cached hyperframe-6.1.0-py3-none-any.whl.metadata (4.3 kB)
2025-11-27T16:29:55.0780181Z Collecting hpack<5,>=4.1 (from h2<5,>=3->httpx[http2]>=0.20.0->qdrant-client==1.10.1->-r apps/memory_api/requirements-base.txt (line 13))
2025-11-27T16:29:55.0792162Z   Using cached hpack-4.1.0-py3-none-any.whl.metadata (4.6 kB)
2025-11-27T16:29:55.1293392Z Collecting wcwidth (from prompt-toolkit>=3.0.36->click-repl>=0.2.0->celery==5.5.3->-r apps/memory_api/requirements-base.txt (line 21))
2025-11-27T16:29:55.1305665Z   Using cached wcwidth-0.2.14-py2.py3-none-any.whl.metadata (15 kB)
2025-11-27T16:29:55.3148305Z Collecting greenlet>=1 (from SQLAlchemy>=1.4.0->alembic==1.17.2->-r apps/memory_api/requirements-base.txt (line 15))
2025-11-27T16:29:55.3162243Z   Using cached greenlet-3.2.4-cp312-cp312-manylinux_2_24_x86_64.manylinux_2_28_x86_64.whl.metadata (4.1 kB)
2025-11-27T16:29:55.6720539Z Collecting regex>=2022.1.18 (from tiktoken>=0.7.0->litellm==1.80.0->-r apps/memory_api/requirements-base.txt (line 32))
2025-11-27T16:29:55.6734906Z   Using cached regex-2025.11.3-cp312-cp312-manylinux2014_x86_64.manylinux_2_17_x86_64.manylinux_2_28_x86_64.whl.metadata (40 kB)
2025-11-27T16:29:55.7325851Z Collecting httplib2<1.0.0,>=0.19.0 (from google-api-python-client->google-generativeai==0.8.5->-r apps/memory_api/requirements-base.txt (line 35))
2025-11-27T16:29:55.7338645Z   Using cached httplib2-0.31.0-py3-none-any.whl.metadata (2.2 kB)
2025-11-27T16:29:55.7888472Z Collecting google-auth-httplib2<1.0.0,>=0.2.0 (from google-api-python-client->google-generativeai==0.8.5->-r apps/memory_api/requirements-base.txt (line 35))
2025-11-27T16:29:55.7900346Z   Using cached google_auth_httplib2-0.2.1-py3-none-any.whl.metadata (3.0 kB)
2025-11-27T16:29:55.8126234Z Collecting uritemplate<5,>=3.0.1 (from google-api-python-client->google-generativeai==0.8.5->-r apps/memory_api/requirements-base.txt (line 35))
2025-11-27T16:29:55.8137682Z   Using cached uritemplate-4.2.0-py3-none-any.whl.metadata (2.6 kB)
2025-11-27T16:29:55.8601053Z Collecting pyparsing<4,>=3.0.4 (from httplib2<1.0.0,>=0.19.0->google-api-python-client->google-generativeai==0.8.5->-r apps/memory_api/requirements-base.txt (line 35))
2025-11-27T16:29:55.8611648Z   Using cached pyparsing-3.2.5-py3-none-any.whl.metadata (5.0 kB)
2025-11-27T16:29:55.9444258Z Collecting huggingface-hub<2.0,>=0.16.4 (from tokenizers->litellm==1.80.0->-r apps/memory_api/requirements-base.txt (line 32))
2025-11-27T16:29:55.9457452Z   Using cached huggingface_hub-1.1.5-py3-none-any.whl.metadata (13 kB)
2025-11-27T16:29:55.9974914Z Collecting filelock (from huggingface-hub<2.0,>=0.16.4->tokenizers->litellm==1.80.0->-r apps/memory_api/requirements-base.txt (line 32))
2025-11-27T16:29:55.9986725Z   Using cached filelock-3.20.0-py3-none-any.whl.metadata (2.1 kB)
2025-11-27T16:29:56.0313291Z Collecting fsspec>=2023.5.0 (from huggingface-hub<2.0,>=0.16.4->tokenizers->litellm==1.80.0->-r apps/memory_api/requirements-base.txt (line 32))
2025-11-27T16:29:56.0324577Z   Using cached fsspec-2025.10.0-py3-none-any.whl.metadata (10 kB)
2025-11-27T16:29:56.2419889Z Collecting hf-xet<2.0.0,>=1.2.0 (from huggingface-hub<2.0,>=0.16.4->tokenizers->litellm==1.80.0->-r apps/memory_api/requirements-base.txt (line 32))
2025-11-27T16:29:56.2434285Z   Using cached hf_xet-1.2.0-cp37-abi3-manylinux_2_17_x86_64.manylinux2014_x86_64.whl.metadata (4.9 kB)
2025-11-27T16:29:56.2930884Z Collecting pyyaml>=5.1 (from huggingface-hub<2.0,>=0.16.4->tokenizers->litellm==1.80.0->-r apps/memory_api/requirements-base.txt (line 32))
2025-11-27T16:29:56.2942914Z   Using cached pyyaml-6.0.3-cp312-cp312-manylinux2014_x86_64.manylinux_2_17_x86_64.manylinux_2_28_x86_64.whl.metadata (2.4 kB)
2025-11-27T16:29:56.3188103Z Collecting shellingham (from huggingface-hub<2.0,>=0.16.4->tokenizers->litellm==1.80.0->-r apps/memory_api/requirements-base.txt (line 32))
2025-11-27T16:29:56.3199657Z   Using cached shellingham-1.5.4-py2.py3-none-any.whl.metadata (3.5 kB)
2025-11-27T16:29:56.3599856Z Collecting typer-slim (from huggingface-hub<2.0,>=0.16.4->tokenizers->litellm==1.80.0->-r apps/memory_api/requirements-base.txt (line 32))
2025-11-27T16:29:56.3611718Z   Using cached typer_slim-0.20.0-py3-none-any.whl.metadata (16 kB)
2025-11-27T16:29:56.4061291Z Using cached fastapi-0.115.0-py3-none-any.whl (94 kB)
2025-11-27T16:29:56.4073796Z Using cached pydantic-2.12.4-py3-none-any.whl (463 kB)
2025-11-27T16:29:56.4088828Z Using cached uvicorn-0.38.0-py3-none-any.whl (68 kB)
2025-11-27T16:29:56.4100739Z Using cached pydantic_settings-2.12.0-py3-none-any.whl (51 kB)
2025-11-27T16:29:56.4113617Z Using cached asyncpg-0.30.0-cp312-cp312-manylinux_2_17_x86_64.manylinux2014_x86_64.whl (3.6 MB)
2025-11-27T16:29:56.4151016Z Using cached qdrant_client-1.10.1-py3-none-any.whl (254 kB)
2025-11-27T16:29:56.4164020Z Using cached pgvector-0.4.1-py3-none-any.whl (27 kB)
2025-11-27T16:29:56.4175159Z Using cached alembic-1.17.2-py3-none-any.whl (248 kB)
2025-11-27T16:29:56.4187627Z Using cached httpx-0.27.2-py3-none-any.whl (76 kB)
2025-11-27T16:29:56.4198826Z Using cached celery-5.5.3-py3-none-any.whl (438 kB)
2025-11-27T16:29:56.4213409Z Using cached redis-7.1.0-py3-none-any.whl (354 kB)
2025-11-27T16:29:56.4227275Z Using cached opentelemetry_sdk-1.27.0-py3-none-any.whl (110 kB)
2025-11-27T16:29:56.4239382Z Using cached opentelemetry_instrumentation_fastapi-0.48b0-py3-none-any.whl (11 kB)
2025-11-27T16:29:56.4250763Z Using cached opentelemetry_api-1.27.0-py3-none-any.whl (63 kB)
2025-11-27T16:29:56.4262719Z Using cached prometheus_fastapi_instrumentator-7.1.0-py3-none-any.whl (19 kB)
2025-11-27T16:29:56.4274018Z Using cached prometheus_client-0.23.1-py3-none-any.whl (61 kB)
2025-11-27T16:29:56.4285539Z Using cached structlog-25.5.0-py3-none-any.whl (72 kB)
2025-11-27T16:29:56.4297072Z Using cached litellm-1.80.0-py3-none-any.whl (10.5 MB)
2025-11-27T16:29:56.4386568Z Using cached openai-2.8.1-py3-none-any.whl (1.0 MB)
2025-11-27T16:29:56.4406724Z Using cached anthropic-0.74.1-py3-none-any.whl (371 kB)
2025-11-27T16:29:56.4421512Z Using cached google_generativeai-0.8.5-py3-none-any.whl (155 kB)
2025-11-27T16:29:56.4433681Z Using cached tenacity-9.1.2-py3-none-any.whl (28 kB)
2025-11-27T16:29:56.4444747Z Using cached python_jose-3.5.0-py2.py3-none-any.whl (34 kB)
2025-11-27T16:29:56.4455927Z Using cached zstandard-0.25.0-cp312-cp312-manylinux2014_x86_64.manylinux_2_17_x86_64.whl (5.5 MB)
2025-11-27T16:29:56.4506276Z Using cached google_ai_generativelanguage-0.6.15-py3-none-any.whl (1.3 MB)
2025-11-27T16:29:56.4526280Z Using cached opentelemetry_instrumentation-0.48b0-py3-none-any.whl (29 kB)
2025-11-27T16:29:56.4537385Z Using cached opentelemetry_instrumentation_asgi-0.48b0-py3-none-any.whl (15 kB)
2025-11-27T16:29:56.4548146Z Using cached opentelemetry_semantic_conventions-0.48b0-py3-none-any.whl (149 kB)
2025-11-27T16:29:56.4559863Z Using cached opentelemetry_util_http-0.48b0-py3-none-any.whl (6.9 kB)
2025-11-27T16:29:56.4570676Z Using cached pydantic_core-2.41.5-cp312-cp312-manylinux_2_17_x86_64.manylinux2014_x86_64.whl (2.1 MB)
2025-11-27T16:29:56.4595754Z Using cached anyio-4.11.0-py3-none-any.whl (109 kB)
2025-11-27T16:29:56.4607146Z Using cached asgiref-3.11.0-py3-none-any.whl (24 kB)
2025-11-27T16:29:56.4618060Z Using cached billiard-4.2.3-py3-none-any.whl (87 kB)
2025-11-27T16:29:56.4629508Z Using cached click-8.3.1-py3-none-any.whl (108 kB)
2025-11-27T16:29:56.4640950Z Using cached distro-1.9.0-py3-none-any.whl (20 kB)
2025-11-27T16:29:56.4652595Z Using cached docstring_parser-0.17.0-py3-none-any.whl (36 kB)
2025-11-27T16:29:56.4664162Z Using cached google_api_core-2.28.1-py3-none-any.whl (173 kB)
2025-11-27T16:29:56.4676622Z Using cached google_auth-2.43.0-py2.py3-none-any.whl (223 kB)
2025-11-27T16:29:56.4689150Z Using cached cachetools-6.2.2-py3-none-any.whl (11 kB)
2025-11-27T16:29:56.4700785Z Using cached googleapis_common_protos-1.72.0-py3-none-any.whl (297 kB)
2025-11-27T16:29:56.4714763Z Using cached grpcio-1.76.0-cp312-cp312-manylinux2014_x86_64.manylinux_2_17_x86_64.whl (6.6 MB)
2025-11-27T16:29:56.4771610Z Using cached grpcio_status-1.71.2-py3-none-any.whl (14 kB)
2025-11-27T16:29:56.4782483Z Using cached httpcore-1.0.9-py3-none-any.whl (78 kB)
2025-11-27T16:29:56.4794034Z Using cached importlib_metadata-8.4.0-py3-none-any.whl (26 kB)
2025-11-27T16:29:56.4805035Z Using cached jinja2-3.1.6-py3-none-any.whl (134 kB)
2025-11-27T16:29:56.4816757Z Using cached jiter-0.12.0-cp312-cp312-manylinux_2_17_x86_64.manylinux2014_x86_64.whl (361 kB)
2025-11-27T16:29:56.4830027Z Using cached jsonschema-4.25.1-py3-none-any.whl (90 kB)
2025-11-27T16:29:56.4841181Z Using cached kombu-5.5.4-py3-none-any.whl (210 kB)
2025-11-27T16:29:56.4853483Z Using cached vine-5.1.0-py3-none-any.whl (9.6 kB)
2025-11-27T16:29:56.4864462Z Using cached amqp-5.3.1-py3-none-any.whl (50 kB)
2025-11-27T16:29:56.4875559Z Using cached portalocker-2.10.1-py3-none-any.whl (18 kB)
2025-11-27T16:29:56.4886414Z Using cached proto_plus-1.26.1-py3-none-any.whl (50 kB)
2025-11-27T16:29:56.4897525Z Using cached protobuf-5.29.5-cp38-abi3-manylinux2014_x86_64.whl (319 kB)
2025-11-27T16:29:56.4910584Z Using cached requests-2.32.5-py3-none-any.whl (64 kB)
2025-11-27T16:29:56.4922543Z Using cached charset_normalizer-3.4.4-cp312-cp312-manylinux2014_x86_64.manylinux_2_17_x86_64.manylinux_2_28_x86_64.whl (153 kB)
2025-11-27T16:29:56.4934800Z Using cached idna-3.11-py3-none-any.whl (71 kB)
2025-11-27T16:29:56.4946362Z Using cached rsa-4.9.1-py3-none-any.whl (34 kB)
2025-11-27T16:29:56.4957681Z Using cached starlette-0.38.6-py3-none-any.whl (71 kB)
2025-11-27T16:29:56.4969158Z Using cached urllib3-2.5.0-py3-none-any.whl (129 kB)
2025-11-27T16:29:56.4981408Z Using cached wrapt-1.17.3-cp312-cp312-manylinux1_x86_64.manylinux_2_28_x86_64.manylinux_2_5_x86_64.whl (88 kB)
2025-11-27T16:29:56.4993599Z Using cached aiohttp-3.13.2-cp312-cp312-manylinux2014_x86_64.manylinux_2_17_x86_64.manylinux_2_28_x86_64.whl (1.8 MB)
2025-11-27T16:29:56.5017338Z Using cached multidict-6.7.0-cp312-cp312-manylinux2014_x86_64.manylinux_2_17_x86_64.manylinux_2_28_x86_64.whl (256 kB)
2025-11-27T16:29:56.5030308Z Using cached yarl-1.22.0-cp312-cp312-manylinux2014_x86_64.manylinux_2_17_x86_64.manylinux_2_28_x86_64.whl (377 kB)
2025-11-27T16:29:56.5044239Z Using cached aiohappyeyeballs-2.6.1-py3-none-any.whl (15 kB)
2025-11-27T16:29:56.5055691Z Using cached aiosignal-1.4.0-py3-none-any.whl (7.5 kB)
2025-11-27T16:29:56.5066918Z Using cached annotated_types-0.7.0-py3-none-any.whl (13 kB)
2025-11-27T16:29:56.5078169Z Using cached attrs-25.4.0-py3-none-any.whl (67 kB)
2025-11-27T16:29:56.5089746Z Using cached certifi-2025.11.12-py3-none-any.whl (159 kB)
2025-11-27T16:29:56.5101834Z Using cached click_didyoumean-0.3.1-py3-none-any.whl (3.6 kB)
2025-11-27T16:29:56.5113263Z Using cached click_plugins-1.1.1.2-py2.py3-none-any.whl (11 kB)
2025-11-27T16:29:56.5124296Z Using cached click_repl-0.3.0-py3-none-any.whl (10 kB)
2025-11-27T16:29:56.5136278Z Using cached cryptography-46.0.3-cp311-abi3-manylinux_2_34_x86_64.whl (4.5 MB)
2025-11-27T16:29:56.5179511Z Using cached cffi-2.0.0-cp312-cp312-manylinux2014_x86_64.manylinux_2_17_x86_64.whl (219 kB)
2025-11-27T16:29:56.5192605Z Using cached deprecated-1.3.1-py2.py3-none-any.whl (11 kB)
2025-11-27T16:29:56.5204021Z Using cached ecdsa-0.19.1-py2.py3-none-any.whl (150 kB)
2025-11-27T16:29:56.5217171Z Using cached fastuuid-0.14.0-cp312-cp312-manylinux_2_17_x86_64.manylinux2014_x86_64.whl (278 kB)
2025-11-27T16:29:56.5230717Z Using cached frozenlist-1.8.0-cp312-cp312-manylinux1_x86_64.manylinux_2_28_x86_64.manylinux_2_5_x86_64.whl (242 kB)
2025-11-27T16:29:56.5243783Z Using cached grpcio_tools-1.71.2-cp312-cp312-manylinux_2_17_x86_64.manylinux2014_x86_64.whl (2.5 MB)
2025-11-27T16:29:56.5271877Z Using cached h11-0.16.0-py3-none-any.whl (37 kB)
2025-11-27T16:29:56.5283435Z Using cached h2-4.3.0-py3-none-any.whl (61 kB)
2025-11-27T16:29:56.5294954Z Using cached hpack-4.1.0-py3-none-any.whl (34 kB)
2025-11-27T16:29:56.5306188Z Using cached hyperframe-6.1.0-py3-none-any.whl (13 kB)
2025-11-27T16:29:56.5317530Z Using cached jsonschema_specifications-2025.9.1-py3-none-any.whl (18 kB)
2025-11-27T16:29:56.5329259Z Using cached markupsafe-3.0.3-cp312-cp312-manylinux2014_x86_64.manylinux_2_17_x86_64.manylinux_2_28_x86_64.whl (22 kB)
2025-11-27T16:29:56.5340799Z Using cached numpy-2.3.5-cp312-cp312-manylinux_2_27_x86_64.manylinux_2_28_x86_64.whl (16.6 MB)
2025-11-27T16:29:56.5468031Z Using cached prompt_toolkit-3.0.52-py3-none-any.whl (391 kB)
2025-11-27T16:29:56.5482982Z Using cached propcache-0.4.1-cp312-cp312-manylinux2014_x86_64.manylinux_2_17_x86_64.manylinux_2_28_x86_64.whl (221 kB)
2025-11-27T16:29:56.5495398Z Using cached pyasn1-0.6.1-py3-none-any.whl (83 kB)
2025-11-27T16:29:56.5507127Z Using cached pyasn1_modules-0.4.2-py3-none-any.whl (181 kB)
2025-11-27T16:29:56.5519933Z Using cached python_dateutil-2.9.0.post0-py2.py3-none-any.whl (229 kB)
2025-11-27T16:29:56.5532480Z Using cached python_dotenv-1.2.1-py3-none-any.whl (21 kB)
2025-11-27T16:29:56.5543789Z Using cached referencing-0.37.0-py3-none-any.whl (26 kB)
2025-11-27T16:29:56.5555398Z Using cached rpds_py-0.29.0-cp312-cp312-manylinux_2_17_x86_64.manylinux2014_x86_64.whl (395 kB)
2025-11-27T16:29:56.5569132Z Using cached setuptools-80.9.0-py3-none-any.whl (1.2 MB)
2025-11-27T16:29:56.5588619Z Using cached six-1.17.0-py2.py3-none-any.whl (11 kB)
2025-11-27T16:29:56.5599694Z Using cached sniffio-1.3.1-py3-none-any.whl (10 kB)
2025-11-27T16:29:56.5611168Z Using cached sqlalchemy-2.0.44-cp312-cp312-manylinux_2_17_x86_64.manylinux2014_x86_64.whl (3.3 MB)
2025-11-27T16:29:56.5646975Z Using cached greenlet-3.2.4-cp312-cp312-manylinux_2_24_x86_64.manylinux_2_28_x86_64.whl (607 kB)
2025-11-27T16:29:56.5662408Z Using cached tiktoken-0.12.0-cp312-cp312-manylinux_2_28_x86_64.whl (1.2 MB)
2025-11-27T16:29:56.5682365Z Using cached regex-2025.11.3-cp312-cp312-manylinux2014_x86_64.manylinux_2_17_x86_64.manylinux_2_28_x86_64.whl (803 kB)
2025-11-27T16:29:56.5699731Z Using cached tqdm-4.67.1-py3-none-any.whl (78 kB)
2025-11-27T16:29:56.5713650Z Using cached typing_inspection-0.4.2-py3-none-any.whl (14 kB)
2025-11-27T16:29:56.5725109Z Using cached tzdata-2025.2-py2.py3-none-any.whl (347 kB)
2025-11-27T16:29:56.5738668Z Using cached zipp-3.23.0-py3-none-any.whl (10 kB)
2025-11-27T16:29:56.5750260Z Using cached google_api_python_client-2.187.0-py3-none-any.whl (14.6 MB)
2025-11-27T16:29:56.5863339Z Using cached google_auth_httplib2-0.2.1-py3-none-any.whl (9.5 kB)
2025-11-27T16:29:56.5874646Z Using cached httplib2-0.31.0-py3-none-any.whl (91 kB)
2025-11-27T16:29:56.5886446Z Using cached pyparsing-3.2.5-py3-none-any.whl (113 kB)
2025-11-27T16:29:56.5898221Z Using cached uritemplate-4.2.0-py3-none-any.whl (11 kB)
2025-11-27T16:29:56.5909300Z Using cached mako-1.3.10-py3-none-any.whl (78 kB)
2025-11-27T16:29:56.5920950Z Using cached pycparser-2.23-py3-none-any.whl (118 kB)
2025-11-27T16:29:56.5933467Z Using cached tokenizers-0.22.1-cp39-abi3-manylinux_2_17_x86_64.manylinux2014_x86_64.whl (3.3 MB)
2025-11-27T16:29:56.5967564Z Using cached huggingface_hub-1.1.5-py3-none-any.whl (516 kB)
2025-11-27T16:29:56.5982587Z Using cached hf_xet-1.2.0-cp37-abi3-manylinux_2_17_x86_64.manylinux2014_x86_64.whl (3.3 MB)
2025-11-27T16:29:56.6017048Z Using cached fsspec-2025.10.0-py3-none-any.whl (200 kB)
2025-11-27T16:29:56.6029978Z Using cached pyyaml-6.0.3-cp312-cp312-manylinux2014_x86_64.manylinux_2_17_x86_64.manylinux_2_28_x86_64.whl (807 kB)
2025-11-27T16:29:56.6046627Z Using cached filelock-3.20.0-py3-none-any.whl (16 kB)
2025-11-27T16:29:56.6057767Z Using cached shellingham-1.5.4-py2.py3-none-any.whl (9.8 kB)
2025-11-27T16:29:56.6068827Z Using cached typer_slim-0.20.0-py3-none-any.whl (47 kB)
2025-11-27T16:29:56.6080143Z Using cached wcwidth-0.2.14-py2.py3-none-any.whl (37 kB)
2025-11-27T16:29:57.0230173Z Installing collected packages: zstandard, zipp, wrapt, wcwidth, vine, urllib3, uritemplate, tzdata, typing-inspection, tqdm, tenacity, structlog, sniffio, six, shellingham, setuptools, rpds-py, regex, redis, pyyaml, python-dotenv, pyparsing, pydantic-core, pycparser, pyasn1, protobuf, propcache, prometheus_client, portalocker, opentelemetry-util-http, numpy, multidict, MarkupSafe, jiter, idna, hyperframe, hpack, hf-xet, h11, grpcio, greenlet, fsspec, frozenlist, filelock, fastuuid, docstring-parser, distro, click, charset_normalizer, certifi, cachetools, billiard, attrs, asyncpg, asgiref, annotated-types, aiohappyeyeballs, yarl, uvicorn, typer-slim, SQLAlchemy, rsa, requests, referencing, python-dateutil, pydantic, pyasn1-modules, proto-plus, prompt-toolkit, pgvector, Mako, jinja2, importlib-metadata, httplib2, httpcore, h2, grpcio-tools, googleapis-common-protos, ecdsa, deprecated, click-plugins, click-didyoumean, cffi, anyio, amqp, aiosignal, tiktoken, starlette, python-jose, pydantic-settings, opentelemetry-api, kombu, jsonschema-specifications, httpx, grpcio-status, google-auth, cryptography, click-repl, alembic, aiohttp, prometheus-fastapi-instrumentator, opentelemetry-semantic-conventions, opentelemetry-instrumentation, openai, jsonschema, huggingface-hub, google-auth-httplib2, google-api-core, fastapi, celery, anthropic, tokenizers, qdrant-client, opentelemetry-sdk, opentelemetry-instrumentation-asgi, google-api-python-client, opentelemetry-instrumentation-fastapi, litellm, google-ai-generativelanguage, google-generativeai
2025-11-27T16:30:11.9811525Z 
2025-11-27T16:30:11.9934154Z Successfully installed Mako-1.3.10 MarkupSafe-3.0.3 SQLAlchemy-2.0.44 aiohappyeyeballs-2.6.1 aiohttp-3.13.2 aiosignal-1.4.0 alembic-1.17.2 amqp-5.3.1 annotated-types-0.7.0 anthropic-0.74.1 anyio-4.11.0 asgiref-3.11.0 asyncpg-0.30.0 attrs-25.4.0 billiard-4.2.3 cachetools-6.2.2 celery-5.5.3 certifi-2025.11.12 cffi-2.0.0 charset_normalizer-3.4.4 click-8.3.1 click-didyoumean-0.3.1 click-plugins-1.1.1.2 click-repl-0.3.0 cryptography-46.0.3 deprecated-1.3.1 distro-1.9.0 docstring-parser-0.17.0 ecdsa-0.19.1 fastapi-0.115.0 fastuuid-0.14.0 filelock-3.20.0 frozenlist-1.8.0 fsspec-2025.10.0 google-ai-generativelanguage-0.6.15 google-api-core-2.28.1 google-api-python-client-2.187.0 google-auth-2.43.0 google-auth-httplib2-0.2.1 google-generativeai-0.8.5 googleapis-common-protos-1.72.0 greenlet-3.2.4 grpcio-1.76.0 grpcio-status-1.71.2 grpcio-tools-1.71.2 h11-0.16.0 h2-4.3.0 hf-xet-1.2.0 hpack-4.1.0 httpcore-1.0.9 httplib2-0.31.0 httpx-0.27.2 huggingface-hub-1.1.5 hyperframe-6.1.0 idna-3.11 importlib-metadata-8.4.0 jinja2-3.1.6 jiter-0.12.0 jsonschema-4.25.1 jsonschema-specifications-2025.9.1 kombu-5.5.4 litellm-1.80.0 multidict-6.7.0 numpy-2.3.5 openai-2.8.1 opentelemetry-api-1.27.0 opentelemetry-instrumentation-0.48b0 opentelemetry-instrumentation-asgi-0.48b0 opentelemetry-instrumentation-fastapi-0.48b0 opentelemetry-sdk-1.27.0 opentelemetry-semantic-conventions-0.48b0 opentelemetry-util-http-0.48b0 pgvector-0.4.1 portalocker-2.10.1 prometheus-fastapi-instrumentator-7.1.0 prometheus_client-0.23.1 prompt-toolkit-3.0.52 propcache-0.4.1 proto-plus-1.26.1 protobuf-5.29.5 pyasn1-0.6.1 pyasn1-modules-0.4.2 pycparser-2.23 pydantic-2.12.4 pydantic-core-2.41.5 pydantic-settings-2.12.0 pyparsing-3.2.5 python-dateutil-2.9.0.post0 python-dotenv-1.2.1 python-jose-3.5.0 pyyaml-6.0.3 qdrant-client-1.10.1 redis-7.1.0 referencing-0.37.0 regex-2025.11.3 requests-2.32.5 rpds-py-0.29.0 rsa-4.9.1 setuptools-80.9.0 shellingham-1.5.4 six-1.17.0 sniffio-1.3.1 starlette-0.38.6 structlog-25.5.0 tenacity-9.1.2 tiktoken-0.12.0 tokenizers-0.22.1 tqdm-4.67.1 typer-slim-0.20.0 typing-inspection-0.4.2 tzdata-2025.2 uritemplate-4.2.0 urllib3-2.5.0 uvicorn-0.38.0 vine-5.1.0 wcwidth-0.2.14 wrapt-1.17.3 yarl-1.22.0 zipp-3.23.0 zstandard-0.25.0
2025-11-27T16:30:13.5442329Z Requirement already satisfied: pytest>=7.4.0 in /opt/hostedtoolcache/Python/3.12.12/x64/lib/python3.12/site-packages (from -r apps/memory_api/requirements-test.txt (line 3)) (9.0.1)
2025-11-27T16:30:13.5446872Z Requirement already satisfied: pytest-asyncio>=0.21.0 in /opt/hostedtoolcache/Python/3.12.12/x64/lib/python3.12/site-packages (from -r apps/memory_api/requirements-test.txt (line 4)) (1.3.0)
2025-11-27T16:30:13.5450709Z Requirement already satisfied: pytest-cov>=4.1.0 in /opt/hostedtoolcache/Python/3.12.12/x64/lib/python3.12/site-packages (from -r apps/memory_api/requirements-test.txt (line 5)) (7.0.0)
2025-11-27T16:30:13.6576562Z Collecting pytest-mock>=3.11.1 (from -r apps/memory_api/requirements-test.txt (line 6))
2025-11-27T16:30:13.6598687Z   Using cached pytest_mock-3.15.1-py3-none-any.whl.metadata (3.9 kB)
2025-11-27T16:30:13.6623549Z Requirement already satisfied: anyio>=3.7.1 in /opt/hostedtoolcache/Python/3.12.12/x64/lib/python3.12/site-packages (from -r apps/memory_api/requirements-test.txt (line 7)) (4.11.0)
2025-11-27T16:30:13.6904410Z Collecting testcontainers>=3.7.0 (from testcontainers[postgres]>=3.7.0->-r apps/memory_api/requirements-test.txt (line 10))
2025-11-27T16:30:13.6916744Z   Using cached testcontainers-4.13.3-py3-none-any.whl.metadata (8.4 kB)
2025-11-27T16:30:13.7407748Z Collecting instructor>=1.0.0 (from -r apps/memory_api/requirements-test.txt (line 13))
2025-11-27T16:30:13.7419923Z   Using cached instructor-1.13.0-py3-none-any.whl.metadata (11 kB)
2025-11-27T16:30:13.7797770Z Collecting slowapi>=0.1.9 (from -r apps/memory_api/requirements-test.txt (line 14))
2025-11-27T16:30:13.7809712Z   Using cached slowapi-0.1.9-py3-none-any.whl.metadata (3.0 kB)
2025-11-27T16:30:13.9205886Z Collecting scipy>=1.11.0 (from -r apps/memory_api/requirements-test.txt (line 15))
2025-11-27T16:30:13.9218446Z   Using cached scipy-1.16.3-cp312-cp312-manylinux2014_x86_64.manylinux_2_17_x86_64.whl.metadata (62 kB)
2025-11-27T16:30:13.9646800Z Collecting mcp>=1.0.0 (from -r apps/memory_api/requirements-test.txt (line 16))
2025-11-27T16:30:13.9658213Z   Using cached mcp-1.22.0-py3-none-any.whl.metadata (85 kB)
2025-11-27T16:30:14.0267792Z Collecting python-louvain>=0.16 (from -r apps/memory_api/requirements-test.txt (line 19))
2025-11-27T16:30:14.0269171Z   Using cached python_louvain-0.16-py3-none-any.whl
2025-11-27T16:30:14.0327951Z Requirement already satisfied: iniconfig>=1.0.1 in /opt/hostedtoolcache/Python/3.12.12/x64/lib/python3.12/site-packages (from pytest>=7.4.0->-r apps/memory_api/requirements-test.txt (line 3)) (2.3.0)
2025-11-27T16:30:14.0333568Z Requirement already satisfied: packaging>=22 in /opt/hostedtoolcache/Python/3.12.12/x64/lib/python3.12/site-packages (from pytest>=7.4.0->-r apps/memory_api/requirements-test.txt (line 3)) (25.0)
2025-11-27T16:30:14.0339355Z Requirement already satisfied: pluggy<2,>=1.5 in /opt/hostedtoolcache/Python/3.12.12/x64/lib/python3.12/site-packages (from pytest>=7.4.0->-r apps/memory_api/requirements-test.txt (line 3)) (1.6.0)
2025-11-27T16:30:14.0344810Z Requirement already satisfied: pygments>=2.7.2 in /opt/hostedtoolcache/Python/3.12.12/x64/lib/python3.12/site-packages (from pytest>=7.4.0->-r apps/memory_api/requirements-test.txt (line 3)) (2.19.2)
2025-11-27T16:30:14.0377752Z Requirement already satisfied: typing-extensions>=4.12 in /opt/hostedtoolcache/Python/3.12.12/x64/lib/python3.12/site-packages (from pytest-asyncio>=0.21.0->-r apps/memory_api/requirements-test.txt (line 4)) (4.15.0)
2025-11-27T16:30:14.0399378Z Requirement already satisfied: coverage>=7.10.6 in /opt/hostedtoolcache/Python/3.12.12/x64/lib/python3.12/site-packages (from coverage[toml]>=7.10.6->pytest-cov>=4.1.0->-r apps/memory_api/requirements-test.txt (line 5)) (7.12.0)
2025-11-27T16:30:14.0429850Z Requirement already satisfied: idna>=2.8 in /opt/hostedtoolcache/Python/3.12.12/x64/lib/python3.12/site-packages (from anyio>=3.7.1->-r apps/memory_api/requirements-test.txt (line 7)) (3.11)
2025-11-27T16:30:14.0435399Z Requirement already satisfied: sniffio>=1.1 in /opt/hostedtoolcache/Python/3.12.12/x64/lib/python3.12/site-packages (from anyio>=3.7.1->-r apps/memory_api/requirements-test.txt (line 7)) (1.3.1)
2025-11-27T16:30:14.0740925Z Collecting docker (from testcontainers>=3.7.0->testcontainers[postgres]>=3.7.0->-r apps/memory_api/requirements-test.txt (line 10))
2025-11-27T16:30:14.0753182Z   Using cached docker-7.1.0-py3-none-any.whl.metadata (3.8 kB)
2025-11-27T16:30:14.0790680Z Requirement already satisfied: python-dotenv in /opt/hostedtoolcache/Python/3.12.12/x64/lib/python3.12/site-packages (from testcontainers>=3.7.0->testcontainers[postgres]>=3.7.0->-r apps/memory_api/requirements-test.txt (line 10)) (1.2.1)
2025-11-27T16:30:14.0797210Z Requirement already satisfied: urllib3 in /opt/hostedtoolcache/Python/3.12.12/x64/lib/python3.12/site-packages (from testcontainers>=3.7.0->testcontainers[postgres]>=3.7.0->-r apps/memory_api/requirements-test.txt (line 10)) (2.5.0)
2025-11-27T16:30:14.0800809Z Requirement already satisfied: wrapt in /opt/hostedtoolcache/Python/3.12.12/x64/lib/python3.12/site-packages (from testcontainers>=3.7.0->testcontainers[postgres]>=3.7.0->-r apps/memory_api/requirements-test.txt (line 10)) (1.17.3)
2025-11-27T16:30:14.0812643Z Requirement already satisfied: aiohttp<4.0.0,>=3.9.1 in /opt/hostedtoolcache/Python/3.12.12/x64/lib/python3.12/site-packages (from instructor>=1.0.0->-r apps/memory_api/requirements-test.txt (line 13)) (3.13.2)
2025-11-27T16:30:14.1114564Z Collecting diskcache>=5.6.3 (from instructor>=1.0.0->-r apps/memory_api/requirements-test.txt (line 13))
2025-11-27T16:30:14.1126310Z   Using cached diskcache-5.6.3-py3-none-any.whl.metadata (20 kB)
2025-11-27T16:30:14.1153707Z Requirement already satisfied: docstring-parser<1.0,>=0.16 in /opt/hostedtoolcache/Python/3.12.12/x64/lib/python3.12/site-packages (from instructor>=1.0.0->-r apps/memory_api/requirements-test.txt (line 13)) (0.17.0)
2025-11-27T16:30:14.1158267Z Requirement already satisfied: jinja2<4.0.0,>=3.1.4 in /opt/hostedtoolcache/Python/3.12.12/x64/lib/python3.12/site-packages (from instructor>=1.0.0->-r apps/memory_api/requirements-test.txt (line 13)) (3.1.6)
2025-11-27T16:30:14.1969359Z Collecting jiter<0.12,>=0.6.1 (from instructor>=1.0.0->-r apps/memory_api/requirements-test.txt (line 13))
2025-11-27T16:30:14.1983293Z   Using cached jiter-0.11.1-cp312-cp312-manylinux_2_17_x86_64.manylinux2014_x86_64.whl.metadata (5.2 kB)
2025-11-27T16:30:14.2004836Z Requirement already satisfied: openai<3.0.0,>=2.0.0 in /opt/hostedtoolcache/Python/3.12.12/x64/lib/python3.12/site-packages (from instructor>=1.0.0->-r apps/memory_api/requirements-test.txt (line 13)) (2.8.1)
2025-11-27T16:30:14.2446990Z Collecting pre-commit>=4.3.0 (from instructor>=1.0.0->-r apps/memory_api/requirements-test.txt (line 13))
2025-11-27T16:30:14.2459993Z   Using cached pre_commit-4.5.0-py2.py3-none-any.whl.metadata (1.2 kB)
2025-11-27T16:30:14.2481156Z Requirement already satisfied: pydantic-core<3.0.0,>=2.18.0 in /opt/hostedtoolcache/Python/3.12.12/x64/lib/python3.12/site-packages (from instructor>=1.0.0->-r apps/memory_api/requirements-test.txt (line 13)) (2.41.5)
2025-11-27T16:30:14.2486684Z Requirement already satisfied: pydantic<3.0.0,>=2.8.0 in /opt/hostedtoolcache/Python/3.12.12/x64/lib/python3.12/site-packages (from instructor>=1.0.0->-r apps/memory_api/requirements-test.txt (line 13)) (2.12.4)
2025-11-27T16:30:14.2490719Z Requirement already satisfied: requests<3.0.0,>=2.32.3 in /opt/hostedtoolcache/Python/3.12.12/x64/lib/python3.12/site-packages (from instructor>=1.0.0->-r apps/memory_api/requirements-test.txt (line 13)) (2.32.5)
2025-11-27T16:30:14.2961894Z Collecting rich<15.0.0,>=13.7.0 (from instructor>=1.0.0->-r apps/memory_api/requirements-test.txt (line 13))
2025-11-27T16:30:14.2974258Z   Using cached rich-14.2.0-py3-none-any.whl.metadata (18 kB)
2025-11-27T16:30:14.3005731Z Requirement already satisfied: tenacity<10.0.0,>=8.2.3 in /opt/hostedtoolcache/Python/3.12.12/x64/lib/python3.12/site-packages (from instructor>=1.0.0->-r apps/memory_api/requirements-test.txt (line 13)) (9.1.2)
2025-11-27T16:30:14.3546130Z Collecting ty>=0.0.1a23 (from instructor>=1.0.0->-r apps/memory_api/requirements-test.txt (line 13))
2025-11-27T16:30:14.3559135Z   Using cached ty-0.0.1a28-py3-none-manylinux_2_17_x86_64.manylinux2014_x86_64.whl.metadata (4.5 kB)
2025-11-27T16:30:14.3881173Z Collecting typer<1.0.0,>=0.9.0 (from instructor>=1.0.0->-r apps/memory_api/requirements-test.txt (line 13))
2025-11-27T16:30:14.3893856Z   Using cached typer-0.20.0-py3-none-any.whl.metadata (16 kB)
2025-11-27T16:30:14.3940506Z Requirement already satisfied: aiohappyeyeballs>=2.5.0 in /opt/hostedtoolcache/Python/3.12.12/x64/lib/python3.12/site-packages (from aiohttp<4.0.0,>=3.9.1->instructor>=1.0.0->-r apps/memory_api/requirements-test.txt (line 13)) (2.6.1)
2025-11-27T16:30:14.3946178Z Requirement already satisfied: aiosignal>=1.4.0 in /opt/hostedtoolcache/Python/3.12.12/x64/lib/python3.12/site-packages (from aiohttp<4.0.0,>=3.9.1->instructor>=1.0.0->-r apps/memory_api/requirements-test.txt (line 13)) (1.4.0)
2025-11-27T16:30:14.3953572Z Requirement already satisfied: attrs>=17.3.0 in /opt/hostedtoolcache/Python/3.12.12/x64/lib/python3.12/site-packages (from aiohttp<4.0.0,>=3.9.1->instructor>=1.0.0->-r apps/memory_api/requirements-test.txt (line 13)) (25.4.0)
2025-11-27T16:30:14.3958991Z Requirement already satisfied: frozenlist>=1.1.1 in /opt/hostedtoolcache/Python/3.12.12/x64/lib/python3.12/site-packages (from aiohttp<4.0.0,>=3.9.1->instructor>=1.0.0->-r apps/memory_api/requirements-test.txt (line 13)) (1.8.0)
2025-11-27T16:30:14.3964441Z Requirement already satisfied: multidict<7.0,>=4.5 in /opt/hostedtoolcache/Python/3.12.12/x64/lib/python3.12/site-packages (from aiohttp<4.0.0,>=3.9.1->instructor>=1.0.0->-r apps/memory_api/requirements-test.txt (line 13)) (6.7.0)
2025-11-27T16:30:14.3969402Z Requirement already satisfied: propcache>=0.2.0 in /opt/hostedtoolcache/Python/3.12.12/x64/lib/python3.12/site-packages (from aiohttp<4.0.0,>=3.9.1->instructor>=1.0.0->-r apps/memory_api/requirements-test.txt (line 13)) (0.4.1)
2025-11-27T16:30:14.3975144Z Requirement already satisfied: yarl<2.0,>=1.17.0 in /opt/hostedtoolcache/Python/3.12.12/x64/lib/python3.12/site-packages (from aiohttp<4.0.0,>=3.9.1->instructor>=1.0.0->-r apps/memory_api/requirements-test.txt (line 13)) (1.22.0)
2025-11-27T16:30:14.4007966Z Requirement already satisfied: MarkupSafe>=2.0 in /opt/hostedtoolcache/Python/3.12.12/x64/lib/python3.12/site-packages (from jinja2<4.0.0,>=3.1.4->instructor>=1.0.0->-r apps/memory_api/requirements-test.txt (line 13)) (3.0.3)
2025-11-27T16:30:14.4046740Z Requirement already satisfied: distro<2,>=1.7.0 in /opt/hostedtoolcache/Python/3.12.12/x64/lib/python3.12/site-packages (from openai<3.0.0,>=2.0.0->instructor>=1.0.0->-r apps/memory_api/requirements-test.txt (line 13)) (1.9.0)
2025-11-27T16:30:14.4052637Z Requirement already satisfied: httpx<1,>=0.23.0 in /opt/hostedtoolcache/Python/3.12.12/x64/lib/python3.12/site-packages (from openai<3.0.0,>=2.0.0->instructor>=1.0.0->-r apps/memory_api/requirements-test.txt (line 13)) (0.27.2)
2025-11-27T16:30:14.4080490Z Requirement already satisfied: tqdm>4 in /opt/hostedtoolcache/Python/3.12.12/x64/lib/python3.12/site-packages (from openai<3.0.0,>=2.0.0->instructor>=1.0.0->-r apps/memory_api/requirements-test.txt (line 13)) (4.67.1)
2025-11-27T16:30:14.4117945Z Requirement already satisfied: certifi in /opt/hostedtoolcache/Python/3.12.12/x64/lib/python3.12/site-packages (from httpx<1,>=0.23.0->openai<3.0.0,>=2.0.0->instructor>=1.0.0->-r apps/memory_api/requirements-test.txt (line 13)) (2025.11.12)
2025-11-27T16:30:14.4123221Z Requirement already satisfied: httpcore==1.* in /opt/hostedtoolcache/Python/3.12.12/x64/lib/python3.12/site-packages (from httpx<1,>=0.23.0->openai<3.0.0,>=2.0.0->instructor>=1.0.0->-r apps/memory_api/requirements-test.txt (line 13)) (1.0.9)
2025-11-27T16:30:14.4152663Z Requirement already satisfied: h11>=0.16 in /opt/hostedtoolcache/Python/3.12.12/x64/lib/python3.12/site-packages (from httpcore==1.*->httpx<1,>=0.23.0->openai<3.0.0,>=2.0.0->instructor>=1.0.0->-r apps/memory_api/requirements-test.txt (line 13)) (0.16.0)
2025-11-27T16:30:14.4178209Z Requirement already satisfied: annotated-types>=0.6.0 in /opt/hostedtoolcache/Python/3.12.12/x64/lib/python3.12/site-packages (from pydantic<3.0.0,>=2.8.0->instructor>=1.0.0->-r apps/memory_api/requirements-test.txt (line 13)) (0.7.0)
2025-11-27T16:30:14.4187661Z Requirement already satisfied: typing-inspection>=0.4.2 in /opt/hostedtoolcache/Python/3.12.12/x64/lib/python3.12/site-packages (from pydantic<3.0.0,>=2.8.0->instructor>=1.0.0->-r apps/memory_api/requirements-test.txt (line 13)) (0.4.2)
2025-11-27T16:30:14.4218999Z Requirement already satisfied: charset_normalizer<4,>=2 in /opt/hostedtoolcache/Python/3.12.12/x64/lib/python3.12/site-packages (from requests<3.0.0,>=2.32.3->instructor>=1.0.0->-r apps/memory_api/requirements-test.txt (line 13)) (3.4.4)
2025-11-27T16:30:14.4517437Z Collecting markdown-it-py>=2.2.0 (from rich<15.0.0,>=13.7.0->instructor>=1.0.0->-r apps/memory_api/requirements-test.txt (line 13))
2025-11-27T16:30:14.4529386Z   Using cached markdown_it_py-4.0.0-py3-none-any.whl.metadata (7.3 kB)
2025-11-27T16:30:14.4626783Z Requirement already satisfied: click>=8.0.0 in /opt/hostedtoolcache/Python/3.12.12/x64/lib/python3.12/site-packages (from typer<1.0.0,>=0.9.0->instructor>=1.0.0->-r apps/memory_api/requirements-test.txt (line 13)) (8.3.1)
2025-11-27T16:30:14.4634208Z Requirement already satisfied: shellingham>=1.3.0 in /opt/hostedtoolcache/Python/3.12.12/x64/lib/python3.12/site-packages (from typer<1.0.0,>=0.9.0->instructor>=1.0.0->-r apps/memory_api/requirements-test.txt (line 13)) (1.5.4)
2025-11-27T16:30:14.5182783Z Collecting limits>=2.3 (from slowapi>=0.1.9->-r apps/memory_api/requirements-test.txt (line 14))
2025-11-27T16:30:14.5196264Z   Using cached limits-5.6.0-py3-none-any.whl.metadata (10 kB)
2025-11-27T16:30:14.5252917Z Requirement already satisfied: numpy<2.6,>=1.25.2 in /opt/hostedtoolcache/Python/3.12.12/x64/lib/python3.12/site-packages (from scipy>=1.11.0->-r apps/memory_api/requirements-test.txt (line 15)) (2.3.5)
2025-11-27T16:30:14.5515811Z Collecting httpx-sse>=0.4 (from mcp>=1.0.0->-r apps/memory_api/requirements-test.txt (line 16))
2025-11-27T16:30:14.5528040Z   Using cached httpx_sse-0.4.3-py3-none-any.whl.metadata (9.7 kB)
2025-11-27T16:30:14.5552581Z Requirement already satisfied: jsonschema>=4.20.0 in /opt/hostedtoolcache/Python/3.12.12/x64/lib/python3.12/site-packages (from mcp>=1.0.0->-r apps/memory_api/requirements-test.txt (line 16)) (4.25.1)
2025-11-27T16:30:14.5557758Z Requirement already satisfied: pydantic-settings>=2.5.2 in /opt/hostedtoolcache/Python/3.12.12/x64/lib/python3.12/site-packages (from mcp>=1.0.0->-r apps/memory_api/requirements-test.txt (line 16)) (2.12.0)
2025-11-27T16:30:14.5817201Z Collecting pyjwt>=2.10.1 (from pyjwt[crypto]>=2.10.1->mcp>=1.0.0->-r apps/memory_api/requirements-test.txt (line 16))
2025-11-27T16:30:14.5829516Z   Using cached PyJWT-2.10.1-py3-none-any.whl.metadata (4.0 kB)
2025-11-27T16:30:14.6087383Z Collecting python-multipart>=0.0.9 (from mcp>=1.0.0->-r apps/memory_api/requirements-test.txt (line 16))
2025-11-27T16:30:14.6099521Z   Using cached python_multipart-0.0.20-py3-none-any.whl.metadata (1.8 kB)
2025-11-27T16:30:14.6379552Z Collecting sse-starlette>=1.6.1 (from mcp>=1.0.0->-r apps/memory_api/requirements-test.txt (line 16))
2025-11-27T16:30:14.6392277Z   Using cached sse_starlette-3.0.3-py3-none-any.whl.metadata (12 kB)
2025-11-27T16:30:14.6429071Z Requirement already satisfied: starlette>=0.27 in /opt/hostedtoolcache/Python/3.12.12/x64/lib/python3.12/site-packages (from mcp>=1.0.0->-r apps/memory_api/requirements-test.txt (line 16)) (0.38.6)
2025-11-27T16:30:14.6441111Z Requirement already satisfied: uvicorn>=0.31.1 in /opt/hostedtoolcache/Python/3.12.12/x64/lib/python3.12/site-packages (from mcp>=1.0.0->-r apps/memory_api/requirements-test.txt (line 16)) (0.38.0)
2025-11-27T16:30:14.6782839Z Collecting networkx (from python-louvain>=0.16->-r apps/memory_api/requirements-test.txt (line 19))
2025-11-27T16:30:14.6794957Z   Using cached networkx-3.6-py3-none-any.whl.metadata (6.8 kB)
2025-11-27T16:30:14.7068385Z Requirement already satisfied: jsonschema-specifications>=2023.03.6 in /opt/hostedtoolcache/Python/3.12.12/x64/lib/python3.12/site-packages (from jsonschema>=4.20.0->mcp>=1.0.0->-r apps/memory_api/requirements-test.txt (line 16)) (2025.9.1)
2025-11-27T16:30:14.7073164Z Requirement already satisfied: referencing>=0.28.4 in /opt/hostedtoolcache/Python/3.12.12/x64/lib/python3.12/site-packages (from jsonschema>=4.20.0->mcp>=1.0.0->-r apps/memory_api/requirements-test.txt (line 16)) (0.37.0)
2025-11-27T16:30:14.7078249Z Requirement already satisfied: rpds-py>=0.7.1 in /opt/hostedtoolcache/Python/3.12.12/x64/lib/python3.12/site-packages (from jsonschema>=4.20.0->mcp>=1.0.0->-r apps/memory_api/requirements-test.txt (line 16)) (0.29.0)
2025-11-27T16:30:14.7128684Z Requirement already satisfied: deprecated>=1.2 in /opt/hostedtoolcache/Python/3.12.12/x64/lib/python3.12/site-packages (from limits>=2.3->slowapi>=0.1.9->-r apps/memory_api/requirements-test.txt (line 14)) (1.3.1)
2025-11-27T16:30:14.7377110Z Collecting mdurl~=0.1 (from markdown-it-py>=2.2.0->rich<15.0.0,>=13.7.0->instructor>=1.0.0->-r apps/memory_api/requirements-test.txt (line 13))
2025-11-27T16:30:14.7388954Z   Using cached mdurl-0.1.2-py3-none-any.whl.metadata (1.6 kB)
2025-11-27T16:30:14.7693415Z Collecting cfgv>=2.0.0 (from pre-commit>=4.3.0->instructor>=1.0.0->-r apps/memory_api/requirements-test.txt (line 13))
2025-11-27T16:30:14.7705064Z   Using cached cfgv-3.5.0-py2.py3-none-any.whl.metadata (8.9 kB)
2025-11-27T16:30:14.8280437Z Collecting identify>=1.0.0 (from pre-commit>=4.3.0->instructor>=1.0.0->-r apps/memory_api/requirements-test.txt (line 13))
2025-11-27T16:30:14.8293808Z   Using cached identify-2.6.15-py2.py3-none-any.whl.metadata (4.4 kB)
2025-11-27T16:30:14.8575719Z Collecting nodeenv>=0.11.1 (from pre-commit>=4.3.0->instructor>=1.0.0->-r apps/memory_api/requirements-test.txt (line 13))
2025-11-27T16:30:14.8588185Z   Using cached nodeenv-1.9.1-py2.py3-none-any.whl.metadata (21 kB)
2025-11-27T16:30:14.8619185Z Requirement already satisfied: pyyaml>=5.1 in /opt/hostedtoolcache/Python/3.12.12/x64/lib/python3.12/site-packages (from pre-commit>=4.3.0->instructor>=1.0.0->-r apps/memory_api/requirements-test.txt (line 13)) (6.0.3)
2025-11-27T16:30:14.9162351Z Collecting virtualenv>=20.10.0 (from pre-commit>=4.3.0->instructor>=1.0.0->-r apps/memory_api/requirements-test.txt (line 13))
2025-11-27T16:30:14.9175199Z   Using cached virtualenv-20.35.4-py3-none-any.whl.metadata (4.6 kB)
2025-11-27T16:30:14.9373659Z Requirement already satisfied: cryptography>=3.4.0 in /opt/hostedtoolcache/Python/3.12.12/x64/lib/python3.12/site-packages (from pyjwt[crypto]>=2.10.1->mcp>=1.0.0->-r apps/memory_api/requirements-test.txt (line 16)) (46.0.3)
2025-11-27T16:30:14.9401362Z Requirement already satisfied: cffi>=2.0.0 in /opt/hostedtoolcache/Python/3.12.12/x64/lib/python3.12/site-packages (from cryptography>=3.4.0->pyjwt[crypto]>=2.10.1->mcp>=1.0.0->-r apps/memory_api/requirements-test.txt (line 16)) (2.0.0)
2025-11-27T16:30:14.9447124Z Requirement already satisfied: pycparser in /opt/hostedtoolcache/Python/3.12.12/x64/lib/python3.12/site-packages (from cffi>=2.0.0->cryptography>=3.4.0->pyjwt[crypto]>=2.10.1->mcp>=1.0.0->-r apps/memory_api/requirements-test.txt (line 16)) (2.23)
2025-11-27T16:30:15.0005706Z Collecting distlib<1,>=0.3.7 (from virtualenv>=20.10.0->pre-commit>=4.3.0->instructor>=1.0.0->-r apps/memory_api/requirements-test.txt (line 13))
2025-11-27T16:30:15.0018067Z   Using cached distlib-0.4.0-py2.py3-none-any.whl.metadata (5.2 kB)
2025-11-27T16:30:15.0038865Z Requirement already satisfied: filelock<4,>=3.12.2 in /opt/hostedtoolcache/Python/3.12.12/x64/lib/python3.12/site-packages (from virtualenv>=20.10.0->pre-commit>=4.3.0->instructor>=1.0.0->-r apps/memory_api/requirements-test.txt (line 13)) (3.20.0)
2025-11-27T16:30:15.0314587Z Collecting platformdirs<5,>=3.9.1 (from virtualenv>=20.10.0->pre-commit>=4.3.0->instructor>=1.0.0->-r apps/memory_api/requirements-test.txt (line 13))
2025-11-27T16:30:15.0327005Z   Using cached platformdirs-4.5.0-py3-none-any.whl.metadata (12 kB)
2025-11-27T16:30:15.0522577Z Using cached pytest_mock-3.15.1-py3-none-any.whl (10 kB)
2025-11-27T16:30:15.0533664Z Using cached testcontainers-4.13.3-py3-none-any.whl (124 kB)
2025-11-27T16:30:15.0545719Z Using cached instructor-1.13.0-py3-none-any.whl (160 kB)
2025-11-27T16:30:15.0558105Z Using cached jiter-0.11.1-cp312-cp312-manylinux_2_17_x86_64.manylinux2014_x86_64.whl (358 kB)
2025-11-27T16:30:15.0571781Z Using cached rich-14.2.0-py3-none-any.whl (243 kB)
2025-11-27T16:30:15.0584391Z Using cached typer-0.20.0-py3-none-any.whl (47 kB)
2025-11-27T16:30:15.0595168Z Using cached slowapi-0.1.9-py3-none-any.whl (14 kB)
2025-11-27T16:30:15.0606294Z Using cached scipy-1.16.3-cp312-cp312-manylinux2014_x86_64.manylinux_2_17_x86_64.whl (35.7 MB)
2025-11-27T16:30:15.0884362Z Using cached mcp-1.22.0-py3-none-any.whl (175 kB)
2025-11-27T16:30:15.0896890Z Using cached diskcache-5.6.3-py3-none-any.whl (45 kB)
2025-11-27T16:30:15.0908604Z Using cached httpx_sse-0.4.3-py3-none-any.whl (9.0 kB)
2025-11-27T16:30:15.0919574Z Using cached limits-5.6.0-py3-none-any.whl (60 kB)
2025-11-27T16:30:15.0930859Z Using cached markdown_it_py-4.0.0-py3-none-any.whl (87 kB)
2025-11-27T16:30:15.0942621Z Using cached mdurl-0.1.2-py3-none-any.whl (10.0 kB)
2025-11-27T16:30:15.0953973Z Using cached pre_commit-4.5.0-py2.py3-none-any.whl (226 kB)
2025-11-27T16:30:15.0965898Z Using cached cfgv-3.5.0-py2.py3-none-any.whl (7.4 kB)
2025-11-27T16:30:15.0976454Z Using cached identify-2.6.15-py2.py3-none-any.whl (99 kB)
2025-11-27T16:30:15.0987728Z Using cached nodeenv-1.9.1-py2.py3-none-any.whl (22 kB)
2025-11-27T16:30:15.0998463Z Using cached PyJWT-2.10.1-py3-none-any.whl (22 kB)
2025-11-27T16:30:15.1009263Z Using cached python_multipart-0.0.20-py3-none-any.whl (24 kB)
2025-11-27T16:30:15.1019793Z Using cached sse_starlette-3.0.3-py3-none-any.whl (11 kB)
2025-11-27T16:30:15.1030595Z Using cached ty-0.0.1a28-py3-none-manylinux_2_17_x86_64.manylinux2014_x86_64.whl (9.6 MB)
2025-11-27T16:30:15.1113776Z Using cached virtualenv-20.35.4-py3-none-any.whl (6.0 MB)
2025-11-27T16:30:15.1167548Z Using cached distlib-0.4.0-py2.py3-none-any.whl (469 kB)
2025-11-27T16:30:15.1181426Z Using cached platformdirs-4.5.0-py3-none-any.whl (18 kB)
2025-11-27T16:30:15.1192677Z Using cached docker-7.1.0-py3-none-any.whl (147 kB)
2025-11-27T16:30:15.1204234Z Using cached networkx-3.6-py3-none-any.whl (2.1 MB)
2025-11-27T16:30:15.4179120Z Installing collected packages: distlib, ty, scipy, python-multipart, pyjwt, platformdirs, nodeenv, networkx, mdurl, jiter, identify, httpx-sse, diskcache, cfgv, virtualenv, sse-starlette, python-louvain, pytest-mock, markdown-it-py, limits, docker, testcontainers, slowapi, rich, pre-commit, typer, mcp, instructor
2025-11-27T16:30:21.0330655Z   Attempting uninstall: jiter
2025-11-27T16:30:21.0411472Z     Found existing installation: jiter 0.12.0
2025-11-27T16:30:21.0430941Z     Uninstalling jiter-0.12.0:
2025-11-27T16:30:21.0439261Z       Successfully uninstalled jiter-0.12.0
2025-11-27T16:30:22.1135536Z 
2025-11-27T16:30:22.1266623Z Successfully installed cfgv-3.5.0 diskcache-5.6.3 distlib-0.4.0 docker-7.1.0 httpx-sse-0.4.3 identify-2.6.15 instructor-1.13.0 jiter-0.11.1 limits-5.6.0 markdown-it-py-4.0.0 mcp-1.22.0 mdurl-0.1.2 networkx-3.6 nodeenv-1.9.1 platformdirs-4.5.0 pre-commit-4.5.0 pyjwt-2.10.1 pytest-mock-3.15.1 python-louvain-0.16 python-multipart-0.0.20 rich-14.2.0 scipy-1.16.3 slowapi-0.1.9 sse-starlette-3.0.3 testcontainers-4.13.3 ty-0.0.1a28 typer-0.20.0 virtualenv-20.35.4
2025-11-27T16:30:22.6204913Z Obtaining file:///home/runner/work/RAE-agentic-memory/RAE-agentic-memory/sdk/python/rae_memory_sdk
2025-11-27T16:30:22.6221316Z   Installing build dependencies: started
2025-11-27T16:30:23.5912923Z   Installing build dependencies: finished with status 'done'
2025-11-27T16:30:23.5917591Z   Checking if build backend supports build_editable: started
2025-11-27T16:30:23.9133750Z   Checking if build backend supports build_editable: finished with status 'done'
2025-11-27T16:30:23.9141697Z   Getting requirements to build editable: started
2025-11-27T16:30:24.2488033Z   Getting requirements to build editable: finished with status 'done'
2025-11-27T16:30:24.2497023Z   Preparing editable metadata (pyproject.toml): started
2025-11-27T16:30:24.4414094Z   Preparing editable metadata (pyproject.toml): finished with status 'done'
2025-11-27T16:30:24.4501517Z Requirement already satisfied: httpx>=0.27.0 in /opt/hostedtoolcache/Python/3.12.12/x64/lib/python3.12/site-packages (from rae-memory-sdk==0.1.0) (0.27.2)
2025-11-27T16:30:24.4506887Z Requirement already satisfied: pydantic>=2.0.0 in /opt/hostedtoolcache/Python/3.12.12/x64/lib/python3.12/site-packages (from rae-memory-sdk==0.1.0) (2.12.4)
2025-11-27T16:30:24.4511853Z Requirement already satisfied: pydantic-settings>=2.0.0 in /opt/hostedtoolcache/Python/3.12.12/x64/lib/python3.12/site-packages (from rae-memory-sdk==0.1.0) (2.12.0)
2025-11-27T16:30:24.4521780Z Requirement already satisfied: anyio in /opt/hostedtoolcache/Python/3.12.12/x64/lib/python3.12/site-packages (from httpx>=0.27.0->rae-memory-sdk==0.1.0) (4.11.0)
2025-11-27T16:30:24.4526851Z Requirement already satisfied: certifi in /opt/hostedtoolcache/Python/3.12.12/x64/lib/python3.12/site-packages (from httpx>=0.27.0->rae-memory-sdk==0.1.0) (2025.11.12)
2025-11-27T16:30:24.4533125Z Requirement already satisfied: httpcore==1.* in /opt/hostedtoolcache/Python/3.12.12/x64/lib/python3.12/site-packages (from httpx>=0.27.0->rae-memory-sdk==0.1.0) (1.0.9)
2025-11-27T16:30:24.4538236Z Requirement already satisfied: idna in /opt/hostedtoolcache/Python/3.12.12/x64/lib/python3.12/site-packages (from httpx>=0.27.0->rae-memory-sdk==0.1.0) (3.11)
2025-11-27T16:30:24.4542936Z Requirement already satisfied: sniffio in /opt/hostedtoolcache/Python/3.12.12/x64/lib/python3.12/site-packages (from httpx>=0.27.0->rae-memory-sdk==0.1.0) (1.3.1)
2025-11-27T16:30:24.4568176Z Requirement already satisfied: h11>=0.16 in /opt/hostedtoolcache/Python/3.12.12/x64/lib/python3.12/site-packages (from httpcore==1.*->httpx>=0.27.0->rae-memory-sdk==0.1.0) (0.16.0)
2025-11-27T16:30:24.4596112Z Requirement already satisfied: annotated-types>=0.6.0 in /opt/hostedtoolcache/Python/3.12.12/x64/lib/python3.12/site-packages (from pydantic>=2.0.0->rae-memory-sdk==0.1.0) (0.7.0)
2025-11-27T16:30:24.4601898Z Requirement already satisfied: pydantic-core==2.41.5 in /opt/hostedtoolcache/Python/3.12.12/x64/lib/python3.12/site-packages (from pydantic>=2.0.0->rae-memory-sdk==0.1.0) (2.41.5)
2025-11-27T16:30:24.4608659Z Requirement already satisfied: typing-extensions>=4.14.1 in /opt/hostedtoolcache/Python/3.12.12/x64/lib/python3.12/site-packages (from pydantic>=2.0.0->rae-memory-sdk==0.1.0) (4.15.0)
2025-11-27T16:30:24.4614599Z Requirement already satisfied: typing-inspection>=0.4.2 in /opt/hostedtoolcache/Python/3.12.12/x64/lib/python3.12/site-packages (from pydantic>=2.0.0->rae-memory-sdk==0.1.0) (0.4.2)
2025-11-27T16:30:24.4644701Z Requirement already satisfied: python-dotenv>=0.21.0 in /opt/hostedtoolcache/Python/3.12.12/x64/lib/python3.12/site-packages (from pydantic-settings>=2.0.0->rae-memory-sdk==0.1.0) (1.2.1)
2025-11-27T16:30:24.4727125Z Building wheels for collected packages: rae-memory-sdk
2025-11-27T16:30:24.4734809Z   Building editable for rae-memory-sdk (pyproject.toml): started
2025-11-27T16:30:24.6812529Z   Building editable for rae-memory-sdk (pyproject.toml): finished with status 'done'
2025-11-27T16:30:24.6819685Z   Created wheel for rae-memory-sdk: filename=rae_memory_sdk-0.1.0-0.editable-py3-none-any.whl size=6716 sha256=917ae0a24fb1395678a407342075e80b990be2f34d16f84ff08f8070ab110961
2025-11-27T16:30:24.6821003Z   Stored in directory: /tmp/pip-ephem-wheel-cache-lpjm5cp8/wheels/0f/57/8f/90e9be1d7d17302831807b8732c331077b84c7b1fd5b9b9231
2025-11-27T16:30:24.6850560Z Successfully built rae-memory-sdk
2025-11-27T16:30:24.8973333Z Installing collected packages: rae-memory-sdk
2025-11-27T16:30:24.9171806Z Successfully installed rae-memory-sdk-0.1.0
2025-11-27T16:30:24.9988872Z ##[group]Run pytest -m "not integration" --cov --cov-report=xml --cov-report=term
2025-11-27T16:30:24.9989429Z [36;1mpytest -m "not integration" --cov --cov-report=xml --cov-report=term[0m
2025-11-27T16:30:25.0023117Z shell: /usr/bin/bash -e {0}
2025-11-27T16:30:25.0023341Z env:
2025-11-27T16:30:25.0023585Z   pythonLocation: /opt/hostedtoolcache/Python/3.12.12/x64
2025-11-27T16:30:25.0023989Z   PKG_CONFIG_PATH: /opt/hostedtoolcache/Python/3.12.12/x64/lib/pkgconfig
2025-11-27T16:30:25.0024382Z   Python_ROOT_DIR: /opt/hostedtoolcache/Python/3.12.12/x64
2025-11-27T16:30:25.0024721Z   Python2_ROOT_DIR: /opt/hostedtoolcache/Python/3.12.12/x64
2025-11-27T16:30:25.0025075Z   Python3_ROOT_DIR: /opt/hostedtoolcache/Python/3.12.12/x64
2025-11-27T16:30:25.0025438Z   LD_LIBRARY_PATH: /opt/hostedtoolcache/Python/3.12.12/x64/lib
2025-11-27T16:30:25.0035039Z   DATABASE_URL: ***localhost:5432/test_rae
2025-11-27T16:30:25.0035382Z   REDIS_URL: redis://localhost:6379/0
2025-11-27T16:30:25.0035705Z   QDRANT_URL: http://localhost:6333
2025-11-27T16:30:25.0035958Z   RAE_VECTOR_BACKEND: qdrant
2025-11-27T16:30:25.0036167Z ##[endgroup]
2025-11-27T16:30:26.2302222Z [1m============================= test session starts ==============================[0m
2025-11-27T16:30:26.2302866Z platform linux -- Python 3.12.12, pytest-9.0.1, pluggy-1.6.0 -- /opt/hostedtoolcache/Python/3.12.12/x64/bin/python
2025-11-27T16:30:26.2303368Z cachedir: .pytest_cache
2025-11-27T16:30:26.2303699Z rootdir: /home/runner/work/RAE-agentic-memory/RAE-agentic-memory
2025-11-27T16:30:26.2304073Z configfile: pytest.ini
2025-11-27T16:30:26.2304512Z testpaths: apps/memory_api/tests, sdk/python/rae_memory_sdk/tests, integrations/mcp-server/tests
2025-11-27T16:30:26.2305059Z plugins: anyio-4.11.0, cov-7.0.0, asyncio-1.3.0, mock-3.15.1
2025-11-27T16:30:26.2305669Z asyncio: mode=Mode.AUTO, debug=False, asyncio_default_fixture_loop_scope=None, asyncio_default_test_loop_scope=function
2025-11-27T16:30:39.1235319Z [1mcollecting ... [0mcollected 157 items / 7 skipped
2025-11-27T16:30:39.1236193Z 
2025-11-27T16:30:39.1360206Z apps/memory_api/tests/test_analytics.py::test_get_tenant_stats_cached [32mPASSED[0m[33m [  0%][0m
2025-11-27T16:30:39.1428485Z apps/memory_api/tests/test_analytics.py::test_get_tenant_stats_uncached [32mPASSED[0m[33m [  1%][0m
2025-11-27T16:30:39.1467474Z apps/memory_api/tests/test_analytics.py::test_get_memory_stats [32mPASSED[0m[33m    [  1%][0m
2025-11-27T16:30:39.1505753Z apps/memory_api/tests/test_analytics.py::test_get_query_stats [32mPASSED[0m[33m     [  2%][0m
2025-11-27T16:30:39.1548843Z apps/memory_api/tests/test_analytics.py::test_get_graph_stats [32mPASSED[0m[33m     [  3%][0m
2025-11-27T16:30:39.1594565Z apps/memory_api/tests/test_analytics.py::test_get_reflection_stats [32mPASSED[0m[33m [  3%][0m
2025-11-27T16:30:39.1631810Z apps/memory_api/tests/test_analytics.py::test_get_api_usage_stats [32mPASSED[0m[33m [  4%][0m
2025-11-27T16:30:39.1669755Z apps/memory_api/tests/test_analytics.py::test_get_performance_stats [32mPASSED[0m[33m [  5%][0m
2025-11-27T16:30:39.1707394Z apps/memory_api/tests/test_analytics.py::test_get_cost_stats [32mPASSED[0m[33m      [  5%][0m
2025-11-27T16:30:39.1745408Z apps/memory_api/tests/test_analytics.py::test_calculate_graph_density [32mPASSED[0m[33m [  6%][0m
2025-11-27T16:30:39.1786527Z apps/memory_api/tests/test_analytics.py::test_cache_operations [32mPASSED[0m[33m    [  7%][0m
2025-11-27T16:30:39.1830751Z apps/memory_api/tests/test_analytics.py::test_generate_report [32mPASSED[0m[33m     [  7%][0m
2025-11-27T16:30:39.1868690Z apps/memory_api/tests/test_analytics.py::test_get_real_time_metrics [32mPASSED[0m[33m [  8%][0m
2025-11-27T16:30:39.1906085Z apps/memory_api/tests/test_analytics.py::test_get_usage_alerts [32mPASSED[0m[33m    [  8%][0m
2025-11-27T16:30:39.1946187Z apps/memory_api/tests/test_analytics.py::test_mock_db_methods [32mPASSED[0m[33m     [  9%][0m
2025-11-27T16:30:39.1959099Z apps/memory_api/tests/test_api_client.py::test_classify_network_error [32mPASSED[0m[33m [ 10%][0m
2025-11-27T16:30:39.1971736Z apps/memory_api/tests/test_api_client.py::test_classify_timeout_error [32mPASSED[0m[33m [ 10%][0m
2025-11-27T16:30:39.1983875Z apps/memory_api/tests/test_api_client.py::test_classify_rate_limit [32mPASSED[0m[33m [ 11%][0m
2025-11-27T16:30:39.1996014Z apps/memory_api/tests/test_api_client.py::test_classify_authentication_error [32mPASSED[0m[33m [ 12%][0m
2025-11-27T16:30:39.2020271Z apps/memory_api/tests/test_api_client.py::test_circuit_breaker_closed_success [32mPASSED[0m[33m [ 12%][0m
2025-11-27T16:30:39.2051646Z apps/memory_api/tests/test_api_client.py::test_circuit_breaker_opens_on_failures [32mPASSED[0m[33m [ 13%][0m
2025-11-27T16:30:39.2085619Z apps/memory_api/tests/test_api_client.py::test_circuit_breaker_rejects_when_open [32mPASSED[0m[33m [ 14%][0m
2025-11-27T16:30:39.2117985Z apps/memory_api/tests/test_api_client.py::test_circuit_breaker_half_open_recovery [32mPASSED[0m[33m [ 14%][0m
2025-11-27T16:30:39.2134666Z apps/memory_api/tests/test_api_client.py::test_cache_set_and_get [32mPASSED[0m[33m  [ 15%][0m
2025-11-27T16:30:39.2150703Z apps/memory_api/tests/test_api_client.py::test_cache_miss [32mPASSED[0m[33m         [ 15%][0m
2025-11-27T16:30:40.4177109Z apps/memory_api/tests/test_api_client.py::test_cache_expiration [32mPASSED[0m[33m   [ 16%][0m
2025-11-27T16:30:40.4195469Z apps/memory_api/tests/test_api_client.py::test_cache_invalidation [32mPASSED[0m[33m [ 17%][0m
2025-11-27T16:30:40.4214856Z apps/memory_api/tests/test_api_client.py::test_cache_clear [32mPASSED[0m[33m        [ 17%][0m
2025-11-27T16:30:40.7499230Z apps/memory_api/tests/test_api_client.py::test_retry_on_network_error [32mPASSED[0m[33m [ 18%][0m
2025-11-27T16:30:41.4794244Z apps/memory_api/tests/test_api_client.py::test_retry_exhausted [32mPASSED[0m[33m    [ 19%][0m
2025-11-27T16:30:41.5089601Z apps/memory_api/tests/test_api_client.py::test_no_retry_on_client_error [32mPASSED[0m[33m [ 19%][0m
2025-11-27T16:30:41.5110617Z apps/memory_api/tests/test_api_client.py::test_exponential_backoff [32mPASSED[0m[33m [ 20%][0m
2025-11-27T16:30:41.5388580Z apps/memory_api/tests/test_api_client.py::test_get_request [32mPASSED[0m[33m        [ 21%][0m
2025-11-27T16:30:41.5652854Z apps/memory_api/tests/test_api_client.py::test_post_request [32mPASSED[0m[33m       [ 21%][0m
2025-11-27T16:30:41.5896697Z apps/memory_api/tests/test_api_client.py::test_client_statistics [32mPASSED[0m[33m  [ 22%][0m
2025-11-27T16:30:41.6144115Z apps/memory_api/tests/test_api_client.py::test_reset_statistics [32mPASSED[0m[33m   [ 22%][0m
2025-11-27T16:30:41.6156735Z apps/memory_api/tests/test_api_e2e.py::TestMemoryAPISmoke::test_store_and_query_memory_e2e [33mSKIPPED[0m[33m [ 23%][0m
2025-11-27T16:30:41.6167945Z apps/memory_api/tests/test_api_e2e.py::TestMemoryAPISmoke::test_hybrid_search_e2e [33mSKIPPED[0m[33m [ 24%][0m
2025-11-27T16:30:41.6178848Z apps/memory_api/tests/test_api_e2e.py::TestHealthCheckSmoke::test_health_check [33mSKIPPED[0m[33m [ 24%][0m
2025-11-27T16:30:41.6917699Z apps/memory_api/tests/test_api_e2e.py::TestAPIErrorHandling::test_missing_tenant_header [32mPASSED[0m[33m [ 25%][0m
2025-11-27T16:30:41.6969212Z apps/memory_api/tests/test_api_e2e.py::TestAPIErrorHandling::test_invalid_json [32mPASSED[0m[33m [ 26%][0m
2025-11-27T16:30:43.6984111Z apps/memory_api/tests/test_background_tasks.py::TestExtractGraphLazy::test_extract_graph_success [32mPASSED[0m[33m [ 26%][0m
2025-11-27T16:30:45.0559519Z apps/memory_api/tests/test_background_tasks.py::TestExtractGraphLazy::test_extract_graph_with_mini_model [32mPASSED[0m[33m [ 27%][0m
2025-11-27T16:30:45.0584136Z apps/memory_api/tests/test_background_tasks.py::TestExtractGraphLazy::test_extract_graph_exception_handling [32mPASSED[0m[33m [ 28%][0m
2025-11-27T16:30:46.0194148Z apps/memory_api/tests/test_background_tasks.py::TestExtractGraphLazy::test_extract_graph_pool_cleanup [32mPASSED[0m[33m [ 28%][0m
2025-11-27T16:30:46.0235519Z apps/memory_api/tests/test_background_tasks.py::TestProcessGraphExtractionQueue::test_queue_processor_schedules_tasks [32mPASSED[0m[33m [ 29%][0m
2025-11-27T16:30:46.0265615Z apps/memory_api/tests/test_background_tasks.py::TestProcessGraphExtractionQueue::test_queue_processor_no_pending_memories [32mPASSED[0m[33m [ 29%][0m
2025-11-27T16:30:46.0300281Z apps/memory_api/tests/test_background_tasks.py::TestGenerateReflection::test_generate_reflection_calls_engine [32mPASSED[0m[33m [ 30%][0m
2025-11-27T16:30:46.0337263Z apps/memory_api/tests/test_background_tasks.py::TestMemoryDecay::test_apply_decay_updates_strength [32mPASSED[0m[33m [ 31%][0m
2025-11-27T16:30:46.0375010Z apps/memory_api/tests/test_background_tasks.py::TestPruneOldMemories::test_prune_respects_retention_days [32mPASSED[0m[33m [ 31%][0m
2025-11-27T16:30:46.0400345Z apps/memory_api/tests/test_background_tasks.py::TestPruneOldMemories::test_prune_disabled_when_retention_zero [32mPASSED[0m[33m [ 32%][0m
2025-11-27T16:30:46.0446438Z apps/memory_api/tests/test_dashboard_websocket.py::test_websocket_connect [32mPASSED[0m[33m [ 33%][0m
2025-11-27T16:30:46.0489693Z apps/memory_api/tests/test_dashboard_websocket.py::test_websocket_disconnect [32mPASSED[0m[33m [ 33%][0m
2025-11-27T16:30:46.0530273Z apps/memory_api/tests/test_dashboard_websocket.py::test_subscription_filtering [32mPASSED[0m[33m [ 34%][0m
2025-11-27T16:30:46.0572212Z apps/memory_api/tests/test_dashboard_websocket.py::test_broadcast_to_tenant [32mPASSED[0m[33m [ 35%][0m
2025-11-27T16:30:46.0636746Z apps/memory_api/tests/test_dashboard_websocket.py::test_broadcast_all [32mPASSED[0m[33m [ 35%][0m
2025-11-27T16:30:46.0669396Z apps/memory_api/tests/test_dashboard_websocket.py::test_collect_system_metrics [32mPASSED[0m[33m [ 36%][0m
2025-11-27T16:30:46.0698120Z apps/memory_api/tests/test_dashboard_websocket.py::test_metrics_changed_significantly [32mPASSED[0m[33m [ 36%][0m
2025-11-27T16:30:46.0730480Z apps/memory_api/tests/test_dashboard_websocket.py::test_check_system_health [32mPASSED[0m[33m [ 37%][0m
2025-11-27T16:30:46.0763980Z apps/memory_api/tests/test_dashboard_websocket.py::test_health_monitoring_failure [32mPASSED[0m[33m [ 38%][0m
2025-11-27T16:30:46.0814669Z apps/memory_api/tests/test_dashboard_websocket.py::test_broadcast_memory_created [32mPASSED[0m[33m [ 38%][0m
2025-11-27T16:30:46.0866240Z apps/memory_api/tests/test_dashboard_websocket.py::test_broadcast_quality_alert [32mPASSED[0m[33m [ 39%][0m
2025-11-27T16:30:46.0888945Z apps/memory_api/tests/test_evaluation_suite.py::test_mrr_calculation [32mPASSED[0m[33m [ 40%][0m
2025-11-27T16:30:46.0911306Z apps/memory_api/tests/test_evaluation_suite.py::test_ndcg_calculation [32mPASSED[0m[33m [ 40%][0m
2025-11-27T16:30:46.0933684Z apps/memory_api/tests/test_evaluation_suite.py::test_precision_recall [32mPASSED[0m[33m [ 41%][0m
2025-11-27T16:30:46.0971470Z apps/memory_api/tests/test_evaluation_suite.py::test_kolmogorov_smirnov_test [32mPASSED[0m[33m [ 42%][0m
2025-11-27T16:30:46.1001021Z apps/memory_api/tests/test_evaluation_suite.py::test_psi_calculation [32mPASSED[0m[33m [ 42%][0m
2025-11-27T16:30:46.1025487Z apps/memory_api/tests/test_evaluation_suite.py::test_drift_severity_classification [32mPASSED[0m[33m [ 43%][0m
2025-11-27T16:30:46.1105545Z apps/memory_api/tests/test_evaluation_suite.py::test_drift_detection_no_data [32mPASSED[0m[33m [ 43%][0m
2025-11-27T16:30:46.1127909Z apps/memory_api/tests/test_evaluation_suite.py::test_ab_test_traffic_validation [32mPASSED[0m[33m [ 44%][0m
2025-11-27T16:30:46.1162359Z apps/memory_api/tests/test_event_triggers.py::test_process_event [32mPASSED[0m[33m  [ 45%][0m
2025-11-27T16:30:46.1186899Z apps/memory_api/tests/test_event_triggers.py::test_evaluate_simple_condition [32mPASSED[0m[33m [ 45%][0m
2025-11-27T16:30:46.1211846Z apps/memory_api/tests/test_event_triggers.py::test_evaluate_condition_group_and [32mPASSED[0m[33m [ 46%][0m
2025-11-27T16:30:46.1236715Z apps/memory_api/tests/test_event_triggers.py::test_evaluate_condition_group_or [32mPASSED[0m[33m [ 47%][0m
2025-11-27T16:30:46.1260908Z apps/memory_api/tests/test_event_triggers.py::test_nested_condition_groups [32mPASSED[0m[33m [ 47%][0m
2025-11-27T16:30:46.1286822Z apps/memory_api/tests/test_event_triggers.py::test_condition_operators [32mPASSED[0m[33m [ 48%][0m
2025-11-27T16:30:46.1311751Z apps/memory_api/tests/test_event_triggers.py::test_rate_limiting [32mPASSED[0m[33m  [ 49%][0m
2025-11-27T16:30:46.1338910Z apps/memory_api/tests/test_event_triggers.py::test_cooldown_period [32mPASSED[0m[33m [ 49%][0m
2025-11-27T16:30:46.1375756Z apps/memory_api/tests/test_event_triggers.py::test_execute_action [32mPASSED[0m[33m [ 50%][0m
2025-11-27T16:30:46.1404346Z apps/memory_api/tests/test_event_triggers.py::test_workflow_execution [32mPASSED[0m[33m [ 50%][0m
2025-11-27T16:30:46.1424097Z apps/memory_api/tests/test_graph_algorithms.py::test_graph_node [32mPASSED[0m[33m   [ 51%][0m
2025-11-27T16:30:46.1443471Z apps/memory_api/tests/test_graph_algorithms.py::test_graph_edge [32mPASSED[0m[33m   [ 52%][0m
2025-11-27T16:30:46.1463502Z apps/memory_api/tests/test_graph_algorithms.py::test_knowledge_graph [32mPASSED[0m[33m [ 52%][0m
2025-11-27T16:30:46.1505506Z apps/memory_api/tests/test_graph_algorithms.py::test_service_load_tenant_graph [32mPASSED[0m[33m [ 53%][0m
2025-11-27T16:30:46.1550047Z apps/memory_api/tests/test_graph_algorithms.py::test_pagerank [32mPASSED[0m[33m     [ 54%][0m
2025-11-27T16:30:46.1594105Z apps/memory_api/tests/test_graph_algorithms.py::test_shortest_path [32mPASSED[0m[33m [ 54%][0m
2025-11-27T16:30:46.1635552Z apps/memory_api/tests/test_graph_algorithms.py::test_find_all_paths [32mPASSED[0m[33m [ 55%][0m
2025-11-27T16:30:46.1685728Z apps/memory_api/tests/test_graph_algorithms.py::test_find_related_entities [32mPASSED[0m[33m [ 56%][0m
2025-11-27T16:30:46.1723325Z apps/memory_api/tests/test_graph_algorithms.py::test_graph_summary [32mPASSED[0m[33m [ 56%][0m
2025-11-27T16:30:46.1777555Z apps/memory_api/tests/test_graph_algorithms.py::test_community_detection [32mPASSED[0m[33m [ 57%][0m
2025-11-27T16:30:46.1819295Z apps/memory_api/tests/test_graph_algorithms.py::test_calculate_centrality [32mPASSED[0m[33m [ 57%][0m
2025-11-27T16:30:46.1858891Z apps/memory_api/tests/test_graph_algorithms.py::test_graph_density [32mPASSED[0m[33m [ 58%][0m
2025-11-27T16:30:46.1898792Z apps/memory_api/tests/test_graph_algorithms.py::test_subgraph_extraction [32mPASSED[0m[33m [ 59%][0m
2025-11-27T16:30:46.9597016Z apps/memory_api/tests/test_openapi.py::test_openapi_schema [32mPASSED[0m[33m        [ 59%][0m
2025-11-27T16:30:46.9609302Z apps/memory_api/tests/test_phase2_models.py::TestTenantModels::test_tenant_tier_enum [32mPASSED[0m[33m [ 60%][0m
2025-11-27T16:30:46.9621712Z apps/memory_api/tests/test_phase2_models.py::TestTenantModels::test_tenant_config_defaults [32mPASSED[0m[33m [ 61%][0m
2025-11-27T16:30:46.9635282Z apps/memory_api/tests/test_phase2_models.py::TestTenantModels::test_tenant_creation [32mPASSED[0m[33m [ 61%][0m
2025-11-27T16:30:46.9647630Z apps/memory_api/tests/test_phase2_models.py::TestTenantModels::test_get_default_config_for_free_tier [32mPASSED[0m[33m [ 62%][0m
2025-11-27T16:30:46.9660048Z apps/memory_api/tests/test_phase2_models.py::TestTenantModels::test_get_default_config_for_pro_tier [32mPASSED[0m[33m [ 63%][0m
2025-11-27T16:30:46.9672505Z apps/memory_api/tests/test_phase2_models.py::TestTenantModels::test_get_default_config_for_enterprise_tier [32mPASSED[0m[33m [ 63%][0m
2025-11-27T16:30:46.9686014Z apps/memory_api/tests/test_phase2_models.py::TestTenantModels::test_has_quota_available_memories [32mPASSED[0m[33m [ 64%][0m
2025-11-27T16:30:46.9698742Z apps/memory_api/tests/test_phase2_models.py::TestTenantModels::test_has_quota_available_unlimited [32mPASSED[0m[33m [ 64%][0m
2025-11-27T16:30:46.9711437Z apps/memory_api/tests/test_phase2_models.py::TestTenantModels::test_increment_usage [32mPASSED[0m[33m [ 65%][0m
2025-11-27T16:30:46.9725001Z apps/memory_api/tests/test_phase2_models.py::TestTenantModels::test_is_feature_enabled [32mPASSED[0m[33m [ 66%][0m
2025-11-27T16:30:46.9736863Z apps/memory_api/tests/test_phase2_models.py::TestRBACModels::test_role_enum_values [32mPASSED[0m[33m [ 66%][0m
2025-11-27T16:30:46.9748963Z apps/memory_api/tests/test_phase2_models.py::TestRBACModels::test_role_levels [32mPASSED[0m[33m [ 67%][0m
2025-11-27T16:30:46.9761169Z apps/memory_api/tests/test_phase2_models.py::TestRBACModels::test_role_can_perform_owner [32mPASSED[0m[33m [ 68%][0m
2025-11-27T16:30:46.9773607Z apps/memory_api/tests/test_phase2_models.py::TestRBACModels::test_role_can_perform_admin [32mPASSED[0m[33m [ 68%][0m
2025-11-27T16:30:46.9785833Z apps/memory_api/tests/test_phase2_models.py::TestRBACModels::test_role_can_perform_developer [32mPASSED[0m[33m [ 69%][0m
2025-11-27T16:30:46.9797905Z apps/memory_api/tests/test_phase2_models.py::TestRBACModels::test_role_can_perform_analyst [32mPASSED[0m[33m [ 70%][0m
2025-11-27T16:30:46.9810042Z apps/memory_api/tests/test_phase2_models.py::TestRBACModels::test_role_can_perform_viewer [32mPASSED[0m[33m [ 70%][0m
2025-11-27T16:30:46.9822522Z apps/memory_api/tests/test_phase2_models.py::TestRBACModels::test_permission_model [32mPASSED[0m[33m [ 71%][0m
2025-11-27T16:30:46.9835294Z apps/memory_api/tests/test_phase2_models.py::TestRBACModels::test_user_role_creation [32mPASSED[0m[33m [ 71%][0m
2025-11-27T16:30:46.9848918Z apps/memory_api/tests/test_phase2_models.py::TestRBACModels::test_user_role_expiration [32mPASSED[0m[33m [ 72%][0m
2025-11-27T16:30:46.9862262Z apps/memory_api/tests/test_phase2_models.py::TestRBACModels::test_user_role_project_access [32mPASSED[0m[33m [ 73%][0m
2025-11-27T16:30:46.9875123Z apps/memory_api/tests/test_phase2_models.py::TestRBACModels::test_user_role_can_perform [32mPASSED[0m[33m [ 73%][0m
2025-11-27T16:30:46.9887836Z apps/memory_api/tests/test_phase2_models.py::TestRBACModels::test_user_role_can_perform_with_project [32mPASSED[0m[33m [ 74%][0m
2025-11-27T16:30:46.9899978Z apps/memory_api/tests/test_phase2_models.py::TestRBACModels::test_role_hierarchy_comparison [32mPASSED[0m[33m [ 75%][0m
2025-11-27T16:30:46.9912516Z apps/memory_api/tests/test_phase2_models.py::TestRBACModels::test_can_assign_role [32mPASSED[0m[33m [ 75%][0m
2025-11-27T16:30:46.9927244Z apps/memory_api/tests/test_phase2_models.py::TestRBACModels::test_can_modify_user [32mPASSED[0m[33m [ 76%][0m
2025-11-27T16:30:46.9939609Z apps/memory_api/tests/test_phase2_plugins.py::TestPluginMetadata::test_metadata_creation [32mPASSED[0m[33m [ 77%][0m
2025-11-27T16:30:46.9952143Z apps/memory_api/tests/test_phase2_plugins.py::TestPluginMetadata::test_metadata_to_dict [32mPASSED[0m[33m [ 77%][0m
2025-11-27T16:30:46.9975531Z apps/memory_api/tests/test_phase2_plugins.py::TestPluginBase::test_plugin_initialization [32mPASSED[0m[33m [ 78%][0m
2025-11-27T16:30:46.9995810Z apps/memory_api/tests/test_phase2_plugins.py::TestPluginBase::test_plugin_shutdown [32mPASSED[0m[33m [ 78%][0m
2025-11-27T16:30:47.0015224Z apps/memory_api/tests/test_phase2_plugins.py::TestPluginBase::test_plugin_health_check [32mPASSED[0m[33m [ 79%][0m
2025-11-27T16:30:47.0034373Z apps/memory_api/tests/test_phase2_plugins.py::TestPluginBase::test_hook_execution [32mPASSED[0m[33m [ 80%][0m
2025-11-27T16:30:47.0053642Z apps/memory_api/tests/test_phase2_plugins.py::TestPluginBase::test_transform_hook [32mPASSED[0m[33m [ 80%][0m
2025-11-27T16:30:47.0066242Z apps/memory_api/tests/test_phase2_plugins.py::TestPluginRegistry::test_registry_creation [32mPASSED[0m[33m [ 81%][0m
2025-11-27T16:30:47.0082674Z apps/memory_api/tests/test_phase2_plugins.py::TestPluginRegistry::test_register_plugin [32mPASSED[0m[33m [ 82%][0m
2025-11-27T16:30:47.0099721Z apps/memory_api/tests/test_phase2_plugins.py::TestPluginRegistry::test_unregister_plugin [32mPASSED[0m[33m [ 82%][0m
2025-11-27T16:30:47.0115204Z apps/memory_api/tests/test_phase2_plugins.py::TestPluginRegistry::test_list_plugins [32mPASSED[0m[33m [ 83%][0m
2025-11-27T16:30:47.0130266Z apps/memory_api/tests/test_phase2_plugins.py::TestPluginRegistry::test_get_plugins_for_hook [32mPASSED[0m[33m [ 84%][0m
2025-11-27T16:30:47.0163167Z apps/memory_api/tests/test_phase2_plugins.py::TestPluginRegistry::test_initialize_all [32mPASSED[0m[33m [ 84%][0m
2025-11-27T16:30:47.0187435Z apps/memory_api/tests/test_phase2_plugins.py::TestPluginRegistry::test_shutdown_all [32mPASSED[0m[33m [ 85%][0m
2025-11-27T16:30:47.0209736Z apps/memory_api/tests/test_phase2_plugins.py::TestPluginRegistry::test_execute_hook [32mPASSED[0m[33m [ 85%][0m
2025-11-27T16:30:47.0233129Z apps/memory_api/tests/test_phase2_plugins.py::TestPluginRegistry::test_execute_transform_hook [32mPASSED[0m[33m [ 86%][0m
2025-11-27T16:30:47.0255222Z apps/memory_api/tests/test_phase2_plugins.py::TestPluginRegistry::test_health_check_all [32mPASSED[0m[33m [ 87%][0m
2025-11-27T16:30:47.0267832Z apps/memory_api/tests/test_phase2_plugins.py::TestPluginRegistry::test_get_global_registry [32mPASSED[0m[33m [ 87%][0m
2025-11-27T16:30:47.0280269Z apps/memory_api/tests/test_phase2_plugins.py::TestPluginHooks::test_hook_values [32mPASSED[0m[33m [ 88%][0m
2025-11-27T16:30:47.0293107Z apps/memory_api/tests/test_phase2_plugins.py::TestPluginHooks::test_all_hooks_defined [32mPASSED[0m[33m [ 89%][0m
2025-11-27T16:30:47.0308101Z apps/memory_api/tests/test_phase2_plugins.py::TestPluginDisabling::test_disabled_plugin_not_executed [32mPASSED[0m[33m [ 89%][0m
2025-11-27T16:30:47.0331704Z apps/memory_api/tests/test_phase2_plugins.py::TestPluginDisabling::test_disabled_plugin_not_initialized [32mPASSED[0m[33m [ 90%][0m
2025-11-27T16:30:47.0358226Z apps/memory_api/tests/test_phase2_plugins.py::TestMultiplePlugins::test_multiple_plugins_same_hook [32mPASSED[0m[33m [ 91%][0m
2025-11-27T16:30:47.0388110Z apps/memory_api/tests/test_phase2_plugins.py::TestMultiplePlugins::test_plugin_chaining [32mPASSED[0m[33m [ 91%][0m
2025-11-27T16:30:47.0428782Z apps/memory_api/tests/test_temporal_graph.py::test_create_snapshot [32mPASSED[0m[33m [ 92%][0m
2025-11-27T16:30:47.0465718Z apps/memory_api/tests/test_temporal_graph.py::test_get_snapshot_at_time [32mPASSED[0m[33m [ 92%][0m
2025-11-27T16:30:47.0501788Z apps/memory_api/tests/test_temporal_graph.py::test_get_latest_snapshot [32mPASSED[0m[33m [ 93%][0m
2025-11-27T16:30:47.0539720Z apps/memory_api/tests/test_temporal_graph.py::test_record_change [32mPASSED[0m[33m  [ 94%][0m
2025-11-27T16:30:47.0575426Z apps/memory_api/tests/test_temporal_graph.py::test_get_changes_filters [32mPASSED[0m[33m [ 94%][0m
2025-11-27T16:30:47.0610196Z apps/memory_api/tests/test_temporal_graph.py::test_get_entity_history [32mPASSED[0m[33m [ 95%][0m
2025-11-27T16:30:47.0646986Z apps/memory_api/tests/test_temporal_graph.py::test_reconstruct_graph_at_time [32mPASSED[0m[33m [ 96%][0m
2025-11-27T16:30:47.0681010Z apps/memory_api/tests/test_temporal_graph.py::test_apply_change_logic [32mPASSED[0m[33m [ 96%][0m
2025-11-27T16:30:47.0716403Z apps/memory_api/tests/test_temporal_graph.py::test_compare_graphs [32mPASSED[0m[33m [ 97%][0m
2025-11-27T16:30:47.0751661Z apps/memory_api/tests/test_temporal_graph.py::test_get_evolution_timeline [32mPASSED[0m[33m [ 98%][0m
2025-11-27T16:30:47.0791707Z apps/memory_api/tests/test_temporal_graph.py::test_get_growth_metrics [32mPASSED[0m[33m [ 98%][0m
2025-11-27T16:30:47.0827586Z apps/memory_api/tests/test_temporal_graph.py::test_find_emerging_patterns [32mPASSED[0m[33m [ 99%][0m
2025-11-27T16:30:53.1451559Z apps/memory_api/tests/test_temporal_graph.py::test_cleanup_old_snapshots [32mPASSED[0m[33m [100%][0m
2025-11-27T16:30:53.1452500Z 
2025-11-27T16:30:53.1452869Z [33m=============================== warnings summary ===============================[0m
2025-11-27T16:30:53.1453782Z ../../../../../opt/hostedtoolcache/Python/3.12.12/x64/lib/python3.12/site-packages/starlette/formparsers.py:12
2025-11-27T16:30:53.1455764Z   /opt/hostedtoolcache/Python/3.12.12/x64/lib/python3.12/site-packages/starlette/formparsers.py:12: PendingDeprecationWarning: Please use `import python_multipart` instead.
2025-11-27T16:30:53.1457126Z     import multipart
2025-11-27T16:30:53.1457337Z 
2025-11-27T16:30:53.1457619Z apps/memory_api/tests/test_dashboard_websocket.py: 15 warnings
2025-11-27T16:30:53.1458286Z apps/memory_api/tests/test_evaluation_suite.py: 1 warning
2025-11-27T16:30:53.1458863Z apps/memory_api/tests/test_event_triggers.py: 8 warnings
2025-11-27T16:30:53.1459416Z apps/memory_api/tests/test_phase2_models.py: 18 warnings
2025-11-27T16:30:53.1461295Z   /opt/hostedtoolcache/Python/3.12.12/x64/lib/python3.12/site-packages/pydantic/main.py:250: DeprecationWarning: datetime.datetime.utcnow() is deprecated and scheduled for removal in a future version. Use timezone-aware objects to represent datetimes in UTC: datetime.datetime.now(datetime.UTC).
2025-11-27T16:30:53.1463555Z     validated_self = self.__pydantic_validator__.validate_python(data, self_instance=self)
2025-11-27T16:30:53.1464083Z 
2025-11-27T16:30:53.1464403Z -- Docs: https://docs.pytest.org/en/stable/how-to/capture-warnings.html
2025-11-27T16:30:53.1465015Z ================================ tests coverage ================================
2025-11-27T16:30:53.1465575Z _______________ coverage: platform linux, python 3.12.12-final-0 _______________
2025-11-27T16:30:53.1465982Z 
2025-11-27T16:30:53.1466163Z Name                                                         Stmts   Miss  Cover   Missing
2025-11-27T16:30:53.1466691Z ------------------------------------------------------------------------------------------
2025-11-27T16:30:53.1467232Z apps/__init__.py                                                 0      0   100%
2025-11-27T16:30:53.1467785Z apps/memory_api/__init__.py                                      0      0   100%
2025-11-27T16:30:53.1468399Z apps/memory_api/api/__init__.py                                  0      0   100%
2025-11-27T16:30:53.1469026Z apps/memory_api/api/v1/__init__.py                               0      0   100%
2025-11-27T16:30:53.1469977Z apps/memory_api/api/v1/agent.py                                 89     68    24%   48-222, 249-271
2025-11-27T16:30:53.1470668Z apps/memory_api/api/v1/cache.py                                  8      2    75%   14-15
2025-11-27T16:30:53.1471395Z apps/memory_api/api/v1/governance.py                           122     75    39%   103-175, 197-300, 319-419
2025-11-27T16:30:53.1472382Z apps/memory_api/api/v1/graph.py                                192    123    36%   150-190, 219-272, 296-359, 400-512, 541-591, 628-684, 716-818
2025-11-27T16:30:53.1473303Z apps/memory_api/api/v1/health.py                               127     86    32%   59-95, 102-135, 142-174, 189-204, 228-265, 282-287, 303, 322-351
2025-11-27T16:30:53.1474160Z apps/memory_api/api/v1/memory.py                               139    110    21%   43-103, 127-239, 247-275, 283-284, 292-306, 349-408
2025-11-27T16:30:53.1474896Z apps/memory_api/celery_app.py                                    4      0   100%
2025-11-27T16:30:53.1475826Z apps/memory_api/clients/rae_client.py                          270     32    88%   116-119, 242-244, 298, 374-383, 465, 472, 507-508, 512, 516, 561-562, 589, 604, 715, 741, 747, 796-802
2025-11-27T16:30:53.1476738Z apps/memory_api/config.py                                       49      1    98%   40
2025-11-27T16:30:53.1477389Z apps/memory_api/cost_model.py                                    8      6    25%   53-61
2025-11-27T16:30:53.1478119Z apps/memory_api/dependencies.py                                 34     19    44%   38-42, 60, 78-80, 93-95, 116-123, 139-145
2025-11-27T16:30:53.1478898Z apps/memory_api/logging_config.py                               24      0   100%
2025-11-27T16:30:53.1479608Z apps/memory_api/main.py                                         81     18    78%   51-72, 115, 194-201, 209-215, 229-230, 249-250, 290
2025-11-27T16:30:53.1480270Z apps/memory_api/metrics.py                                      22      0   100%
2025-11-27T16:30:53.1481197Z apps/memory_api/middleware/cost_guard.py                       144    124    14%   63-95, 111-128, 166-476
2025-11-27T16:30:53.1482208Z apps/memory_api/middleware/rate_limiter.py                      51     31    39%   55-74, 106-114, 165-177, 200-211
2025-11-27T16:30:53.1482982Z apps/memory_api/middleware/tenant.py                             9      0   100%
2025-11-27T16:30:53.1483630Z apps/memory_api/models.py                                       68      0   100%
2025-11-27T16:30:53.1484266Z apps/memory_api/models/__init__.py                              22      0   100%
2025-11-27T16:30:53.1484970Z apps/memory_api/models/dashboard_models.py                     286      0   100%
2025-11-27T16:30:53.1485736Z apps/memory_api/models/evaluation_models.py                    256      0   100%
2025-11-27T16:30:53.1486472Z apps/memory_api/models/event_models.py                         244      0   100%
2025-11-27T16:30:53.1487150Z apps/memory_api/models/graph.py                                 17      0   100%
2025-11-27T16:30:53.1487858Z apps/memory_api/models/graph_enhanced_models.py                254      0   100%
2025-11-27T16:30:53.1488597Z apps/memory_api/models/hybrid_search_models.py                 164      0   100%
2025-11-27T16:30:53.1489328Z apps/memory_api/models/rbac.py                                  95     17    82%   135, 207-224, 234-239
2025-11-27T16:30:53.1490067Z apps/memory_api/models/reflection_models.py                    169      1    99%   69
2025-11-27T16:30:53.1490806Z apps/memory_api/models/tenant.py                                94     11    88%   193-200, 212-215
2025-11-27T16:30:53.1491520Z apps/memory_api/observability/__init__.py                        2      0   100%
2025-11-27T16:30:53.1492717Z apps/memory_api/observability/opentelemetry_config.py          104     71    32%   136-191, 215-219, 235-254, 275-278, 292-298, 312-318, 352-363, 368-371, 380-383, 388-391
2025-11-27T16:30:53.1493693Z apps/memory_api/plugins/__init__.py                              2      0   100%
2025-11-27T16:30:53.1494604Z apps/memory_api/plugins/base.py                                190     44    77%   137, 185, 198, 214, 232, 242, 252, 268, 281, 296, 309, 329, 378-379, 421-426, 435-436, 456, 470-471, 501-535, 550-551
2025-11-27T16:30:53.1495715Z apps/memory_api/repositories/__init__.py                         0      0   100%
2025-11-27T16:30:53.1496653Z apps/memory_api/repositories/cost_logs_repository.py           141     60    57%   176-242, 279-357, 374-382, 401-408, 425-433, 452-459, 493-543, 577-634, 657-685
2025-11-27T16:30:53.1498080Z apps/memory_api/repositories/graph_repository.py               131    106    19%   33, 53-139, 162, 180-216, 232-253, 275-293, 319-338, 358-380, 403-423, 448-469, 485-496, 517-584, 601-611, 628-638, 653-664, 682-722, 737-753, 767-783, 809-843
2025-11-27T16:30:53.1499872Z apps/memory_api/repositories/graph_repository_enhanced.py      130     99    24%   60, 90-108, 114-127, 133-146, 162-184, 208-216, 260-297, 303-329, 335-350, 354-366, 372-386, 413-436, 471-534, 563-591, 618-631, 635-642, 648-660, 675-689, 708-740, 778-800, 808, 820, 841
2025-11-27T16:30:53.1501452Z apps/memory_api/repositories/memory_repository.py               77     62    19%   30, 59-104, 122-140, 155-170, 185-196, 211-222, 238-263, 279-299, 315-335, 363-405
2025-11-27T16:30:53.1502865Z apps/memory_api/repositories/reflection_repository.py          158    140    11%   83-157, 174-185, 222-295, 312-333, 374-420, 443-471, 494-569, 591-600, 635-659, 669-689, 720
2025-11-27T16:30:53.1503866Z apps/memory_api/routes/__init__.py                               1      0   100%
2025-11-27T16:30:53.1504930Z apps/memory_api/routes/dashboard.py                            239    202    15%   68, 74-78, 114-163, 182-217, 240-274, 296-351, 368-397, 409-421, 444-466, 479, 490-556, 563-643, 650-720, 731-779, 791-806, 811-832, 837-860, 875
2025-11-27T16:30:53.1506172Z apps/memory_api/routes/evaluation.py                            91     59    35%   40, 64-89, 99, 160-193, 203, 250-280, 293-311, 331-358, 368, 406-418, 428, 454, 477
2025-11-27T16:30:53.1507591Z apps/memory_api/routes/event_triggers.py                       159    114    28%   48, 69-89, 95-109, 126-139, 145-154, 160-171, 177-188, 204-219, 237-267, 277, 312-334, 356-373, 379-391, 399-406, 421, 440-457, 479-512, 523, 555
2025-11-27T16:30:53.1509115Z apps/memory_api/routes/graph_enhanced.py                       225    179    20%   63, 79-94, 106-122, 134-151, 167-203, 211-226, 234-245, 253-264, 272-287, 306-361, 376-417, 432-457, 473-504, 510-526, 534-545, 557-581, 598-617, 632-654, 664-706, 717
2025-11-27T16:30:53.1510477Z apps/memory_api/routes/hybrid_search.py                        104     75    28%   38, 60-96, 115-137, 148-167, 182-194, 209-228, 238-264, 282-369, 394-426, 437, 461
2025-11-27T16:30:53.1511543Z apps/memory_api/routes/reflections.py                           98     71    28%   45, 83-104, 142-200, 225-247, 270-282, 316-352, 387-420, 447-453, 481-510
2025-11-27T16:30:53.1512563Z apps/memory_api/security/__init__.py                             4      0   100%
2025-11-27T16:30:53.1513310Z apps/memory_api/security/auth.py                                42     30    29%   38-56, 81-109, 126-129, 151-156
2025-11-27T16:30:53.1514145Z apps/memory_api/security/rate_limit.py                          78     63    19%   31-32, 36-48, 63-77, 99-179, 189-191, 208-225
2025-11-27T16:30:53.1515075Z apps/memory_api/security/validation.py                          87     68    22%   40-56, 72-95, 111-150, 166-177, 193-203, 219-236, 252-269, 286-301
2025-11-27T16:30:53.1515912Z apps/memory_api/services/__init__.py                             0      0   100%
2025-11-27T16:30:53.1516653Z apps/memory_api/services/analytics.py                          193      4    98%   339-342, 346
2025-11-27T16:30:53.1517523Z apps/memory_api/services/budget_service.py                      88     52    41%   74, 95-136, 160-297, 323-351, 376-458, 487-521
2025-11-27T16:30:53.1518483Z apps/memory_api/services/community_detection.py                 81     60    26%   48-50, 54-55, 69-100, 114-137, 142-165, 187-208, 226-254
2025-11-27T16:30:53.1519614Z apps/memory_api/services/context_cache.py                       62     42    32%   21, 31, 34, 39-49, 54-57, 63-102, 106
2025-11-27T16:30:53.1520570Z apps/memory_api/services/cost_controller.py                     55     43    22%   79-146, 171-174, 194-200, 224-241, 260-261, 277-284, 309, 344-359
2025-11-27T16:30:53.1521765Z apps/memory_api/services/dashboard_websocket.py                182     79    57%   131, 175-177, 201, 205-210, 247-253, 257-271, 296, 307, 346-357, 365-372, 410-425, 439-451, 461-498, 620-622, 638, 662-703
2025-11-27T16:30:53.1523095Z apps/memory_api/services/drift_detector.py                     108     33    69%   102-104, 118-124, 248, 292, 329, 333, 357-373, 423-434, 445
2025-11-27T16:30:53.1523991Z apps/memory_api/services/embedding.py                           28     15    46%   28-29, 36-55, 62-64, 72
2025-11-27T16:30:53.1524861Z apps/memory_api/services/entity_resolution.py                   74     54    27%   52-57, 69-107, 116-132, 137-161, 187-222, 240
2025-11-27T16:30:53.1525837Z apps/memory_api/services/evaluation_service.py                 139     82    41%   74-205, 233-234, 275, 330, 357-385, 408-442, 464-474
2025-11-27T16:30:53.1527085Z apps/memory_api/services/graph_algorithms.py                   298     41    86%   34, 55, 93, 126-127, 135-140, 160-165, 191-193, 231, 308, 329, 350-361, 394, 405, 418-419, 445, 451, 454, 490, 554, 573, 589, 665-671, 685-691
2025-11-27T16:30:53.1528378Z apps/memory_api/services/graph_extraction.py                   132     91    31%   39-47, 100, 106, 115, 165-205, 258-260, 264-265, 299-406, 415-467, 483, 497-515, 534-545
2025-11-27T16:30:53.1529520Z apps/memory_api/services/hybrid_cache.py                        90     71    21%   48-58, 82-105, 126-153, 176-185, 202-216, 225-236, 240-248, 257-260, 269, 283-285, 300-302
2025-11-27T16:30:53.1530579Z apps/memory_api/services/hybrid_search.py                      114     88    23%   81-83, 122-230, 254-308, 318, 341-358, 383-388, 411-470, 482-493
2025-11-27T16:30:53.1531808Z apps/memory_api/services/hybrid_search_service.py              226    207     8%   93-98, 145-336, 353-407, 418-473, 485-624, 636-680, 705-776, 796-850
2025-11-27T16:30:53.1532911Z apps/memory_api/services/llm/__init__.py                        20     10    50%   18-33
2025-11-27T16:30:53.1533678Z apps/memory_api/services/llm/anthropic.py                       30     17    43%   18-21, 30-54, 65-78
2025-11-27T16:30:53.1534446Z apps/memory_api/services/llm/base.py                            14      0   100%
2025-11-27T16:30:53.1535183Z apps/memory_api/services/llm/gemini.py                          33     20    39%   18-22, 31-52, 63-74
2025-11-27T16:30:53.1536023Z apps/memory_api/services/llm/litellm_provider.py                19     10    47%   17-20, 28-43, 62-72
2025-11-27T16:30:53.1536863Z apps/memory_api/services/llm/ollama.py                          43     30    30%   18-21, 30-62, 73-95
2025-11-27T16:30:53.1537647Z apps/memory_api/services/llm/openai.py                          30     17    43%   18-21, 30-53, 64-76
2025-11-27T16:30:53.1538688Z apps/memory_api/services/ml_service_client.py                  122     99    19%   50-54, 58-59, 63-68, 76-90, 94, 125-130, 138, 159-204, 222-250, 268-294, 312-337, 356-385, 396-409, 418-420
2025-11-27T16:30:53.1539713Z apps/memory_api/services/pii_scrubber.py                        24     17    29%   29-30, 40-45, 51-56, 72-89
2025-11-27T16:30:53.1540594Z apps/memory_api/services/query_analyzer.py                      91     62    32%   128-129, 148-197, 216-241, 257-269, 283-312, 344, 363-383
2025-11-27T16:30:53.1541447Z apps/memory_api/services/redis_client.py                         5      2    60%   7-8
2025-11-27T16:30:53.1542557Z apps/memory_api/services/reflection_engine.py                   98     69    30%   79-82, 89-126, 138-154, 167-178, 207-239, 268-319, 335-361, 373-388, 400-412, 425-441
2025-11-27T16:30:53.1543796Z apps/memory_api/services/reflection_pipeline.py                194    168    13%   126-128, 132-133, 151-247, 258-290, 306-380, 391-473, 479-559, 571-600, 609-615, 624-633
2025-11-27T16:30:53.1545475Z apps/memory_api/services/rules_engine.py                       202    102    50%   95-108, 137-159, 181-183, 196-197, 226, 232, 238, 245-249, 252-260, 266, 269-272, 277-278, 282, 304, 323, 332-341, 357, 360, 384-412, 486-525, 549-569, 592-600, 606-609, 615-618, 624-629, 639-642, 648-651
2025-11-27T16:30:53.1546797Z apps/memory_api/services/scoring.py                             28     20    29%   15-29, 36, 44-64, 72-79
2025-11-27T16:30:53.1547644Z apps/memory_api/services/temporal_graph.py                     186      9    95%   48, 74, 85, 182, 279, 338-340, 426, 478
2025-11-27T16:30:53.1548470Z apps/memory_api/services/token_estimator.py                      4      3    25%   8-10
2025-11-27T16:30:53.1549247Z apps/memory_api/services/vector_store/__init__.py               16      8    50%   17-28
2025-11-27T16:30:53.1550010Z apps/memory_api/services/vector_store/base.py                    6      0   100%
2025-11-27T16:30:53.1550837Z apps/memory_api/services/vector_store/pgvector_store.py         23     11    52%   17, 25-32, 46-55, 62
2025-11-27T16:30:53.1551828Z apps/memory_api/services/vector_store/qdrant_store.py           64     43    33%   49-66, 70-74, 80-106, 129-160, 170-180, 198-208
2025-11-27T16:30:53.1552795Z apps/memory_api/tasks/__init__.py                                0      0   100%
2025-11-27T16:30:53.1553551Z apps/memory_api/tasks/background_tasks.py                      121     27    78%   18, 47-66, 123-125, 268-278, 289-301
2025-11-27T16:30:53.1554314Z apps/memory_api/tests/__init__.py                                0      0   100%
2025-11-27T16:30:53.1555032Z apps/memory_api/tests/conftest.py                               68     30    56%   16-18, 24, 52-55, 146-163, 183-266, 281
2025-11-27T16:30:53.1555772Z apps/memory_api/tests/test_analytics.py                        121      0   100%
2025-11-27T16:30:53.1556661Z apps/memory_api/tests/test_api_client.py                       155      1    99%   116
2025-11-27T16:30:53.1557383Z apps/memory_api/tests/test_api_e2e.py                           26      4    85%   57, 71, 86, 119
2025-11-27T16:30:53.1558121Z apps/memory_api/tests/test_background_tasks.py                 131      1    99%   334
2025-11-27T16:30:53.1558854Z apps/memory_api/tests/test_dashboard_websocket.py               96      0   100%
2025-11-27T16:30:53.1559593Z apps/memory_api/tests/test_evaluation_suite.py                  79      0   100%
2025-11-27T16:30:53.1560305Z apps/memory_api/tests/test_event_triggers.py                    92      0   100%
2025-11-27T16:30:53.1561042Z apps/memory_api/tests/test_graph_algorithms.py                 178      0   100%
2025-11-27T16:30:53.1561844Z apps/memory_api/tests/test_graph_extraction.py                 136    132     3%   18-418
2025-11-27T16:30:53.1562777Z apps/memory_api/tests/test_graph_extraction_integration.py     132    130     2%   23-441
2025-11-27T16:30:53.1563578Z apps/memory_api/tests/test_hybrid_search.py                    223    220     1%   17-931
2025-11-27T16:30:53.1564356Z apps/memory_api/tests/test_openapi.py                           10      0   100%
2025-11-27T16:30:53.1565075Z apps/memory_api/tests/test_phase2_models.py                    158      1    99%   325
2025-11-27T16:30:53.1565823Z apps/memory_api/tests/test_phase2_plugins.py                   209      1    99%   425
2025-11-27T16:30:53.1566615Z apps/memory_api/tests/test_pii_scrubber.py                      74     72     3%   25-197
2025-11-27T16:30:53.1567420Z apps/memory_api/tests/test_reflection_simple.py                 51     45    12%   20-143
2025-11-27T16:30:53.1568167Z apps/memory_api/tests/test_semantic_memory.py                   70     65     7%   24-216
2025-11-27T16:30:53.1568912Z apps/memory_api/tests/test_temporal_graph.py                   176      0   100%
2025-11-27T16:30:53.1569650Z apps/memory_api/tests/test_vector_store.py                      75     72     4%   26-212
2025-11-27T16:30:53.1570356Z ------------------------------------------------------------------------------------------
2025-11-27T16:30:53.1571115Z TOTAL                                                        10608   4647    56%
2025-11-27T16:30:53.1571557Z Coverage HTML written to dir htmlcov
2025-11-27T16:30:53.1572116Z Coverage XML written to file coverage.xml
2025-11-27T16:30:54.0259260Z [32mRequired test coverage of 55% reached. Total coverage: 56.19%
2025-11-27T16:30:54.0259779Z [0m============================= slowest 10 durations =============================
2025-11-27T16:30:54.0260371Z 2.00s call     apps/memory_api/tests/test_background_tasks.py::TestExtractGraphLazy::test_extract_graph_success
2025-11-27T16:30:54.0261130Z 1.36s call     apps/memory_api/tests/test_background_tasks.py::TestExtractGraphLazy::test_extract_graph_with_mini_model
2025-11-27T16:30:54.0261750Z 1.20s call     apps/memory_api/tests/test_api_client.py::test_cache_expiration
2025-11-27T16:30:54.0262942Z 0.96s call     apps/memory_api/tests/test_background_tasks.py::TestExtractGraphLazy::test_extract_graph_pool_cleanup
2025-11-27T16:30:54.0263605Z 0.77s call     apps/memory_api/tests/test_openapi.py::test_openapi_schema
2025-11-27T16:30:54.0264060Z 0.70s call     apps/memory_api/tests/test_api_client.py::test_retry_exhausted
2025-11-27T16:30:54.0264542Z 0.30s call     apps/memory_api/tests/test_api_client.py::test_retry_on_network_error
2025-11-27T16:30:54.0265111Z 0.07s call     apps/memory_api/tests/test_api_e2e.py::TestAPIErrorHandling::test_missing_tenant_header
2025-11-27T16:30:54.0265646Z 0.02s setup    apps/memory_api/tests/test_api_client.py::test_get_request
2025-11-27T16:30:54.0266131Z 0.02s setup    apps/memory_api/tests/test_api_client.py::test_no_retry_on_client_error
2025-11-27T16:30:54.0266841Z [33m================ [32m154 passed[0m, [33m[1m10 skipped[0m, [33m[1m43 warnings[0m[33m in 26.92s[0m[33m =================[0m
2025-11-27T16:30:54.8535694Z ##[group]Run pytest -m "integration" --cov --cov-append --cov-report=xml --cov-report=term || true
2025-11-27T16:30:54.8536333Z [36;1mpytest -m "integration" --cov --cov-append --cov-report=xml --cov-report=term || true[0m
2025-11-27T16:30:54.8569271Z shell: /usr/bin/bash -e {0}
2025-11-27T16:30:54.8569494Z env:
2025-11-27T16:30:54.8569729Z   pythonLocation: /opt/hostedtoolcache/Python/3.12.12/x64
2025-11-27T16:30:54.8570143Z   PKG_CONFIG_PATH: /opt/hostedtoolcache/Python/3.12.12/x64/lib/pkgconfig
2025-11-27T16:30:54.8570533Z   Python_ROOT_DIR: /opt/hostedtoolcache/Python/3.12.12/x64
2025-11-27T16:30:54.8570880Z   Python2_ROOT_DIR: /opt/hostedtoolcache/Python/3.12.12/x64
2025-11-27T16:30:54.8571226Z   Python3_ROOT_DIR: /opt/hostedtoolcache/Python/3.12.12/x64
2025-11-27T16:30:54.8571573Z   LD_LIBRARY_PATH: /opt/hostedtoolcache/Python/3.12.12/x64/lib
2025-11-27T16:30:54.8572494Z   DATABASE_URL: ***localhost:5432/test_rae
2025-11-27T16:30:54.8572812Z   REDIS_URL: redis://localhost:6379/0
2025-11-27T16:30:54.8573066Z   QDRANT_URL: http://localhost:6333
2025-11-27T16:30:54.8573305Z   RAE_VECTOR_BACKEND: qdrant
2025-11-27T16:30:54.8573511Z ##[endgroup]
2025-11-27T16:30:55.2321497Z [1m============================= test session starts ==============================[0m
2025-11-27T16:30:55.2322532Z platform linux -- Python 3.12.12, pytest-9.0.1, pluggy-1.6.0 -- /opt/hostedtoolcache/Python/3.12.12/x64/bin/python
2025-11-27T16:30:55.2323138Z cachedir: .pytest_cache
2025-11-27T16:30:55.2323530Z rootdir: /home/runner/work/RAE-agentic-memory/RAE-agentic-memory
2025-11-27T16:30:55.2323961Z configfile: pytest.ini
2025-11-27T16:30:55.2324479Z testpaths: apps/memory_api/tests, sdk/python/rae_memory_sdk/tests, integrations/mcp-server/tests
2025-11-27T16:30:55.2325125Z plugins: anyio-4.11.0, cov-7.0.0, asyncio-1.3.0, mock-3.15.1
2025-11-27T16:30:55.2325702Z asyncio: mode=Mode.AUTO, debug=False, asyncio_default_fixture_loop_scope=None, asyncio_default_test_loop_scope=function
2025-11-27T16:31:10.2981289Z [1mcollecting ... [0mcollected 157 items / 157 deselected / 7 skipped / 0 selected
2025-11-27T16:31:10.2982225Z 
2025-11-27T16:31:10.2982656Z [33m=============================== warnings summary ===============================[0m
2025-11-27T16:31:10.2983916Z ../../../../../opt/hostedtoolcache/Python/3.12.12/x64/lib/python3.12/site-packages/starlette/formparsers.py:12
2025-11-27T16:31:10.2985394Z   /opt/hostedtoolcache/Python/3.12.12/x64/lib/python3.12/site-packages/starlette/formparsers.py:12: PendingDeprecationWarning: Please use `import python_multipart` instead.
2025-11-27T16:31:10.2986552Z     import multipart
2025-11-27T16:31:10.2986747Z 
2025-11-27T16:31:10.2987047Z -- Docs: https://docs.pytest.org/en/stable/how-to/capture-warnings.html
2025-11-27T16:31:10.2987646Z ================================ tests coverage ================================
2025-11-27T16:31:10.2988214Z _______________ coverage: platform linux, python 3.12.12-final-0 _______________
2025-11-27T16:31:10.2988620Z 
2025-11-27T16:31:10.2988812Z Name                                                         Stmts   Miss  Cover   Missing
2025-11-27T16:31:10.2989350Z ------------------------------------------------------------------------------------------
2025-11-27T16:31:10.2989919Z apps/__init__.py                                                 0      0   100%
2025-11-27T16:31:10.2990482Z apps/memory_api/__init__.py                                      0      0   100%
2025-11-27T16:31:10.2991078Z apps/memory_api/api/__init__.py                                  0      0   100%
2025-11-27T16:31:10.2991711Z apps/memory_api/api/v1/__init__.py                               0      0   100%
2025-11-27T16:31:10.2992607Z apps/memory_api/api/v1/agent.py                                 89     68    24%   48-222, 249-271
2025-11-27T16:31:10.2993301Z apps/memory_api/api/v1/cache.py                                  8      2    75%   14-15
2025-11-27T16:31:10.2994320Z apps/memory_api/api/v1/governance.py                           122     75    39%   103-175, 197-300, 319-419
2025-11-27T16:31:10.2995182Z apps/memory_api/api/v1/graph.py                                192    123    36%   150-190, 219-272, 296-359, 400-512, 541-591, 628-684, 716-818
2025-11-27T16:31:10.2996088Z apps/memory_api/api/v1/health.py                               127     86    32%   59-95, 102-135, 142-174, 189-204, 228-265, 282-287, 303, 322-351
2025-11-27T16:31:10.2996953Z apps/memory_api/api/v1/memory.py                               139    110    21%   43-103, 127-239, 247-275, 283-284, 292-306, 349-408
2025-11-27T16:31:10.2997655Z apps/memory_api/celery_app.py                                    4      0   100%
2025-11-27T16:31:10.2998571Z apps/memory_api/clients/rae_client.py                          270     32    88%   116-119, 242-244, 298, 374-383, 465, 472, 507-508, 512, 516, 561-562, 589, 604, 715, 741, 747, 796-802
2025-11-27T16:31:10.2999475Z apps/memory_api/config.py                                       49      1    98%   40
2025-11-27T16:31:10.3000107Z apps/memory_api/cost_model.py                                    8      6    25%   53-61
2025-11-27T16:31:10.3000826Z apps/memory_api/dependencies.py                                 34     19    44%   38-42, 60, 78-80, 93-95, 116-123, 139-145
2025-11-27T16:31:10.3001567Z apps/memory_api/logging_config.py                               24      0   100%
2025-11-27T16:31:10.3002433Z apps/memory_api/main.py                                         81     18    78%   51-72, 115, 194-201, 209-215, 229-230, 249-250, 290
2025-11-27T16:31:10.3003120Z apps/memory_api/metrics.py                                      22      0   100%
2025-11-27T16:31:10.3003854Z apps/memory_api/middleware/cost_guard.py                       144    124    14%   63-95, 111-128, 166-476
2025-11-27T16:31:10.3004686Z apps/memory_api/middleware/rate_limiter.py                      51     31    39%   55-74, 106-114, 165-177, 200-211
2025-11-27T16:31:10.3005455Z apps/memory_api/middleware/tenant.py                             9      0   100%
2025-11-27T16:31:10.3006098Z apps/memory_api/models.py                                       68      0   100%
2025-11-27T16:31:10.3006714Z apps/memory_api/models/__init__.py                              22      0   100%
2025-11-27T16:31:10.3007609Z apps/memory_api/models/dashboard_models.py                     286      0   100%
2025-11-27T16:31:10.3008330Z apps/memory_api/models/evaluation_models.py                    256      0   100%
2025-11-27T16:31:10.3009029Z apps/memory_api/models/event_models.py                         244      0   100%
2025-11-27T16:31:10.3009703Z apps/memory_api/models/graph.py                                 17      0   100%
2025-11-27T16:31:10.3010380Z apps/memory_api/models/graph_enhanced_models.py                254      0   100%
2025-11-27T16:31:10.3011112Z apps/memory_api/models/hybrid_search_models.py                 164      0   100%
2025-11-27T16:31:10.3011796Z apps/memory_api/models/rbac.py                                  95     17    82%   135, 207-224, 234-239
2025-11-27T16:31:10.3012696Z apps/memory_api/models/reflection_models.py                    169      1    99%   69
2025-11-27T16:31:10.3013440Z apps/memory_api/models/tenant.py                                94     11    88%   193-200, 212-215
2025-11-27T16:31:10.3014187Z apps/memory_api/observability/__init__.py                        2      0   100%
2025-11-27T16:31:10.3015191Z apps/memory_api/observability/opentelemetry_config.py          104     71    32%   136-191, 215-219, 235-254, 275-278, 292-298, 312-318, 352-363, 368-371, 380-383, 388-391
2025-11-27T16:31:10.3016156Z apps/memory_api/plugins/__init__.py                              2      0   100%
2025-11-27T16:31:10.3017023Z apps/memory_api/plugins/base.py                                190     44    77%   137, 185, 198, 214, 232, 242, 252, 268, 281, 296, 309, 329, 378-379, 421-426, 435-436, 456, 470-471, 501-535, 550-551
2025-11-27T16:31:10.3017932Z apps/memory_api/repositories/__init__.py                         0      0   100%
2025-11-27T16:31:10.3019047Z apps/memory_api/repositories/cost_logs_repository.py           141     60    57%   176-242, 279-357, 374-382, 401-408, 425-433, 452-459, 493-543, 577-634, 657-685
2025-11-27T16:31:10.3020446Z apps/memory_api/repositories/graph_repository.py               131    106    19%   33, 53-139, 162, 180-216, 232-253, 275-293, 319-338, 358-380, 403-423, 448-469, 485-496, 517-584, 601-611, 628-638, 653-664, 682-722, 737-753, 767-783, 809-843
2025-11-27T16:31:10.3022370Z apps/memory_api/repositories/graph_repository_enhanced.py      130     99    24%   60, 90-108, 114-127, 133-146, 162-184, 208-216, 260-297, 303-329, 335-350, 354-366, 372-386, 413-436, 471-534, 563-591, 618-631, 635-642, 648-660, 675-689, 708-740, 778-800, 808, 820, 841
2025-11-27T16:31:10.3023894Z apps/memory_api/repositories/memory_repository.py               77     62    19%   30, 59-104, 122-140, 155-170, 185-196, 211-222, 238-263, 279-299, 315-335, 363-405
2025-11-27T16:31:10.3025162Z apps/memory_api/repositories/reflection_repository.py          158    140    11%   83-157, 174-185, 222-295, 312-333, 374-420, 443-471, 494-569, 591-600, 635-659, 669-689, 720
2025-11-27T16:31:10.3026158Z apps/memory_api/routes/__init__.py                               1      0   100%
2025-11-27T16:31:10.3027189Z apps/memory_api/routes/dashboard.py                            239    202    15%   68, 74-78, 114-163, 182-217, 240-274, 296-351, 368-397, 409-421, 444-466, 479, 490-556, 563-643, 650-720, 731-779, 791-806, 811-832, 837-860, 875
2025-11-27T16:31:10.3028399Z apps/memory_api/routes/evaluation.py                            91     59    35%   40, 64-89, 99, 160-193, 203, 250-280, 293-311, 331-358, 368, 406-418, 428, 454, 477
2025-11-27T16:31:10.3029668Z apps/memory_api/routes/event_triggers.py                       159    114    28%   48, 69-89, 95-109, 126-139, 145-154, 160-171, 177-188, 204-219, 237-267, 277, 312-334, 356-373, 379-391, 399-406, 421, 440-457, 479-512, 523, 555
2025-11-27T16:31:10.3031173Z apps/memory_api/routes/graph_enhanced.py                       225    179    20%   63, 79-94, 106-122, 134-151, 167-203, 211-226, 234-245, 253-264, 272-287, 306-361, 376-417, 432-457, 473-504, 510-526, 534-545, 557-581, 598-617, 632-654, 664-706, 717
2025-11-27T16:31:10.3032873Z apps/memory_api/routes/hybrid_search.py                        104     75    28%   38, 60-96, 115-137, 148-167, 182-194, 209-228, 238-264, 282-369, 394-426, 437, 461
2025-11-27T16:31:10.3033899Z apps/memory_api/routes/reflections.py                           98     71    28%   45, 83-104, 142-200, 225-247, 270-282, 316-352, 387-420, 447-453, 481-510
2025-11-27T16:31:10.3034751Z apps/memory_api/security/__init__.py                             4      0   100%
2025-11-27T16:31:10.3035483Z apps/memory_api/security/auth.py                                42     30    29%   38-56, 81-109, 126-129, 151-156
2025-11-27T16:31:10.3036313Z apps/memory_api/security/rate_limit.py                          78     63    19%   31-32, 36-48, 63-77, 99-179, 189-191, 208-225
2025-11-27T16:31:10.3037305Z apps/memory_api/security/validation.py                          87     68    22%   40-56, 72-95, 111-150, 166-177, 193-203, 219-236, 252-269, 286-301
2025-11-27T16:31:10.3038131Z apps/memory_api/services/__init__.py                             0      0   100%
2025-11-27T16:31:10.3038858Z apps/memory_api/services/analytics.py                          193      4    98%   339-342, 346
2025-11-27T16:31:10.3039700Z apps/memory_api/services/budget_service.py                      88     52    41%   74, 95-136, 160-297, 323-351, 376-458, 487-521
2025-11-27T16:31:10.3040645Z apps/memory_api/services/community_detection.py                 81     60    26%   48-50, 54-55, 69-100, 114-137, 142-165, 187-208, 226-254
2025-11-27T16:31:10.3041576Z apps/memory_api/services/context_cache.py                       62     42    32%   21, 31, 34, 39-49, 54-57, 63-102, 106
2025-11-27T16:31:10.3042674Z apps/memory_api/services/cost_controller.py                     55     43    22%   79-146, 171-174, 194-200, 224-241, 260-261, 277-284, 309, 344-359
2025-11-27T16:31:10.3044078Z apps/memory_api/services/dashboard_websocket.py                182     79    57%   131, 175-177, 201, 205-210, 247-253, 257-271, 296, 307, 346-357, 365-372, 410-425, 439-451, 461-498, 620-622, 638, 662-703
2025-11-27T16:31:10.3045280Z apps/memory_api/services/drift_detector.py                     108     33    69%   102-104, 118-124, 248, 292, 329, 333, 357-373, 423-434, 445
2025-11-27T16:31:10.3046145Z apps/memory_api/services/embedding.py                           28     15    46%   28-29, 36-55, 62-64, 72
2025-11-27T16:31:10.3046995Z apps/memory_api/services/entity_resolution.py                   74     54    27%   52-57, 69-107, 116-132, 137-161, 187-222, 240
2025-11-27T16:31:10.3047945Z apps/memory_api/services/evaluation_service.py                 139     82    41%   74-205, 233-234, 275, 330, 357-385, 408-442, 464-474
2025-11-27T16:31:10.3049139Z apps/memory_api/services/graph_algorithms.py                   298     41    86%   34, 55, 93, 126-127, 135-140, 160-165, 191-193, 231, 308, 329, 350-361, 394, 405, 418-419, 445, 451, 454, 490, 554, 573, 589, 665-671, 685-691
2025-11-27T16:31:10.3050420Z apps/memory_api/services/graph_extraction.py                   132     91    31%   39-47, 100, 106, 115, 165-205, 258-260, 264-265, 299-406, 415-467, 483, 497-515, 534-545
2025-11-27T16:31:10.3051551Z apps/memory_api/services/hybrid_cache.py                        90     71    21%   48-58, 82-105, 126-153, 176-185, 202-216, 225-236, 240-248, 257-260, 269, 283-285, 300-302
2025-11-27T16:31:10.3052760Z apps/memory_api/services/hybrid_search.py                      114     88    23%   81-83, 122-230, 254-308, 318, 341-358, 383-388, 411-470, 482-493
2025-11-27T16:31:10.3053819Z apps/memory_api/services/hybrid_search_service.py              226    207     8%   93-98, 145-336, 353-407, 418-473, 485-624, 636-680, 705-776, 796-850
2025-11-27T16:31:10.3054709Z apps/memory_api/services/llm/__init__.py                        20     10    50%   18-33
2025-11-27T16:31:10.3055493Z apps/memory_api/services/llm/anthropic.py                       30     17    43%   18-21, 30-54, 65-78
2025-11-27T16:31:10.3056260Z apps/memory_api/services/llm/base.py                            14      0   100%
2025-11-27T16:31:10.3057182Z apps/memory_api/services/llm/gemini.py                          33     20    39%   18-22, 31-52, 63-74
2025-11-27T16:31:10.3057990Z apps/memory_api/services/llm/litellm_provider.py                19     10    47%   17-20, 28-43, 62-72
2025-11-27T16:31:10.3058803Z apps/memory_api/services/llm/ollama.py                          43     30    30%   18-21, 30-62, 73-95
2025-11-27T16:31:10.3059561Z apps/memory_api/services/llm/openai.py                          30     17    43%   18-21, 30-53, 64-76
2025-11-27T16:31:10.3060552Z apps/memory_api/services/ml_service_client.py                  122     99    19%   50-54, 58-59, 63-68, 76-90, 94, 125-130, 138, 159-204, 222-250, 268-294, 312-337, 356-385, 396-409, 418-420
2025-11-27T16:31:10.3061574Z apps/memory_api/services/pii_scrubber.py                        24     17    29%   29-30, 40-45, 51-56, 72-89
2025-11-27T16:31:10.3062650Z apps/memory_api/services/query_analyzer.py                      91     62    32%   128-129, 148-197, 216-241, 257-269, 283-312, 344, 363-383
2025-11-27T16:31:10.3063508Z apps/memory_api/services/redis_client.py                         5      2    60%   7-8
2025-11-27T16:31:10.3064441Z apps/memory_api/services/reflection_engine.py                   98     69    30%   79-82, 89-126, 138-154, 167-178, 207-239, 268-319, 335-361, 373-388, 400-412, 425-441
2025-11-27T16:31:10.3065621Z apps/memory_api/services/reflection_pipeline.py                194    168    13%   126-128, 132-133, 151-247, 258-290, 306-380, 391-473, 479-559, 571-600, 609-615, 624-633
2025-11-27T16:31:10.3067299Z apps/memory_api/services/rules_engine.py                       202    102    50%   95-108, 137-159, 181-183, 196-197, 226, 232, 238, 245-249, 252-260, 266, 269-272, 277-278, 282, 304, 323, 332-341, 357, 360, 384-412, 486-525, 549-569, 592-600, 606-609, 615-618, 624-629, 639-642, 648-651
2025-11-27T16:31:10.3068602Z apps/memory_api/services/scoring.py                             28     20    29%   15-29, 36, 44-64, 72-79
2025-11-27T16:31:10.3069441Z apps/memory_api/services/temporal_graph.py                     186      9    95%   48, 74, 85, 182, 279, 338-340, 426, 478
2025-11-27T16:31:10.3070292Z apps/memory_api/services/token_estimator.py                      4      3    25%   8-10
2025-11-27T16:31:10.3071081Z apps/memory_api/services/vector_store/__init__.py               16      8    50%   17-28
2025-11-27T16:31:10.3071820Z apps/memory_api/services/vector_store/base.py                    6      0   100%
2025-11-27T16:31:10.3072770Z apps/memory_api/services/vector_store/pgvector_store.py         23     11    52%   17, 25-32, 46-55, 62
2025-11-27T16:31:10.3073727Z apps/memory_api/services/vector_store/qdrant_store.py           64     43    33%   49-66, 70-74, 80-106, 129-160, 170-180, 198-208
2025-11-27T16:31:10.3074549Z apps/memory_api/tasks/__init__.py                                0      0   100%
2025-11-27T16:31:10.3075286Z apps/memory_api/tasks/background_tasks.py                      121     27    78%   18, 47-66, 123-125, 268-278, 289-301
2025-11-27T16:31:10.3076044Z apps/memory_api/tests/__init__.py                                0      0   100%
2025-11-27T16:31:10.3076742Z apps/memory_api/tests/conftest.py                               68     30    56%   16-18, 24, 52-55, 146-163, 183-266, 281
2025-11-27T16:31:10.3077482Z apps/memory_api/tests/test_analytics.py                        121      0   100%
2025-11-27T16:31:10.3078171Z apps/memory_api/tests/test_api_client.py                       155      1    99%   116
2025-11-27T16:31:10.3078893Z apps/memory_api/tests/test_api_e2e.py                           26      4    85%   57, 71, 86, 119
2025-11-27T16:31:10.3079638Z apps/memory_api/tests/test_background_tasks.py                 131      1    99%   334
2025-11-27T16:31:10.3080366Z apps/memory_api/tests/test_dashboard_websocket.py               96      0   100%
2025-11-27T16:31:10.3081064Z apps/memory_api/tests/test_evaluation_suite.py                  79      0   100%
2025-11-27T16:31:10.3081742Z apps/memory_api/tests/test_event_triggers.py                    92      0   100%
2025-11-27T16:31:10.3082763Z apps/memory_api/tests/test_graph_algorithms.py                 178      0   100%
2025-11-27T16:31:10.3083484Z apps/memory_api/tests/test_graph_extraction.py                 136    132     3%   18-418
2025-11-27T16:31:10.3084269Z apps/memory_api/tests/test_graph_extraction_integration.py     132    130     2%   23-441
2025-11-27T16:31:10.3085059Z apps/memory_api/tests/test_hybrid_search.py                    223    220     1%   17-931
2025-11-27T16:31:10.3085771Z apps/memory_api/tests/test_openapi.py                           10      0   100%
2025-11-27T16:31:10.3086478Z apps/memory_api/tests/test_phase2_models.py                    158      1    99%   325
2025-11-27T16:31:10.3087265Z apps/memory_api/tests/test_phase2_plugins.py                   209      1    99%   425
2025-11-27T16:31:10.3088019Z apps/memory_api/tests/test_pii_scrubber.py                      74     72     3%   25-197
2025-11-27T16:31:10.3088790Z apps/memory_api/tests/test_reflection_simple.py                 51     45    12%   20-143
2025-11-27T16:31:10.3089608Z apps/memory_api/tests/test_semantic_memory.py                   70     65     7%   24-216
2025-11-27T16:31:10.3090346Z apps/memory_api/tests/test_temporal_graph.py                   176      0   100%
2025-11-27T16:31:10.3091064Z apps/memory_api/tests/test_vector_store.py                      75     72     4%   26-212
2025-11-27T16:31:10.3091746Z ------------------------------------------------------------------------------------------
2025-11-27T16:31:10.3092455Z TOTAL                                                        10608   4647    56%
2025-11-27T16:31:10.3092884Z Coverage HTML written to dir htmlcov
2025-11-27T16:31:10.3093268Z Coverage XML written to file coverage.xml
2025-11-27T16:31:11.1716529Z [32mRequired test coverage of 55% reached. Total coverage: 56.19%
2025-11-27T16:31:11.1717413Z [0m[33m================ [33m[1m7 skipped[0m, [33m[1m157 deselected[0m, [33m[1m1 warning[0m[33m in 15.07s[0m[33m ================[0m
2025-11-27T16:31:12.0216331Z ##[group]Run codecov/codecov-action@v4
2025-11-27T16:31:12.0216606Z with:
2025-11-27T16:31:12.0216768Z   file: ./coverage.xml
2025-11-27T16:31:12.0216954Z   flags: unittests
2025-11-27T16:31:12.0217138Z   name: codecov-umbrella
2025-11-27T16:31:12.0217331Z   fail_ci_if_error: false
2025-11-27T16:31:12.0217522Z env:
2025-11-27T16:31:12.0217749Z   pythonLocation: /opt/hostedtoolcache/Python/3.12.12/x64
2025-11-27T16:31:12.0218156Z   PKG_CONFIG_PATH: /opt/hostedtoolcache/Python/3.12.12/x64/lib/pkgconfig
2025-11-27T16:31:12.0218542Z   Python_ROOT_DIR: /opt/hostedtoolcache/Python/3.12.12/x64
2025-11-27T16:31:12.0218883Z   Python2_ROOT_DIR: /opt/hostedtoolcache/Python/3.12.12/x64
2025-11-27T16:31:12.0219227Z   Python3_ROOT_DIR: /opt/hostedtoolcache/Python/3.12.12/x64
2025-11-27T16:31:12.0219568Z   LD_LIBRARY_PATH: /opt/hostedtoolcache/Python/3.12.12/x64/lib
2025-11-27T16:31:12.0219851Z ##[endgroup]
2025-11-27T16:31:12.1057908Z eventName: pull_request
2025-11-27T16:31:12.1059533Z baseRef: dreamsoft-pro:main | headRef: dreamsoft-pro:rae-lite-and-fixes
2025-11-27T16:31:12.1067406Z ==> linux OS detected
2025-11-27T16:31:12.4123189Z https://cli.codecov.io/latest/linux/codecov.SHA256SUM
2025-11-27T16:31:12.5337872Z gpg: directory '/home/runner/.gnupg' created
2025-11-27T16:31:12.5342304Z gpg: keybox '/home/runner/.gnupg/pubring.kbx' created
2025-11-27T16:31:12.5365124Z gpg: /home/runner/.gnupg/trustdb.gpg: trustdb created
2025-11-27T16:31:12.5366070Z gpg: key 806BB28AED779869: public key "Codecov Uploader (Codecov Uploader Verification Key) <security@codecov.io>" imported
2025-11-27T16:31:12.5499945Z gpg: Total number processed: 1
2025-11-27T16:31:12.5500315Z gpg:               imported: 1
2025-11-27T16:31:12.5550205Z gpg: Signature made Mon Nov 10 14:58:43 2025 UTC
2025-11-27T16:31:12.5550677Z gpg:                using RSA key 27034E7FDB850E0BBC2C62FF806BB28AED779869
2025-11-27T16:31:12.5553578Z gpg: Good signature from "Codecov Uploader (Codecov Uploader Verification Key) <security@codecov.io>" [unknown]
2025-11-27T16:31:12.5554428Z gpg: WARNING: This key is not certified with a trusted signature!
2025-11-27T16:31:12.5554827Z gpg:          There is no indication that the signature belongs to the owner.
2025-11-27T16:31:12.5555253Z Primary key fingerprint: 2703 4E7F DB85 0E0B BC2C  62FF 806B B28A ED77 9869
2025-11-27T16:31:12.5772951Z ==> Uploader SHASUM verified (80b5e6f898d6080be523f53ff169702a008a1c91b20c63c49df1175ed794d822  codecov)
2025-11-27T16:31:12.5774483Z ==> Running version latest
2025-11-27T16:31:12.6555267Z Could not pull latest version information: SyntaxError: Unexpected token '<', "<!DOCTYPE "... is not valid JSON
2025-11-27T16:31:12.6558147Z ==> Running git config --global --add safe.directory /home/runner/work/RAE-agentic-memory/RAE-agentic-memory
2025-11-27T16:31:12.6649572Z [command]/usr/bin/git config --global --add safe.directory /home/runner/work/RAE-agentic-memory/RAE-agentic-memory
2025-11-27T16:31:12.6698206Z ==> Running command '/home/runner/work/_actions/codecov/codecov-action/v4/dist/codecov create-commit'
2025-11-27T16:31:12.6700936Z [command]/home/runner/work/_actions/codecov/codecov-action/v4/dist/codecov create-commit --git-service github -C 9dbde0bfb57e59e4ed0464f13b2c2b2f99b07c95
2025-11-27T16:31:13.0222705Z info - 2025-11-27 16:31:13,021 -- ci service found: github-actions
2025-11-27T16:31:13.0312116Z warning - 2025-11-27 16:31:13,030 -- No config file could be found. Ignoring config.
2025-11-27T16:31:13.0614122Z warning - 2025-11-27 16:31:13,061 -- Branch `rae-lite-and-fixes` is protected but no token was provided
2025-11-27T16:31:13.0615398Z warning - 2025-11-27 16:31:13,061 -- For information on Codecov upload tokens, see https://docs.codecov.com/docs/codecov-tokens
2025-11-27T16:31:13.2882667Z info - 2025-11-27 16:31:13,287 -- Process Commit creating complete
2025-11-27T16:31:13.2884119Z error - 2025-11-27 16:31:13,288 -- Commit creating failed: {"message":"Token required - not valid tokenless upload"}
2025-11-27T16:31:13.3960021Z Sentry is attempting to send 3 pending events
2025-11-27T16:31:13.3960478Z Waiting up to 2 seconds
2025-11-27T16:31:13.3960748Z Press Ctrl-C to quit
2025-11-27T16:31:13.5083851Z ==> Running command '/home/runner/work/_actions/codecov/codecov-action/v4/dist/codecov create-report'
2025-11-27T16:31:13.5086431Z [command]/home/runner/work/_actions/codecov/codecov-action/v4/dist/codecov create-report --git-service github -C 9dbde0bfb57e59e4ed0464f13b2c2b2f99b07c95
2025-11-27T16:31:13.8562438Z info - 2025-11-27 16:31:13,855 -- ci service found: github-actions
2025-11-27T16:31:13.8654461Z warning - 2025-11-27 16:31:13,865 -- No config file could be found. Ignoring config.
2025-11-27T16:31:14.0824734Z info - 2025-11-27 16:31:14,081 -- Process Report creating complete
2025-11-27T16:31:14.0830527Z error - 2025-11-27 16:31:14,082 -- Report creating failed: {"message":"Token required - not valid tokenless upload"}
2025-11-27T16:31:14.1889615Z Sentry is attempting to send 3 pending events
2025-11-27T16:31:14.1889990Z Waiting up to 2 seconds
2025-11-27T16:31:14.1890246Z Press Ctrl-C to quit
2025-11-27T16:31:14.2840177Z ==> Running command '/home/runner/work/_actions/codecov/codecov-action/v4/dist/codecov do-upload'
2025-11-27T16:31:14.2842391Z [command]/home/runner/work/_actions/codecov/codecov-action/v4/dist/codecov do-upload -f ./coverage.xml -F unittests --git-service github -n codecov-umbrella -C 9dbde0bfb57e59e4ed0464f13b2c2b2f99b07c95
2025-11-27T16:31:14.6318173Z info - 2025-11-27 16:31:14,631 -- ci service found: github-actions
2025-11-27T16:31:14.6412718Z warning - 2025-11-27 16:31:14,640 -- No config file could be found. Ignoring config.
2025-11-27T16:31:14.6739015Z warning - 2025-11-27 16:31:14,673 -- xcrun is not installed or can't be found.
2025-11-27T16:31:14.6855926Z warning - 2025-11-27 16:31:14,685 -- No gcov data found.
2025-11-27T16:31:14.6863509Z info - 2025-11-27 16:31:14,686 -- Generating coverage.xml report in /home/runner/work/RAE-agentic-memory/RAE-agentic-memory
2025-11-27T16:31:15.7983401Z info - 2025-11-27 16:31:15,797 -- Wrote XML report to coverage.xml
2025-11-27T16:31:15.8325982Z info - 2025-11-27 16:31:15,832 -- Found 1 coverage files to report
2025-11-27T16:31:15.8327547Z info - 2025-11-27 16:31:15,832 -- > /home/runner/work/RAE-agentic-memory/RAE-agentic-memory/coverage.xml
2025-11-27T16:31:16.0196287Z info - 2025-11-27 16:31:16,019 -- Process Upload complete
2025-11-27T16:31:16.0197128Z error - 2025-11-27 16:31:16,019 -- Upload failed: {"message":"Token required - not valid tokenless upload"}
2025-11-27T16:31:16.1269282Z Sentry is attempting to send 2 pending events
2025-11-27T16:31:16.1269666Z Waiting up to 2 seconds
2025-11-27T16:31:16.1269892Z Press Ctrl-C to quit
2025-11-27T16:31:16.2128589Z Post job cleanup.
2025-11-27T16:31:16.3675341Z Cache hit occurred on the primary key setup-python-Linux-x64-24.04-Ubuntu-python-3.12.12-pip-95ebd838ea30dfa2c987f9bac75f820c290461fa42ed4bab22d8dee29c03de2a, not saving cache.
2025-11-27T16:31:16.3780642Z Post job cleanup.
2025-11-27T16:31:16.4713379Z [command]/usr/bin/git version
2025-11-27T16:31:16.4757987Z git version 2.51.2
2025-11-27T16:31:16.4794821Z Copying '/home/runner/.gitconfig' to '/home/runner/work/_temp/150be654-c3ee-454a-960d-9d3eac599941/.gitconfig'
2025-11-27T16:31:16.4805547Z Temporarily overriding HOME='/home/runner/work/_temp/150be654-c3ee-454a-960d-9d3eac599941' before making global git config changes
2025-11-27T16:31:16.4806734Z Adding repository directory to the temporary git global config as a safe directory
2025-11-27T16:31:16.4811165Z [command]/usr/bin/git config --global --add safe.directory /home/runner/work/RAE-agentic-memory/RAE-agentic-memory
2025-11-27T16:31:16.4846996Z [command]/usr/bin/git config --local --name-only --get-regexp core\.sshCommand
2025-11-27T16:31:16.4880034Z [command]/usr/bin/git submodule foreach --recursive sh -c "git config --local --name-only --get-regexp 'core\.sshCommand' && git config --local --unset-all 'core.sshCommand' || :"
2025-11-27T16:31:16.5114350Z [command]/usr/bin/git config --local --name-only --get-regexp http\.https\:\/\/github\.com\/\.extraheader
2025-11-27T16:31:16.5136186Z http.https://github.com/.extraheader
2025-11-27T16:31:16.5149963Z [command]/usr/bin/git config --local --unset-all http.https://github.com/.extraheader
2025-11-27T16:31:16.5182152Z [command]/usr/bin/git submodule foreach --recursive sh -c "git config --local --name-only --get-regexp 'http\.https\:\/\/github\.com\/\.extraheader' && git config --local --unset-all 'http.https://github.com/.extraheader' || :"
2025-11-27T16:31:16.5409104Z [command]/usr/bin/git config --local --name-only --get-regexp ^includeIf\.gitdir:
2025-11-27T16:31:16.5441225Z [command]/usr/bin/git submodule foreach --recursive git config --local --show-origin --name-only --get-regexp remote.origin.url
2025-11-27T16:31:16.5766569Z Print service container logs: 9cba1d9eab3141d2a1fe17a5c4ad8c04_ankanepgvectorlatest_b9f467
2025-11-27T16:31:16.5771146Z ##[command]/usr/bin/docker logs --details 10f9608eb233df27ca28c4ace765d41bf0906f822e99a014d1c844c49a1a6f0c
2025-11-27T16:31:16.5889814Z  The files belonging to this database system will be owned by user "postgres".
2025-11-27T16:31:16.5890527Z  This user must also own the server process.
2025-11-27T16:31:16.5890975Z  
2025-11-27T16:31:16.5891427Z  The database cluster will be initialized with locale "en_US.utf8".
2025-11-27T16:31:16.5892371Z  The default database encoding has accordingly been set to "UTF8".
2025-11-27T16:31:16.5893091Z  The default text search configuration will be set to "english".
2025-11-27T16:31:16.5893670Z  
2025-11-27T16:31:16.5893853Z  Data page checksums are disabled.
2025-11-27T16:31:16.5894088Z  
2025-11-27T16:31:16.5895288Z  initdb: warning: enabling "trust" authentication for local connections
2025-11-27T16:31:16.5896481Z  initdb: hint: You can change this by editing pg_hba.conf or using the option -A, or --auth-local and --auth-host, the next time you run initdb.
2025-11-27T16:31:16.5902906Z  2025-11-27 16:29:22.220 UTC [1] LOG:  starting PostgreSQL 15.4 (Debian 15.4-2.pgdg120+1) on x86_64-pc-linux-gnu, compiled by gcc (Debian 12.2.0-14) 12.2.0, 64-bit
2025-11-27T16:31:16.5904338Z  2025-11-27 16:29:22.221 UTC [1] LOG:  listening on IPv4 address "0.0.0.0", port 5432
2025-11-27T16:31:16.5905064Z  2025-11-27 16:29:22.221 UTC [1] LOG:  listening on IPv6 address "::", port 5432
2025-11-27T16:31:16.5905869Z  2025-11-27 16:29:22.222 UTC [1] LOG:  listening on Unix socket "/var/run/postgresql/.s.PGSQL.5432"
2025-11-27T16:31:16.5906744Z  2025-11-27 16:29:22.226 UTC [64] LOG:  database system was shut down at 2025-11-27 16:29:22 UTC
2025-11-27T16:31:16.5907528Z  2025-11-27 16:29:22.231 UTC [1] LOG:  database system is ready to accept connections
2025-11-27T16:31:16.5908221Z  2025-11-27 16:29:31.334 UTC [75] FATAL:  role "root" does not exist
2025-11-27T16:31:16.5908834Z  2025-11-27 16:29:41.400 UTC [83] FATAL:  role "root" does not exist
2025-11-27T16:31:16.5909433Z  2025-11-27 16:29:51.466 UTC [91] FATAL:  role "root" does not exist
2025-11-27T16:31:16.5910033Z  2025-11-27 16:30:01.531 UTC [100] FATAL:  role "root" does not exist
2025-11-27T16:31:16.5910629Z  2025-11-27 16:30:11.596 UTC [108] FATAL:  role "root" does not exist
2025-11-27T16:31:16.5911238Z  2025-11-27 16:30:21.667 UTC [116] FATAL:  role "root" does not exist
2025-11-27T16:31:16.5912176Z  2025-11-27 16:30:31.732 UTC [125] FATAL:  role "root" does not exist
2025-11-27T16:31:16.5912614Z  2025-11-27 16:30:41.796 UTC [133] FATAL:  role "root" does not exist
2025-11-27T16:31:16.5912970Z  2025-11-27 16:30:51.860 UTC [141] FATAL:  role "root" does not exist
2025-11-27T16:31:16.5913383Z  fixing permissions on existing directory /var/lib/postgresql/data ... ok
2025-11-27T16:31:16.5913746Z  creating subdirectories ... ok
2025-11-27T16:31:16.5914052Z  selecting dynamic shared memory implementation ... posix
2025-11-27T16:31:16.5914369Z  selecting default max_connections ... 100
2025-11-27T16:31:16.5914629Z  selecting default shared_buffers ... 128MB
2025-11-27T16:31:16.5914885Z  selecting default time zone ... Etc/UTC
2025-11-27T16:31:16.5915146Z  creating configuration files ... ok
2025-11-27T16:31:16.5915398Z  running bootstrap script ... ok
2025-11-27T16:31:16.5915668Z  performing post-bootstrap initialization ... ok
2025-11-27T16:31:16.5915940Z  syncing data to disk ... ok
2025-11-27T16:31:16.5916141Z  
2025-11-27T16:31:16.5916284Z  
2025-11-27T16:31:16.5916486Z  Success. You can now start the database server using:
2025-11-27T16:31:16.5916750Z  
2025-11-27T16:31:16.5916959Z      pg_ctl -D /var/lib/postgresql/data -l logfile start
2025-11-27T16:31:16.5917219Z  
2025-11-27T16:31:16.5917760Z  waiting for server to start....2025-11-27 16:29:21.905 UTC [48] LOG:  starting PostgreSQL 15.4 (Debian 15.4-2.pgdg120+1) on x86_64-pc-linux-gnu, compiled by gcc (Debian 12.2.0-14) 12.2.0, 64-bit
2025-11-27T16:31:16.5918760Z  2025-11-27 16:29:21.906 UTC [48] LOG:  listening on Unix socket "/var/run/postgresql/.s.PGSQL.5432"
2025-11-27T16:31:16.5919282Z  2025-11-27 16:29:21.909 UTC [51] LOG:  database system was shut down at 2025-11-27 16:29:21 UTC
2025-11-27T16:31:16.5919724Z  2025-11-27 16:29:21.912 UTC [48] LOG:  database system is ready to accept connections
2025-11-27T16:31:16.5920047Z   done
2025-11-27T16:31:16.5920200Z  server started
2025-11-27T16:31:16.5920373Z  CREATE DATABASE
2025-11-27T16:31:16.5920536Z  
2025-11-27T16:31:16.5920674Z  
2025-11-27T16:31:16.5920961Z  /usr/local/bin/docker-entrypoint.sh: ignoring /docker-entrypoint-initdb.d/*
2025-11-27T16:31:16.5921318Z  
2025-11-27T16:31:16.5921532Z  2025-11-27 16:29:22.096 UTC [48] LOG:  received fast shutdown request
2025-11-27T16:31:16.5922230Z  waiting for server to shut down....2025-11-27 16:29:22.096 UTC [48] LOG:  aborting any active transactions
2025-11-27T16:31:16.5922833Z  2025-11-27 16:29:22.098 UTC [48] LOG:  background worker "logical replication launcher" (PID 54) exited with exit code 1
2025-11-27T16:31:16.5923294Z  2025-11-27 16:29:22.098 UTC [49] LOG:  shutting down
2025-11-27T16:31:16.5923631Z  2025-11-27 16:29:22.099 UTC [49] LOG:  checkpoint starting: shutdown immediate
2025-11-27T16:31:16.5924435Z  2025-11-27 16:29:22.115 UTC [49] LOG:  checkpoint complete: wrote 918 buffers (5.6%); 0 WAL file(s) added, 0 removed, 0 recycled; write=0.014 s, sync=0.002 s, total=0.017 s; sync files=301, longest=0.001 s, average=0.001 s; distance=4223 kB, estimate=4223 kB
2025-11-27T16:31:16.5925365Z  2025-11-27 16:29:22.121 UTC [48] LOG:  database system is shut down
2025-11-27T16:31:16.5925645Z   done
2025-11-27T16:31:16.5925803Z  server stopped
2025-11-27T16:31:16.5925970Z  
2025-11-27T16:31:16.5926179Z  PostgreSQL init process complete; ready for start up.
2025-11-27T16:31:16.5926462Z  
2025-11-27T16:31:16.5926803Z  2025-11-27 16:31:01.932 UTC [150] FATAL:  role "root" does not exist
2025-11-27T16:31:16.5927210Z  2025-11-27 16:31:12.001 UTC [158] FATAL:  role "root" does not exist
2025-11-27T16:31:16.5943005Z Stop and remove container: 9cba1d9eab3141d2a1fe17a5c4ad8c04_ankanepgvectorlatest_b9f467
2025-11-27T16:31:16.5947728Z ##[command]/usr/bin/docker rm --force 10f9608eb233df27ca28c4ace765d41bf0906f822e99a014d1c844c49a1a6f0c
2025-11-27T16:31:16.7193538Z 10f9608eb233df27ca28c4ace765d41bf0906f822e99a014d1c844c49a1a6f0c
2025-11-27T16:31:16.7213788Z Print service container logs: bc56610fb174483288bff1e06dbd2cfd_redis7alpine_40e3c9
2025-11-27T16:31:16.7215020Z ##[command]/usr/bin/docker logs --details 809e358cfd63428d8f69464a75c92e97494627fb2552143b964fb9b538603238
2025-11-27T16:31:16.7336682Z  1:C 27 Nov 2025 16:29:22.892 # WARNING Memory overcommit must be enabled! Without it, a background save or replication may fail under low memory condition. Being disabled, it can also cause failures without low memory condition, see https://github.com/jemalloc/jemalloc/issues/1328. To fix this issue add 'vm.overcommit_memory = 1' to /etc/sysctl.conf and then reboot or run the command 'sysctl vm.overcommit_memory=1' for this to take effect.
2025-11-27T16:31:16.7339154Z  1:C 27 Nov 2025 16:29:22.893 * oO0OoO0OoO0Oo Redis is starting oO0OoO0OoO0Oo
2025-11-27T16:31:16.7339648Z  1:C 27 Nov 2025 16:29:22.893 * Redis version=7.4.7, bits=64, commit=00000000, modified=0, pid=1, just started
2025-11-27T16:31:16.7340369Z  1:C 27 Nov 2025 16:29:22.893 # Warning: no config file specified, using the default config. In order to specify a config file use redis-server /path/to/redis.conf
2025-11-27T16:31:16.7340965Z  1:M 27 Nov 2025 16:29:22.893 * monotonic clock: POSIX clock_gettime
2025-11-27T16:31:16.7341306Z  1:M 27 Nov 2025 16:29:22.893 * Running mode=standalone, port=6379.
2025-11-27T16:31:16.7341614Z  1:M 27 Nov 2025 16:29:22.894 * Server initialized
2025-11-27T16:31:16.7342159Z  1:M 27 Nov 2025 16:29:22.894 * Ready to accept connections tcp
2025-11-27T16:31:16.7351360Z Stop and remove container: bc56610fb174483288bff1e06dbd2cfd_redis7alpine_40e3c9
2025-11-27T16:31:16.7352542Z ##[command]/usr/bin/docker rm --force 809e358cfd63428d8f69464a75c92e97494627fb2552143b964fb9b538603238
2025-11-27T16:31:16.8589514Z 809e358cfd63428d8f69464a75c92e97494627fb2552143b964fb9b538603238
2025-11-27T16:31:16.8606176Z Print service container logs: 3c7989f304304839941d72d2431fe42c_qdrantqdrantlatest_b88212
2025-11-27T16:31:16.8606914Z ##[command]/usr/bin/docker logs --details dfcf9f426f02dcce55a1bc4a755b95ad44f062ad3369393d4e903155b4d9ddd0
2025-11-27T16:31:16.8726116Z             _                 _    
2025-11-27T16:31:16.8726636Z    __ _  __| |_ __ __ _ _ __ | |_  
2025-11-27T16:31:16.8727034Z   / _` |/ _` | '__/ _` | '_ \| __| 
2025-11-27T16:31:16.8727480Z  | (_| | (_| | | | (_| | | | | |_  
2025-11-27T16:31:16.8727864Z   \__, |\__,_|_|  \__,_|_| |_|\__| 
2025-11-27T16:31:16.8728225Z      |_|                           
2025-11-27T16:31:16.8728569Z  
2025-11-27T16:31:16.8728826Z  Version: 1.16.1, build: e293ab1f
2025-11-27T16:31:16.8729271Z  Access web UI at http://localhost:6333/dashboard
2025-11-27T16:31:16.8729570Z  
2025-11-27T16:31:16.8730250Z  2025-11-27T16:29:26.353357Z  WARN qdrant: There is a potential issue with the filesystem for storage path ./storage. Details: Container filesystem detected - storage might be lost with container re-creation
2025-11-27T16:31:16.8731517Z  2025-11-27T16:29:26.353448Z  INFO storage::content_manager::consensus::persistent: Initializing new raft state at ./storage/raft_state.json
2025-11-27T16:31:16.8732331Z  2025-11-27T16:29:26.358604Z  INFO qdrant: Distributed mode disabled
2025-11-27T16:31:16.8732858Z  2025-11-27T16:29:26.358641Z  INFO qdrant: Telemetry reporting enabled, id: f6766d9c-eeb9-4b9a-a404-b23ec16ece8a
2025-11-27T16:31:16.8733389Z  2025-11-27T16:29:26.373286Z  INFO qdrant::actix: TLS disabled for REST API
2025-11-27T16:31:16.8733803Z  2025-11-27T16:29:26.373399Z  INFO qdrant::actix: Qdrant HTTP listening on 6333
2025-11-27T16:31:16.8734213Z  2025-11-27T16:29:26.373453Z  INFO actix_server::builder: starting 3 workers
2025-11-27T16:31:16.8734687Z  2025-11-27T16:29:26.373478Z  INFO actix_server::server: Actix runtime found; starting in Actix runtime
2025-11-27T16:31:16.8735377Z  2025-11-27T16:29:26.373522Z  INFO actix_server::server: starting service: "actix-web-service-0.0.0.0:6333", workers: 3, listening on: 0.0.0.0:6333
2025-11-27T16:31:16.8735995Z  2025-11-27T16:29:26.376610Z  INFO qdrant::tonic: Qdrant gRPC listening on 6334
2025-11-27T16:31:16.8736401Z  2025-11-27T16:29:26.376631Z  INFO qdrant::tonic: TLS disabled for gRPC API
2025-11-27T16:31:16.8740256Z Stop and remove container: 3c7989f304304839941d72d2431fe42c_qdrantqdrantlatest_b88212
2025-11-27T16:31:16.8740894Z ##[command]/usr/bin/docker rm --force dfcf9f426f02dcce55a1bc4a755b95ad44f062ad3369393d4e903155b4d9ddd0
2025-11-27T16:31:17.0079765Z dfcf9f426f02dcce55a1bc4a755b95ad44f062ad3369393d4e903155b4d9ddd0
2025-11-27T16:31:17.0101794Z Remove container network: github_network_616826acee8d48ffa7c150886de145f0
2025-11-27T16:31:17.0106579Z ##[command]/usr/bin/docker network rm github_network_616826acee8d48ffa7c150886de145f0
2025-11-27T16:31:17.1304656Z github_network_616826acee8d48ffa7c150886de145f0
2025-11-27T16:31:17.1362218Z Cleaning up orphan processes
